--- Cycle Start: 2025-11-08T04:18:32Z ---
Total proxies tested: 26630
Total healthy proxies: 13

Healthy proxies by type:
- Ss: 13
--- Cycle End ---

--- Cycle Start: 2025-11-08T04:58:28Z ---
Total proxies tested: 26630
Total healthy proxies: 4

Healthy proxies by type:
- Ss: 4
--- Cycle End ---

--- Cycle Start: 2025-11-08T06:11:47Z ---
Total proxies tested: 26630
Total healthy proxies: 9

Healthy proxies by type:
- Ss: 9
--- Cycle End ---
--- Cycle Start: 2025-11-08T07:14:05Z ---
Total proxies tested: 26803
Total healthy proxies: 2791

Healthy proxies by type:
- Ss: 2769
- Vmess: 22
--- Cycle End ---
--- Cycle Start: 2025-11-08T08:03:29Z ---
Total proxies tested: 26803
Total healthy proxies: 3299

Healthy proxies by type:
- Ss: 3276
- Vmess: 23
--- Cycle End ---

--- Cycle Start: 2025-11-08T08:32:02Z ---
Total proxies tested: 26803
Total healthy proxies: 3286

Healthy proxies by type:
- Ss: 3264
- Vmess: 22
--- Cycle End ---

--- Cycle Start: 2025-11-08T10:26:32Z ---
Total proxies tested: 26680
Total healthy proxies: 3196

Healthy proxies by type:
- Ss: 3178
- Vmess: 18
--- Cycle End ---

--- Cycle Start: 2025-11-08T12:47:51Z ---
Total proxies tested: 26680
Total healthy proxies: 3214

Healthy proxies by type:
- Ss: 3192
- Vmess: 22
--- Cycle End ---

--- Cycle Start: 2025-11-08T14:23:10Z ---
Total proxies tested: 26803
Total healthy proxies: 3153

Healthy proxies by type:
- Ss: 3136
- Vmess: 17
--- Cycle End ---

--- Cycle Start: 2025-11-08T16:30:25Z ---
Total proxies tested: 26899
Total healthy proxies: 3064

Healthy proxies by type:
- Ss: 3047
- Vmess: 17
--- Cycle End ---

--- Cycle Start: 2025-11-08T18:35:09Z ---
Total proxies tested: 26899
Total healthy proxies: 3075

Healthy proxies by type:
- Ss: 3061
- Vmess: 14
--- Cycle End ---

--- Cycle Start: 2025-11-08T20:26:43Z ---
Total proxies tested: 27226
Total healthy proxies: 3061

Healthy proxies by type:
- Ss: 3042
- Vmess: 19
--- Cycle End ---

--- Cycle Start: 2025-11-08T22:23:26Z ---
Total proxies tested: 28009
Total healthy proxies: 3154

Healthy proxies by type:
- Ss: 3134
- Vmess: 20
--- Cycle End ---

--- Cycle Start: 2025-11-09T02:01:49Z ---
Total proxies tested: 28923
Total healthy proxies: 3484

Healthy proxies by type:
- Ss: 3455
- Vmess: 29
--- Cycle End ---

--- Cycle Start: 2025-11-09T03:22:00Z ---
Total proxies tested: 28923
Total healthy proxies: 3485

Healthy proxies by type:
- Ss: 3458
- Vmess: 27
--- Cycle End ---

--- Cycle Start: 2025-11-09T04:30:35Z ---
Total proxies tested: 30068
Total healthy proxies: 3553

Healthy proxies by type:
- Ss: 3515
- Vmess: 38
--- Cycle End ---

--- Cycle Start: 2025-11-09T06:36:47Z ---
Total proxies tested: 30068
Total healthy proxies: 3473

Healthy proxies by type:
- Vmess: 37
- Ss: 3436
--- Cycle End ---

--- Cycle Start: 2025-11-09T08:31:09Z ---
Total proxies tested: 30199
Total healthy proxies: 3397

Healthy proxies by type:
- Ss: 3368
- Vmess: 29
--- Cycle End ---

--- Cycle Start: 2025-11-09T10:26:25Z ---
Total proxies tested: 29821
Total healthy proxies: 3249

Healthy proxies by type:
- Ss: 3226
- Vmess: 23
--- Cycle End ---

--- Cycle Start: 2025-11-09T12:47:40Z ---
Total proxies tested: 29821
Total healthy proxies: 3199

Healthy proxies by type:
- Ss: 3174
- Vmess: 25
--- Cycle End ---

--- Cycle Start: 2025-11-09T14:22:56Z ---
Total proxies tested: 29964
Total healthy proxies: 3160

Healthy proxies by type:
- Ss: 3136
- Vmess: 24
--- Cycle End ---

--- Cycle Start: 2025-11-09T16:30:13Z ---
Total proxies tested: 29857
Total healthy proxies: 3115

Healthy proxies by type:
- Ss: 3080
- Vmess: 35
--- Cycle End ---

--- Cycle Start: 2025-11-09T18:34:36Z ---
Total proxies tested: 29857
Total healthy proxies: 3078

Healthy proxies by type:
- Ss: 3048
- Vmess: 30
--- Cycle End ---

--- Cycle Start: 2025-11-09T20:27:46Z ---
Total proxies tested: 29847
Total healthy proxies: 3097

Healthy proxies by type:
- Ss: 3071
- Vmess: 26
--- Cycle End ---

--- Cycle Start: 2025-11-09T22:24:21Z ---
Total proxies tested: 30706
Total healthy proxies: 3221

Healthy proxies by type:
- Ss: 3189
- Vmess: 32
--- Cycle End ---

--- Cycle Start: 2025-11-10T02:03:26Z ---
Total proxies tested: 30706
Total healthy proxies: 3230

Healthy proxies by type:
- Ss: 3201
- Vmess: 29
--- Cycle End ---

--- Cycle Start: 2025-11-10T03:28:33Z ---
Total proxies tested: 30706
Total healthy proxies: 3228

Healthy proxies by type:
- Ss: 3201
- Vmess: 27
--- Cycle End ---

--- Cycle Start: 2025-11-10T06:42:28Z ---
Total proxies tested: 32091
Total healthy proxies: 3454

Healthy proxies by type:
- Ss: 3418
- Vmess: 36
--- Cycle End ---

--- Cycle Start: 2025-11-10T08:38:19Z ---
Total proxies tested: 32144
Total healthy proxies: 3389

Healthy proxies by type:
- Ss: 3354
- Vmess: 35
--- Cycle End ---

--- Cycle Start: 2025-11-10T12:56:36Z ---
Total proxies tested: 31788
Total healthy proxies: 3351

Healthy proxies by type:
- Ss: 3318
- Vmess: 33
--- Cycle End ---

--- Cycle Start: 2025-11-10T14:29:36Z ---
Total proxies tested: 31708
Total healthy proxies: 3308

Healthy proxies by type:
- Ss: 3278
- Vmess: 30
--- Cycle End ---

--- Cycle Start: 2025-11-10T16:36:50Z ---
Total proxies tested: 31049
Total healthy proxies: 3254

Healthy proxies by type:
- Ss: 3218
- Vmess: 36
--- Cycle End ---

--- Cycle Start: 2025-11-10T18:39:05Z ---
Total proxies tested: 31049
Total healthy proxies: 3245

Healthy proxies by type:
- Vmess: 34
- Ss: 3211
--- Cycle End ---

--- Cycle Start: 2025-11-10T20:32:44Z ---
Total proxies tested: 30872
Total healthy proxies: 3233

Healthy proxies by type:
- Vmess: 27
- Ss: 3206
--- Cycle End ---

--- Cycle Start: 2025-11-10T22:27:09Z ---
Total proxies tested: 31202
Total healthy proxies: 3401

Healthy proxies by type:
- Ss: 3365
- Vmess: 36
--- Cycle End ---

--- Cycle Start: 2025-11-11T01:59:54Z ---
Total proxies tested: 31693
Total healthy proxies: 3655

Healthy proxies by type:
- Ss: 3624
- Vmess: 31
--- Cycle End ---

--- Cycle Start: 2025-11-11T03:22:27Z ---
Total proxies tested: 31693
Total healthy proxies: 3647

Healthy proxies by type:
- Ss: 3615
- Vmess: 32
--- Cycle End ---

--- Cycle Start: 2025-11-11T04:33:40Z ---
Total proxies tested: 32254
Total healthy proxies: 3679

Healthy proxies by type:
- Ss: 3642
- Vmess: 37
--- Cycle End ---

--- Cycle Start: 2025-11-11T06:41:36Z ---
Total proxies tested: 32254
Total healthy proxies: 3640

Healthy proxies by type:
- Ss: 3604
- Vmess: 36
--- Cycle End ---

--- Cycle Start: 2025-11-11T08:36:38Z ---
Total proxies tested: 32555
Total healthy proxies: 3571

Healthy proxies by type:
- Ss: 3531
- Vmess: 40
--- Cycle End ---

--- Cycle Start: 2025-11-11T10:32:02Z ---
Total proxies tested: 32250
Total healthy proxies: 3497

Healthy proxies by type:
- Ss: 3462
- Vmess: 35
--- Cycle End ---

--- Cycle Start: 2025-11-11T12:55:43Z ---
Total proxies tested: 32250
Total healthy proxies: 3494

Healthy proxies by type:
- Ss: 3463
- Vmess: 31
--- Cycle End ---

--- Cycle Start: 2025-11-11T14:29:41Z ---
Total proxies tested: 32446
Total healthy proxies: 3346

Healthy proxies by type:
- Ss: 3314
- Vmess: 32
--- Cycle End ---

--- Cycle Start: 2025-11-11T16:35:58Z ---
Total proxies tested: 32223
Total healthy proxies: 3273

Healthy proxies by type:
- Ss: 3240
- Vmess: 33
--- Cycle End ---

--- Cycle Start: 2025-11-11T18:38:36Z ---
Total proxies tested: 32223
Total healthy proxies: 3266

Healthy proxies by type:
- Ss: 3233
- Vmess: 33
--- Cycle End ---

--- Cycle Start: 2025-11-11T20:30:44Z ---
Total proxies tested: 32317
Total healthy proxies: 3255

Healthy proxies by type:
- Ss: 3224
- Vmess: 31
--- Cycle End ---

--- Cycle Start: 2025-11-11T22:26:59Z ---
Total proxies tested: 32910
Total healthy proxies: 3373

Healthy proxies by type:
- Ss: 3338
- Vmess: 35
--- Cycle End ---

--- Cycle Start: 2025-11-12T01:59:20Z ---
Total proxies tested: 33299
Total healthy proxies: 3488

Healthy proxies by type:
- Ss: 3452
- Vmess: 36
--- Cycle End ---

--- Cycle Start: 2025-11-12T03:20:26Z ---
Total proxies tested: 33299
Total healthy proxies: 3480

Healthy proxies by type:
- Ss: 3444
- Vmess: 36
--- Cycle End ---

--- Cycle Start: 2025-11-12T04:33:39Z ---
Total proxies tested: 33749
Total healthy proxies: 3488

Healthy proxies by type:
- Ss: 3448
- Vmess: 40
--- Cycle End ---

--- Cycle Start: 2025-11-12T06:41:11Z ---
Total proxies tested: 33749
Total healthy proxies: 3479

Healthy proxies by type:
- Vmess: 42
- Ss: 3437
--- Cycle End ---

--- Cycle Start: 2025-11-12T08:38:01Z ---
Total proxies tested: 33640
Total healthy proxies: 3386

Healthy proxies by type:
- Ss: 3347
- Vmess: 39
--- Cycle End ---

--- Cycle Start: 2025-11-12T10:32:05Z ---
Total proxies tested: 33239
Total healthy proxies: 3291

Healthy proxies by type:
- Ss: 3258
- Vmess: 33
--- Cycle End ---

--- Cycle Start: 2025-11-12T12:56:56Z ---
Total proxies tested: 33239
Total healthy proxies: 3204

Healthy proxies by type:
- Vmess: 42
- Ss: 3162
--- Cycle End ---

--- Cycle Start: 2025-11-12T16:37:32Z ---
Total proxies tested: 33349
Total healthy proxies: 3246

Healthy proxies by type:
- Ss: 3199
- Vmess: 47
--- Cycle End ---

--- Cycle Start: 2025-11-12T18:37:34Z ---
Total proxies tested: 33349
Total healthy proxies: 3251

Healthy proxies by type:
- Ss: 3202
- Vmess: 49
--- Cycle End ---

--- Cycle Start: 2025-11-12T20:31:48Z ---
Total proxies tested: 32708
Total healthy proxies: 3220

Healthy proxies by type:
- Ss: 3178
- Vmess: 42
--- Cycle End ---

--- Cycle Start: 2025-11-12T22:27:17Z ---
Total proxies tested: 32994
Total healthy proxies: 3304

Healthy proxies by type:
- Ss: 3263
- Vmess: 41
--- Cycle End ---

--- Cycle Start: 2025-11-13T02:00:51Z ---
Total proxies tested: 33502
Total healthy proxies: 3505

Healthy proxies by type:
- Ss: 3461
- Vmess: 44
--- Cycle End ---

--- Cycle Start: 2025-11-13T03:24:09Z ---
Total proxies tested: 33502
Total healthy proxies: 3485

Healthy proxies by type:
- Ss: 3451
- Vmess: 34
--- Cycle End ---

--- Cycle Start: 2025-11-13T04:33:39Z ---
Total proxies tested: 34047
Total healthy proxies: 3420

Healthy proxies by type:
- Ss: 3390
- Vmess: 30
--- Cycle End ---

--- Cycle Start: 2025-11-13T06:41:27Z ---
Total proxies tested: 34047
Total healthy proxies: 3369

Healthy proxies by type:
- Ss: 3340
- Vmess: 29
--- Cycle End ---

--- Cycle Start: 2025-11-13T08:37:10Z ---
Total proxies tested: 34086
Total healthy proxies: 3248

Healthy proxies by type:
- Ss: 3218
- Vmess: 30
--- Cycle End ---

--- Cycle Start: 2025-11-13T10:32:36Z ---
Total proxies tested: 33599
Total healthy proxies: 3169

Healthy proxies by type:
- Ss: 3140
- Vmess: 29
--- Cycle End ---

--- Cycle Start: 2025-11-13T12:57:16Z ---
Total proxies tested: 33599
Total healthy proxies: 3098

Healthy proxies by type:
- Ss: 3070
- Vmess: 28
--- Cycle End ---

--- Cycle Start: 2025-11-13T14:27:31Z ---
Total proxies tested: 33884
Total healthy proxies: 3072

Healthy proxies by type:
- Ss: 3048
- Vmess: 24
--- Cycle End ---

--- Cycle Start: 2025-11-13T16:34:02Z ---
Total proxies tested: 33355
Total healthy proxies: 3070

Healthy proxies by type:
- Ss: 3041
- Vmess: 29
--- Cycle End ---

--- Cycle Start: 2025-11-13T18:39:08Z ---
Total proxies tested: 33355
Total healthy proxies: 3059

Healthy proxies by type:
- Ss: 3032
- Vmess: 27
--- Cycle End ---

--- Cycle Start: 2025-11-13T20:31:31Z ---
Total proxies tested: 33211
Total healthy proxies: 3047

Healthy proxies by type:
- Ss: 3015
- Vmess: 32
--- Cycle End ---

--- Cycle Start: 2025-11-13T22:27:47Z ---
Total proxies tested: 33684
Total healthy proxies: 3108

Healthy proxies by type:
- Ss: 3078
- Vmess: 30
--- Cycle End ---

--- Cycle Start: 2025-11-14T01:59:54Z ---
Total proxies tested: 34356
Total healthy proxies: 3335

Healthy proxies by type:
- Ss: 3300
- Vmess: 35
--- Cycle End ---

--- Cycle Start: 2025-11-14T03:21:45Z ---
Total proxies tested: 34356
Total healthy proxies: 3348

Healthy proxies by type:
- Ss: 3313
- Vmess: 35
--- Cycle End ---

--- Cycle Start: 2025-11-14T04:33:04Z ---
Total proxies tested: 34612
Total healthy proxies: 3353

Healthy proxies by type:
- Ss: 3318
- Vmess: 35
--- Cycle End ---

--- Cycle Start: 2025-11-14T06:41:05Z ---
Total proxies tested: 34612
Total healthy proxies: 3332

Healthy proxies by type:
- Ss: 3298
- Vmess: 34
--- Cycle End ---

--- Cycle Start: 2025-11-14T08:36:49Z ---
Total proxies tested: 34473
Total healthy proxies: 3143

Healthy proxies by type:
- Ss: 3105
- Vmess: 38
--- Cycle End ---

--- Cycle Start: 2025-11-14T10:31:02Z ---
Total proxies tested: 33713
Total healthy proxies: 3029

Healthy proxies by type:
- Ss: 2995
- Vmess: 34
--- Cycle End ---

--- Cycle Start: 2025-11-14T12:54:33Z ---
Total proxies tested: 33713
Total healthy proxies: 3047

Healthy proxies by type:
- Ss: 3012
- Vmess: 35
--- Cycle End ---

--- Cycle Start: 2025-11-14T14:28:44Z ---
Total proxies tested: 33651
Total healthy proxies: 2955

Healthy proxies by type:
- Ss: 2924
- Vmess: 31
--- Cycle End ---

--- Cycle Start: 2025-11-14T16:35:51Z ---
Total proxies tested: 33373
Total healthy proxies: 2975

Healthy proxies by type:
- Ss: 2938
- Vmess: 37
--- Cycle End ---

--- Cycle Start: 2025-11-14T18:38:42Z ---
Total proxies tested: 33373
Total healthy proxies: 2951

Healthy proxies by type:
- Ss: 2915
- Vmess: 36
--- Cycle End ---

--- Cycle Start: 2025-11-14T20:31:22Z ---
Total proxies tested: 33349
Total healthy proxies: 2904

Healthy proxies by type:
- Ss: 2866
- Vmess: 38
--- Cycle End ---

--- Cycle Start: 2025-11-14T22:27:07Z ---
Total proxies tested: 33956
Total healthy proxies: 2963

Healthy proxies by type:
- Vmess: 39
- Ss: 2924
--- Cycle End ---

--- Cycle Start: 2025-11-15T01:55:39Z ---
Total proxies tested: 34471
Total healthy proxies: 3022

Healthy proxies by type:
- Ss: 3004
- Vmess: 18
--- Cycle End ---

--- Cycle Start: 2025-11-15T03:15:01Z ---
Total proxies tested: 34471
Total healthy proxies: 3018

Healthy proxies by type:
- Ss: 3000
- Vmess: 18
--- Cycle End ---

--- Cycle Start: 2025-11-15T04:31:30Z ---
Total proxies tested: 34861
Total healthy proxies: 3030

Healthy proxies by type:
- Ss: 3008
- Vmess: 22
--- Cycle End ---

--- Cycle Start: 2025-11-15T06:37:26Z ---
Total proxies tested: 34861
Total healthy proxies: 3023

Healthy proxies by type:
- Ss: 3003
- Vmess: 20
--- Cycle End ---

--- Cycle Start: 2025-11-15T08:32:54Z ---
Total proxies tested: 34767
Total healthy proxies: 2894

Healthy proxies by type:
- Ss: 2874
- Vmess: 20
--- Cycle End ---

--- Cycle Start: 2025-11-15T10:26:44Z ---
Total proxies tested: 34331
Total healthy proxies: 2837

Healthy proxies by type:
- Ss: 2824
- Vmess: 13
--- Cycle End ---

--- Cycle Start: 2025-11-15T12:48:30Z ---
Total proxies tested: 34331
Total healthy proxies: 2758

Healthy proxies by type:
- Ss: 2744
- Vmess: 14
--- Cycle End ---

--- Cycle Start: 2025-11-15T14:24:25Z ---
Total proxies tested: 34253
Total healthy proxies: 2774

Healthy proxies by type:
- Ss: 2762
- Vmess: 12
--- Cycle End ---

--- Cycle Start: 2025-11-15T16:30:52Z ---
Total proxies tested: 34215
Total healthy proxies: 2717

Healthy proxies by type:
- Ss: 2704
- Vmess: 13
--- Cycle End ---

--- Cycle Start: 2025-11-15T18:34:57Z ---
Total proxies tested: 34215
Total healthy proxies: 2708

Healthy proxies by type:
- Ss: 2695
- Vmess: 13
--- Cycle End ---

--- Cycle Start: 2025-11-15T22:22:50Z ---
Total proxies tested: 34560
Total healthy proxies: 2695

Healthy proxies by type:
- Ss: 2682
- Vmess: 13
--- Cycle End ---

--- Cycle Start: 2025-11-16T02:04:57Z ---
Total proxies tested: 32778
Total healthy proxies: 2736

Healthy proxies by type:
- Ss: 2723
- Vmess: 13
--- Cycle End ---

--- Cycle Start: 2025-11-16T04:33:16Z ---
Total proxies tested: 33570
Total healthy proxies: 2869

Healthy proxies by type:
- Ss: 2854
- Vmess: 15
--- Cycle End ---

--- Cycle Start: 2025-11-16T06:38:05Z ---
Total proxies tested: 33570
Total healthy proxies: 2862

Healthy proxies by type:
- Ss: 2848
- Vmess: 14
--- Cycle End ---

--- Cycle Start: 2025-11-16T08:33:15Z ---
Total proxies tested: 33582
Total healthy proxies: 2778

Healthy proxies by type:
- Vmess: 16
- Ss: 2762
--- Cycle End ---

--- Cycle Start: 2025-11-16T10:27:29Z ---
Total proxies tested: 33582
Total healthy proxies: 2771

Healthy proxies by type:
- Ss: 2760
- Vmess: 11
--- Cycle End ---

--- Cycle Start: 2025-11-16T12:48:28Z ---
Total proxies tested: 33582
Total healthy proxies: 2724

Healthy proxies by type:
- Ss: 2715
- Vmess: 9
--- Cycle End ---

--- Cycle Start: 2025-11-16T14:23:51Z ---
Total proxies tested: 33387
Total healthy proxies: 2655

Healthy proxies by type:
- Ss: 2648
- Vmess: 7
--- Cycle End ---

--- Cycle Start: 2025-11-16T16:31:15Z ---
Total proxies tested: 32262
Total healthy proxies: 2612

Healthy proxies by type:
- Ss: 2600
- Vmess: 12
--- Cycle End ---

--- Cycle Start: 2025-11-16T18:35:36Z ---
Total proxies tested: 32262
Total healthy proxies: 2619

Healthy proxies by type:
- Ss: 2608
- Vmess: 11
--- Cycle End ---

--- Cycle Start: 2025-11-16T20:29:20Z ---
Total proxies tested: 31969
Total healthy proxies: 2616

Healthy proxies by type:
- Ss: 2603
- Vmess: 13
--- Cycle End ---

--- Cycle Start: 2025-11-16T22:25:24Z ---
Total proxies tested: 32432
Total healthy proxies: 2693

Healthy proxies by type:
- Vmess: 12
- Ss: 2681
--- Cycle End ---

--- Cycle Start: 2025-11-17T02:00:46Z ---
Total proxies tested: 33109
Total healthy proxies: 2849

Healthy proxies by type:
- Ss: 2836
- Vmess: 13
--- Cycle End ---

--- Cycle Start: 2025-11-17T03:25:25Z ---
Total proxies tested: 33109
Total healthy proxies: 2847

Healthy proxies by type:
- Ss: 2833
- Vmess: 14
--- Cycle End ---

--- Cycle Start: 2025-11-17T04:34:43Z ---
Total proxies tested: 33436
Total healthy proxies: 2890

Healthy proxies by type:
- Ss: 2871
- Vmess: 19
--- Cycle End ---

--- Cycle Start: 2025-11-17T06:41:33Z ---
Total proxies tested: 33436
Total healthy proxies: 2869

Healthy proxies by type:
- Ss: 2851
- Vmess: 18
--- Cycle End ---

--- Cycle Start: 2025-11-17T08:39:17Z ---
Total proxies tested: 33561
Total healthy proxies: 2855

Healthy proxies by type:
- Ss: 2835
- Vmess: 20
--- Cycle End ---

--- Cycle Start: 2025-11-17T10:32:22Z ---
Total proxies tested: 32695
Total healthy proxies: 2825

Healthy proxies by type:
- Ss: 2810
- Vmess: 15
--- Cycle End ---

--- Cycle Start: 2025-11-17T12:56:05Z ---
Total proxies tested: 32695
Total healthy proxies: 2726

Healthy proxies by type:
- Ss: 2711
- Vmess: 15
--- Cycle End ---

--- Cycle Start: 2025-11-17T14:29:05Z ---
Total proxies tested: 32796
Total healthy proxies: 2708

Healthy proxies by type:
- Ss: 2695
- Vmess: 13
--- Cycle End ---

--- Cycle Start: 2025-11-17T16:37:57Z ---
Total proxies tested: 32693
Total healthy proxies: 2694

Healthy proxies by type:
- Vmess: 15
- Ss: 2679
--- Cycle End ---

--- Cycle Start: 2025-11-17T18:38:45Z ---
Total proxies tested: 32693
Total healthy proxies: 2680

Healthy proxies by type:
- Ss: 2665
- Vmess: 15
--- Cycle End ---

--- Cycle Start: 2025-11-17T20:31:35Z ---
Total proxies tested: 32139
Total healthy proxies: 2706

Healthy proxies by type:
- Ss: 2692
- Vmess: 14
--- Cycle End ---

--- Cycle Start: 2025-11-17T22:26:58Z ---
Total proxies tested: 27149
Total healthy proxies: 2761

Healthy proxies by type:
- Ss: 2748
- Vmess: 13
--- Cycle End ---

--- Cycle Start: 2025-11-18T01:58:32Z ---
Total proxies tested: 27762
Total healthy proxies: 2848

Healthy proxies by type:
- Ss: 2833
- Vmess: 15
--- Cycle End ---

--- Cycle Start: 2025-11-18T03:19:50Z ---
Total proxies tested: 27762
Total healthy proxies: 2843

Healthy proxies by type:
- Ss: 2829
- Vmess: 14
--- Cycle End ---

--- Cycle Start: 2025-11-18T04:32:59Z ---
Total proxies tested: 28567
Total healthy proxies: 2903

Healthy proxies by type:
- Ss: 2886
- Vmess: 17
--- Cycle End ---

--- Cycle Start: 2025-11-18T06:40:05Z ---
Total proxies tested: 28567
Total healthy proxies: 2998

Healthy proxies by type:
- Ss: 2981
- Vmess: 17
--- Cycle End ---

--- Cycle Start: 2025-11-18T08:37:02Z ---
Total proxies tested: 28614
Total healthy proxies: 2937

Healthy proxies by type:
- Ss: 2921
- Vmess: 16
--- Cycle End ---

--- Cycle Start: 2025-11-18T10:32:17Z ---
Total proxies tested: 28334
Total healthy proxies: 2498

Healthy proxies by type:
- Ss: 2483
- Vmess: 15
--- Cycle End ---

--- Cycle Start: 2025-11-18T12:55:26Z ---
Total proxies tested: 28334
Total healthy proxies: 2456

Healthy proxies by type:
- Ss: 2441
- Vmess: 15
--- Cycle End ---

--- Cycle Start: 2025-11-18T14:29:09Z ---
Total proxies tested: 28159
Total healthy proxies: 2467

Healthy proxies by type:
- Ss: 2453
- Vmess: 14
--- Cycle End ---

--- Cycle Start: 2025-11-18T16:38:28Z ---
Total proxies tested: 28633
Total healthy proxies: 2407

Healthy proxies by type:
- Ss: 2389
- Vmess: 18
--- Cycle End ---

--- Cycle Start: 2025-11-18T18:40:11Z ---
Total proxies tested: 28633
Total healthy proxies: 2508

Healthy proxies by type:
- Ss: 2494
- Vmess: 14
--- Cycle End ---

--- Cycle Start: 2025-11-18T22:27:58Z ---
Total proxies tested: 25476
Total healthy proxies: 2509

Healthy proxies by type:
- Ss: 2493
- Vmess: 16
--- Cycle End ---

--- Cycle Start: 2025-11-19T01:57:51Z ---
Total proxies tested: 22986
Total healthy proxies: 2721

Healthy proxies by type:
- Ss: 2702
- Vmess: 19
--- Cycle End ---

--- Cycle Start: 2025-11-19T03:18:50Z ---
Total proxies tested: 22986
Total healthy proxies: 2719

Healthy proxies by type:
- Ss: 2699
- Vmess: 20
--- Cycle End ---

--- Cycle Start: 2025-11-19T04:32:33Z ---
Total proxies tested: 23584
Total healthy proxies: 2772

Healthy proxies by type:
- Ss: 2750
- Vmess: 22
--- Cycle End ---

--- Cycle Start: 2025-11-19T06:39:57Z ---
Total proxies tested: 23584
Total healthy proxies: 2742

Healthy proxies by type:
- Ss: 2721
- Vmess: 21
--- Cycle End ---

--- Cycle Start: 2025-11-19T08:36:17Z ---
Total proxies tested: 23580
Total healthy proxies: 2717

Healthy proxies by type:
- Ss: 2695
- Vmess: 22
--- Cycle End ---

--- Cycle Start: 2025-11-19T10:31:20Z ---
Total proxies tested: 23486
Total healthy proxies: 2700

Healthy proxies by type:
- Ss: 2679
- Vmess: 21
--- Cycle End ---

--- Cycle Start: 2025-11-19T12:55:31Z ---
Total proxies tested: 23486
Total healthy proxies: 2696

Healthy proxies by type:
- Ss: 2677
- Vmess: 19
--- Cycle End ---

--- Cycle Start: 2025-11-19T14:27:52Z ---
Total proxies tested: 14328
Total healthy proxies: 2661

Healthy proxies by type:
- Ss: 2652
- Vmess: 9
--- Cycle End ---

--- Cycle Start: 2025-11-19T16:35:24Z ---
Total proxies tested: 14489
Total healthy proxies: 2680

Healthy proxies by type:
- Ss: 2666
- Vmess: 14
--- Cycle End ---

--- Cycle Start: 2025-11-19T18:39:10Z ---
Total proxies tested: 14489
Total healthy proxies: 2663

Healthy proxies by type:
- Ss: 2650
- Vmess: 13
--- Cycle End ---

--- Cycle Start: 2025-11-19T20:26:52Z ---
Total proxies tested: 14185
Total healthy proxies: 2597

Healthy proxies by type:
- Ss: 2585
- Vmess: 12
--- Cycle End ---

--- Cycle Start: 2025-11-19T22:25:36Z ---
Total proxies tested: 14422
Total healthy proxies: 2680

Healthy proxies by type:
- Ss: 2667
- Vmess: 13
--- Cycle End ---

--- Cycle Start: 2025-11-20T01:55:48Z ---
Total proxies tested: 15248
Total healthy proxies: 2840

Healthy proxies by type:
- Ss: 2820
- Vmess: 20
--- Cycle End ---

--- Cycle Start: 2025-11-20T03:16:16Z ---
Total proxies tested: 15248
Total healthy proxies: 2808

Healthy proxies by type:
- Ss: 2789
- Vmess: 19
--- Cycle End ---

--- Cycle Start: 2025-11-20T04:30:38Z ---
Total proxies tested: 15575
Total healthy proxies: 2863

Healthy proxies by type:
- Ss: 2845
- Vmess: 18
--- Cycle End ---

--- Cycle Start: 2025-11-20T06:38:34Z ---
Total proxies tested: 15575
Total healthy proxies: 2849

Healthy proxies by type:
- Ss: 2831
- Vmess: 18
--- Cycle End ---

--- Cycle Start: 2025-11-20T08:36:36Z ---
Total proxies tested: 15249
Total healthy proxies: 2815

Healthy proxies by type:
- Vmess: 12
- Ss: 2803
--- Cycle End ---

--- Cycle Start: 2025-11-20T10:29:43Z ---
Total proxies tested: 14797
Total healthy proxies: 2774

Healthy proxies by type:
- Vmess: 11
- Ss: 2763
--- Cycle End ---

--- Cycle Start: 2025-11-20T12:53:42Z ---
Total proxies tested: 14797
Total healthy proxies: 2756

Healthy proxies by type:
- Ss: 2744
- Vmess: 12
--- Cycle End ---

--- Cycle Start: 2025-11-20T14:28:00Z ---
Total proxies tested: 14644
Total healthy proxies: 2750

Healthy proxies by type:
- Ss: 2740
- Vmess: 10
--- Cycle End ---

--- Cycle Start: 2025-11-20T16:34:45Z ---
Total proxies tested: 14789
Total healthy proxies: 2751

Healthy proxies by type:
- Ss: 2737
- Vmess: 14
--- Cycle End ---

--- Cycle Start: 2025-11-20T18:38:40Z ---
Total proxies tested: 14789
Total healthy proxies: 2743

Healthy proxies by type:
- Ss: 2728
- Vmess: 15
--- Cycle End ---

--- Cycle Start: 2025-11-20T20:31:14Z ---
Total proxies tested: 14789
Total healthy proxies: 2740

Healthy proxies by type:
- Vmess: 14
- Ss: 2726
--- Cycle End ---

--- Cycle Start: 2025-11-20T22:24:02Z ---
Total proxies tested: 13781
Total healthy proxies: 2788

Healthy proxies by type:
- Ss: 2770
- Vmess: 18
--- Cycle End ---

--- Cycle Start: 2025-11-21T01:56:24Z ---
Total proxies tested: 14567
Total healthy proxies: 2923

Healthy proxies by type:
- Ss: 2900
- Vmess: 23
--- Cycle End ---

--- Cycle Start: 2025-11-21T03:16:55Z ---
Total proxies tested: 14567
Total healthy proxies: 2902

Healthy proxies by type:
- Ss: 2882
- Vmess: 20
--- Cycle End ---

--- Cycle Start: 2025-11-21T04:31:34Z ---
Total proxies tested: 14680
Total healthy proxies: 2943

Healthy proxies by type:
- Ss: 2928
- Vmess: 15
--- Cycle End ---

--- Cycle Start: 2025-11-21T06:40:11Z ---
Total proxies tested: 14680
Total healthy proxies: 2941

Healthy proxies by type:
- Ss: 2927
- Vmess: 14
--- Cycle End ---

--- Cycle Start: 2025-11-21T08:36:53Z ---
Total proxies tested: 14366
Total healthy proxies: 2887

Healthy proxies by type:
- Ss: 2874
- Vmess: 13
--- Cycle End ---

--- Cycle Start: 2025-11-21T10:28:51Z ---
Total proxies tested: 13959
Total healthy proxies: 2827

Healthy proxies by type:
- Ss: 2819
- Vmess: 8
--- Cycle End ---

--- Cycle Start: 2025-11-21T12:52:32Z ---
Total proxies tested: 13959
Total healthy proxies: 2825

Healthy proxies by type:
- Ss: 2818
- Vmess: 7
--- Cycle End ---

--- Cycle Start: 2025-11-21T14:26:29Z ---
Total proxies tested: 13823
Total healthy proxies: 2835

Healthy proxies by type:
- Ss: 2826
- Vmess: 9
--- Cycle End ---

--- Cycle Start: 2025-11-21T16:32:47Z ---
Total proxies tested: 14103
Total healthy proxies: 2684

Healthy proxies by type:
- Ss: 2672
- Vmess: 12
--- Cycle End ---

--- Cycle Start: 2025-11-21T18:34:34Z ---
Total proxies tested: 14103
Total healthy proxies: 2817

Healthy proxies by type:
- Ss: 2808
- Vmess: 9
--- Cycle End ---

--- Cycle Start: 2025-11-21T20:30:07Z ---
Total proxies tested: 13695
Total healthy proxies: 2809

Healthy proxies by type:
- Ss: 2799
- Vmess: 10
--- Cycle End ---

--- Cycle Start: 2025-11-21T22:25:49Z ---
Total proxies tested: 13680
Total healthy proxies: 2779

Healthy proxies by type:
- Ss: 2766
- Vmess: 13
--- Cycle End ---

--- Cycle Start: 2025-11-22T01:52:41Z ---
Total proxies tested: 14893
Total healthy proxies: 2952

Healthy proxies by type:
- Ss: 2936
- Vmess: 16
--- Cycle End ---

--- Cycle Start: 2025-11-22T03:10:39Z ---
Total proxies tested: 14893
Total healthy proxies: 2957

Healthy proxies by type:
- Ss: 2942
- Vmess: 15
--- Cycle End ---

--- Cycle Start: 2025-11-22T04:30:03Z ---
Total proxies tested: 15489
Total healthy proxies: 3046

Healthy proxies by type:
- Ss: 3033
- Vmess: 13
--- Cycle End ---

--- Cycle Start: 2025-11-22T06:35:53Z ---
Total proxies tested: 15489
Total healthy proxies: 3026

Healthy proxies by type:
- Vmess: 11
- Ss: 3015
--- Cycle End ---

--- Cycle Start: 2025-11-22T10:25:46Z ---
Total proxies tested: 14860
Total healthy proxies: 2966

Healthy proxies by type:
- Ss: 2957
- Vmess: 9
--- Cycle End ---

--- Cycle Start: 2025-11-22T12:45:39Z ---
Total proxies tested: 14860
Total healthy proxies: 2963

Healthy proxies by type:
- Ss: 2950
- Vmess: 13
--- Cycle End ---

--- Cycle Start: 2025-11-22T14:22:53Z ---
Total proxies tested: 14679
Total healthy proxies: 2950

Healthy proxies by type:
- Ss: 2944
- Vmess: 6
--- Cycle End ---

--- Cycle Start: 2025-11-22T16:30:24Z ---
Total proxies tested: 14471
Total healthy proxies: 2798

Healthy proxies by type:
- Ss: 2789
- Vmess: 9
--- Cycle End ---

--- Cycle Start: 2025-11-22T18:35:05Z ---
Total proxies tested: 14471
Total healthy proxies: 2628

Healthy proxies by type:
- Ss: 2620
- Vmess: 8
--- Cycle End ---

--- Cycle Start: 2025-11-22T20:28:23Z ---
Total proxies tested: 13720
Total healthy proxies: 2616

Healthy proxies by type:
- Ss: 2608
- Vmess: 8
--- Cycle End ---

--- Cycle Start: 2025-11-22T22:24:48Z ---
Total proxies tested: 13825
Total healthy proxies: 2681

Healthy proxies by type:
- Ss: 2669
- Vmess: 12
--- Cycle End ---

--- Cycle Start: 2025-11-23T02:11:25Z ---
Total proxies tested: 14820
Total healthy proxies: 2868

Healthy proxies by type:
- Ss: 2854
- Vmess: 14
--- Cycle End ---

--- Cycle Start: 2025-11-23T04:38:01Z ---
Total proxies tested: 15091
Total healthy proxies: 2953

Healthy proxies by type:
- Ss: 2932
- Vmess: 21
--- Cycle End ---

--- Cycle Start: 2025-11-23T06:37:12Z ---
Total proxies tested: 15091
Total healthy proxies: 2945

Healthy proxies by type:
- Ss: 2926
- Vmess: 19
--- Cycle End ---

--- Cycle Start: 2025-11-23T08:32:21Z ---
Total proxies tested: 14646
Total healthy proxies: 2819

Healthy proxies by type:
- Ss: 2806
- Vmess: 13
--- Cycle End ---

--- Cycle Start: 2025-11-23T10:26:09Z ---
Total proxies tested: 14401
Total healthy proxies: 2807

Healthy proxies by type:
- Ss: 2792
- Vmess: 15
--- Cycle End ---

--- Cycle Start: 2025-11-23T12:45:30Z ---
Total proxies tested: 14401
Total healthy proxies: 2820

Healthy proxies by type:
- Ss: 2808
- Vmess: 12
--- Cycle End ---

--- Cycle Start: 2025-11-23T14:22:49Z ---
Total proxies tested: 14054
Total healthy proxies: 2790

Healthy proxies by type:
- Ss: 2780
- Vmess: 10
--- Cycle End ---

--- Cycle Start: 2025-11-23T16:30:53Z ---
Total proxies tested: 14032
Total healthy proxies: 2762

Healthy proxies by type:
- Ss: 2751
- Vmess: 11
--- Cycle End ---

--- Cycle Start: 2025-11-23T18:35:23Z ---
Total proxies tested: 14032
Total healthy proxies: 2773

Healthy proxies by type:
- Ss: 2762
- Vmess: 11
--- Cycle End ---

--- Cycle Start: 2025-11-23T20:29:27Z ---
Total proxies tested: 13722
Total healthy proxies: 2472

Healthy proxies by type:
- Ss: 2463
- Vmess: 9
--- Cycle End ---

--- Cycle Start: 2025-11-23T22:25:13Z ---
Total proxies tested: 13189
Total healthy proxies: 2600

Healthy proxies by type:
- Ss: 2588
- Vmess: 12
--- Cycle End ---

--- Cycle Start: 2025-11-24T02:05:28Z ---
Total proxies tested: 13483
Total healthy proxies: 2777

Healthy proxies by type:
- Ss: 2761
- Vmess: 16
--- Cycle End ---

--- Cycle Start: 2025-11-24T04:39:46Z ---
Total proxies tested: 14230
Total healthy proxies: 2887

Healthy proxies by type:
- Ss: 2871
- Vmess: 16
--- Cycle End ---

--- Cycle Start: 2025-11-24T06:40:26Z ---
Total proxies tested: 14230
Total healthy proxies: 2862

Healthy proxies by type:
- Ss: 2845
- Vmess: 17
--- Cycle End ---

--- Cycle Start: 2025-11-24T08:38:24Z ---
Total proxies tested: 13777
Total healthy proxies: 2724

Healthy proxies by type:
- Ss: 2711
- Vmess: 13
--- Cycle End ---

--- Cycle Start: 2025-11-24T10:31:40Z ---
Total proxies tested: 13225
Total healthy proxies: 2703

Healthy proxies by type:
- Ss: 2690
- Vmess: 13
--- Cycle End ---

--- Cycle Start: 2025-11-24T12:55:43Z ---
Total proxies tested: 13225
Total healthy proxies: 2720

Healthy proxies by type:
- Ss: 2704
- Vmess: 16
--- Cycle End ---

--- Cycle Start: 2025-11-24T14:28:22Z ---
Total proxies tested: 12895
Total healthy proxies: 2658

Healthy proxies by type:
- Ss: 2647
- Vmess: 11
--- Cycle End ---

--- Cycle Start: 2025-11-24T16:31:10Z ---
Total proxies tested: 13003
Total healthy proxies: 2619

Healthy proxies by type:
- Ss: 2603
- Vmess: 16
--- Cycle End ---

--- Cycle Start: 2025-11-24T18:38:39Z ---
Total proxies tested: 13003
Total healthy proxies: 2662

Healthy proxies by type:
- Ss: 2646
- Vmess: 16
--- Cycle End ---

--- Cycle Start: 2025-11-24T20:30:31Z ---
Total proxies tested: 12548
Total healthy proxies: 2569

Healthy proxies by type:
- Ss: 2556
- Vmess: 13
--- Cycle End ---

--- Cycle Start: 2025-11-24T22:25:48Z ---
Total proxies tested: 12312
Total healthy proxies: 2651

Healthy proxies by type:
- Ss: 2634
- Vmess: 17
--- Cycle End ---

--- Cycle Start: 2025-11-25T01:58:23Z ---
Total proxies tested: 13095
Total healthy proxies: 2894

Healthy proxies by type:
- Ss: 2878
- Vmess: 16
--- Cycle End ---

--- Cycle Start: 2025-11-25T03:22:12Z ---
Total proxies tested: 13095
Total healthy proxies: 2887

Healthy proxies by type:
- Ss: 2872
- Vmess: 15
--- Cycle End ---

--- Cycle Start: 2025-11-25T04:33:11Z ---
Total proxies tested: 13692
Total healthy proxies: 2997

Healthy proxies by type:
- Vmess: 21
- Ss: 2976
--- Cycle End ---

--- Cycle Start: 2025-11-25T06:41:05Z ---
Total proxies tested: 13692
Total healthy proxies: 2992

Healthy proxies by type:
- Vmess: 20
- Ss: 2972
--- Cycle End ---

--- Cycle Start: 2025-11-25T08:36:55Z ---
Total proxies tested: 13318
Total healthy proxies: 2954

Healthy proxies by type:
- Ss: 2935
- Vmess: 19
--- Cycle End ---

--- Cycle Start: 2025-11-25T10:32:25Z ---
Total proxies tested: 12858
Total healthy proxies: 2920

Healthy proxies by type:
- Ss: 2898
- Vmess: 22
--- Cycle End ---

--- Cycle Start: 2025-11-25T12:55:40Z ---
Total proxies tested: 12858
Total healthy proxies: 2931

Healthy proxies by type:
- Ss: 2912
- Vmess: 19
--- Cycle End ---

--- Cycle Start: 2025-11-25T14:29:00Z ---
Total proxies tested: 12336
Total healthy proxies: 2868

Healthy proxies by type:
- Ss: 2854
- Vmess: 14
--- Cycle End ---

--- Cycle Start: 2025-11-25T16:37:03Z ---
Total proxies tested: 12089
Total healthy proxies: 2737

Healthy proxies by type:
- Ss: 2718
- Vmess: 19
--- Cycle End ---

--- Cycle Start: 2025-11-25T18:40:13Z ---
Total proxies tested: 12089
Total healthy proxies: 2722

Healthy proxies by type:
- Ss: 2704
- Vmess: 18
--- Cycle End ---

--- Cycle Start: 2025-11-25T20:30:28Z ---
Total proxies tested: 11148
Total healthy proxies: 2607

Healthy proxies by type:
- Ss: 2591
- Vmess: 16
--- Cycle End ---

--- Cycle Start: 2025-11-25T22:26:21Z ---
Total proxies tested: 10586
Total healthy proxies: 2722

Healthy proxies by type:
- Ss: 2703
- Vmess: 19
--- Cycle End ---

--- Cycle Start: 2025-11-26T01:58:59Z ---
Total proxies tested: 11564
Total healthy proxies: 2908

Healthy proxies by type:
- Vmess: 24
- Ss: 2884
--- Cycle End ---

--- Cycle Start: 2025-11-26T03:22:14Z ---
Total proxies tested: 11564
Total healthy proxies: 2907

Healthy proxies by type:
- Vmess: 25
- Ss: 2882
--- Cycle End ---

--- Cycle Start: 2025-11-26T04:33:52Z ---
Total proxies tested: 12219
Total healthy proxies: 3018

Healthy proxies by type:
- Ss: 2987
- Vmess: 31
--- Cycle End ---

--- Cycle Start: 2025-11-26T06:40:03Z ---
Total proxies tested: 12219
Total healthy proxies: 3014

Healthy proxies by type:
- Ss: 2983
- Vmess: 31
--- Cycle End ---

--- Cycle Start: 2025-11-26T08:36:41Z ---
Total proxies tested: 12102
Total healthy proxies: 2937

Healthy proxies by type:
- Ss: 2915
- Vmess: 22
--- Cycle End ---

--- Cycle Start: 2025-11-26T10:30:58Z ---
Total proxies tested: 11638
Total healthy proxies: 2912

Healthy proxies by type:
- Ss: 2890
- Vmess: 22
--- Cycle End ---

--- Cycle Start: 2025-11-26T12:56:15Z ---
Total proxies tested: 11638
Total healthy proxies: 2901

Healthy proxies by type:
- Ss: 2880
- Vmess: 21
--- Cycle End ---

--- Cycle Start: 2025-11-26T14:29:15Z ---
Total proxies tested: 11375
Total healthy proxies: 2837

Healthy proxies by type:
- Vmess: 17
- Ss: 2820
--- Cycle End ---

--- Cycle Start: 2025-11-26T16:35:28Z ---
Total proxies tested: 10969
Total healthy proxies: 2730

Healthy proxies by type:
- Ss: 2710
- Vmess: 20
--- Cycle End ---

--- Cycle Start: 2025-11-26T18:35:50Z ---
Total proxies tested: 10969
Total healthy proxies: 2520

Healthy proxies by type:
- Ss: 2501
- Vmess: 19
--- Cycle End ---

--- Cycle Start: 2025-11-26T20:28:53Z ---
Total proxies tested: 10553
Total healthy proxies: 2574

Healthy proxies by type:
- Ss: 2555
- Vmess: 19
--- Cycle End ---

--- Cycle Start: 2025-11-26T22:25:22Z ---
Total proxies tested: 10507
Total healthy proxies: 2680

Healthy proxies by type:
- Vmess: 21
- Ss: 2659
--- Cycle End ---

--- Cycle Start: 2025-11-27T01:56:30Z ---
Total proxies tested: 11540
Total healthy proxies: 2856

Healthy proxies by type:
- Ss: 2831
- Vmess: 25
--- Cycle End ---

--- Cycle Start: 2025-11-27T03:17:51Z ---
Total proxies tested: 11540
Total healthy proxies: 2863

Healthy proxies by type:
- Ss: 2839
- Vmess: 24
--- Cycle End ---

--- Cycle Start: 2025-11-27T04:32:47Z ---
Total proxies tested: 12193
Total healthy proxies: 2959

Healthy proxies by type:
- Ss: 2927
- Vmess: 32
--- Cycle End ---

--- Cycle Start: 2025-11-27T06:40:46Z ---
Total proxies tested: 12193
Total healthy proxies: 2930

Healthy proxies by type:
- Vmess: 27
- Ss: 2903
--- Cycle End ---

--- Cycle Start: 2025-11-27T08:36:54Z ---
Total proxies tested: 11906
Total healthy proxies: 2598

Healthy proxies by type:
- Ss: 2573
- Vmess: 25
--- Cycle End ---

--- Cycle Start: 2025-11-27T10:30:45Z ---
Total proxies tested: 11101
Total healthy proxies: 2539

Healthy proxies by type:
- Ss: 2513
- Vmess: 26
--- Cycle End ---

--- Cycle Start: 2025-11-27T12:55:16Z ---
Total proxies tested: 11101
Total healthy proxies: 2520

Healthy proxies by type:
- Ss: 2494
- Vmess: 26
--- Cycle End ---

--- Cycle Start: 2025-11-27T14:27:11Z ---
Total proxies tested: 10931
Total healthy proxies: 2477

Healthy proxies by type:
- Ss: 2452
- Vmess: 25
--- Cycle End ---

--- Cycle Start: 2025-11-27T16:33:38Z ---
Total proxies tested: 10697
Total healthy proxies: 2295

Healthy proxies by type:
- Vmess: 13
- Ss: 2282
--- Cycle End ---

--- Cycle Start: 2025-11-27T18:36:15Z ---
Total proxies tested: 10697
Total healthy proxies: 2352

Healthy proxies by type:
- Ss: 2332
- Vmess: 20
--- Cycle End ---

--- Cycle Start: 2025-11-27T20:27:13Z ---
Total proxies tested: 10442
Total healthy proxies: 2279

Healthy proxies by type:
- Ss: 2259
- Vmess: 20
--- Cycle End ---

--- Cycle Start: 2025-11-27T22:24:55Z ---
Total proxies tested: 10646
Total healthy proxies: 2411

Healthy proxies by type:
- Ss: 2394
- Vmess: 17
--- Cycle End ---

--- Cycle Start: 2025-11-28T01:56:11Z ---
Total proxies tested: 11932
Total healthy proxies: 2667

Healthy proxies by type:
- Ss: 2651
- Vmess: 16
--- Cycle End ---

--- Cycle Start: 2025-11-28T03:17:34Z ---
Total proxies tested: 11932
Total healthy proxies: 2662

Healthy proxies by type:
- Ss: 2644
- Vmess: 18
--- Cycle End ---

--- Cycle Start: 2025-11-28T04:32:00Z ---
Total proxies tested: 12325
Total healthy proxies: 2828

Healthy proxies by type:
- Ss: 2798
- Vmess: 30
--- Cycle End ---

--- Cycle Start: 2025-11-28T06:40:31Z ---
Total proxies tested: 12325
Total healthy proxies: 2819

Healthy proxies by type:
- Vmess: 28
- Ss: 2791
--- Cycle End ---

--- Cycle Start: 2025-11-28T08:36:40Z ---
Total proxies tested: 12204
Total healthy proxies: 2651

Healthy proxies by type:
- Ss: 2629
- Vmess: 22
--- Cycle End ---

--- Cycle Start: 2025-11-28T10:29:22Z ---
Total proxies tested: 11787
Total healthy proxies: 2598

Healthy proxies by type:
- Vmess: 18
- Ss: 2580
--- Cycle End ---

--- Cycle Start: 2025-11-28T12:53:27Z ---
Total proxies tested: 11787
Total healthy proxies: 2622

Healthy proxies by type:
- Ss: 2603
- Vmess: 19
--- Cycle End ---

--- Cycle Start: 2025-11-28T14:26:52Z ---
Total proxies tested: 11543
Total healthy proxies: 2597

Healthy proxies by type:
- Ss: 2577
- Vmess: 20
--- Cycle End ---

--- Cycle Start: 2025-11-28T16:33:06Z ---
Total proxies tested: 11438
Total healthy proxies: 2560

Healthy proxies by type:
- Ss: 2541
- Vmess: 19
--- Cycle End ---

--- Cycle Start: 2025-11-28T18:36:20Z ---
Total proxies tested: 11438
Total healthy proxies: 2470

Healthy proxies by type:
- Ss: 2455
- Vmess: 15
--- Cycle End ---

--- Cycle Start: 2025-11-28T20:29:16Z ---
Total proxies tested: 11368
Total healthy proxies: 2296

Healthy proxies by type:
- Ss: 2278
- Vmess: 18
--- Cycle End ---

--- Cycle Start: 2025-11-28T22:24:43Z ---
Total proxies tested: 11766
Total healthy proxies: 2504

Healthy proxies by type:
- Ss: 2485
- Vmess: 19
--- Cycle End ---

--- Cycle Start: 2025-11-29T01:55:44Z ---
Total proxies tested: 12645
Total healthy proxies: 2788

Healthy proxies by type:
- Ss: 2764
- Vmess: 24
--- Cycle End ---

--- Cycle Start: 2025-11-29T03:17:50Z ---
Total proxies tested: 12645
Total healthy proxies: 2779

Healthy proxies by type:
- Ss: 2757
- Vmess: 22
--- Cycle End ---

--- Cycle Start: 2025-11-29T04:31:41Z ---
Total proxies tested: 13459
Total healthy proxies: 2936

Healthy proxies by type:
- Ss: 2907
- Vmess: 29
--- Cycle End ---

--- Cycle Start: 2025-11-29T06:37:37Z ---
Total proxies tested: 13459
Total healthy proxies: 2900

Healthy proxies by type:
- Ss: 2872
- Vmess: 28
--- Cycle End ---

--- Cycle Start: 2025-11-29T08:33:43Z ---
Total proxies tested: 13313
Total healthy proxies: 2816

Healthy proxies by type:
- Ss: 2793
- Vmess: 23
--- Cycle End ---

--- Cycle Start: 2025-11-29T10:26:55Z ---
Total proxies tested: 13034
Total healthy proxies: 2755

Healthy proxies by type:
- Ss: 2733
- Vmess: 22
--- Cycle End ---

--- Cycle Start: 2025-11-29T12:50:13Z ---
Total proxies tested: 13034
Total healthy proxies: 2597

Healthy proxies by type:
- Ss: 2576
- Vmess: 21
--- Cycle End ---

--- Cycle Start: 2025-11-29T14:24:13Z ---
Total proxies tested: 12388
Total healthy proxies: 2654

Healthy proxies by type:
- Ss: 2636
- Vmess: 18
--- Cycle End ---

--- Cycle Start: 2025-11-29T16:31:30Z ---
Total proxies tested: 12340
Total healthy proxies: 2598

Healthy proxies by type:
- Ss: 2574
- Vmess: 24
--- Cycle End ---

--- Cycle Start: 2025-11-29T18:35:57Z ---
Total proxies tested: 12340
Total healthy proxies: 2606

Healthy proxies by type:
- Ss: 2583
- Vmess: 23
--- Cycle End ---

--- Cycle Start: 2025-11-29T20:28:45Z ---
Total proxies tested: 12262
Total healthy proxies: 2652

Healthy proxies by type:
- Ss: 2635
- Vmess: 17
--- Cycle End ---

--- Cycle Start: 2025-11-29T22:25:18Z ---
Total proxies tested: 12590
Total healthy proxies: 2694

Healthy proxies by type:
- Ss: 2677
- Vmess: 17
--- Cycle End ---

--- Cycle Start: 2025-11-30T02:10:02Z ---
Total proxies tested: 13588
Total healthy proxies: 2880

Healthy proxies by type:
- Ss: 2864
- Vmess: 16
--- Cycle End ---

--- Cycle Start: 2025-11-30T04:39:06Z ---
Total proxies tested: 14218
Total healthy proxies: 2979

Healthy proxies by type:
- Ss: 2959
- Vmess: 20
--- Cycle End ---

--- Cycle Start: 2025-11-30T06:39:13Z ---
Total proxies tested: 14218
Total healthy proxies: 2961

Healthy proxies by type:
- Vmess: 21
- Ss: 2940
--- Cycle End ---

--- Cycle Start: 2025-11-30T08:32:13Z ---
Total proxies tested: 13660
Total healthy proxies: 2886

Healthy proxies by type:
- Ss: 2871
- Vmess: 15
--- Cycle End ---

--- Cycle Start: 2025-11-30T10:26:59Z ---
Total proxies tested: 13304
Total healthy proxies: 2884

Healthy proxies by type:
- Ss: 2870
- Vmess: 14
--- Cycle End ---

--- Cycle Start: 2025-11-30T12:49:40Z ---
Total proxies tested: 13304
Total healthy proxies: 2804

Healthy proxies by type:
- Ss: 2789
- Vmess: 15
--- Cycle End ---

--- Cycle Start: 2025-11-30T14:24:04Z ---
Total proxies tested: 13202
Total healthy proxies: 2824

Healthy proxies by type:
- Ss: 2810
- Vmess: 14
--- Cycle End ---

--- Cycle Start: 2025-11-30T16:31:50Z ---
Total proxies tested: 13493
Total healthy proxies: 2841

Healthy proxies by type:
- Ss: 2823
- Vmess: 18
--- Cycle End ---

--- Cycle Start: 2025-11-30T18:36:04Z ---
Total proxies tested: 13493
Total healthy proxies: 2843

Healthy proxies by type:
- Ss: 2824
- Vmess: 19
--- Cycle End ---

--- Cycle Start: 2025-11-30T20:29:20Z ---
Total proxies tested: 13083
Total healthy proxies: 2612

Healthy proxies by type:
- Ss: 2597
- Vmess: 15
--- Cycle End ---

--- Cycle Start: 2025-11-30T22:25:22Z ---
Total proxies tested: 13315
Total healthy proxies: 2719

Healthy proxies by type:
- Ss: 2700
- Vmess: 19
--- Cycle End ---

--- Cycle Start: 2025-12-01T02:24:10Z ---
Total proxies tested: 14460
Total healthy proxies: 3059

Healthy proxies by type:
- Ss: 3031
- Vmess: 28
--- Cycle End ---

--- Cycle Start: 2025-12-01T04:55:23Z ---
Total proxies tested: 14626
Total healthy proxies: 3162

Healthy proxies by type:
- Ss: 3134
- Vmess: 28
--- Cycle End ---

--- Cycle Start: 2025-12-01T06:43:24Z ---
Total proxies tested: 14626
Total healthy proxies: 3142

Healthy proxies by type:
- Ss: 3115
- Vmess: 27
--- Cycle End ---

--- Cycle Start: 2025-12-01T10:32:54Z ---
Total proxies tested: 14314
Total healthy proxies: 3076

Healthy proxies by type:
- Ss: 3050
- Vmess: 26
--- Cycle End ---

--- Cycle Start: 2025-12-01T12:57:06Z ---
Total proxies tested: 14314
Total healthy proxies: 3107

Healthy proxies by type:
- Ss: 3080
- Vmess: 27
--- Cycle End ---

--- Cycle Start: 2025-12-01T14:30:51Z ---
Total proxies tested: 14314
Total healthy proxies: 3043

Healthy proxies by type:
- Ss: 3017
- Vmess: 26
--- Cycle End ---

--- Cycle Start: 2025-12-01T16:38:22Z ---
Total proxies tested: 14401
Total healthy proxies: 2954

Healthy proxies by type:
- Ss: 2926
- Vmess: 28
--- Cycle End ---

--- Cycle Start: 2025-12-01T18:43:13Z ---
Total proxies tested: 14401
Total healthy proxies: 3095

Healthy proxies by type:
- Ss: 3067
- Vmess: 28
--- Cycle End ---

--- Cycle Start: 2025-12-01T20:28:44Z ---
Total proxies tested: 13670
Total healthy proxies: 2900

Healthy proxies by type:
- Ss: 2869
- Vmess: 31
--- Cycle End ---

--- Cycle Start: 2025-12-01T22:26:04Z ---
Total proxies tested: 13951
Total healthy proxies: 3032

Healthy proxies by type:
- Ss: 2999
- Vmess: 33
--- Cycle End ---

--- Cycle Start: 2025-12-02T02:01:05Z ---
Total proxies tested: 14893
Total healthy proxies: 3242

Healthy proxies by type:
- Ss: 3212
- Vmess: 30
--- Cycle End ---

--- Cycle Start: 2025-12-02T03:27:02Z ---
Total proxies tested: 14893
Total healthy proxies: 3219

Healthy proxies by type:
- Ss: 3190
- Vmess: 29
--- Cycle End ---

--- Cycle Start: 2025-12-02T04:37:46Z ---
Total proxies tested: 15336
Total healthy proxies: 3321

Healthy proxies by type:
- Ss: 3284
- Vmess: 37
--- Cycle End ---

--- Cycle Start: 2025-12-02T06:42:18Z ---
Total proxies tested: 15336
Total healthy proxies: 3199

Healthy proxies by type:
- Ss: 3162
- Vmess: 37
--- Cycle End ---

--- Cycle Start: 2025-12-02T08:39:18Z ---
Total proxies tested: 15021
Total healthy proxies: 3247

Healthy proxies by type:
- Ss: 3210
- Vmess: 37
--- Cycle End ---

--- Cycle Start: 2025-12-02T10:32:38Z ---
Total proxies tested: 14494
Total healthy proxies: 3135

Healthy proxies by type:
- Ss: 3110
- Vmess: 25
--- Cycle End ---

--- Cycle Start: 2025-12-02T12:57:39Z ---
Total proxies tested: 14494
Total healthy proxies: 3101

Healthy proxies by type:
- Ss: 3076
- Vmess: 25
--- Cycle End ---

--- Cycle Start: 2025-12-02T14:30:36Z ---
Total proxies tested: 14494
Total healthy proxies: 3144

Healthy proxies by type:
- Ss: 3123
- Vmess: 21
--- Cycle End ---

--- Cycle Start: 2025-12-02T16:38:32Z ---
Total proxies tested: 14437
Total healthy proxies: 3114

Healthy proxies by type:
- Ss: 3082
- Vmess: 32
--- Cycle End ---

--- Cycle Start: 2025-12-02T18:43:04Z ---
Total proxies tested: 14437
Total healthy proxies: 2925

Healthy proxies by type:
- Vmess: 33
- Ss: 2892
--- Cycle End ---

--- Cycle Start: 2025-12-02T20:32:49Z ---
Total proxies tested: 13581
Total healthy proxies: 2693

Healthy proxies by type:
- Ss: 2663
- Vmess: 30
--- Cycle End ---

--- Cycle Start: 2025-12-02T22:24:14Z ---
Total proxies tested: 14001
Total healthy proxies: 2840

Healthy proxies by type:
- Vmess: 29
- Ss: 2811
--- Cycle End ---

--- Cycle Start: 2025-12-03T02:00:47Z ---
Total proxies tested: 15208
Total healthy proxies: 3109

Healthy proxies by type:
- Vmess: 34
- Ss: 3075
--- Cycle End ---

--- Cycle Start: 2025-12-03T03:25:24Z ---
Total proxies tested: 15208
Total healthy proxies: 3113

Healthy proxies by type:
- Ss: 3087
- Vmess: 26
--- Cycle End ---

--- Cycle Start: 2025-12-03T04:35:56Z ---
Total proxies tested: 15465
Total healthy proxies: 3158

Healthy proxies by type:
- Ss: 3132
- Vmess: 26
--- Cycle End ---

--- Cycle Start: 2025-12-03T06:41:45Z ---
Total proxies tested: 15465
Total healthy proxies: 3128

Healthy proxies by type:
- Ss: 3103
- Vmess: 25
--- Cycle End ---

--- Cycle Start: 2025-12-03T08:38:15Z ---
Total proxies tested: 15152
Total healthy proxies: 3053

Healthy proxies by type:
- Ss: 3026
- Vmess: 27
--- Cycle End ---

--- Cycle Start: 2025-12-03T10:33:02Z ---
Total proxies tested: 14518
Total healthy proxies: 3036

Healthy proxies by type:
- Ss: 3010
- Vmess: 26
--- Cycle End ---

--- Cycle Start: 2025-12-03T12:58:40Z ---
Total proxies tested: 14518
Total healthy proxies: 3038

Healthy proxies by type:
- Ss: 3012
- Vmess: 26
--- Cycle End ---

--- Cycle Start: 2025-12-03T14:29:46Z ---
Total proxies tested: 10475
Total healthy proxies: 2948

Healthy proxies by type:
- Vmess: 25
- Ss: 2923
--- Cycle End ---

--- Cycle Start: 2025-12-03T16:38:44Z ---
Total proxies tested: 11358
Total healthy proxies: 2648

Healthy proxies by type:
- Ss: 2610
- Vmess: 38
--- Cycle End ---

--- Cycle Start: 2025-12-03T18:41:34Z ---
Total proxies tested: 11358
Total healthy proxies: 2809

Healthy proxies by type:
- Ss: 2775
- Vmess: 34
--- Cycle End ---

--- Cycle Start: 2025-12-03T20:32:26Z ---
Total proxies tested: 10775
Total healthy proxies: 2828

Healthy proxies by type:
- Ss: 2792
- Vmess: 36
--- Cycle End ---

--- Cycle Start: 2025-12-03T22:27:41Z ---
Total proxies tested: 11229
Total healthy proxies: 2907

Healthy proxies by type:
- Ss: 2868
- Vmess: 39
--- Cycle End ---

--- Cycle Start: 2025-12-04T02:01:37Z ---
Total proxies tested: 12383
Total healthy proxies: 3105

Healthy proxies by type:
- Ss: 3055
- Vmess: 50
--- Cycle End ---

--- Cycle Start: 2025-12-04T03:27:56Z ---
Total proxies tested: 12383
Total healthy proxies: 3133

Healthy proxies by type:
- Vmess: 51
- Ss: 3082
--- Cycle End ---

--- Cycle Start: 2025-12-04T04:37:46Z ---
Total proxies tested: 12636
Total healthy proxies: 3040

Healthy proxies by type:
- Ss: 2998
- Vmess: 42
--- Cycle End ---

--- Cycle Start: 2025-12-04T06:41:23Z ---
Total proxies tested: 12636
Total healthy proxies: 3069

Healthy proxies by type:
- Vmess: 41
- Ss: 3028
--- Cycle End ---

--- Cycle Start: 2025-12-04T08:38:09Z ---
Total proxies tested: 12448
Total healthy proxies: 2972

Healthy proxies by type:
- Ss: 2953
- Vmess: 19
--- Cycle End ---

--- Cycle Start: 2025-12-04T10:32:41Z ---
Total proxies tested: 12013
Total healthy proxies: 3007

Healthy proxies by type:
- Ss: 2977
- Vmess: 30
--- Cycle End ---

--- Cycle Start: 2025-12-04T12:58:00Z ---
Total proxies tested: 12013
Total healthy proxies: 3136

Healthy proxies by type:
- Ss: 3105
- Vmess: 31
--- Cycle End ---

--- Cycle Start: 2025-12-04T14:29:32Z ---
Total proxies tested: 11767
Total healthy proxies: 2966

Healthy proxies by type:
- Ss: 2934
- Vmess: 32
--- Cycle End ---

--- Cycle Start: 2025-12-04T16:38:49Z ---
Total proxies tested: 12000
Total healthy proxies: 2914

Healthy proxies by type:
- Ss: 2880
- Vmess: 34
--- Cycle End ---

--- Cycle Start: 2025-12-04T18:42:04Z ---
Total proxies tested: 12000
Total healthy proxies: 2942

Healthy proxies by type:
- Ss: 2910
- Vmess: 32
--- Cycle End ---

--- Cycle Start: 2025-12-04T20:31:47Z ---
Total proxies tested: 11734
Total healthy proxies: 2880

Healthy proxies by type:
- Vmess: 32
- Ss: 2848
--- Cycle End ---

--- Cycle Start: 2025-12-04T22:25:10Z ---
Total proxies tested: 12038
Total healthy proxies: 3023

Healthy proxies by type:
- Ss: 2990
- Vmess: 33
--- Cycle End ---

--- Cycle Start: 2025-12-05T02:02:16Z ---
Total proxies tested: 13033
Total healthy proxies: 3424

Healthy proxies by type:
- Ss: 3387
- Vmess: 37
--- Cycle End ---

--- Cycle Start: 2025-12-05T03:27:25Z ---
Total proxies tested: 13033
Total healthy proxies: 3396

Healthy proxies by type:
- Ss: 3366
- Vmess: 30
--- Cycle End ---

--- Cycle Start: 2025-12-05T04:36:06Z ---
Total proxies tested: 13672
Total healthy proxies: 3507

Healthy proxies by type:
- Ss: 3470
- Vmess: 37
--- Cycle End ---

--- Cycle Start: 2025-12-05T06:41:35Z ---
Total proxies tested: 13672
Total healthy proxies: 3494

Healthy proxies by type:
- Ss: 3460
- Vmess: 34
--- Cycle End ---

--- Cycle Start: 2025-12-05T08:36:45Z ---
Total proxies tested: 13386
Total healthy proxies: 3411

Healthy proxies by type:
- Ss: 3377
- Vmess: 34
--- Cycle End ---

--- Cycle Start: 2025-12-05T10:29:56Z ---
Total proxies tested: 12917
Total healthy proxies: 3267

Healthy proxies by type:
- Vmess: 28
- Ss: 3239
--- Cycle End ---

--- Cycle Start: 2025-12-05T12:55:13Z ---
Total proxies tested: 12917
Total healthy proxies: 3282

Healthy proxies by type:
- Ss: 3253
- Vmess: 29
--- Cycle End ---

--- Cycle Start: 2025-12-05T14:29:19Z ---
Total proxies tested: 12717
Total healthy proxies: 3245

Healthy proxies by type:
- Vmess: 25
- Ss: 3220
--- Cycle End ---

--- Cycle Start: 2025-12-05T16:35:41Z ---
Total proxies tested: 12687
Total healthy proxies: 3105

Healthy proxies by type:
- Ss: 3084
- Vmess: 21
--- Cycle End ---

--- Cycle Start: 2025-12-05T18:37:10Z ---
Total proxies tested: 12687
Total healthy proxies: 3084

Healthy proxies by type:
- Vmess: 24
- Ss: 3060
--- Cycle End ---

--- Cycle Start: 2025-12-05T20:31:19Z ---
Total proxies tested: 12242
Total healthy proxies: 3051

Healthy proxies by type:
- Ss: 3025
- Vmess: 26
--- Cycle End ---

--- Cycle Start: 2025-12-05T22:26:31Z ---
Total proxies tested: 12761
Total healthy proxies: 3184

Healthy proxies by type:
- Vmess: 27
- Ss: 3157
--- Cycle End ---

--- Cycle Start: 2025-12-06T01:55:38Z ---
Total proxies tested: 13833
Total healthy proxies: 3513

Healthy proxies by type:
- Ss: 3480
- Vmess: 33
--- Cycle End ---

--- Cycle Start: 2025-12-06T03:16:22Z ---
Total proxies tested: 13833
Total healthy proxies: 3434

Healthy proxies by type:
- Ss: 3399
- Vmess: 35
--- Cycle End ---

--- Cycle Start: 2025-12-06T04:30:34Z ---
Total proxies tested: 14381
Total healthy proxies: 3619

Healthy proxies by type:
- Ss: 3589
- Vmess: 30
--- Cycle End ---

--- Cycle Start: 2025-12-06T06:37:35Z ---
Total proxies tested: 14381
Total healthy proxies: 3583

Healthy proxies by type:
- Vmess: 30
- Ss: 3553
--- Cycle End ---

--- Cycle Start: 2025-12-06T08:33:20Z ---
Total proxies tested: 13916
Total healthy proxies: 3428

Healthy proxies by type:
- Ss: 3401
- Vmess: 27
--- Cycle End ---

--- Cycle Start: 2025-12-06T10:27:11Z ---
Total proxies tested: 13449
Total healthy proxies: 3206

Healthy proxies by type:
- Ss: 3182
- Vmess: 24
--- Cycle End ---

--- Cycle Start: 2025-12-06T12:50:58Z ---
Total proxies tested: 13449
Total healthy proxies: 3288

Healthy proxies by type:
- Ss: 3265
- Vmess: 23
--- Cycle End ---

--- Cycle Start: 2025-12-06T14:23:38Z ---
Total proxies tested: 13318
Total healthy proxies: 3235

Healthy proxies by type:
- Ss: 3214
- Vmess: 21
--- Cycle End ---

--- Cycle Start: 2025-12-06T16:31:29Z ---
Total proxies tested: 13569
Total healthy proxies: 3155

Healthy proxies by type:
- Ss: 3130
- Vmess: 25
--- Cycle End ---

--- Cycle Start: 2025-12-06T18:35:36Z ---
Total proxies tested: 13569
Total healthy proxies: 3088

Healthy proxies by type:
- Ss: 3062
- Vmess: 26
--- Cycle End ---

--- Cycle Start: 2025-12-06T20:28:27Z ---
Total proxies tested: 13218
Total healthy proxies: 2982

Healthy proxies by type:
- Ss: 2954
- Vmess: 28
--- Cycle End ---

--- Cycle Start: 2025-12-06T22:25:11Z ---
Total proxies tested: 13560
Total healthy proxies: 3180

Healthy proxies by type:
- Ss: 3153
- Vmess: 27
--- Cycle End ---

--- Cycle Start: 2025-12-07T02:10:41Z ---
Total proxies tested: 14558
Total healthy proxies: 3429

Healthy proxies by type:
- Ss: 3395
- Vmess: 34
--- Cycle End ---

--- Cycle Start: 2025-12-07T04:38:06Z ---
Total proxies tested: 14709
Total healthy proxies: 3544

Healthy proxies by type:
- Ss: 3503
- Vmess: 41
--- Cycle End ---

--- Cycle Start: 2025-12-07T06:37:13Z ---
Total proxies tested: 14709
Total healthy proxies: 3523

Healthy proxies by type:
- Ss: 3489
- Vmess: 34
--- Cycle End ---

--- Cycle Start: 2025-12-07T08:32:38Z ---
Total proxies tested: 14589
Total healthy proxies: 3342

Healthy proxies by type:
- Ss: 3315
- Vmess: 27
--- Cycle End ---

--- Cycle Start: 2025-12-07T10:25:48Z ---
Total proxies tested: 14247
Total healthy proxies: 3358

Healthy proxies by type:
- Ss: 3329
- Vmess: 29
--- Cycle End ---

--- Cycle Start: 2025-12-07T12:49:00Z ---
Total proxies tested: 14247
Total healthy proxies: 3360

Healthy proxies by type:
- Ss: 3329
- Vmess: 31
--- Cycle End ---

--- Cycle Start: 2025-12-07T14:24:07Z ---
Total proxies tested: 13788
Total healthy proxies: 3249

Healthy proxies by type:
- Ss: 3223
- Vmess: 26
--- Cycle End ---

--- Cycle Start: 2025-12-07T16:31:19Z ---
Total proxies tested: 13590
Total healthy proxies: 3138

Healthy proxies by type:
- Vmess: 31
- Ss: 3107
--- Cycle End ---

--- Cycle Start: 2025-12-07T18:35:31Z ---
Total proxies tested: 13590
Total healthy proxies: 3152

Healthy proxies by type:
- Ss: 3120
- Vmess: 32
--- Cycle End ---

--- Cycle Start: 2025-12-07T20:30:42Z ---
Total proxies tested: 13301
Total healthy proxies: 3041

Healthy proxies by type:
- Ss: 3017
- Vmess: 24
--- Cycle End ---

--- Cycle Start: 2025-12-07T22:24:42Z ---
Total proxies tested: 13301
Total healthy proxies: 3065

Healthy proxies by type:
- Ss: 3041
- Vmess: 24
--- Cycle End ---

--- Cycle Start: 2025-12-08T02:02:48Z ---
Total proxies tested: 14460
Total healthy proxies: 3393

Healthy proxies by type:
- Vmess: 39
- Ss: 3354
--- Cycle End ---

--- Cycle Start: 2025-12-08T04:40:13Z ---
Total proxies tested: 15016
Total healthy proxies: 3483

Healthy proxies by type:
- Ss: 3438
- Vmess: 45
--- Cycle End ---

--- Cycle Start: 2025-12-08T06:44:17Z ---
Total proxies tested: 15016
Total healthy proxies: 3465

Healthy proxies by type:
- Ss: 3426
- Vmess: 39
--- Cycle End ---

--- Cycle Start: 2025-12-08T08:40:18Z ---
Total proxies tested: 14759
Total healthy proxies: 3339

Healthy proxies by type:
- Ss: 3300
- Vmess: 39
--- Cycle End ---

--- Cycle Start: 2025-12-08T10:32:12Z ---
Total proxies tested: 13070
Total healthy proxies: 3276

Healthy proxies by type:
- Vmess: 34
- Ss: 3242
--- Cycle End ---

--- Cycle Start: 2025-12-08T12:56:10Z ---
Total proxies tested: 13070
Total healthy proxies: 3317

Healthy proxies by type:
- Ss: 3283
- Vmess: 34
--- Cycle End ---

--- Cycle Start: 2025-12-08T14:30:38Z ---
Total proxies tested: 13099
Total healthy proxies: 3229

Healthy proxies by type:
- Ss: 3198
- Vmess: 31
--- Cycle End ---

--- Cycle Start: 2025-12-08T16:37:07Z ---
Total proxies tested: 13433
Total healthy proxies: 3265

Healthy proxies by type:
- Ss: 3230
- Vmess: 35
--- Cycle End ---

--- Cycle Start: 2025-12-08T18:41:23Z ---
Total proxies tested: 13433
Total healthy proxies: 3235

Healthy proxies by type:
- Ss: 3206
- Vmess: 29
--- Cycle End ---

--- Cycle Start: 2025-12-08T20:32:36Z ---
Total proxies tested: 13433
Total healthy proxies: 3259

Healthy proxies by type:
- Vmess: 36
- Ss: 3223
--- Cycle End ---

--- Cycle Start: 2025-12-08T22:27:15Z ---
Total proxies tested: 13656
Total healthy proxies: 3327

Healthy proxies by type:
- Ss: 3285
- Vmess: 42
--- Cycle End ---

--- Cycle Start: 2025-12-09T02:02:10Z ---
Total proxies tested: 14488
Total healthy proxies: 3523

Healthy proxies by type:
- Ss: 3476
- Vmess: 47
--- Cycle End ---

--- Cycle Start: 2025-12-09T03:26:57Z ---
Total proxies tested: 14488
Total healthy proxies: 3529

Healthy proxies by type:
- Ss: 3482
- Vmess: 47
--- Cycle End ---

--- Cycle Start: 2025-12-09T04:35:55Z ---
Total proxies tested: 14862
Total healthy proxies: 3657

Healthy proxies by type:
- Ss: 3600
- Vmess: 57
--- Cycle End ---

--- Cycle Start: 2025-12-09T06:42:42Z ---
Total proxies tested: 14862
Total healthy proxies: 3607

Healthy proxies by type:
- Ss: 3559
- Vmess: 48
--- Cycle End ---

--- Cycle Start: 2025-12-09T08:39:36Z ---
Total proxies tested: 14634
Total healthy proxies: 3562

Healthy proxies by type:
- Ss: 3519
- Vmess: 43
--- Cycle End ---

--- Cycle Start: 2025-12-09T10:33:00Z ---
Total proxies tested: 14081
Total healthy proxies: 3478

Healthy proxies by type:
- Ss: 3435
- Vmess: 43
--- Cycle End ---

--- Cycle Start: 2025-12-09T12:58:07Z ---
Total proxies tested: 14081
Total healthy proxies: 3495

Healthy proxies by type:
- Ss: 3458
- Vmess: 37
--- Cycle End ---

--- Cycle Start: 2025-12-09T14:30:55Z ---
Total proxies tested: 13491
Total healthy proxies: 3923

Healthy proxies by type:
- Ss: 3883
- Vmess: 40
--- Cycle End ---

--- Cycle Start: 2025-12-09T16:36:24Z ---
Total proxies tested: 13052
Total healthy proxies: 3768

Healthy proxies by type:
- Ss: 3726
- Vmess: 42
--- Cycle End ---

--- Cycle Start: 2025-12-09T18:37:36Z ---
Total proxies tested: 13052
Total healthy proxies: 3701

Healthy proxies by type:
- Ss: 3660
- Vmess: 41
--- Cycle End ---

--- Cycle Start: 2025-12-09T20:28:51Z ---
Total proxies tested: 12503
Total healthy proxies: 3655

Healthy proxies by type:
- Ss: 3616
- Vmess: 39
--- Cycle End ---

--- Cycle Start: 2025-12-09T22:26:48Z ---
Total proxies tested: 12861
Total healthy proxies: 3744

Healthy proxies by type:
- Vmess: 42
- Ss: 3702
--- Cycle End ---

--- Cycle Start: 2025-12-10T02:03:41Z ---
Total proxies tested: 14067
Total healthy proxies: 4021

Healthy proxies by type:
- Ss: 3974
- Vmess: 47
--- Cycle End ---

--- Cycle Start: 2025-12-10T04:39:43Z ---
Total proxies tested: 14801
Total healthy proxies: 4154

Healthy proxies by type:
- Ss: 4105
- Vmess: 49
--- Cycle End ---

--- Cycle Start: 2025-12-10T06:43:21Z ---
Total proxies tested: 14801
Total healthy proxies: 4109

Healthy proxies by type:
- Ss: 4067
- Vmess: 42
--- Cycle End ---

--- Cycle Start: 2025-12-10T08:38:34Z ---
Total proxies tested: 14596
Total healthy proxies: 4009

Healthy proxies by type:
- Ss: 3975
- Vmess: 34
--- Cycle End ---

--- Cycle Start: 2025-12-10T10:33:12Z ---
Total proxies tested: 14237
Total healthy proxies: 3900

Healthy proxies by type:
- Ss: 3859
- Vmess: 41
--- Cycle End ---

--- Cycle Start: 2025-12-10T12:58:51Z ---
Total proxies tested: 14237
Total healthy proxies: 3914

Healthy proxies by type:
- Ss: 3877
- Vmess: 37
--- Cycle End ---

--- Cycle Start: 2025-12-10T14:31:08Z ---
Total proxies tested: 13911
Total healthy proxies: 3754

Healthy proxies by type:
- Ss: 3726
- Vmess: 28
--- Cycle End ---

--- Cycle Start: 2025-12-10T16:37:11Z ---
Total proxies tested: 14122
Total healthy proxies: 3717

Healthy proxies by type:
- Ss: 3681
- Vmess: 36
--- Cycle End ---

--- Cycle Start: 2025-12-10T18:39:54Z ---
Total proxies tested: 14122
Total healthy proxies: 3731

Healthy proxies by type:
- Ss: 3696
- Vmess: 35
--- Cycle End ---

--- Cycle Start: 2025-12-10T20:33:27Z ---
Total proxies tested: 13746
Total healthy proxies: 3682

Healthy proxies by type:
- Ss: 3649
- Vmess: 33
--- Cycle End ---

--- Cycle Start: 2025-12-10T22:27:29Z ---
Total proxies tested: 13801
Total healthy proxies: 3714

Healthy proxies by type:
- Ss: 3688
- Vmess: 26
--- Cycle End ---

--- Cycle Start: 2025-12-11T02:05:30Z ---
Total proxies tested: 14187
Total healthy proxies: 3853

Healthy proxies by type:
- Ss: 3822
- Vmess: 31
--- Cycle End ---

--- Cycle Start: 2025-12-11T04:41:15Z ---
Total proxies tested: 14800
Total healthy proxies: 3975

Healthy proxies by type:
- Ss: 3933
- Vmess: 42
--- Cycle End ---

--- Cycle Start: 2025-12-11T06:43:49Z ---
Total proxies tested: 14800
Total healthy proxies: 3945

Healthy proxies by type:
- Ss: 3901
- Vmess: 44
--- Cycle End ---

--- Cycle Start: 2025-12-11T08:39:19Z ---
Total proxies tested: 14612
Total healthy proxies: 3923

Healthy proxies by type:
- Ss: 3891
- Vmess: 32
--- Cycle End ---

--- Cycle Start: 2025-12-11T10:33:43Z ---
Total proxies tested: 14358
Total healthy proxies: 3862

Healthy proxies by type:
- Ss: 3825
- Vmess: 37
--- Cycle End ---

--- Cycle Start: 2025-12-11T13:00:04Z ---
Total proxies tested: 14358
Total healthy proxies: 3855

Healthy proxies by type:
- Vmess: 35
- Ss: 3820
--- Cycle End ---

--- Cycle Start: 2025-12-11T14:29:45Z ---
Total proxies tested: 13894
Total healthy proxies: 3767

Healthy proxies by type:
- Vmess: 35
- Ss: 3732
--- Cycle End ---

--- Cycle Start: 2025-12-11T16:40:55Z ---
Total proxies tested: 13894
Total healthy proxies: 3720

Healthy proxies by type:
- Vmess: 34
- Ss: 3686
--- Cycle End ---

--- Cycle Start: 2025-12-11T18:40:24Z ---
Total proxies tested: 13894
Total healthy proxies: 3742

Healthy proxies by type:
- Ss: 3708
- Vmess: 34
--- Cycle End ---

--- Cycle Start: 2025-12-11T20:32:18Z ---
Total proxies tested: 13825
Total healthy proxies: 3755

Healthy proxies by type:
- Ss: 3726
- Vmess: 29
--- Cycle End ---

--- Cycle Start: 2025-12-11T22:28:26Z ---
Total proxies tested: 13842
Total healthy proxies: 3802

Healthy proxies by type:
- Ss: 3768
- Vmess: 34
--- Cycle End ---

--- Cycle Start: 2025-12-12T02:04:56Z ---
Total proxies tested: 14390
Total healthy proxies: 3891

Healthy proxies by type:
- Ss: 3862
- Vmess: 29
--- Cycle End ---

--- Cycle Start: 2025-12-12T04:39:57Z ---
Total proxies tested: 14764
Total healthy proxies: 3953

Healthy proxies by type:
- Ss: 3928
- Vmess: 25
--- Cycle End ---

--- Cycle Start: 2025-12-12T06:43:16Z ---
Total proxies tested: 14764
Total healthy proxies: 3961

Healthy proxies by type:
- Ss: 3938
- Vmess: 23
--- Cycle End ---

--- Cycle Start: 2025-12-12T08:39:13Z ---
Total proxies tested: 14592
Total healthy proxies: 3852

Healthy proxies by type:
- Ss: 3829
- Vmess: 23
--- Cycle End ---

--- Cycle Start: 2025-12-12T10:32:00Z ---
Total proxies tested: 14056
Total healthy proxies: 3756

Healthy proxies by type:
- Ss: 3736
- Vmess: 20
--- Cycle End ---

--- Cycle Start: 2025-12-12T12:57:10Z ---
Total proxies tested: 14056
Total healthy proxies: 3611

Healthy proxies by type:
- Ss: 3593
- Vmess: 18
--- Cycle End ---

--- Cycle Start: 2025-12-12T14:26:01Z ---
Total proxies tested: 13594
Total healthy proxies: 3568

Healthy proxies by type:
- Vmess: 24
- Ss: 3544
--- Cycle End ---

--- Cycle Start: 2025-12-12T16:34:54Z ---
Total proxies tested: 13716
Total healthy proxies: 3554

Healthy proxies by type:
- Ss: 3530
- Vmess: 24
--- Cycle End ---

--- Cycle Start: 2025-12-12T18:40:58Z ---
Total proxies tested: 13716
Total healthy proxies: 3551

Healthy proxies by type:
- Ss: 3528
- Vmess: 23
--- Cycle End ---

--- Cycle Start: 2025-12-12T20:31:49Z ---
Total proxies tested: 13427
Total healthy proxies: 3472

Healthy proxies by type:
- Ss: 3452
- Vmess: 20
--- Cycle End ---

--- Cycle Start: 2025-12-12T22:28:30Z ---
Total proxies tested: 13475
Total healthy proxies: 3513

Healthy proxies by type:
- Ss: 3490
- Vmess: 23
--- Cycle End ---

--- Cycle Start: 2025-12-13T01:58:28Z ---
Total proxies tested: 13564
Total healthy proxies: 3617

Healthy proxies by type:
- Ss: 3599
- Vmess: 18
--- Cycle End ---

--- Cycle Start: 2025-12-13T03:22:47Z ---
Total proxies tested: 13564
Total healthy proxies: 3612

Healthy proxies by type:
- Ss: 3596
- Vmess: 16
--- Cycle End ---

--- Cycle Start: 2025-12-13T04:33:22Z ---
Total proxies tested: 14358
Total healthy proxies: 3795

Healthy proxies by type:
- Ss: 3773
- Vmess: 22
--- Cycle End ---

--- Cycle Start: 2025-12-13T06:39:07Z ---
Total proxies tested: 14358
Total healthy proxies: 3785

Healthy proxies by type:
- Vmess: 21
- Ss: 3764
--- Cycle End ---

--- Cycle Start: 2025-12-13T08:33:42Z ---
Total proxies tested: 14171
Total healthy proxies: 3643

Healthy proxies by type:
- Ss: 3623
- Vmess: 20
--- Cycle End ---

--- Cycle Start: 2025-12-13T10:27:14Z ---
Total proxies tested: 13728
Total healthy proxies: 3655

Healthy proxies by type:
- Ss: 3635
- Vmess: 20
--- Cycle End ---

--- Cycle Start: 2025-12-13T12:51:21Z ---
Total proxies tested: 13728
Total healthy proxies: 3627

Healthy proxies by type:
- Vmess: 11
- Ss: 3616
--- Cycle End ---

--- Cycle Start: 2025-12-13T14:24:25Z ---
Total proxies tested: 13288
Total healthy proxies: 3465

Healthy proxies by type:
- Ss: 3459
- Vmess: 6
--- Cycle End ---

--- Cycle Start: 2025-12-13T16:32:31Z ---
Total proxies tested: 13287
Total healthy proxies: 3431

Healthy proxies by type:
- Ss: 3421
- Vmess: 10
--- Cycle End ---

--- Cycle Start: 2025-12-13T18:35:59Z ---
Total proxies tested: 13287
Total healthy proxies: 3397

Healthy proxies by type:
- Ss: 3386
- Vmess: 11
--- Cycle End ---

--- Cycle Start: 2025-12-13T20:29:05Z ---
Total proxies tested: 12850
Total healthy proxies: 3320

Healthy proxies by type:
- Ss: 3311
- Vmess: 9
--- Cycle End ---

--- Cycle Start: 2025-12-13T22:25:45Z ---
Total proxies tested: 13131
Total healthy proxies: 3389

Healthy proxies by type:
- Vmess: 7
- Ss: 3382
--- Cycle End ---

--- Cycle Start: 2025-12-14T02:11:33Z ---
Total proxies tested: 13696
Total healthy proxies: 3564

Healthy proxies by type:
- Ss: 3552
- Vmess: 12
--- Cycle End ---

--- Cycle Start: 2025-12-14T04:41:33Z ---
Total proxies tested: 14375
Total healthy proxies: 3612

Healthy proxies by type:
- Vmess: 17
- Ss: 3595
--- Cycle End ---

--- Cycle Start: 2025-12-14T06:39:07Z ---
Total proxies tested: 14375
Total healthy proxies: 3633

Healthy proxies by type:
- Ss: 3617
- Vmess: 16
--- Cycle End ---

--- Cycle Start: 2025-12-14T08:34:27Z ---
Total proxies tested: 14356
Total healthy proxies: 3567

Healthy proxies by type:
- Vmess: 13
- Ss: 3554
--- Cycle End ---

--- Cycle Start: 2025-12-14T10:28:27Z ---
Total proxies tested: 14045
Total healthy proxies: 3565

Healthy proxies by type:
- Ss: 3554
- Vmess: 11
--- Cycle End ---

--- Cycle Start: 2025-12-14T12:51:45Z ---
Total proxies tested: 14045
Total healthy proxies: 3488

Healthy proxies by type:
- Ss: 3476
- Vmess: 12
--- Cycle End ---

--- Cycle Start: 2025-12-14T14:25:19Z ---
Total proxies tested: 13736
Total healthy proxies: 3367

Healthy proxies by type:
- Vmess: 10
- Ss: 3357
--- Cycle End ---

--- Cycle Start: 2025-12-14T16:32:19Z ---
Total proxies tested: 13735
Total healthy proxies: 3362

Healthy proxies by type:
- Ss: 3356
- Vmess: 6
--- Cycle End ---

--- Cycle Start: 2025-12-14T18:37:16Z ---
Total proxies tested: 13735
Total healthy proxies: 3367

Healthy proxies by type:
- Ss: 3361
- Vmess: 6
--- Cycle End ---

--- Cycle Start: 2025-12-14T20:29:37Z ---
Total proxies tested: 13473
Total healthy proxies: 3300

Healthy proxies by type:
- Ss: 3291
- Vmess: 9
--- Cycle End ---

--- Cycle Start: 2025-12-14T22:25:38Z ---
Total proxies tested: 14047
Total healthy proxies: 3382

Healthy proxies by type:
- Ss: 3375
- Vmess: 7
--- Cycle End ---

--- Cycle Start: 2025-12-15T04:48:03Z ---
Total proxies tested: 15047
Total healthy proxies: 3619

Healthy proxies by type:
- Ss: 3606
- Vmess: 13
--- Cycle End ---

--- Cycle Start: 2025-12-15T06:45:07Z ---
Total proxies tested: 15047
Total healthy proxies: 3564

Healthy proxies by type:
- Ss: 3551
- Vmess: 13
--- Cycle End ---

--- Cycle Start: 2025-12-15T08:41:46Z ---
Total proxies tested: 14949
Total healthy proxies: 3519

Healthy proxies by type:
- Ss: 3502
- Vmess: 17
--- Cycle End ---

--- Cycle Start: 2025-12-15T10:35:45Z ---
Total proxies tested: 14745
Total healthy proxies: 3354

Healthy proxies by type:
- Ss: 3342
- Vmess: 12
--- Cycle End ---

--- Cycle Start: 2025-12-15T13:00:09Z ---
Total proxies tested: 14745
Total healthy proxies: 3344

Healthy proxies by type:
- Ss: 3331
- Vmess: 13
--- Cycle End ---

--- Cycle Start: 2025-12-15T14:33:43Z ---
Total proxies tested: 14039
Total healthy proxies: 3264

Healthy proxies by type:
- Ss: 3254
- Vmess: 10
--- Cycle End ---

--- Cycle Start: 2025-12-15T16:40:38Z ---
Total proxies tested: 13680
Total healthy proxies: 3240

Healthy proxies by type:
- Ss: 3228
- Vmess: 12
--- Cycle End ---

--- Cycle Start: 2025-12-15T18:41:59Z ---
Total proxies tested: 13680
Total healthy proxies: 3260

Healthy proxies by type:
- Ss: 3248
- Vmess: 12
--- Cycle End ---

--- Cycle Start: 2025-12-15T20:32:57Z ---
Total proxies tested: 13445
Total healthy proxies: 3214

Healthy proxies by type:
- Ss: 3204
- Vmess: 10
--- Cycle End ---

--- Cycle Start: 2025-12-15T22:28:03Z ---
Total proxies tested: 13959
Total healthy proxies: 3285

Healthy proxies by type:
- Ss: 3271
- Vmess: 14
--- Cycle End ---

--- Cycle Start: 2025-12-16T02:05:30Z ---
Total proxies tested: 14516
Total healthy proxies: 3365

Healthy proxies by type:
- Ss: 3352
- Vmess: 13
--- Cycle End ---

--- Cycle Start: 2025-12-16T04:41:47Z ---
Total proxies tested: 15225
Total healthy proxies: 3499

Healthy proxies by type:
- Ss: 3491
- Vmess: 8
--- Cycle End ---

--- Cycle Start: 2025-12-16T06:44:08Z ---
Total proxies tested: 15225
Total healthy proxies: 3466

Healthy proxies by type:
- Ss: 3460
- Vmess: 6
--- Cycle End ---

--- Cycle Start: 2025-12-16T08:40:13Z ---
Total proxies tested: 15087
Total healthy proxies: 3378

Healthy proxies by type:
- Ss: 3370
- Vmess: 8
--- Cycle End ---

--- Cycle Start: 2025-12-16T10:33:38Z ---
Total proxies tested: 14867
Total healthy proxies: 3445

Healthy proxies by type:
- Vmess: 7
- Ss: 3438
--- Cycle End ---

--- Cycle Start: 2025-12-16T12:58:55Z ---
Total proxies tested: 14867
Total healthy proxies: 3349

Healthy proxies by type:
- Ss: 3346
- Vmess: 3
--- Cycle End ---

--- Cycle Start: 2025-12-16T14:32:35Z ---
Total proxies tested: 14461
Total healthy proxies: 3186

Healthy proxies by type:
- Ss: 3182
- Vmess: 4
--- Cycle End ---

--- Cycle Start: 2025-12-16T16:39:09Z ---
Total proxies tested: 14545
Total healthy proxies: 3177

Healthy proxies by type:
- Vmess: 4
- Ss: 3173
--- Cycle End ---

--- Cycle Start: 2025-12-16T18:41:57Z ---
Total proxies tested: 14545
Total healthy proxies: 3151

Healthy proxies by type:
- Ss: 3147
- Vmess: 4
--- Cycle End ---

--- Cycle Start: 2025-12-16T20:33:00Z ---
Total proxies tested: 14114
Total healthy proxies: 3069

Healthy proxies by type:
- Vmess: 4
- Ss: 3065
--- Cycle End ---

--- Cycle Start: 2025-12-16T22:26:03Z ---
Total proxies tested: 14557
Total healthy proxies: 3160

Healthy proxies by type:
- Ss: 3156
- Vmess: 4
--- Cycle End ---

--- Cycle Start: 2025-12-17T02:00:42Z ---
Total proxies tested: 15237
Total healthy proxies: 3216

Healthy proxies by type:
- Ss: 3212
- Vmess: 4
--- Cycle End ---

--- Cycle Start: 2025-12-17T03:28:22Z ---
Total proxies tested: 15237
Total healthy proxies: 3210

Healthy proxies by type:
- Vmess: 2
- Ss: 3208
--- Cycle End ---

--- Cycle Start: 2025-12-17T04:39:23Z ---
Total proxies tested: 15686
Total healthy proxies: 3272

Healthy proxies by type:
- Vmess: 3
- Ss: 3269
--- Cycle End ---

--- Cycle Start: 2025-12-17T06:43:05Z ---
Total proxies tested: 15686
Total healthy proxies: 3295

Healthy proxies by type:
- Ss: 3292
- Vmess: 3
--- Cycle End ---

--- Cycle Start: 2025-12-17T08:39:34Z ---
Total proxies tested: 15446
Total healthy proxies: 3192

Healthy proxies by type:
- Ss: 3188
- Vmess: 4
--- Cycle End ---

--- Cycle Start: 2025-12-17T10:32:50Z ---
Total proxies tested: 15166
Total healthy proxies: 3216

Healthy proxies by type:
- Vmess: 1
- Ss: 3215
--- Cycle End ---

--- Cycle Start: 2025-12-17T12:58:44Z ---
Total proxies tested: 15166
Total healthy proxies: 3205

Healthy proxies by type:
- Ss: 3203
- Vmess: 2
--- Cycle End ---

--- Cycle Start: 2025-12-17T14:31:06Z ---
Total proxies tested: 14781
Total healthy proxies: 3186

Healthy proxies by type:
- Ss: 3185
- Vmess: 1
--- Cycle End ---

--- Cycle Start: 2025-12-17T16:38:20Z ---
Total proxies tested: 14503
Total healthy proxies: 3157

Healthy proxies by type:
- Ss: 3154
- Vmess: 3
--- Cycle End ---

--- Cycle Start: 2025-12-17T18:42:29Z ---
Total proxies tested: 14503
Total healthy proxies: 3157

Healthy proxies by type:
- Ss: 3154
- Vmess: 3
--- Cycle End ---

--- Cycle Start: 2025-12-17T20:33:36Z ---
Total proxies tested: 14410
Total healthy proxies: 3106

Healthy proxies by type:
- Ss: 3103
- Vmess: 3
--- Cycle End ---

--- Cycle Start: 2025-12-17T22:27:52Z ---
Total proxies tested: 14725
Total healthy proxies: 3139

Healthy proxies by type:
- Ss: 3136
- Vmess: 3
--- Cycle End ---

--- Cycle Start: 2025-12-18T02:01:36Z ---
Total proxies tested: 15310
Total healthy proxies: 3264

Healthy proxies by type:
- Vmess: 3
- Ss: 3261
--- Cycle End ---

--- Cycle Start: 2025-12-18T03:39:15Z ---
Total proxies tested: 15310
Total healthy proxies: 3237

Healthy proxies by type:
- Ss: 3234
- Vmess: 3
--- Cycle End ---

--- Cycle Start: 2025-12-18T04:40:37Z ---
Total proxies tested: 16109
Total healthy proxies: 3351

Healthy proxies by type:
- Ss: 3347
- Vmess: 4
--- Cycle End ---

--- Cycle Start: 2025-12-18T06:42:56Z ---
Total proxies tested: 16109
Total healthy proxies: 3332

Healthy proxies by type:
- Ss: 3327
- Vmess: 5
--- Cycle End ---

--- Cycle Start: 2025-12-18T08:39:03Z ---
Total proxies tested: 16054
Total healthy proxies: 3292

Healthy proxies by type:
- Ss: 3287
- Vmess: 5
--- Cycle End ---

--- Cycle Start: 2025-12-18T10:32:10Z ---
Total proxies tested: 15378
Total healthy proxies: 3344

Healthy proxies by type:
- Ss: 3340
- Vmess: 4
--- Cycle End ---

--- Cycle Start: 2025-12-18T12:57:06Z ---
Total proxies tested: 15091
Total healthy proxies: 3278

Healthy proxies by type:
- Ss: 3274
- Vmess: 4
--- Cycle End ---

--- Cycle Start: 2025-12-18T14:30:41Z ---
Total proxies tested: 15091
Total healthy proxies: 3277

Healthy proxies by type:
- Ss: 3274
- Vmess: 3
--- Cycle End ---

--- Cycle Start: 2025-12-18T16:39:24Z ---
Total proxies tested: 14733
Total healthy proxies: 3250

Healthy proxies by type:
- Ss: 3249
- Vmess: 1
--- Cycle End ---

--- Cycle Start: 2025-12-18T18:41:26Z ---
Total proxies tested: 14733
Total healthy proxies: 3208

Healthy proxies by type:
- Ss: 3205
- Vmess: 3
--- Cycle End ---

--- Cycle Start: 2025-12-18T20:28:47Z ---
Total proxies tested: 14596
Total healthy proxies: 3242

Healthy proxies by type:
- Ss: 3240
- Vmess: 2
--- Cycle End ---

--- Cycle Start: 2025-12-18T22:27:37Z ---
Total proxies tested: 14971
Total healthy proxies: 3272

Healthy proxies by type:
- Ss: 3271
- Vmess: 1
--- Cycle End ---

--- Cycle Start: 2025-12-19T02:04:40Z ---
Total proxies tested: 15544
Total healthy proxies: 3366

Healthy proxies by type:
- Ss: 3364
- Vmess: 2
--- Cycle End ---

--- Cycle Start: 2025-12-19T04:40:43Z ---
Total proxies tested: 15983
Total healthy proxies: 3338

Healthy proxies by type:
- Ss: 3335
- Vmess: 3
--- Cycle End ---

--- Cycle Start: 2025-12-19T06:41:36Z ---
Total proxies tested: 15983
Total healthy proxies: 3306

Healthy proxies by type:
- Ss: 3304
- Vmess: 2
--- Cycle End ---

--- Cycle Start: 2025-12-19T08:38:19Z ---
Total proxies tested: 15396
Total healthy proxies: 3254

Healthy proxies by type:
- Ss: 3250
- Vmess: 4
--- Cycle End ---

--- Cycle Start: 2025-12-19T10:31:20Z ---
Total proxies tested: 15037
Total healthy proxies: 3272

Healthy proxies by type:
- Ss: 3271
- Vmess: 1
--- Cycle End ---

--- Cycle Start: 2025-12-19T12:55:07Z ---
Total proxies tested: 14069
Total healthy proxies: 3110

Healthy proxies by type:
- Ss: 3109
- Vmess: 1
--- Cycle End ---

--- Cycle Start: 2025-12-19T14:29:44Z ---
Total proxies tested: 14069
Total healthy proxies: 3119

Healthy proxies by type:
- Ss: 3117
- Vmess: 2
--- Cycle End ---

--- Cycle Start: 2025-12-19T16:36:24Z ---
Total proxies tested: 14448
Total healthy proxies: 3101

Healthy proxies by type:
- Ss: 3099
- Vmess: 2
--- Cycle End ---

--- Cycle Start: 2025-12-19T18:39:31Z ---
Total proxies tested: 14448
Total healthy proxies: 3125

Healthy proxies by type:
- Ss: 3123
- Vmess: 2
--- Cycle End ---

--- Cycle Start: 2025-12-19T20:31:30Z ---
Total proxies tested: 14366
Total healthy proxies: 3113

Healthy proxies by type:
- Ss: 3109
- Vmess: 4
--- Cycle End ---

--- Cycle Start: 2025-12-19T22:27:40Z ---
Total proxies tested: 14746
Total healthy proxies: 3175

Healthy proxies by type:
- Vmess: 3
- Ss: 3172
--- Cycle End ---

--- Cycle Start: 2025-12-20T01:57:52Z ---
Total proxies tested: 14746
Total healthy proxies: 3178

Healthy proxies by type:
- Ss: 3175
- Vmess: 3
--- Cycle End ---

--- Cycle Start: 2025-12-20T03:22:28Z ---
Total proxies tested: 14746
Total healthy proxies: 3177

Healthy proxies by type:
- Ss: 3175
- Vmess: 2
--- Cycle End ---

--- Cycle Start: 2025-12-20T04:33:29Z ---
Total proxies tested: 15416
Total healthy proxies: 3300

Healthy proxies by type:
- Ss: 3297
- Vmess: 3
--- Cycle End ---

--- Cycle Start: 2025-12-20T06:39:54Z ---
Total proxies tested: 15416
Total healthy proxies: 3276

Healthy proxies by type:
- Ss: 3273
- Vmess: 3
--- Cycle End ---

--- Cycle Start: 2025-12-20T08:34:31Z ---
Total proxies tested: 15486
Total healthy proxies: 3277

Healthy proxies by type:
- Ss: 3274
- Vmess: 3
--- Cycle End ---

--- Cycle Start: 2025-12-20T10:28:05Z ---
Total proxies tested: 15223
Total healthy proxies: 3244

Healthy proxies by type:
- Ss: 3242
- Vmess: 2
--- Cycle End ---

--- Cycle Start: 2025-12-20T12:51:39Z ---
Total proxies tested: 15277
Total healthy proxies: 3270

Healthy proxies by type:
- Ss: 3267
- Vmess: 3
--- Cycle End ---

--- Cycle Start: 2025-12-20T14:25:25Z ---
Total proxies tested: 15277
Total healthy proxies: 3228

Healthy proxies by type:
- Ss: 3225
- Vmess: 3
--- Cycle End ---

--- Cycle Start: 2025-12-20T16:32:19Z ---
Total proxies tested: 15461
Total healthy proxies: 3277

Healthy proxies by type:
- Vmess: 5
- Ss: 3272
--- Cycle End ---

--- Cycle Start: 2025-12-20T18:35:43Z ---
Total proxies tested: 15461
Total healthy proxies: 3262

Healthy proxies by type:
- Vmess: 5
- Ss: 3257
--- Cycle End ---

--- Cycle Start: 2025-12-20T20:28:44Z ---
Total proxies tested: 15278
Total healthy proxies: 3195

Healthy proxies by type:
- Ss: 3191
- Vmess: 4
--- Cycle End ---

--- Cycle Start: 2025-12-20T22:25:10Z ---
Total proxies tested: 15698
Total healthy proxies: 3261

Healthy proxies by type:
- Ss: 3257
- Vmess: 4
--- Cycle End ---

--- Cycle Start: 2025-12-21T02:11:26Z ---
Total proxies tested: 16317
Total healthy proxies: 3416

Healthy proxies by type:
- Ss: 3412
- Vmess: 4
--- Cycle End ---

--- Cycle Start: 2025-12-21T04:42:42Z ---
Total proxies tested: 16518
Total healthy proxies: 3451

Healthy proxies by type:
- Ss: 3449
- Vmess: 2
--- Cycle End ---

--- Cycle Start: 2025-12-21T06:40:14Z ---
Total proxies tested: 16518
Total healthy proxies: 3433

Healthy proxies by type:
- Ss: 3431
- Vmess: 2
--- Cycle End ---

--- Cycle Start: 2025-12-21T08:34:57Z ---
Total proxies tested: 16320
Total healthy proxies: 3454

Healthy proxies by type:
- Ss: 3451
- Vmess: 3
--- Cycle End ---

--- Cycle Start: 2025-12-21T10:28:28Z ---
Total proxies tested: 16077
Total healthy proxies: 3464

Healthy proxies by type:
- Vmess: 2
- Ss: 3462
--- Cycle End ---

--- Cycle Start: 2025-12-21T12:52:13Z ---
Total proxies tested: 16077
Total healthy proxies: 3410

Healthy proxies by type:
- Ss: 3408
- Vmess: 2
--- Cycle End ---

--- Cycle Start: 2025-12-21T14:25:32Z ---
Total proxies tested: 16089
Total healthy proxies: 3460

Healthy proxies by type:
- Ss: 3458
- Vmess: 2
--- Cycle End ---

--- Cycle Start: 2025-12-21T16:32:32Z ---
Total proxies tested: 16523
Total healthy proxies: 3479

Healthy proxies by type:
- Ss: 3476
- Vmess: 3
--- Cycle End ---

--- Cycle Start: 2025-12-21T18:37:42Z ---
Total proxies tested: 16523
Total healthy proxies: 3383

Healthy proxies by type:
- Ss: 3379
- Vmess: 4
--- Cycle End ---

--- Cycle Start: 2025-12-21T20:29:59Z ---
Total proxies tested: 16205
Total healthy proxies: 3331

Healthy proxies by type:
- Ss: 3327
- Vmess: 4
--- Cycle End ---

--- Cycle Start: 2025-12-21T22:27:07Z ---
Total proxies tested: 16336
Total healthy proxies: 3385

Healthy proxies by type:
- Ss: 3381
- Vmess: 4
--- Cycle End ---

--- Cycle Start: 2025-12-22T02:10:53Z ---
Total proxies tested: 16782
Total healthy proxies: 3486

Healthy proxies by type:
- Ss: 3482
- Vmess: 4
--- Cycle End ---

--- Cycle Start: 2025-12-22T04:47:20Z ---
Total proxies tested: 17339
Total healthy proxies: 3581

Healthy proxies by type:
- Ss: 3575
- Vmess: 6
--- Cycle End ---

--- Cycle Start: 2025-12-22T06:44:51Z ---
Total proxies tested: 17339
Total healthy proxies: 3564

Healthy proxies by type:
- Ss: 3559
- Vmess: 5
--- Cycle End ---

--- Cycle Start: 2025-12-22T08:40:09Z ---
Total proxies tested: 17149
Total healthy proxies: 3549

Healthy proxies by type:
- Ss: 3543
- Vmess: 6
--- Cycle End ---

--- Cycle Start: 2025-12-22T10:31:50Z ---
Total proxies tested: 16835
Total healthy proxies: 3552

Healthy proxies by type:
- Ss: 3546
- Vmess: 6
--- Cycle End ---

--- Cycle Start: 2025-12-22T12:56:31Z ---
Total proxies tested: 16578
Total healthy proxies: 3517

Healthy proxies by type:
- Ss: 3513
- Vmess: 4
--- Cycle End ---

--- Cycle Start: 2025-12-22T14:29:31Z ---
Total proxies tested: 16578
Total healthy proxies: 3521

Healthy proxies by type:
- Ss: 3517
- Vmess: 4
--- Cycle End ---

--- Cycle Start: 2025-12-22T16:36:15Z ---
Total proxies tested: 16578
Total healthy proxies: 3472

Healthy proxies by type:
- Ss: 3468
- Vmess: 4
--- Cycle End ---

--- Cycle Start: 2025-12-22T18:40:30Z ---
Total proxies tested: 16578
Total healthy proxies: 3514

Healthy proxies by type:
- Ss: 3510
- Vmess: 4
--- Cycle End ---

--- Cycle Start: 2025-12-22T20:31:46Z ---
Total proxies tested: 16243
Total healthy proxies: 3380

Healthy proxies by type:
- Ss: 3375
- Vmess: 5
--- Cycle End ---

--- Cycle Start: 2025-12-23T02:06:15Z ---
Total proxies tested: 16914
Total healthy proxies: 3511

Healthy proxies by type:
- Vmess: 5
- Ss: 3506
--- Cycle End ---

--- Cycle Start: 2025-12-23T06:44:37Z ---
Total proxies tested: 17288
Total healthy proxies: 3579

Healthy proxies by type:
- Ss: 3575
- Vmess: 4
--- Cycle End ---

--- Cycle Start: 2025-12-23T08:39:12Z ---
Total proxies tested: 17125
Total healthy proxies: 3588

Healthy proxies by type:
- Ss: 3582
- Vmess: 6
--- Cycle End ---

--- Cycle Start: 2025-12-23T10:32:30Z ---
Total proxies tested: 16871
Total healthy proxies: 3568

Healthy proxies by type:
- Ss: 3566
- Vmess: 2
--- Cycle End ---

--- Cycle Start: 2025-12-23T12:58:08Z ---
Total proxies tested: 16461
Total healthy proxies: 3511

Healthy proxies by type:
- Ss: 3509
- Vmess: 2
--- Cycle End ---

--- Cycle Start: 2025-12-23T14:29:49Z ---
Total proxies tested: 16461
Total healthy proxies: 3462

Healthy proxies by type:
- Ss: 3460
- Vmess: 2
--- Cycle End ---

--- Cycle Start: 2025-12-23T16:37:14Z ---
Total proxies tested: 16301
Total healthy proxies: 3502

Healthy proxies by type:
- Ss: 3499
- Vmess: 3
--- Cycle End ---

--- Cycle Start: 2025-12-23T20:31:16Z ---
Total proxies tested: 16301
Total healthy proxies: 3494

Healthy proxies by type:
- Ss: 3492
- Vmess: 2
--- Cycle End ---

--- Cycle Start: 2025-12-23T22:27:10Z ---
Total proxies tested: 16582
Total healthy proxies: 3599

Healthy proxies by type:
- Ss: 3597
- Vmess: 2
--- Cycle End ---

--- Cycle Start: 2025-12-24T02:04:13Z ---
Total proxies tested: 17214
Total healthy proxies: 3706

Healthy proxies by type:
- Ss: 3702
- Vmess: 4
--- Cycle End ---

--- Cycle Start: 2025-12-24T04:42:35Z ---
Total proxies tested: 17747
Total healthy proxies: 3796

Healthy proxies by type:
- Ss: 3789
- Vmess: 7
--- Cycle End ---

--- Cycle Start: 2025-12-24T06:44:17Z ---
Total proxies tested: 17747
Total healthy proxies: 3766

Healthy proxies by type:
- Ss: 3761
- Vmess: 5
--- Cycle End ---

--- Cycle Start: 2025-12-24T08:39:03Z ---
Total proxies tested: 17524
Total healthy proxies: 3737

Healthy proxies by type:
- Ss: 3731
- Vmess: 6
--- Cycle End ---

--- Cycle Start: 2025-12-24T10:30:37Z ---
Total proxies tested: 17447
Total healthy proxies: 3745

Healthy proxies by type:
- Ss: 3739
- Vmess: 6
--- Cycle End ---

--- Cycle Start: 2025-12-24T12:56:13Z ---
Total proxies tested: 17384
Total healthy proxies: 3732

Healthy proxies by type:
- Ss: 3728
- Vmess: 4
--- Cycle End ---

--- Cycle Start: 2025-12-24T14:28:08Z ---
Total proxies tested: 17384
Total healthy proxies: 3753

Healthy proxies by type:
- Ss: 3748
- Vmess: 5
--- Cycle End ---

--- Cycle Start: 2025-12-24T16:34:36Z ---
Total proxies tested: 17086
Total healthy proxies: 3660

Healthy proxies by type:
- Ss: 3654
- Vmess: 6
--- Cycle End ---

--- Cycle Start: 2025-12-24T18:40:10Z ---
Total proxies tested: 17086
Total healthy proxies: 3659

Healthy proxies by type:
- Ss: 3654
- Vmess: 5
--- Cycle End ---

--- Cycle Start: 2025-12-24T22:27:37Z ---
Total proxies tested: 16363
Total healthy proxies: 3742

Healthy proxies by type:
- Ss: 3734
- Vmess: 8
--- Cycle End ---

--- Cycle Start: 2025-12-25T02:06:14Z ---
Total proxies tested: 16989
Total healthy proxies: 3842

Healthy proxies by type:
- Ss: 3839
- Vmess: 3
--- Cycle End ---

--- Cycle Start: 2025-12-25T04:43:51Z ---
Total proxies tested: 17422
Total healthy proxies: 3957

Healthy proxies by type:
- Ss: 3951
- Vmess: 6
--- Cycle End ---

--- Cycle Start: 2025-12-25T06:43:15Z ---
Total proxies tested: 17422
Total healthy proxies: 3930

Healthy proxies by type:
- Ss: 3924
- Vmess: 6
--- Cycle End ---

--- Cycle Start: 2025-12-25T08:37:44Z ---
Total proxies tested: 17315
Total healthy proxies: 3883

Healthy proxies by type:
- Ss: 3876
- Vmess: 7
--- Cycle End ---

--- Cycle Start: 2025-12-25T10:30:44Z ---
Total proxies tested: 17178
Total healthy proxies: 3840

Healthy proxies by type:
- Ss: 3836
- Vmess: 4
--- Cycle End ---

--- Cycle Start: 2025-12-25T12:55:32Z ---
Total proxies tested: 15634
Total healthy proxies: 3840

Healthy proxies by type:
- Ss: 3839
- Vmess: 1
--- Cycle End ---

--- Cycle Start: 2025-12-25T14:28:02Z ---
Total proxies tested: 15634
Total healthy proxies: 3855

Healthy proxies by type:
- Ss: 3851
- Vmess: 4
--- Cycle End ---

--- Cycle Start: 2025-12-25T16:35:07Z ---
Total proxies tested: 14234
Total healthy proxies: 3919

Healthy proxies by type:
- Vmess: 8
- Ss: 3911
--- Cycle End ---

--- Cycle Start: 2025-12-25T18:38:58Z ---
Total proxies tested: 14234
Total healthy proxies: 3909

Healthy proxies by type:
- Ss: 3901
- Vmess: 8
--- Cycle End ---

--- Cycle Start: 2025-12-25T20:31:27Z ---
Total proxies tested: 14505
Total healthy proxies: 3843

Healthy proxies by type:
- Vmess: 7
- Ss: 3836
--- Cycle End ---

--- Cycle Start: 2025-12-25T22:27:20Z ---
Total proxies tested: 14647
Total healthy proxies: 3864

Healthy proxies by type:
- Ss: 3856
- Vmess: 8
--- Cycle End ---

--- Cycle Start: 2025-12-26T02:05:29Z ---
Total proxies tested: 15294
Total healthy proxies: 4018

Healthy proxies by type:
- Ss: 4009
- Vmess: 9
--- Cycle End ---

--- Cycle Start: 2025-12-26T04:41:08Z ---
Total proxies tested: 15996
Total healthy proxies: 4119

Healthy proxies by type:
- Ss: 4092
- Vmess: 27
--- Cycle End ---

--- Cycle Start: 2025-12-26T06:42:53Z ---
Total proxies tested: 15996
Total healthy proxies: 4052

Healthy proxies by type:
- Ss: 4023
- Vmess: 29
--- Cycle End ---

--- Cycle Start: 2025-12-26T08:37:33Z ---
Total proxies tested: 15599
Total healthy proxies: 4045

Healthy proxies by type:
- Ss: 4026
- Vmess: 19
--- Cycle End ---

--- Cycle Start: 2025-12-26T10:30:42Z ---
Total proxies tested: 15474
Total healthy proxies: 4013

Healthy proxies by type:
- Ss: 3990
- Vmess: 23
--- Cycle End ---

--- Cycle Start: 2025-12-26T12:55:47Z ---
Total proxies tested: 14955
Total healthy proxies: 3976

Healthy proxies by type:
- Ss: 3961
- Vmess: 15
--- Cycle End ---

--- Cycle Start: 2025-12-26T14:28:29Z ---
Total proxies tested: 14955
Total healthy proxies: 3980

Healthy proxies by type:
- Ss: 3967
- Vmess: 13
--- Cycle End ---

--- Cycle Start: 2025-12-26T16:33:29Z ---
Total proxies tested: 14969
Total healthy proxies: 3938

Healthy proxies by type:
- Ss: 3923
- Vmess: 15
--- Cycle End ---

--- Cycle Start: 2025-12-26T18:38:59Z ---
Total proxies tested: 14969
Total healthy proxies: 3954

Healthy proxies by type:
- Ss: 3939
- Vmess: 15
--- Cycle End ---

--- Cycle Start: 2025-12-26T20:30:27Z ---
Total proxies tested: 14783
Total healthy proxies: 3885

Healthy proxies by type:
- Ss: 3868
- Vmess: 17
--- Cycle End ---

--- Cycle Start: 2025-12-26T22:27:57Z ---
Total proxies tested: 15138
Total healthy proxies: 3976

Healthy proxies by type:
- Ss: 3962
- Vmess: 14
--- Cycle End ---

--- Cycle Start: 2025-12-27T02:02:53Z ---
Total proxies tested: 15138
Total healthy proxies: 3968

Healthy proxies by type:
- Ss: 3954
- Vmess: 14
--- Cycle End ---

--- Cycle Start: 2025-12-27T04:39:14Z ---
Total proxies tested: 16286
Total healthy proxies: 4156

Healthy proxies by type:
- Ss: 4134
- Vmess: 22
--- Cycle End ---

--- Cycle Start: 2025-12-27T06:40:55Z ---
Total proxies tested: 16286
Total healthy proxies: 4142

Healthy proxies by type:
- Ss: 4121
- Vmess: 21
--- Cycle End ---

--- Cycle Start: 2025-12-27T08:36:00Z ---
Total proxies tested: 16104
Total healthy proxies: 4099

Healthy proxies by type:
- Ss: 4077
- Vmess: 22
--- Cycle End ---

--- Cycle Start: 2025-12-27T10:28:54Z ---
Total proxies tested: 16040
Total healthy proxies: 4100

Healthy proxies by type:
- Vmess: 22
- Ss: 4078
--- Cycle End ---

--- Cycle Start: 2025-12-27T12:53:03Z ---
Total proxies tested: 16072
Total healthy proxies: 4057

Healthy proxies by type:
- Ss: 4036
- Vmess: 21
--- Cycle End ---

--- Cycle Start: 2025-12-27T14:26:04Z ---
Total proxies tested: 16072
Total healthy proxies: 4084

Healthy proxies by type:
- Ss: 4062
- Vmess: 22
--- Cycle End ---

--- Cycle Start: 2025-12-27T16:33:17Z ---
Total proxies tested: 16135
Total healthy proxies: 3971

Healthy proxies by type:
- Ss: 3933
- Vmess: 38
--- Cycle End ---

--- Cycle Start: 2025-12-27T18:37:52Z ---
Total proxies tested: 16135
Total healthy proxies: 3968

Healthy proxies by type:
- Ss: 3938
- Vmess: 30
--- Cycle End ---

--- Cycle Start: 2025-12-27T20:30:52Z ---
Total proxies tested: 16013
Total healthy proxies: 3984

Healthy proxies by type:
- Ss: 3950
- Vmess: 34
--- Cycle End ---

--- Cycle Start: 2025-12-27T22:26:28Z ---
Total proxies tested: 16230
Total healthy proxies: 4039

Healthy proxies by type:
- Ss: 3998
- Vmess: 41
--- Cycle End ---

--- Cycle Start: 2025-12-28T02:23:32Z ---
Total proxies tested: 16717
Total healthy proxies: 4159

Healthy proxies by type:
- Ss: 4118
- Vmess: 41
--- Cycle End ---

--- Cycle Start: 2025-12-28T04:51:31Z ---
Total proxies tested: 17151
Total healthy proxies: 4264

Healthy proxies by type:
- Ss: 4208
- Vmess: 56
--- Cycle End ---

--- Cycle Start: 2025-12-28T06:41:25Z ---
Total proxies tested: 17151
Total healthy proxies: 4255

Healthy proxies by type:
- Ss: 4206
- Vmess: 49
--- Cycle End ---

--- Cycle Start: 2025-12-28T08:36:23Z ---
Total proxies tested: 16978
Total healthy proxies: 4237

Healthy proxies by type:
- Ss: 4179
- Vmess: 58
--- Cycle End ---

--- Cycle Start: 2025-12-28T10:29:17Z ---
Total proxies tested: 16549
Total healthy proxies: 4204

Healthy proxies by type:
- Ss: 4157
- Vmess: 47
--- Cycle End ---

--- Cycle Start: 2025-12-28T12:54:09Z ---
Total proxies tested: 16444
Total healthy proxies: 4151

Healthy proxies by type:
- Ss: 4113
- Vmess: 38
--- Cycle End ---

--- Cycle Start: 2025-12-28T14:26:55Z ---
Total proxies tested: 16444
Total healthy proxies: 4165

Healthy proxies by type:
- Vmess: 38
- Ss: 4127
--- Cycle End ---

--- Cycle Start: 2025-12-28T16:34:16Z ---
Total proxies tested: 16596
Total healthy proxies: 4187

Healthy proxies by type:
- Ss: 4139
- Vmess: 48
--- Cycle End ---

--- Cycle Start: 2025-12-28T18:39:08Z ---
Total proxies tested: 16596
Total healthy proxies: 4176

Healthy proxies by type:
- Vmess: 48
- Ss: 4128
--- Cycle End ---

--- Cycle Start: 2025-12-28T20:31:18Z ---
Total proxies tested: 16132
Total healthy proxies: 4107

Healthy proxies by type:
- Ss: 4063
- Vmess: 44
--- Cycle End ---

--- Cycle Start: 2025-12-28T22:27:47Z ---
Total proxies tested: 16117
Total healthy proxies: 4179

Healthy proxies by type:
- Ss: 4131
- Vmess: 48
--- Cycle End ---

--- Cycle Start: 2025-12-29T02:15:23Z ---
Total proxies tested: 17136
Total healthy proxies: 4352

Healthy proxies by type:
- Ss: 4304
- Vmess: 48
--- Cycle End ---

--- Cycle Start: 2025-12-29T04:56:21Z ---
Total proxies tested: 17690
Total healthy proxies: 4429

Healthy proxies by type:
- Ss: 4385
- Vmess: 44
--- Cycle End ---

--- Cycle Start: 2025-12-29T06:46:05Z ---
Total proxies tested: 17690
Total healthy proxies: 4424

Healthy proxies by type:
- Ss: 4380
- Vmess: 44
--- Cycle End ---

--- Cycle Start: 2025-12-29T08:41:54Z ---
Total proxies tested: 17589
Total healthy proxies: 4419

Healthy proxies by type:
- Ss: 4377
- Vmess: 42
--- Cycle End ---

--- Cycle Start: 2025-12-29T10:32:37Z ---
Total proxies tested: 17436
Total healthy proxies: 4422

Healthy proxies by type:
- Ss: 4382
- Vmess: 40
--- Cycle End ---

--- Cycle Start: 2025-12-29T12:59:18Z ---
Total proxies tested: 15715
Total healthy proxies: 4380

Healthy proxies by type:
- Ss: 4346
- Vmess: 34
--- Cycle End ---

--- Cycle Start: 2025-12-29T14:30:25Z ---
Total proxies tested: 15715
Total healthy proxies: 4376

Healthy proxies by type:
- Ss: 4339
- Vmess: 37
--- Cycle End ---

--- Cycle Start: 2025-12-29T16:35:43Z ---
Total proxies tested: 15691
Total healthy proxies: 4366

Healthy proxies by type:
- Ss: 4330
- Vmess: 36
--- Cycle End ---

--- Cycle Start: 2025-12-29T18:40:49Z ---
Total proxies tested: 15691
Total healthy proxies: 4391

Healthy proxies by type:
- Ss: 4355
- Vmess: 36
--- Cycle End ---

--- Cycle Start: 2025-12-29T20:32:50Z ---
Total proxies tested: 15601
Total healthy proxies: 4376

Healthy proxies by type:
- Ss: 4341
- Vmess: 35
--- Cycle End ---

--- Cycle Start: 2025-12-29T22:27:40Z ---
Total proxies tested: 15868
Total healthy proxies: 4438

Healthy proxies by type:
- Ss: 4403
- Vmess: 35
--- Cycle End ---

--- Cycle Start: 2025-12-30T02:07:00Z ---
Total proxies tested: 16494
Total healthy proxies: 4571

Healthy proxies by type:
- Ss: 4536
- Vmess: 35
--- Cycle End ---

--- Cycle Start: 2025-12-30T04:45:47Z ---
Total proxies tested: 17104
Total healthy proxies: 4637

Healthy proxies by type:
- Ss: 4605
- Vmess: 32
--- Cycle End ---

--- Cycle Start: 2025-12-30T06:43:20Z ---
Total proxies tested: 17104
Total healthy proxies: 4612

Healthy proxies by type:
- Ss: 4580
- Vmess: 32
--- Cycle End ---

--- Cycle Start: 2025-12-30T08:38:57Z ---
Total proxies tested: 16695
Total healthy proxies: 4582

Healthy proxies by type:
- Vmess: 25
- Ss: 4557
--- Cycle End ---

--- Cycle Start: 2025-12-30T10:32:43Z ---
Total proxies tested: 16611
Total healthy proxies: 4492

Healthy proxies by type:
- Ss: 4467
- Vmess: 25
--- Cycle End ---

--- Cycle Start: 2025-12-30T12:58:03Z ---
Total proxies tested: 16195
Total healthy proxies: 4532

Healthy proxies by type:
- Ss: 4510
- Vmess: 22
--- Cycle End ---

--- Cycle Start: 2025-12-30T14:30:06Z ---
Total proxies tested: 16195
Total healthy proxies: 4530

Healthy proxies by type:
- Ss: 4510
- Vmess: 20
--- Cycle End ---

--- Cycle Start: 2025-12-30T16:37:47Z ---
Total proxies tested: 16209
Total healthy proxies: 4495

Healthy proxies by type:
- Ss: 4472
- Vmess: 23
--- Cycle End ---

--- Cycle Start: 2025-12-30T18:42:10Z ---
Total proxies tested: 16209
Total healthy proxies: 4383

Healthy proxies by type:
- Ss: 4360
- Vmess: 23
--- Cycle End ---

--- Cycle Start: 2025-12-30T20:32:12Z ---
Total proxies tested: 15928
Total healthy proxies: 4380

Healthy proxies by type:
- Ss: 4358
- Vmess: 22
--- Cycle End ---

--- Cycle Start: 2025-12-30T22:27:21Z ---
Total proxies tested: 16068
Total healthy proxies: 4461

Healthy proxies by type:
- Ss: 4440
- Vmess: 21
--- Cycle End ---

--- Cycle Start: 2025-12-31T02:07:33Z ---
Total proxies tested: 16707
Total healthy proxies: 4581

Healthy proxies by type:
- Ss: 4560
- Vmess: 21
--- Cycle End ---

--- Cycle Start: 2025-12-31T04:44:48Z ---
Total proxies tested: 17504
Total healthy proxies: 4680

Healthy proxies by type:
- Ss: 4662
- Vmess: 18
--- Cycle End ---

--- Cycle Start: 2025-12-31T06:43:40Z ---
Total proxies tested: 17504
Total healthy proxies: 4683

Healthy proxies by type:
- Ss: 4664
- Vmess: 19
--- Cycle End ---

--- Cycle Start: 2025-12-31T08:38:54Z ---
Total proxies tested: 17739
Total healthy proxies: 4688

Healthy proxies by type:
- Ss: 4671
- Vmess: 17
--- Cycle End ---

--- Cycle Start: 2025-12-31T10:30:41Z ---
Total proxies tested: 17011
Total healthy proxies: 4680

Healthy proxies by type:
- Ss: 4661
- Vmess: 19
--- Cycle End ---

--- Cycle Start: 2025-12-31T12:56:53Z ---
Total proxies tested: 16860
Total healthy proxies: 4593

Healthy proxies by type:
- Ss: 4575
- Vmess: 18
--- Cycle End ---

--- Cycle Start: 2025-12-31T14:28:46Z ---
Total proxies tested: 16860
Total healthy proxies: 4635

Healthy proxies by type:
- Vmess: 20
- Ss: 4615
--- Cycle End ---

--- Cycle Start: 2025-12-31T16:35:49Z ---
Total proxies tested: 16986
Total healthy proxies: 4630

Healthy proxies by type:
- Ss: 4608
- Vmess: 22
--- Cycle End ---

--- Cycle Start: 2025-12-31T18:40:12Z ---
Total proxies tested: 16986
Total healthy proxies: 4665

Healthy proxies by type:
- Ss: 4643
- Vmess: 22
--- Cycle End ---

--- Cycle Start: 2025-12-31T20:32:05Z ---
Total proxies tested: 16576
Total healthy proxies: 4649

Healthy proxies by type:
- Vmess: 18
- Ss: 4631
--- Cycle End ---

--- Cycle Start: 2025-12-31T22:29:04Z ---
Total proxies tested: 16617
Total healthy proxies: 4646

Healthy proxies by type:
- Ss: 4624
- Vmess: 22
--- Cycle End ---

--- Cycle Start: 2026-01-01T02:24:27Z ---
Total proxies tested: 17323
Total healthy proxies: 4826

Healthy proxies by type:
- Ss: 4804
- Vmess: 22
--- Cycle End ---

--- Cycle Start: 2026-01-01T04:54:51Z ---
Total proxies tested: 17999
Total healthy proxies: 4914

Healthy proxies by type:
- Ss: 4890
- Vmess: 24
--- Cycle End ---

--- Cycle Start: 2026-01-01T06:44:19Z ---
Total proxies tested: 17999
Total healthy proxies: 4912

Healthy proxies by type:
- Ss: 4889
- Vmess: 23
--- Cycle End ---

--- Cycle Start: 2026-01-01T08:40:00Z ---
Total proxies tested: 18029
Total healthy proxies: 4618

Healthy proxies by type:
- Vmess: 24
- Ss: 4594
--- Cycle End ---

--- Cycle Start: 2026-01-01T10:32:19Z ---
Total proxies tested: 17098
Total healthy proxies: 4600

Healthy proxies by type:
- Vmess: 23
- Ss: 4577
--- Cycle End ---

--- Cycle Start: 2026-01-01T12:56:40Z ---
Total proxies tested: 16954
Total healthy proxies: 4559

Healthy proxies by type:
- Ss: 4541
- Vmess: 18
--- Cycle End ---

--- Cycle Start: 2026-01-01T14:28:03Z ---
Total proxies tested: 16954
Total healthy proxies: 4552

Healthy proxies by type:
- Ss: 4531
- Vmess: 21
--- Cycle End ---

--- Cycle Start: 2026-01-01T16:36:41Z ---
Total proxies tested: 16890
Total healthy proxies: 4554

Healthy proxies by type:
- Ss: 4532
- Vmess: 22
--- Cycle End ---

--- Cycle Start: 2026-01-01T18:40:18Z ---
Total proxies tested: 16890
Total healthy proxies: 4532

Healthy proxies by type:
- Ss: 4510
- Vmess: 22
--- Cycle End ---

--- Cycle Start: 2026-01-01T20:32:46Z ---
Total proxies tested: 16839
Total healthy proxies: 4530

Healthy proxies by type:
- Vmess: 21
- Ss: 4509
--- Cycle End ---

--- Cycle Start: 2026-01-01T22:28:08Z ---
Total proxies tested: 16956
Total healthy proxies: 4531

Healthy proxies by type:
- Ss: 4511
- Vmess: 20
--- Cycle End ---

--- Cycle Start: 2026-01-02T02:09:21Z ---
Total proxies tested: 17520
Total healthy proxies: 4658

Healthy proxies by type:
- Ss: 4637
- Vmess: 21
--- Cycle End ---

--- Cycle Start: 2026-01-02T04:48:47Z ---
Total proxies tested: 18283
Total healthy proxies: 4769

Healthy proxies by type:
- Ss: 4746
- Vmess: 23
--- Cycle End ---

--- Cycle Start: 2026-01-02T06:44:01Z ---
Total proxies tested: 18283
Total healthy proxies: 4790

Healthy proxies by type:
- Ss: 4767
- Vmess: 23
--- Cycle End ---

--- Cycle Start: 2026-01-02T08:38:51Z ---
Total proxies tested: 18161
Total healthy proxies: 4757

Healthy proxies by type:
- Vmess: 17
- Ss: 4740
--- Cycle End ---

--- Cycle Start: 2026-01-02T10:30:33Z ---
Total proxies tested: 17802
Total healthy proxies: 4706

Healthy proxies by type:
- Ss: 4696
- Vmess: 10
--- Cycle End ---

--- Cycle Start: 2026-01-02T12:55:32Z ---
Total proxies tested: 17381
Total healthy proxies: 4668

Healthy proxies by type:
- Ss: 4657
- Vmess: 11
--- Cycle End ---

--- Cycle Start: 2026-01-02T14:29:33Z ---
Total proxies tested: 17381
Total healthy proxies: 4671

Healthy proxies by type:
- Ss: 4661
- Vmess: 10
--- Cycle End ---

--- Cycle Start: 2026-01-02T16:35:53Z ---
Total proxies tested: 17832
Total healthy proxies: 4654

Healthy proxies by type:
- Ss: 4640
- Vmess: 14
--- Cycle End ---

--- Cycle Start: 2026-01-02T18:40:12Z ---
Total proxies tested: 17832
Total healthy proxies: 4674

Healthy proxies by type:
- Ss: 4665
- Vmess: 9
--- Cycle End ---

--- Cycle Start: 2026-01-02T20:31:31Z ---
Total proxies tested: 17281
Total healthy proxies: 4679

Healthy proxies by type:
- Ss: 4668
- Vmess: 11
--- Cycle End ---

--- Cycle Start: 2026-01-02T22:29:26Z ---
Total proxies tested: 17462
Total healthy proxies: 4614

Healthy proxies by type:
- Ss: 4604
- Vmess: 10
--- Cycle End ---

--- Cycle Start: 2026-01-03T03:40:02Z ---
Total proxies tested: 18079
Total healthy proxies: 4815

Healthy proxies by type:
- Ss: 4805
- Vmess: 10
--- Cycle End ---

--- Cycle Start: 2026-01-03T04:39:29Z ---
Total proxies tested: 18622
Total healthy proxies: 4936

Healthy proxies by type:
- Ss: 4924
- Vmess: 12
--- Cycle End ---

--- Cycle Start: 2026-01-03T06:41:40Z ---
Total proxies tested: 18622
Total healthy proxies: 4887

Healthy proxies by type:
- Ss: 4875
- Vmess: 12
--- Cycle End ---

--- Cycle Start: 2026-01-03T08:36:42Z ---
Total proxies tested: 18004
Total healthy proxies: 4812

Healthy proxies by type:
- Ss: 4800
- Vmess: 12
--- Cycle End ---

--- Cycle Start: 2026-01-03T10:29:31Z ---
Total proxies tested: 17728
Total healthy proxies: 4855

Healthy proxies by type:
- Ss: 4843
- Vmess: 12
--- Cycle End ---

--- Cycle Start: 2026-01-03T12:53:49Z ---
Total proxies tested: 16811
Total healthy proxies: 4755

Healthy proxies by type:
- Ss: 4744
- Vmess: 11
--- Cycle End ---

--- Cycle Start: 2026-01-03T14:26:53Z ---
Total proxies tested: 16811
Total healthy proxies: 4769

Healthy proxies by type:
- Ss: 4758
- Vmess: 11
--- Cycle End ---

--- Cycle Start: 2026-01-03T16:35:16Z ---
Total proxies tested: 16936
Total healthy proxies: 4766

Healthy proxies by type:
- Ss: 4754
- Vmess: 12
--- Cycle End ---

--- Cycle Start: 2026-01-03T18:38:45Z ---
Total proxies tested: 16936
Total healthy proxies: 4753

Healthy proxies by type:
- Ss: 4743
- Vmess: 10
--- Cycle End ---

--- Cycle Start: 2026-01-03T19:03:59Z ---
Total proxies tested: 17018
Total healthy proxies: 4814

Healthy proxies by type:
- Ss: 4804
- Vmess: 10
--- Cycle End ---

--- Cycle Start: 2026-01-03T20:31:15Z ---
Total proxies tested: 17018
Total healthy proxies: 4810

Healthy proxies by type:
- Ss: 4801
- Vmess: 9
--- Cycle End ---

--- Cycle Start: 2026-01-03T20:38:50Z ---
Total proxies tested: 16812
Total healthy proxies: 4792

Healthy proxies by type:
- Ss: 4782
- Vmess: 10
--- Cycle End ---

--- Cycle Start: 2026-01-03T22:27:16Z ---
Total proxies tested: 12739
Total healthy proxies: 4822

Healthy proxies by type:
- Ss: 4812
- Vmess: 10
--- Cycle End ---

--- Cycle Start: 2026-01-04T02:25:32Z ---
Total proxies tested: 14076
Total healthy proxies: 4917

Healthy proxies by type:
- Ss: 4907
- Vmess: 10
--- Cycle End ---

--- Cycle Start: 2026-01-04T04:55:30Z ---
Total proxies tested: 14901
Total healthy proxies: 4972

Healthy proxies by type:
- Ss: 4963
- Vmess: 9
--- Cycle End ---

--- Cycle Start: 2026-01-04T06:41:55Z ---
Total proxies tested: 14901
Total healthy proxies: 4930

Healthy proxies by type:
- Ss: 4920
- Vmess: 10
--- Cycle End ---

--- Cycle Start: 2026-01-04T08:37:32Z ---
Total proxies tested: 15112
Total healthy proxies: 4910

Healthy proxies by type:
- Ss: 4900
- Vmess: 10
--- Cycle End ---

--- Cycle Start: 2026-01-04T10:28:58Z ---
Total proxies tested: 15080
Total healthy proxies: 4887

Healthy proxies by type:
- Ss: 4878
- Vmess: 9
--- Cycle End ---

--- Cycle Start: 2026-01-04T12:54:13Z ---
Total proxies tested: 15080
Total healthy proxies: 4967

Healthy proxies by type:
- Ss: 4957
- Vmess: 10
--- Cycle End ---

--- Cycle Start: 2026-01-04T14:25:52Z ---
Total proxies tested: 14713
Total healthy proxies: 4932

Healthy proxies by type:
- Ss: 4927
- Vmess: 5
--- Cycle End ---

--- Cycle Start: 2026-01-04T16:34:11Z ---
Total proxies tested: 15410
Total healthy proxies: 4958

Healthy proxies by type:
- Ss: 4952
- Vmess: 6
--- Cycle End ---

--- Cycle Start: 2026-01-04T18:38:27Z ---
Total proxies tested: 15410
Total healthy proxies: 4956

Healthy proxies by type:
- Vmess: 6
- Ss: 4950
--- Cycle End ---

--- Cycle Start: 2026-01-04T20:32:08Z ---
Total proxies tested: 15537
Total healthy proxies: 4927

Healthy proxies by type:
- Ss: 4921
- Vmess: 6
--- Cycle End ---

--- Cycle Start: 2026-01-04T22:28:30Z ---
Total proxies tested: 15689
Total healthy proxies: 4803

Healthy proxies by type:
- Ss: 4795
- Vmess: 8
--- Cycle End ---

--- Cycle Start: 2026-01-05T02:25:09Z ---
Total proxies tested: 15910
Total healthy proxies: 4846

Healthy proxies by type:
- Ss: 4838
- Vmess: 8
--- Cycle End ---

--- Cycle Start: 2026-01-05T05:02:31Z ---
Total proxies tested: 16759
Total healthy proxies: 5040

Healthy proxies by type:
- Ss: 5031
- Vmess: 9
--- Cycle End ---

--- Cycle Start: 2026-01-05T06:50:38Z ---
Total proxies tested: 16759
Total healthy proxies: 4923

Healthy proxies by type:
- Vmess: 8
- Ss: 4915
--- Cycle End ---

--- Cycle Start: 2026-01-05T08:44:19Z ---
Total proxies tested: 16759
Total healthy proxies: 4943

Healthy proxies by type:
- Ss: 4935
- Vmess: 8
--- Cycle End ---

--- Cycle Start: 2026-01-05T10:35:06Z ---
Total proxies tested: 16736
Total healthy proxies: 4990

Healthy proxies by type:
- Ss: 4983
- Vmess: 7
--- Cycle End ---

--- Cycle Start: 2026-01-05T13:00:51Z ---
Total proxies tested: 16920
Total healthy proxies: 5020

Healthy proxies by type:
- Ss: 5013
- Vmess: 7
--- Cycle End ---

--- Cycle Start: 2026-01-05T14:33:19Z ---
Total proxies tested: 16920
Total healthy proxies: 5023

Healthy proxies by type:
- Ss: 5017
- Vmess: 6
--- Cycle End ---

--- Cycle Start: 2026-01-05T16:37:22Z ---
Total proxies tested: 17449
Total healthy proxies: 5052

Healthy proxies by type:
- Ss: 5046
- Vmess: 6
--- Cycle End ---

--- Cycle Start: 2026-01-05T18:43:33Z ---
Total proxies tested: 17449
Total healthy proxies: 5005

Healthy proxies by type:
- Ss: 4998
- Vmess: 7
--- Cycle End ---

--- Cycle Start: 2026-01-05T20:34:40Z ---
Total proxies tested: 17701
Total healthy proxies: 4997

Healthy proxies by type:
- Ss: 4988
- Vmess: 9
--- Cycle End ---

--- Cycle Start: 2026-01-05T22:29:42Z ---
Total proxies tested: 17975
Total healthy proxies: 5080

Healthy proxies by type:
- Ss: 5071
- Vmess: 9
--- Cycle End ---

--- Cycle Start: 2026-01-06T02:09:17Z ---
Total proxies tested: 18382
Total healthy proxies: 5122

Healthy proxies by type:
- Ss: 5113
- Vmess: 9
--- Cycle End ---

--- Cycle Start: 2026-01-06T04:46:48Z ---
Total proxies tested: 19205
Total healthy proxies: 5247

Healthy proxies by type:
- Vmess: 12
- Ss: 5235
--- Cycle End ---

--- Cycle Start: 2026-01-06T06:45:19Z ---
Total proxies tested: 19205
Total healthy proxies: 5195

Healthy proxies by type:
- Ss: 5183
- Vmess: 12
--- Cycle End ---

--- Cycle Start: 2026-01-06T08:42:26Z ---
Total proxies tested: 19370
Total healthy proxies: 5200

Healthy proxies by type:
- Ss: 5186
- Vmess: 14
--- Cycle End ---

--- Cycle Start: 2026-01-06T10:33:24Z ---
Total proxies tested: 19346
Total healthy proxies: 5203

Healthy proxies by type:
- Ss: 5192
- Vmess: 11
--- Cycle End ---

--- Cycle Start: 2026-01-06T12:59:19Z ---
Total proxies tested: 19346
Total healthy proxies: 5267

Healthy proxies by type:
- Ss: 5254
- Vmess: 13
--- Cycle End ---

--- Cycle Start: 2026-01-06T14:32:12Z ---
Total proxies tested: 18877
Total healthy proxies: 5186

Healthy proxies by type:
- Vmess: 8
- Ss: 5178
--- Cycle End ---

--- Cycle Start: 2026-01-06T16:39:55Z ---
Total proxies tested: 19366
Total healthy proxies: 5304

Healthy proxies by type:
- Ss: 5288
- Vmess: 16
--- Cycle End ---

--- Cycle Start: 2026-01-06T18:42:52Z ---
Total proxies tested: 19366
Total healthy proxies: 5206

Healthy proxies by type:
- Ss: 5190
- Vmess: 16
--- Cycle End ---

--- Cycle Start: 2026-01-06T20:33:55Z ---
Total proxies tested: 19142
Total healthy proxies: 5234

Healthy proxies by type:
- Ss: 5222
- Vmess: 12
--- Cycle End ---

--- Cycle Start: 2026-01-06T22:30:07Z ---
Total proxies tested: 19108
Total healthy proxies: 5236

Healthy proxies by type:
- Ss: 5223
- Vmess: 13
--- Cycle End ---

--- Cycle Start: 2026-01-07T02:09:11Z ---
Total proxies tested: 19230
Total healthy proxies: 5359

Healthy proxies by type:
- Ss: 5345
- Vmess: 14
--- Cycle End ---

--- Cycle Start: 2026-01-07T04:49:20Z ---
Total proxies tested: 19365
Total healthy proxies: 5424

Healthy proxies by type:
- Vmess: 14
- Ss: 5410
--- Cycle End ---

--- Cycle Start: 2026-01-07T06:45:00Z ---
Total proxies tested: 19365
Total healthy proxies: 5320

Healthy proxies by type:
- Ss: 5309
- Vmess: 11
--- Cycle End ---

--- Cycle Start: 2026-01-07T08:41:55Z ---
Total proxies tested: 19370
Total healthy proxies: 5398

Healthy proxies by type:
- Ss: 5390
- Vmess: 8
--- Cycle End ---

--- Cycle Start: 2026-01-07T10:34:23Z ---
Total proxies tested: 19439
Total healthy proxies: 5334

Healthy proxies by type:
- Ss: 5328
- Vmess: 6
--- Cycle End ---

--- Cycle Start: 2026-01-07T13:00:34Z ---
Total proxies tested: 19448
Total healthy proxies: 5407

Healthy proxies by type:
- Ss: 5406
- Vmess: 1
--- Cycle End ---

--- Cycle Start: 2026-01-07T14:33:27Z ---
Total proxies tested: 19448
Total healthy proxies: 5346

Healthy proxies by type:
- Ss: 5342
- Vmess: 4
--- Cycle End ---

--- Cycle Start: 2026-01-07T16:40:42Z ---
Total proxies tested: 19603
Total healthy proxies: 5384

Healthy proxies by type:
- Ss: 5378
- Vmess: 6
--- Cycle End ---

--- Cycle Start: 2026-01-07T18:44:13Z ---
Total proxies tested: 19603
Total healthy proxies: 5304

Healthy proxies by type:
- Ss: 5299
- Vmess: 5
--- Cycle End ---

--- Cycle Start: 2026-01-07T20:35:01Z ---
Total proxies tested: 19510
Total healthy proxies: 5274

Healthy proxies by type:
- Ss: 5268
- Vmess: 6
--- Cycle End ---

--- Cycle Start: 2026-01-07T22:29:45Z ---
Total proxies tested: 19536
Total healthy proxies: 5326

Healthy proxies by type:
- Ss: 5319
- Vmess: 7
--- Cycle End ---

--- Cycle Start: 2026-01-08T02:09:37Z ---
Total proxies tested: 20044
Total healthy proxies: 5423

Healthy proxies by type:
- Ss: 5414
- Vmess: 9
--- Cycle End ---

--- Cycle Start: 2026-01-08T04:46:59Z ---
Total proxies tested: 20098
Total healthy proxies: 5388

Healthy proxies by type:
- Ss: 5381
- Vmess: 7
--- Cycle End ---

--- Cycle Start: 2026-01-08T06:45:15Z ---
Total proxies tested: 20098
Total healthy proxies: 5347

Healthy proxies by type:
- Ss: 5340
- Vmess: 7
--- Cycle End ---

--- Cycle Start: 2026-01-08T08:41:36Z ---
Total proxies tested: 20276
Total healthy proxies: 5315

Healthy proxies by type:
- Ss: 5309
- Vmess: 6
--- Cycle End ---

--- Cycle Start: 2026-01-08T10:34:38Z ---
Total proxies tested: 20477
Total healthy proxies: 5639

Healthy proxies by type:
- Ss: 5632
- Vmess: 7
--- Cycle End ---

--- Cycle Start: 2026-01-08T13:00:51Z ---
Total proxies tested: 20477
Total healthy proxies: 5612

Healthy proxies by type:
- Ss: 5605
- Vmess: 7
--- Cycle End ---

--- Cycle Start: 2026-01-08T14:34:20Z ---
Total proxies tested: 20477
Total healthy proxies: 5658

Healthy proxies by type:
- Ss: 5652
- Vmess: 6
--- Cycle End ---

--- Cycle Start: 2026-01-08T16:41:12Z ---
Total proxies tested: 20512
Total healthy proxies: 5627

Healthy proxies by type:
- Vmess: 3
- Ss: 5624
--- Cycle End ---

--- Cycle Start: 2026-01-08T18:40:45Z ---
Total proxies tested: 20512
Total healthy proxies: 5475

Healthy proxies by type:
- Ss: 5467
- Vmess: 8
--- Cycle End ---

--- Cycle Start: 2026-01-08T20:34:32Z ---
Total proxies tested: 18621
Total healthy proxies: 5455

Healthy proxies by type:
- Vmess: 4
- Ss: 5451
--- Cycle End ---

--- Cycle Start: 2026-01-08T22:29:45Z ---
Total proxies tested: 19023
Total healthy proxies: 5533

Healthy proxies by type:
- Ss: 5526
- Vmess: 7
--- Cycle End ---

--- Cycle Start: 2026-01-09T02:10:49Z ---
Total proxies tested: 19515
Total healthy proxies: 5545

Healthy proxies by type:
- Ss: 5538
- Vmess: 7
--- Cycle End ---

--- Cycle Start: 2026-01-09T04:48:15Z ---
Total proxies tested: 20213
Total healthy proxies: 5657

Healthy proxies by type:
- Ss: 5648
- Vmess: 9
--- Cycle End ---

--- Cycle Start: 2026-01-09T06:45:07Z ---
Total proxies tested: 20213
Total healthy proxies: 5630

Healthy proxies by type:
- Ss: 5622
- Vmess: 8
--- Cycle End ---

--- Cycle Start: 2026-01-09T08:41:58Z ---
Total proxies tested: 20485
Total healthy proxies: 5690

Healthy proxies by type:
- Ss: 5682
- Vmess: 8
--- Cycle End ---

--- Cycle Start: 2026-01-09T10:33:13Z ---
Total proxies tested: 20529
Total healthy proxies: 5714

Healthy proxies by type:
- Ss: 5706
- Vmess: 8
--- Cycle End ---

--- Cycle Start: 2026-01-09T12:59:53Z ---
Total proxies tested: 20245
Total healthy proxies: 5688

Healthy proxies by type:
- Ss: 5685
- Vmess: 3
--- Cycle End ---

--- Cycle Start: 2026-01-09T14:33:02Z ---
Total proxies tested: 20245
Total healthy proxies: 5713

Healthy proxies by type:
- Ss: 5710
- Vmess: 3
--- Cycle End ---

--- Cycle Start: 2026-01-09T16:39:09Z ---
Total proxies tested: 20400
Total healthy proxies: 5759

Healthy proxies by type:
- Ss: 5754
- Vmess: 5
--- Cycle End ---

--- Cycle Start: 2026-01-09T18:43:23Z ---
Total proxies tested: 20400
Total healthy proxies: 5913

Healthy proxies by type:
- Ss: 5909
- Vmess: 4
--- Cycle End ---

--- Cycle Start: 2026-01-09T20:34:09Z ---
Total proxies tested: 20559
Total healthy proxies: 5856

Healthy proxies by type:
- Ss: 5848
- Vmess: 8
--- Cycle End ---

--- Cycle Start: 2026-01-09T22:30:00Z ---
Total proxies tested: 20756
Total healthy proxies: 5963

Healthy proxies by type:
- Ss: 5955
- Vmess: 8
--- Cycle End ---

--- Cycle Start: 2026-01-10T02:06:44Z ---
Total proxies tested: 20620
Total healthy proxies: 6006

Healthy proxies by type:
- Ss: 5998
- Vmess: 8
--- Cycle End ---

--- Cycle Start: 2026-01-10T04:40:49Z ---
Total proxies tested: 20866
Total healthy proxies: 5958

Healthy proxies by type:
- Ss: 5951
- Vmess: 7
--- Cycle End ---

--- Cycle Start: 2026-01-10T06:41:21Z ---
Total proxies tested: 20866
Total healthy proxies: 5913

Healthy proxies by type:
- Ss: 5909
- Vmess: 4
--- Cycle End ---

--- Cycle Start: 2026-01-10T08:36:28Z ---
Total proxies tested: 21087
Total healthy proxies: 5900

Healthy proxies by type:
- Ss: 5893
- Vmess: 7
--- Cycle End ---

--- Cycle Start: 2026-01-10T10:29:21Z ---
Total proxies tested: 21729
Total healthy proxies: 6113

Healthy proxies by type:
- Ss: 6106
- Vmess: 7
--- Cycle End ---

--- Cycle Start: 2026-01-10T12:54:24Z ---
Total proxies tested: 21388
Total healthy proxies: 6066

Healthy proxies by type:
- Ss: 6062
- Vmess: 4
--- Cycle End ---

--- Cycle Start: 2026-01-10T14:27:58Z ---
Total proxies tested: 21388
Total healthy proxies: 6143

Healthy proxies by type:
- Ss: 6140
- Vmess: 3
--- Cycle End ---

--- Cycle Start: 2026-01-10T16:34:52Z ---
Total proxies tested: 21757
Total healthy proxies: 6170

Healthy proxies by type:
- Ss: 6162
- Vmess: 8
--- Cycle End ---

--- Cycle Start: 2026-01-10T18:39:19Z ---
Total proxies tested: 21757
Total healthy proxies: 6183

Healthy proxies by type:
- Ss: 6175
- Vmess: 8
--- Cycle End ---

--- Cycle Start: 2026-01-10T20:31:45Z ---
Total proxies tested: 21938
Total healthy proxies: 6119

Healthy proxies by type:
- Ss: 6111
- Vmess: 8
--- Cycle End ---

--- Cycle Start: 2026-01-10T22:28:24Z ---
Total proxies tested: 22102
Total healthy proxies: 6172

Healthy proxies by type:
- Ss: 6164
- Vmess: 8
--- Cycle End ---

--- Cycle Start: 2026-01-11T02:26:02Z ---
Total proxies tested: 22269
Total healthy proxies: 6223

Healthy proxies by type:
- Ss: 6215
- Vmess: 8
--- Cycle End ---

--- Cycle Start: 2026-01-11T04:55:12Z ---
Total proxies tested: 22230
Total healthy proxies: 6123

Healthy proxies by type:
- Ss: 6115
- Vmess: 8
--- Cycle End ---

--- Cycle Start: 2026-01-11T06:42:48Z ---
Total proxies tested: 22230
Total healthy proxies: 6139

Healthy proxies by type:
- Ss: 6131
- Vmess: 8
--- Cycle End ---

--- Cycle Start: 2026-01-11T08:36:54Z ---
Total proxies tested: 22580
Total healthy proxies: 6193

Healthy proxies by type:
- Ss: 6185
- Vmess: 8
--- Cycle End ---

--- Cycle Start: 2026-01-11T10:30:59Z ---
Total proxies tested: 22683
Total healthy proxies: 6175

Healthy proxies by type:
- Ss: 6167
- Vmess: 8
--- Cycle End ---

--- Cycle Start: 2026-01-11T12:55:41Z ---
Total proxies tested: 22868
Total healthy proxies: 6207

Healthy proxies by type:
- Ss: 6202
- Vmess: 5
--- Cycle End ---

--- Cycle Start: 2026-01-11T14:28:08Z ---
Total proxies tested: 22868
Total healthy proxies: 6210

Healthy proxies by type:
- Ss: 6205
- Vmess: 5
--- Cycle End ---

--- Cycle Start: 2026-01-11T16:34:57Z ---
Total proxies tested: 23256
Total healthy proxies: 6222

Healthy proxies by type:
- Ss: 6213
- Vmess: 9
--- Cycle End ---

--- Cycle Start: 2026-01-11T18:39:33Z ---
Total proxies tested: 23256
Total healthy proxies: 6205

Healthy proxies by type:
- Vmess: 9
- Ss: 6196
--- Cycle End ---

--- Cycle Start: 2026-01-11T20:32:27Z ---
Total proxies tested: 23217
Total healthy proxies: 6249

Healthy proxies by type:
- Ss: 6240
- Vmess: 9
--- Cycle End ---

--- Cycle Start: 2026-01-11T22:28:21Z ---
Total proxies tested: 23347
Total healthy proxies: 6216

Healthy proxies by type:
- Ss: 6207
- Vmess: 9
--- Cycle End ---

--- Cycle Start: 2026-01-12T02:16:09Z ---
Total proxies tested: 23649
Total healthy proxies: 6318

Healthy proxies by type:
- Ss: 6309
- Vmess: 9
--- Cycle End ---

--- Cycle Start: 2026-01-12T04:58:29Z ---
Total proxies tested: 24222
Total healthy proxies: 6314

Healthy proxies by type:
- Ss: 6304
- Vmess: 10
--- Cycle End ---

--- Cycle Start: 2026-01-12T06:49:38Z ---
Total proxies tested: 24222
Total healthy proxies: 6351

Healthy proxies by type:
- Ss: 6341
- Vmess: 10
--- Cycle End ---

--- Cycle Start: 2026-01-12T08:44:53Z ---
Total proxies tested: 24166
Total healthy proxies: 5952

Healthy proxies by type:
- Ss: 5946
- Vmess: 6
--- Cycle End ---

--- Cycle Start: 2026-01-12T10:35:42Z ---
Total proxies tested: 23621
Total healthy proxies: 6355

Healthy proxies by type:
- Ss: 6349
- Vmess: 6
--- Cycle End ---

--- Cycle Start: 2026-01-12T13:02:41Z ---
Total proxies tested: 23633
Total healthy proxies: 6710

Healthy proxies by type:
- Ss: 6703
- Vmess: 7
--- Cycle End ---

--- Cycle Start: 2026-01-12T14:35:07Z ---
Total proxies tested: 23633
Total healthy proxies: 6650

Healthy proxies by type:
- Vmess: 10
- Ss: 6640
--- Cycle End ---

--- Cycle Start: 2026-01-12T16:37:54Z ---
Total proxies tested: 24271
Total healthy proxies: 6756

Healthy proxies by type:
- Ss: 6745
- Vmess: 11
--- Cycle End ---

--- Cycle Start: 2026-01-12T18:44:17Z ---
Total proxies tested: 24271
Total healthy proxies: 6799

Healthy proxies by type:
- Ss: 6788
- Vmess: 11
--- Cycle End ---

--- Cycle Start: 2026-01-12T20:35:04Z ---
Total proxies tested: 24171
Total healthy proxies: 6656

Healthy proxies by type:
- Ss: 6645
- Vmess: 11
--- Cycle End ---

--- Cycle Start: 2026-01-12T22:28:04Z ---
Total proxies tested: 24258
Total healthy proxies: 6738

Healthy proxies by type:
- Ss: 6727
- Vmess: 11
--- Cycle End ---

--- Cycle Start: 2026-01-13T02:07:34Z ---
Total proxies tested: 24292
Total healthy proxies: 6696

Healthy proxies by type:
- Ss: 6685
- Vmess: 11
--- Cycle End ---

--- Cycle Start: 2026-01-13T04:49:06Z ---
Total proxies tested: 24968
Total healthy proxies: 6910

Healthy proxies by type:
- Ss: 6897
- Vmess: 13
--- Cycle End ---

--- Cycle Start: 2026-01-13T06:46:04Z ---
Total proxies tested: 24968
Total healthy proxies: 6789

Healthy proxies by type:
- Ss: 6776
- Vmess: 13
--- Cycle End ---

--- Cycle Start: 2026-01-13T08:42:00Z ---
Total proxies tested: 25186
Total healthy proxies: 6822

Healthy proxies by type:
- Ss: 6814
- Vmess: 8
--- Cycle End ---

--- Cycle Start: 2026-01-13T10:35:17Z ---
Total proxies tested: 25070
Total healthy proxies: 6761

Healthy proxies by type:
- Ss: 6749
- Vmess: 12
--- Cycle End ---

--- Cycle Start: 2026-01-13T13:02:51Z ---
Total proxies tested: 24906
Total healthy proxies: 6739

Healthy proxies by type:
- Ss: 6727
- Vmess: 12
--- Cycle End ---

--- Cycle Start: 2026-01-13T14:35:21Z ---
Total proxies tested: 24906
Total healthy proxies: 6850

Healthy proxies by type:
- Ss: 6838
- Vmess: 12
--- Cycle End ---

--- Cycle Start: 2026-01-13T16:43:02Z ---
Total proxies tested: 25027
Total healthy proxies: 6854

Healthy proxies by type:
- Ss: 6843
- Vmess: 11
--- Cycle End ---

--- Cycle Start: 2026-01-13T18:42:08Z ---
Total proxies tested: 25027
Total healthy proxies: 6860

Healthy proxies by type:
- Vmess: 11
- Ss: 6849
--- Cycle End ---

--- Cycle Start: 2026-01-13T20:36:01Z ---
Total proxies tested: 24781
Total healthy proxies: 6823

Healthy proxies by type:
- Vmess: 11
- Ss: 6812
--- Cycle End ---

--- Cycle Start: 2026-01-13T22:31:50Z ---
Total proxies tested: 24716
Total healthy proxies: 6854

Healthy proxies by type:
- Ss: 6843
- Vmess: 11
--- Cycle End ---

--- Cycle Start: 2026-01-14T02:15:09Z ---
Total proxies tested: 24825
Total healthy proxies: 6837

Healthy proxies by type:
- Vmess: 12
- Ss: 6825
--- Cycle End ---

--- Cycle Start: 2026-01-14T04:54:31Z ---
Total proxies tested: 25489
Total healthy proxies: 6860

Healthy proxies by type:
- Ss: 6852
- Vmess: 8
--- Cycle End ---

--- Cycle Start: 2026-01-14T06:46:20Z ---
Total proxies tested: 25489
Total healthy proxies: 6813

Healthy proxies by type:
- Ss: 6805
- Vmess: 8
--- Cycle End ---

--- Cycle Start: 2026-01-14T08:42:26Z ---
Total proxies tested: 25581
Total healthy proxies: 6871

Healthy proxies by type:
- Vmess: 12
- Ss: 6859
--- Cycle End ---

--- Cycle Start: 2026-01-14T10:35:29Z ---
Total proxies tested: 25473
Total healthy proxies: 6863

Healthy proxies by type:
- Vmess: 12
- Ss: 6851
--- Cycle End ---

--- Cycle Start: 2026-01-14T13:02:42Z ---
Total proxies tested: 25439
Total healthy proxies: 6859

Healthy proxies by type:
- Ss: 6853
- Vmess: 6
--- Cycle End ---

--- Cycle Start: 2026-01-14T14:34:57Z ---
Total proxies tested: 25439
Total healthy proxies: 6846

Healthy proxies by type:
- Ss: 6840
- Vmess: 6
--- Cycle End ---

--- Cycle Start: 2026-01-14T16:41:48Z ---
Total proxies tested: 25994
Total healthy proxies: 6912

Healthy proxies by type:
- Ss: 6903
- Vmess: 9
--- Cycle End ---

--- Cycle Start: 2026-01-14T18:45:06Z ---
Total proxies tested: 25994
Total healthy proxies: 6916

Healthy proxies by type:
- Ss: 6907
- Vmess: 9
--- Cycle End ---

--- Cycle Start: 2026-01-14T20:31:19Z ---
Total proxies tested: 25200
Total healthy proxies: 6885

Healthy proxies by type:
- Ss: 6875
- Vmess: 10
--- Cycle End ---

--- Cycle Start: 2026-01-14T22:32:04Z ---
Total proxies tested: 25364
Total healthy proxies: 6940

Healthy proxies by type:
- Ss: 6930
- Vmess: 10
--- Cycle End ---

--- Cycle Start: 2026-01-15T02:09:39Z ---
Total proxies tested: 25548
Total healthy proxies: 6976

Healthy proxies by type:
- Ss: 6966
- Vmess: 10
--- Cycle End ---

--- Cycle Start: 2026-01-15T04:50:37Z ---
Total proxies tested: 26300
Total healthy proxies: 7064

Healthy proxies by type:
- Ss: 7052
- Vmess: 12
--- Cycle End ---

--- Cycle Start: 2026-01-15T06:46:00Z ---
Total proxies tested: 26300
Total healthy proxies: 7072

Healthy proxies by type:
- Ss: 7059
- Vmess: 13
--- Cycle End ---

--- Cycle Start: 2026-01-15T08:42:13Z ---
Total proxies tested: 26522
Total healthy proxies: 7098

Healthy proxies by type:
- Ss: 7087
- Vmess: 11
--- Cycle End ---

--- Cycle Start: 2026-01-15T10:35:18Z ---
Total proxies tested: 26670
Total healthy proxies: 7105

Healthy proxies by type:
- Ss: 7093
- Vmess: 12
--- Cycle End ---

--- Cycle Start: 2026-01-15T13:01:29Z ---
Total proxies tested: 26327
Total healthy proxies: 7035

Healthy proxies by type:
- Ss: 7027
- Vmess: 8
--- Cycle End ---

--- Cycle Start: 2026-01-15T14:34:58Z ---
Total proxies tested: 26327
Total healthy proxies: 6968

Healthy proxies by type:
- Vmess: 10
- Ss: 6958
--- Cycle End ---

--- Cycle Start: 2026-01-15T16:45:31Z ---
Total proxies tested: 26360
Total healthy proxies: 6976

Healthy proxies by type:
- Ss: 6964
- Vmess: 12
--- Cycle End ---

--- Cycle Start: 2026-01-15T18:48:17Z ---
Total proxies tested: 26360
Total healthy proxies: 6930

Healthy proxies by type:
- Ss: 6918
- Vmess: 12
--- Cycle End ---

--- Cycle Start: 2026-01-15T20:36:18Z ---
Total proxies tested: 26301
Total healthy proxies: 6886

Healthy proxies by type:
- Ss: 6874
- Vmess: 12
--- Cycle End ---

--- Cycle Start: 2026-01-15T22:32:05Z ---
Total proxies tested: 26237
Total healthy proxies: 6812

Healthy proxies by type:
- Ss: 6800
- Vmess: 12
--- Cycle End ---

--- Cycle Start: 2026-01-16T02:11:57Z ---
Total proxies tested: 26020
Total healthy proxies: 7040

Healthy proxies by type:
- Vmess: 12
- Ss: 7028
--- Cycle End ---

--- Cycle Start: 2026-01-16T04:48:36Z ---
Total proxies tested: 26020
Total healthy proxies: 6954

Healthy proxies by type:
- Ss: 6942
- Vmess: 12
--- Cycle End ---

--- Cycle Start: 2026-01-16T06:46:25Z ---
Total proxies tested: 26020
Total healthy proxies: 7002

Healthy proxies by type:
- Ss: 6994
- Vmess: 8
--- Cycle End ---

--- Cycle Start: 2026-01-16T08:41:58Z ---
Total proxies tested: 26490
Total healthy proxies: 7091

Healthy proxies by type:
- Vmess: 13
- Ss: 7078
--- Cycle End ---

--- Cycle Start: 2026-01-16T10:34:52Z ---
Total proxies tested: 25665
Total healthy proxies: 7137

Healthy proxies by type:
- Ss: 7125
- Vmess: 12
--- Cycle End ---

--- Cycle Start: 2026-01-16T13:00:24Z ---
Total proxies tested: 25620
Total healthy proxies: 7086

Healthy proxies by type:
- Ss: 7080
- Vmess: 6
--- Cycle End ---

--- Cycle Start: 2026-01-16T14:33:40Z ---
Total proxies tested: 25620
Total healthy proxies: 7044

Healthy proxies by type:
- Ss: 7037
- Vmess: 7
--- Cycle End ---

--- Cycle Start: 2026-01-16T16:40:28Z ---
Total proxies tested: 26230
Total healthy proxies: 7077

Healthy proxies by type:
- Ss: 7069
- Vmess: 8
--- Cycle End ---

--- Cycle Start: 2026-01-16T18:44:25Z ---
Total proxies tested: 26230
Total healthy proxies: 7148

Healthy proxies by type:
- Ss: 7140
- Vmess: 8
--- Cycle End ---

--- Cycle Start: 2026-01-16T20:31:20Z ---
Total proxies tested: 26252
Total healthy proxies: 7112

Healthy proxies by type:
- Vmess: 8
- Ss: 7104
--- Cycle End ---

--- Cycle Start: 2026-01-16T22:30:50Z ---
Total proxies tested: 26292
Total healthy proxies: 7184

Healthy proxies by type:
- Vmess: 9
- Ss: 7175
--- Cycle End ---

--- Cycle Start: 2026-01-17T02:05:39Z ---
Total proxies tested: 26328
Total healthy proxies: 7230

Healthy proxies by type:
- Ss: 7221
- Vmess: 9
--- Cycle End ---

--- Cycle Start: 2026-01-17T04:40:15Z ---
Total proxies tested: 26347
Total healthy proxies: 7172

Healthy proxies by type:
- Ss: 7163
- Vmess: 9
--- Cycle End ---

--- Cycle Start: 2026-01-17T06:41:56Z ---
Total proxies tested: 26347
Total healthy proxies: 7169

Healthy proxies by type:
- Ss: 7160
- Vmess: 9
--- Cycle End ---

--- Cycle Start: 2026-01-17T08:36:58Z ---
Total proxies tested: 26201
Total healthy proxies: 7145

Healthy proxies by type:
- Vmess: 8
- Ss: 7137
--- Cycle End ---

--- Cycle Start: 2026-01-17T10:30:03Z ---
Total proxies tested: 25983
Total healthy proxies: 7159

Healthy proxies by type:
- Ss: 7151
- Vmess: 8
--- Cycle End ---

--- Cycle Start: 2026-01-17T14:27:57Z ---
Total proxies tested: 25770
Total healthy proxies: 7166

Healthy proxies by type:
- Ss: 7158
- Vmess: 8
--- Cycle End ---

--- Cycle Start: 2026-01-17T16:33:44Z ---
Total proxies tested: 26369
Total healthy proxies: 7251

Healthy proxies by type:
- Ss: 7241
- Vmess: 10
--- Cycle End ---

--- Cycle Start: 2026-01-17T18:40:01Z ---
Total proxies tested: 26369
Total healthy proxies: 7137

Healthy proxies by type:
- Ss: 7127
- Vmess: 10
--- Cycle End ---

--- Cycle Start: 2026-01-17T20:32:04Z ---
Total proxies tested: 26228
Total healthy proxies: 7195

Healthy proxies by type:
- Ss: 7185
- Vmess: 10
--- Cycle End ---

--- Cycle Start: 2026-01-17T22:29:07Z ---
Total proxies tested: 25866
Total healthy proxies: 6904

Healthy proxies by type:
- Ss: 6894
- Vmess: 10
--- Cycle End ---

--- Cycle Start: 2026-01-18T04:50:25Z ---
Total proxies tested: 25579
Total healthy proxies: 6763

Healthy proxies by type:
- Ss: 6759
- Vmess: 4
--- Cycle End ---

--- Cycle Start: 2026-01-18T06:42:23Z ---
Total proxies tested: 25579
Total healthy proxies: 6743

Healthy proxies by type:
- Ss: 6733
- Vmess: 10
--- Cycle End ---

--- Cycle Start: 2026-01-18T08:37:21Z ---
Total proxies tested: 25526
Total healthy proxies: 6685

Healthy proxies by type:
- Ss: 6682
- Vmess: 3
--- Cycle End ---

--- Cycle Start: 2026-01-18T10:30:38Z ---
Total proxies tested: 25069
Total healthy proxies: 6676

Healthy proxies by type:
- Ss: 6672
- Vmess: 4
--- Cycle End ---

--- Cycle Start: 2026-01-18T12:55:13Z ---
Total proxies tested: 24662
Total healthy proxies: 6683

Healthy proxies by type:
- Ss: 6679
- Vmess: 4
--- Cycle End ---

--- Cycle Start: 2026-01-18T14:27:42Z ---
Total proxies tested: 24662
Total healthy proxies: 6674

Healthy proxies by type:
- Ss: 6670
- Vmess: 4
--- Cycle End ---

--- Cycle Start: 2026-01-18T16:35:12Z ---
Total proxies tested: 24662
Total healthy proxies: 6716

Healthy proxies by type:
- Ss: 6712
- Vmess: 4
--- Cycle End ---

--- Cycle Start: 2026-01-18T18:38:46Z ---
Total proxies tested: 24662
Total healthy proxies: 6697

Healthy proxies by type:
- Ss: 6693
- Vmess: 4
--- Cycle End ---

--- Cycle Start: 2026-01-18T20:32:13Z ---
Total proxies tested: 24743
Total healthy proxies: 6679

Healthy proxies by type:
- Ss: 6673
- Vmess: 6
--- Cycle End ---

--- Cycle Start: 2026-01-18T22:28:36Z ---
Total proxies tested: 24816
Total healthy proxies: 6671

Healthy proxies by type:
- Ss: 6666
- Vmess: 5
--- Cycle End ---

--- Cycle Start: 2026-01-19T02:16:41Z ---
Total proxies tested: 24976
Total healthy proxies: 6792

Healthy proxies by type:
- Ss: 6787
- Vmess: 5
--- Cycle End ---

--- Cycle Start: 2026-01-19T04:59:36Z ---
Total proxies tested: 25197
Total healthy proxies: 6809

Healthy proxies by type:
- Ss: 6803
- Vmess: 6
--- Cycle End ---

--- Cycle Start: 2026-01-19T06:52:07Z ---
Total proxies tested: 25197
Total healthy proxies: 6742

Healthy proxies by type:
- Vmess: 6
- Ss: 6736
--- Cycle End ---

--- Cycle Start: 2026-01-19T08:44:29Z ---
Total proxies tested: 25530
Total healthy proxies: 6614

Healthy proxies by type:
- Ss: 6608
- Vmess: 6
--- Cycle End ---

--- Cycle Start: 2026-01-19T10:39:19Z ---
Total proxies tested: 25338
Total healthy proxies: 6759

Healthy proxies by type:
- Ss: 6754
- Vmess: 5
--- Cycle End ---

--- Cycle Start: 2026-01-19T13:06:17Z ---
Total proxies tested: 25267
Total healthy proxies: 6869

Healthy proxies by type:
- Vmess: 5
- Ss: 6864
--- Cycle End ---

--- Cycle Start: 2026-01-19T14:41:43Z ---
Total proxies tested: 25267
Total healthy proxies: 5364

Healthy proxies by type:
- Ss: 5359
- Vmess: 5
--- Cycle End ---

--- Cycle Start: 2026-01-19T16:40:08Z ---
Total proxies tested: 23576
Total healthy proxies: 5383

Healthy proxies by type:
- Ss: 5376
- Vmess: 7
--- Cycle End ---

--- Cycle Start: 2026-01-19T18:43:19Z ---
Total proxies tested: 23576
Total healthy proxies: 5314

Healthy proxies by type:
- Ss: 5307
- Vmess: 7
--- Cycle End ---

--- Cycle Start: 2026-01-19T20:34:06Z ---
Total proxies tested: 23345
Total healthy proxies: 5334

Healthy proxies by type:
- Ss: 5327
- Vmess: 7
--- Cycle End ---

--- Cycle Start: 2026-01-19T22:30:47Z ---
Total proxies tested: 23429
Total healthy proxies: 5384

Healthy proxies by type:
- Ss: 5377
- Vmess: 7
--- Cycle End ---

--- Cycle Start: 2026-01-20T02:11:38Z ---
Total proxies tested: 23630
Total healthy proxies: 5369

Healthy proxies by type:
- Ss: 5363
- Vmess: 6
--- Cycle End ---

--- Cycle Start: 2026-01-20T04:54:48Z ---
Total proxies tested: 24155
Total healthy proxies: 5465

Healthy proxies by type:
- Ss: 5457
- Vmess: 8
--- Cycle End ---

--- Cycle Start: 2026-01-20T06:48:41Z ---
Total proxies tested: 24155
Total healthy proxies: 5462

Healthy proxies by type:
- Ss: 5454
- Vmess: 8
--- Cycle End ---

--- Cycle Start: 2026-01-20T08:43:33Z ---
Total proxies tested: 24220
Total healthy proxies: 5453

Healthy proxies by type:
- Ss: 5445
- Vmess: 8
--- Cycle End ---

--- Cycle Start: 2026-01-20T10:38:24Z ---
Total proxies tested: 24173
Total healthy proxies: 5402

Healthy proxies by type:
- Ss: 5395
- Vmess: 7
--- Cycle End ---

--- Cycle Start: 2026-01-20T13:05:50Z ---
Total proxies tested: 23980
Total healthy proxies: 5447

Healthy proxies by type:
- Ss: 5439
- Vmess: 8
--- Cycle End ---

--- Cycle Start: 2026-01-20T16:45:29Z ---
Total proxies tested: 24311
Total healthy proxies: 5451

Healthy proxies by type:
- Ss: 5441
- Vmess: 10
--- Cycle End ---

--- Cycle Start: 2026-01-20T18:51:41Z ---
Total proxies tested: 23915
Total healthy proxies: 5371

Healthy proxies by type:
- Ss: 5361
- Vmess: 10
--- Cycle End ---

--- Cycle Start: 2026-01-20T20:48:28Z ---
Total proxies tested: 23915
Total healthy proxies: 5327

Healthy proxies by type:
- Vmess: 10
- Ss: 5317
--- Cycle End ---

--- Cycle Start: 2026-01-20T22:31:34Z ---
Total proxies tested: 24108
Total healthy proxies: 5369

Healthy proxies by type:
- Ss: 5359
- Vmess: 10
--- Cycle End ---

--- Cycle Start: 2026-01-21T02:14:30Z ---
Total proxies tested: 24287
Total healthy proxies: 5365

Healthy proxies by type:
- Ss: 5355
- Vmess: 10
--- Cycle End ---

--- Cycle Start: 2026-01-21T04:53:51Z ---
Total proxies tested: 24826
Total healthy proxies: 5395

Healthy proxies by type:
- Ss: 5385
- Vmess: 10
--- Cycle End ---

--- Cycle Start: 2026-01-21T06:49:54Z ---
Total proxies tested: 24826
Total healthy proxies: 5469

Healthy proxies by type:
- Ss: 5458
- Vmess: 11
--- Cycle End ---

--- Cycle Start: 2026-01-21T08:42:28Z ---
Total proxies tested: 25029
Total healthy proxies: 5529

Healthy proxies by type:
- Ss: 5517
- Vmess: 12
--- Cycle End ---

--- Cycle Start: 2026-01-21T10:39:38Z ---
Total proxies tested: 25014
Total healthy proxies: 5427

Healthy proxies by type:
- Vmess: 10
- Ss: 5417
--- Cycle End ---

--- Cycle Start: 2026-01-21T13:05:05Z ---
Total proxies tested: 24685
Total healthy proxies: 5409

Healthy proxies by type:
- Ss: 5401
- Vmess: 8
--- Cycle End ---

--- Cycle Start: 2026-01-21T14:41:18Z ---
Total proxies tested: 24685
Total healthy proxies: 5562

Healthy proxies by type:
- Ss: 5554
- Vmess: 8
--- Cycle End ---

--- Cycle Start: 2026-01-21T17:05:00Z ---
Total proxies tested: 25129
Total healthy proxies: 5629

Healthy proxies by type:
- Ss: 5620
- Vmess: 9
--- Cycle End ---

--- Cycle Start: 2026-01-21T18:55:32Z ---
Total proxies tested: 25129
Total healthy proxies: 5564

Healthy proxies by type:
- Ss: 5555
- Vmess: 9
--- Cycle End ---

--- Cycle Start: 2026-01-21T20:41:44Z ---
Total proxies tested: 25039
Total healthy proxies: 5605

Healthy proxies by type:
- Ss: 5595
- Vmess: 10
--- Cycle End ---

--- Cycle Start: 2026-01-21T22:34:40Z ---
Total proxies tested: 25027
Total healthy proxies: 5660

Healthy proxies by type:
- Vmess: 11
- Ss: 5649
--- Cycle End ---

--- Cycle Start: 2026-01-22T02:15:41Z ---
Total proxies tested: 24564
Total healthy proxies: 5616

Healthy proxies by type:
- Ss: 5606
- Vmess: 10
--- Cycle End ---

--- Cycle Start: 2026-01-22T04:56:22Z ---
Total proxies tested: 24502
Total healthy proxies: 5648

Healthy proxies by type:
- Ss: 5639
- Vmess: 9
--- Cycle End ---

--- Cycle Start: 2026-01-22T06:46:19Z ---
Total proxies tested: 24502
Total healthy proxies: 5640

Healthy proxies by type:
- Ss: 5631
- Vmess: 9
--- Cycle End ---

--- Cycle Start: 2026-01-22T08:43:39Z ---
Total proxies tested: 24502
Total healthy proxies: 5630

Healthy proxies by type:
- Ss: 5621
- Vmess: 9
--- Cycle End ---

--- Cycle Start: 2026-01-22T10:38:17Z ---
Total proxies tested: 24302
Total healthy proxies: 5603

Healthy proxies by type:
- Ss: 5593
- Vmess: 10
--- Cycle End ---

--- Cycle Start: 2026-01-22T13:06:13Z ---
Total proxies tested: 24030
Total healthy proxies: 5638

Healthy proxies by type:
- Ss: 5629
- Vmess: 9
--- Cycle End ---

--- Cycle Start: 2026-01-22T14:40:14Z ---
Total proxies tested: 24030
Total healthy proxies: 5640

Healthy proxies by type:
- Ss: 5631
- Vmess: 9
--- Cycle End ---

--- Cycle Start: 2026-01-22T16:45:56Z ---
Total proxies tested: 24048
Total healthy proxies: 5667

Healthy proxies by type:
- Ss: 5655
- Vmess: 12
--- Cycle End ---

--- Cycle Start: 2026-01-22T18:45:36Z ---
Total proxies tested: 24048
Total healthy proxies: 5658

Healthy proxies by type:
- Ss: 5647
- Vmess: 11
--- Cycle End ---

--- Cycle Start: 2026-01-22T20:39:02Z ---
Total proxies tested: 23625
Total healthy proxies: 5683

Healthy proxies by type:
- Ss: 5672
- Vmess: 11
--- Cycle End ---

--- Cycle Start: 2026-01-22T22:32:33Z ---
Total proxies tested: 23213
Total healthy proxies: 5606

Healthy proxies by type:
- Ss: 5596
- Vmess: 10
--- Cycle End ---

--- Cycle Start: 2026-01-23T02:11:02Z ---
Total proxies tested: 23052
Total healthy proxies: 5626

Healthy proxies by type:
- Ss: 5615
- Vmess: 11
--- Cycle End ---

--- Cycle Start: 2026-01-23T04:52:50Z ---
Total proxies tested: 23526
Total healthy proxies: 5592

Healthy proxies by type:
- Ss: 5581
- Vmess: 11
--- Cycle End ---

--- Cycle Start: 2026-01-23T06:46:18Z ---
Total proxies tested: 23526
Total healthy proxies: 5728

Healthy proxies by type:
- Ss: 5715
- Vmess: 13
--- Cycle End ---

--- Cycle Start: 2026-01-23T08:40:56Z ---
Total proxies tested: 23105
Total healthy proxies: 5758

Healthy proxies by type:
- Vmess: 11
- Ss: 5747
--- Cycle End ---

--- Cycle Start: 2026-01-23T10:35:15Z ---
Total proxies tested: 23182
Total healthy proxies: 5771

Healthy proxies by type:
- Ss: 5768
- Vmess: 3
--- Cycle End ---

--- Cycle Start: 2026-01-23T13:02:35Z ---
Total proxies tested: 22740
Total healthy proxies: 5681

Healthy proxies by type:
- Ss: 5669
- Vmess: 12
--- Cycle End ---

--- Cycle Start: 2026-01-23T14:34:47Z ---
Total proxies tested: 22740
Total healthy proxies: 5678

Healthy proxies by type:
- Ss: 5666
- Vmess: 12
--- Cycle End ---

--- Cycle Start: 2026-01-23T16:41:18Z ---
Total proxies tested: 22019
Total healthy proxies: 5692

Healthy proxies by type:
- Vmess: 3
- Ss: 5689
--- Cycle End ---

--- Cycle Start: 2026-01-23T18:45:29Z ---
Total proxies tested: 22019
Total healthy proxies: 5852

Healthy proxies by type:
- Ss: 5848
- Vmess: 4
--- Cycle End ---

--- Cycle Start: 2026-01-23T20:36:27Z ---
Total proxies tested: 21315
Total healthy proxies: 5851

Healthy proxies by type:
- Ss: 5840
- Vmess: 11
--- Cycle End ---

--- Cycle Start: 2026-01-23T22:27:02Z ---
Total proxies tested: 21034
Total healthy proxies: 5498

Healthy proxies by type:
- Ss: 5488
- Vmess: 10
--- Cycle End ---

--- Cycle Start: 2026-01-24T02:06:55Z ---
Total proxies tested: 21319
Total healthy proxies: 5531

Healthy proxies by type:
- Ss: 5521
- Vmess: 10
--- Cycle End ---

--- Cycle Start: 2026-01-24T04:42:17Z ---
Total proxies tested: 21675
Total healthy proxies: 5494

Healthy proxies by type:
- Ss: 5483
- Vmess: 11
--- Cycle End ---

--- Cycle Start: 2026-01-24T06:42:31Z ---
Total proxies tested: 21675
Total healthy proxies: 5575

Healthy proxies by type:
- Ss: 5564
- Vmess: 11
--- Cycle End ---

--- Cycle Start: 2026-01-24T08:38:02Z ---
Total proxies tested: 21731
Total healthy proxies: 5444

Healthy proxies by type:
- Ss: 5442
- Vmess: 2
--- Cycle End ---

--- Cycle Start: 2026-01-24T10:30:15Z ---
Total proxies tested: 19659
Total healthy proxies: 5389

Healthy proxies by type:
- Ss: 5380
- Vmess: 9
--- Cycle End ---

--- Cycle Start: 2026-01-24T12:54:58Z ---
Total proxies tested: 19836
Total healthy proxies: 5369

Healthy proxies by type:
- Ss: 5359
- Vmess: 10
--- Cycle End ---

--- Cycle Start: 2026-01-24T14:27:59Z ---
Total proxies tested: 19836
Total healthy proxies: 5345

Healthy proxies by type:
- Ss: 5335
- Vmess: 10
--- Cycle End ---

--- Cycle Start: 2026-01-24T16:34:31Z ---
Total proxies tested: 19658
Total healthy proxies: 5306

Healthy proxies by type:
- Ss: 5296
- Vmess: 10
--- Cycle End ---

--- Cycle Start: 2026-01-24T18:40:22Z ---
Total proxies tested: 19658
Total healthy proxies: 5242

Healthy proxies by type:
- Ss: 5232
- Vmess: 10
--- Cycle End ---

--- Cycle Start: 2026-01-24T20:30:57Z ---
Total proxies tested: 19404
Total healthy proxies: 5337

Healthy proxies by type:
- Ss: 5327
- Vmess: 10
--- Cycle End ---

--- Cycle Start: 2026-01-24T22:28:26Z ---
Total proxies tested: 19392
Total healthy proxies: 5225

Healthy proxies by type:
- Ss: 5215
- Vmess: 10
--- Cycle End ---

--- Cycle Start: 2026-01-25T02:27:41Z ---
Total proxies tested: 19561
Total healthy proxies: 5248

Healthy proxies by type:
- Ss: 5238
- Vmess: 10
--- Cycle End ---

--- Cycle Start: 2026-01-25T04:57:50Z ---
Total proxies tested: 20239
Total healthy proxies: 5471

Healthy proxies by type:
- Ss: 5460
- Vmess: 11
--- Cycle End ---

--- Cycle Start: 2026-01-25T06:42:43Z ---
Total proxies tested: 20239
Total healthy proxies: 5380

Healthy proxies by type:
- Ss: 5369
- Vmess: 11
--- Cycle End ---

--- Cycle Start: 2026-01-25T08:36:56Z ---
Total proxies tested: 19481
Total healthy proxies: 5300

Healthy proxies by type:
- Ss: 5297
- Vmess: 3
--- Cycle End ---

--- Cycle Start: 2026-01-25T10:30:51Z ---
Total proxies tested: 19164
Total healthy proxies: 5424

Healthy proxies by type:
- Ss: 5413
- Vmess: 11
--- Cycle End ---

--- Cycle Start: 2026-01-25T12:57:00Z ---
Total proxies tested: 19115
Total healthy proxies: 5239

Healthy proxies by type:
- Ss: 5231
- Vmess: 8
--- Cycle End ---

--- Cycle Start: 2026-01-25T14:27:56Z ---
Total proxies tested: 19115
Total healthy proxies: 5224

Healthy proxies by type:
- Ss: 5214
- Vmess: 10
--- Cycle End ---

--- Cycle Start: 2026-01-25T16:35:46Z ---
Total proxies tested: 19649
Total healthy proxies: 5213

Healthy proxies by type:
- Ss: 5203
- Vmess: 10
--- Cycle End ---

--- Cycle Start: 2026-01-25T18:40:22Z ---
Total proxies tested: 19649
Total healthy proxies: 5156

Healthy proxies by type:
- Ss: 5146
- Vmess: 10
--- Cycle End ---

--- Cycle Start: 2026-01-25T20:33:19Z ---
Total proxies tested: 14620
Total healthy proxies: 5011

Healthy proxies by type:
- Ss: 5010
- Vmess: 1
--- Cycle End ---

--- Cycle Start: 2026-01-25T22:28:40Z ---
Total proxies tested: 15542
Total healthy proxies: 5212

Healthy proxies by type:
- Ss: 5210
- Vmess: 2
--- Cycle End ---

--- Cycle Start: 2026-01-26T02:26:56Z ---
Total proxies tested: 16059
Total healthy proxies: 5266

Healthy proxies by type:
- Ss: 5264
- Vmess: 2
--- Cycle End ---

--- Cycle Start: 2026-01-26T05:01:04Z ---
Total proxies tested: 16818
Total healthy proxies: 5224

Healthy proxies by type:
- Ss: 5221
- Vmess: 3
--- Cycle End ---

--- Cycle Start: 2026-01-26T06:49:33Z ---
Total proxies tested: 16818
Total healthy proxies: 5331

Healthy proxies by type:
- Ss: 5328
- Vmess: 3
--- Cycle End ---

--- Cycle Start: 2026-01-26T08:43:39Z ---
Total proxies tested: 16978
Total healthy proxies: 5277

Healthy proxies by type:
- Ss: 5276
- Vmess: 1
--- Cycle End ---

--- Cycle Start: 2026-01-26T10:36:31Z ---
Total proxies tested: 17121
Total healthy proxies: 5774

Healthy proxies by type:
- Vmess: 1
- Ss: 5773
--- Cycle End ---

--- Cycle Start: 2026-01-26T13:03:38Z ---
Total proxies tested: 17248
Total healthy proxies: 5777

Healthy proxies by type:
- Ss: 5775
- Vmess: 2
--- Cycle End ---

--- Cycle Start: 2026-01-26T14:37:55Z ---
Total proxies tested: 17248
Total healthy proxies: 5778

Healthy proxies by type:
- Ss: 5777
- Vmess: 1
--- Cycle End ---

--- Cycle Start: 2026-01-26T18:46:58Z ---
Total proxies tested: 16194
Total healthy proxies: 5767

Healthy proxies by type:
- Vmess: 2
- Ss: 5765
--- Cycle End ---

--- Cycle Start: 2026-01-26T20:36:54Z ---
Total proxies tested: 16350
Total healthy proxies: 5733

Healthy proxies by type:
- Ss: 5729
- Vmess: 4
--- Cycle End ---

--- Cycle Start: 2026-01-26T22:30:55Z ---
Total proxies tested: 16570
Total healthy proxies: 5792

Healthy proxies by type:
- Vmess: 4
- Ss: 5788
--- Cycle End ---

--- Cycle Start: 2026-01-27T02:23:32Z ---
Total proxies tested: 16871
Total healthy proxies: 5804

Healthy proxies by type:
- Ss: 5801
- Vmess: 3
--- Cycle End ---

--- Cycle Start: 2026-01-27T04:54:29Z ---
Total proxies tested: 17602
Total healthy proxies: 5918

Healthy proxies by type:
- Ss: 5911
- Vmess: 7
--- Cycle End ---

--- Cycle Start: 2026-01-27T06:47:29Z ---
Total proxies tested: 17602
Total healthy proxies: 5887

Healthy proxies by type:
- Ss: 5879
- Vmess: 8
--- Cycle End ---

--- Cycle Start: 2026-01-27T08:43:20Z ---
Total proxies tested: 17652
Total healthy proxies: 5893

Healthy proxies by type:
- Ss: 5886
- Vmess: 7
--- Cycle End ---

--- Cycle Start: 2026-01-27T10:37:34Z ---
Total proxies tested: 17480
Total healthy proxies: 5851

Healthy proxies by type:
- Ss: 5844
- Vmess: 7
--- Cycle End ---

--- Cycle Start: 2026-01-27T13:05:24Z ---
Total proxies tested: 17273
Total healthy proxies: 6116

Healthy proxies by type:
- Ss: 6102
- Vmess: 14
--- Cycle End ---

--- Cycle Start: 2026-01-27T14:39:20Z ---
Total proxies tested: 17273
Total healthy proxies: 6710

Healthy proxies by type:
- Vmess: 13
- Ss: 6697
--- Cycle End ---

--- Cycle Start: 2026-01-27T16:40:17Z ---
Total proxies tested: 17715
Total healthy proxies: 6612

Healthy proxies by type:
- Ss: 6596
- Vmess: 16
--- Cycle End ---

--- Cycle Start: 2026-01-27T18:51:13Z ---
Total proxies tested: 17715
Total healthy proxies: 6643

Healthy proxies by type:
- Ss: 6627
- Vmess: 16
--- Cycle End ---

--- Cycle Start: 2026-01-27T20:32:35Z ---
Total proxies tested: 17693
Total healthy proxies: 6573

Healthy proxies by type:
- Ss: 6557
- Vmess: 16
--- Cycle End ---

--- Cycle Start: 2026-01-27T22:30:50Z ---
Total proxies tested: 17858
Total healthy proxies: 6600

Healthy proxies by type:
- Ss: 6586
- Vmess: 14
--- Cycle End ---

--- Cycle Start: 2026-01-28T02:13:14Z ---
Total proxies tested: 18042
Total healthy proxies: 6639

Healthy proxies by type:
- Vmess: 12
- Ss: 6627
--- Cycle End ---

--- Cycle Start: 2026-01-28T04:52:36Z ---
Total proxies tested: 18355
Total healthy proxies: 6769

Healthy proxies by type:
- Ss: 6752
- Vmess: 17
--- Cycle End ---

--- Cycle Start: 2026-01-28T06:47:58Z ---
Total proxies tested: 18355
Total healthy proxies: 6753

Healthy proxies by type:
- Vmess: 17
- Ss: 6736
--- Cycle End ---

--- Cycle Start: 2026-01-28T08:43:22Z ---
Total proxies tested: 18585
Total healthy proxies: 6780

Healthy proxies by type:
- Vmess: 14
- Ss: 6766
--- Cycle End ---

--- Cycle Start: 2026-01-28T10:38:07Z ---
Total proxies tested: 18285
Total healthy proxies: 6763

Healthy proxies by type:
- Vmess: 15
- Ss: 6748
--- Cycle End ---

--- Cycle Start: 2026-01-28T13:05:43Z ---
Total proxies tested: 17909
Total healthy proxies: 6811

Healthy proxies by type:
- Ss: 6799
- Vmess: 12
--- Cycle End ---

--- Cycle Start: 2026-01-28T14:39:42Z ---
Total proxies tested: 17909
Total healthy proxies: 6803

Healthy proxies by type:
- Ss: 6789
- Vmess: 14
--- Cycle End ---

--- Cycle Start: 2026-01-28T16:48:43Z ---
Total proxies tested: 17987
Total healthy proxies: 6826

Healthy proxies by type:
- Ss: 6818
- Vmess: 8
--- Cycle End ---

--- Cycle Start: 2026-01-28T18:47:32Z ---
Total proxies tested: 17987
Total healthy proxies: 6821

Healthy proxies by type:
- Ss: 6807
- Vmess: 14
--- Cycle End ---

--- Cycle Start: 2026-01-28T20:41:31Z ---
Total proxies tested: 17986
Total healthy proxies: 6792

Healthy proxies by type:
- Ss: 6779
- Vmess: 13
--- Cycle End ---

--- Cycle Start: 2026-01-28T22:36:09Z ---
Total proxies tested: 18028
Total healthy proxies: 6758

Healthy proxies by type:
- Ss: 6746
- Vmess: 12
--- Cycle End ---

--- Cycle Start: 2026-01-29T02:35:17Z ---
Total proxies tested: 18434
Total healthy proxies: 6787

Healthy proxies by type:
- Ss: 6776
- Vmess: 11
--- Cycle End ---

--- Cycle Start: 2026-01-29T05:11:42Z ---
Total proxies tested: 18434
Total healthy proxies: 6792

Healthy proxies by type:
- Ss: 6780
- Vmess: 12
--- Cycle End ---

--- Cycle Start: 2026-01-29T06:59:15Z ---
Total proxies tested: 18434
Total healthy proxies: 6768

Healthy proxies by type:
- Ss: 6757
- Vmess: 11
--- Cycle End ---

--- Cycle Start: 2026-01-29T08:52:55Z ---
Total proxies tested: 18911
Total healthy proxies: 6881

Healthy proxies by type:
- Ss: 6869
- Vmess: 12
--- Cycle End ---

--- Cycle Start: 2026-01-29T10:45:43Z ---
Total proxies tested: 18916
Total healthy proxies: 6765

Healthy proxies by type:
- Ss: 6750
- Vmess: 15
--- Cycle End ---

--- Cycle Start: 2026-01-29T13:12:44Z ---
Total proxies tested: 17552
Total healthy proxies: 6641

Healthy proxies by type:
- Ss: 6630
- Vmess: 11
--- Cycle End ---

--- Cycle Start: 2026-01-29T14:45:17Z ---
Total proxies tested: 17552
Total healthy proxies: 6712

Healthy proxies by type:
- Vmess: 15
- Ss: 6697
--- Cycle End ---

--- Cycle Start: 2026-01-29T16:54:53Z ---
Total proxies tested: 18282
Total healthy proxies: 6771

Healthy proxies by type:
- Ss: 6754
- Vmess: 17
--- Cycle End ---

--- Cycle Start: 2026-01-29T18:59:14Z ---
Total proxies tested: 18074
Total healthy proxies: 6699

Healthy proxies by type:
- Ss: 6681
- Vmess: 18
--- Cycle End ---

--- Cycle Start: 2026-01-29T20:40:25Z ---
Total proxies tested: 18074
Total healthy proxies: 6685

Healthy proxies by type:
- Ss: 6667
- Vmess: 18
--- Cycle End ---

--- Cycle Start: 2026-01-29T22:36:43Z ---
Total proxies tested: 17945
Total healthy proxies: 6715

Healthy proxies by type:
- Ss: 6701
- Vmess: 14
--- Cycle End ---

--- Cycle Start: 2026-01-30T02:35:45Z ---
Total proxies tested: 18124
Total healthy proxies: 6771

Healthy proxies by type:
- Ss: 6757
- Vmess: 14
--- Cycle End ---

--- Cycle Start: 2026-01-30T05:14:20Z ---
Total proxies tested: 18591
Total healthy proxies: 6882

Healthy proxies by type:
- Ss: 6866
- Vmess: 16
--- Cycle End ---

--- Cycle Start: 2026-01-30T07:00:59Z ---
Total proxies tested: 18591
Total healthy proxies: 6849

Healthy proxies by type:
- Ss: 6831
- Vmess: 18
--- Cycle End ---

--- Cycle Start: 2026-01-30T08:51:43Z ---
Total proxies tested: 18288
Total healthy proxies: 6785

Healthy proxies by type:
- Ss: 6768
- Vmess: 17
--- Cycle End ---

--- Cycle Start: 2026-01-30T10:44:49Z ---
Total proxies tested: 18071
Total healthy proxies: 6748

Healthy proxies by type:
- Ss: 6732
- Vmess: 16
--- Cycle End ---

--- Cycle Start: 2026-01-30T13:10:43Z ---
Total proxies tested: 17960
Total healthy proxies: 6694

Healthy proxies by type:
- Ss: 6682
- Vmess: 12
--- Cycle End ---

--- Cycle Start: 2026-01-30T14:42:45Z ---
Total proxies tested: 17960
Total healthy proxies: 6778

Healthy proxies by type:
- Ss: 6766
- Vmess: 12
--- Cycle End ---

--- Cycle Start: 2026-01-30T16:51:15Z ---
Total proxies tested: 18248
Total healthy proxies: 6697

Healthy proxies by type:
- Ss: 6685
- Vmess: 12
--- Cycle End ---

--- Cycle Start: 2026-01-30T18:55:37Z ---
Total proxies tested: 18248
Total healthy proxies: 6605

Healthy proxies by type:
- Ss: 6593
- Vmess: 12
--- Cycle End ---

--- Cycle Start: 2026-01-30T20:40:03Z ---
Total proxies tested: 18381
Total healthy proxies: 6689

Healthy proxies by type:
- Ss: 6678
- Vmess: 11
--- Cycle End ---

--- Cycle Start: 2026-01-30T22:34:56Z ---
Total proxies tested: 18587
Total healthy proxies: 6654

Healthy proxies by type:
- Vmess: 11
- Ss: 6643
--- Cycle End ---

--- Cycle Start: 2026-01-31T02:30:35Z ---
Total proxies tested: 18448
Total healthy proxies: 6603

Healthy proxies by type:
- Vmess: 12
- Ss: 6591
--- Cycle End ---

--- Cycle Start: 2026-01-31T05:07:17Z ---
Total proxies tested: 19148
Total healthy proxies: 6744

Healthy proxies by type:
- Vmess: 17
- Ss: 6727
--- Cycle End ---

--- Cycle Start: 2026-01-31T06:51:56Z ---
Total proxies tested: 19148
Total healthy proxies: 6711

Healthy proxies by type:
- Ss: 6694
- Vmess: 17
--- Cycle End ---

--- Cycle Start: 2026-01-31T08:40:22Z ---
Total proxies tested: 18633
Total healthy proxies: 6646

Healthy proxies by type:
- Ss: 6629
- Vmess: 17
--- Cycle End ---

--- Cycle Start: 2026-01-31T10:33:56Z ---
Total proxies tested: 18482
Total healthy proxies: 6584

Healthy proxies by type:
- Vmess: 17
- Ss: 6567
--- Cycle End ---

--- Cycle Start: 2026-01-31T14:32:27Z ---
Total proxies tested: 18041
Total healthy proxies: 6597

Healthy proxies by type:
- Ss: 6581
- Vmess: 16
--- Cycle End ---

--- Cycle Start: 2026-01-31T16:39:57Z ---
Total proxies tested: 18457
Total healthy proxies: 6359

Healthy proxies by type:
- Ss: 6341
- Vmess: 18
--- Cycle End ---

--- Cycle Start: 2026-01-31T18:45:26Z ---
Total proxies tested: 18457
Total healthy proxies: 5434

Healthy proxies by type:
- Vmess: 18
- Ss: 5416
--- Cycle End ---

--- Cycle Start: 2026-01-31T20:35:33Z ---
Total proxies tested: 17691
Total healthy proxies: 5116

Healthy proxies by type:
- Vmess: 17
- Ss: 5099
--- Cycle End ---

--- Cycle Start: 2026-01-31T22:31:43Z ---
Total proxies tested: 17128
Total healthy proxies: 5163

Healthy proxies by type:
- Ss: 5152
- Vmess: 11
--- Cycle End ---

--- Cycle Start: 2026-02-01T02:55:54Z ---
Total proxies tested: 17086
Total healthy proxies: 5124

Healthy proxies by type:
- Ss: 5114
- Vmess: 10
--- Cycle End ---

--- Cycle Start: 2026-02-01T05:25:57Z ---
Total proxies tested: 17506
Total healthy proxies: 5093

Healthy proxies by type:
- Ss: 5074
- Vmess: 19
--- Cycle End ---

--- Cycle Start: 2026-02-01T06:59:59Z ---
Total proxies tested: 17506
Total healthy proxies: 5075

Healthy proxies by type:
- Vmess: 18
- Ss: 5057
--- Cycle End ---

--- Cycle Start: 2026-02-01T08:42:04Z ---
Total proxies tested: 17673
Total healthy proxies: 5089

Healthy proxies by type:
- Vmess: 19
- Ss: 5070
--- Cycle End ---

--- Cycle Start: 2026-02-01T10:35:19Z ---
Total proxies tested: 17576
Total healthy proxies: 5088

Healthy proxies by type:
- Ss: 5070
- Vmess: 18
--- Cycle End ---

--- Cycle Start: 2026-02-01T13:04:33Z ---
Total proxies tested: 17463
Total healthy proxies: 5089

Healthy proxies by type:
- Ss: 5074
- Vmess: 15
--- Cycle End ---

--- Cycle Start: 2026-02-01T14:34:24Z ---
Total proxies tested: 17463
Total healthy proxies: 5100

Healthy proxies by type:
- Ss: 5085
- Vmess: 15
--- Cycle End ---

--- Cycle Start: 2026-02-01T16:39:53Z ---
Total proxies tested: 17847
Total healthy proxies: 5149

Healthy proxies by type:
- Ss: 5130
- Vmess: 19
--- Cycle End ---

--- Cycle Start: 2026-02-01T18:45:47Z ---
Total proxies tested: 17847
Total healthy proxies: 5130

Healthy proxies by type:
- Ss: 5111
- Vmess: 19
--- Cycle End ---

--- Cycle Start: 2026-02-01T20:36:27Z ---
Total proxies tested: 17348
Total healthy proxies: 5036

Healthy proxies by type:
- Ss: 5026
- Vmess: 10
--- Cycle End ---

--- Cycle Start: 2026-02-01T22:33:35Z ---
Total proxies tested: 17576
Total healthy proxies: 5011

Healthy proxies by type:
- Ss: 4996
- Vmess: 15
--- Cycle End ---

--- Cycle Start: 2026-02-02T02:45:01Z ---
Total proxies tested: 17839
Total healthy proxies: 5049

Healthy proxies by type:
- Ss: 5037
- Vmess: 12
--- Cycle End ---

--- Cycle Start: 2026-02-02T05:29:08Z ---
Total proxies tested: 18386
Total healthy proxies: 5144

Healthy proxies by type:
- Ss: 5127
- Vmess: 17
--- Cycle End ---

--- Cycle Start: 2026-02-02T07:12:35Z ---
Total proxies tested: 18386
Total healthy proxies: 5141

Healthy proxies by type:
- Ss: 5126
- Vmess: 15
--- Cycle End ---

--- Cycle Start: 2026-02-02T08:55:37Z ---
Total proxies tested: 17999
Total healthy proxies: 5048

Healthy proxies by type:
- Ss: 5037
- Vmess: 11
--- Cycle End ---

--- Cycle Start: 2026-02-02T10:55:08Z ---
Total proxies tested: 17005
Total healthy proxies: 5147

Healthy proxies by type:
- Ss: 5139
- Vmess: 8
--- Cycle End ---

--- Cycle Start: 2026-02-02T13:15:07Z ---
Total proxies tested: 17154
Total healthy proxies: 5171

Healthy proxies by type:
- Ss: 5156
- Vmess: 15
--- Cycle End ---

--- Cycle Start: 2026-02-02T14:50:55Z ---
Total proxies tested: 17154
Total healthy proxies: 5180

Healthy proxies by type:
- Vmess: 15
- Ss: 5165
--- Cycle End ---

--- Cycle Start: 2026-02-02T16:52:24Z ---
Total proxies tested: 17324
Total healthy proxies: 5182

Healthy proxies by type:
- Vmess: 21
- Ss: 5161
--- Cycle End ---

--- Cycle Start: 2026-02-03T02:41:25Z ---
Total proxies tested: 17110
Total healthy proxies: 5180

Healthy proxies by type:
- Ss: 5166
- Vmess: 14
--- Cycle End ---

--- Cycle Start: 2026-02-03T05:19:36Z ---
Total proxies tested: 17663
Total healthy proxies: 5288

Healthy proxies by type:
- Ss: 5264
- Vmess: 24
--- Cycle End ---

--- Cycle Start: 2026-02-03T07:02:36Z ---
Total proxies tested: 17663
Total healthy proxies: 5236

Healthy proxies by type:
- Ss: 5210
- Vmess: 26
--- Cycle End ---

--- Cycle Start: 2026-02-03T08:49:55Z ---
Total proxies tested: 17270
Total healthy proxies: 5163

Healthy proxies by type:
- Vmess: 26
- Ss: 5137
--- Cycle End ---

--- Cycle Start: 2026-02-03T10:52:03Z ---
Total proxies tested: 16991
Total healthy proxies: 5171

Healthy proxies by type:
- Ss: 5149
- Vmess: 22
--- Cycle End ---

--- Cycle Start: 2026-02-03T13:16:31Z ---
Total proxies tested: 17012
Total healthy proxies: 5546

Healthy proxies by type:
- Ss: 5532
- Vmess: 14
--- Cycle End ---

--- Cycle Start: 2026-02-03T14:53:20Z ---
Total proxies tested: 17012
Total healthy proxies: 5608

Healthy proxies by type:
- Ss: 5593
- Vmess: 15
--- Cycle End ---

--- Cycle Start: 2026-02-03T17:03:30Z ---
Total proxies tested: 17079
Total healthy proxies: 5362

Healthy proxies by type:
- Ss: 5346
- Vmess: 16
--- Cycle End ---

--- Cycle Start: 2026-02-03T19:06:03Z ---
Total proxies tested: 17079
Total healthy proxies: 5312

Healthy proxies by type:
- Ss: 5304
- Vmess: 8
--- Cycle End ---

--- Cycle Start: 2026-02-03T20:47:21Z ---
Total proxies tested: 16869
Total healthy proxies: 5215

Healthy proxies by type:
- Vmess: 13
- Ss: 5202
--- Cycle End ---

--- Cycle Start: 2026-02-03T22:38:07Z ---
Total proxies tested: 17356
Total healthy proxies: 5329

Healthy proxies by type:
- Ss: 5323
- Vmess: 6
--- Cycle End ---

--- Cycle Start: 2026-02-04T02:35:57Z ---
Total proxies tested: 17669
Total healthy proxies: 5421

Healthy proxies by type:
- Ss: 5415
- Vmess: 6
--- Cycle End ---

--- Cycle Start: 2026-02-04T05:14:21Z ---
Total proxies tested: 18071
Total healthy proxies: 5513

Healthy proxies by type:
- Vmess: 13
- Ss: 5500
--- Cycle End ---

--- Cycle Start: 2026-02-04T07:03:21Z ---
Total proxies tested: 18071
Total healthy proxies: 5477

Healthy proxies by type:
- Ss: 5464
- Vmess: 13
--- Cycle End ---

--- Cycle Start: 2026-02-04T08:55:01Z ---
Total proxies tested: 17503
Total healthy proxies: 5379

Healthy proxies by type:
- Ss: 5366
- Vmess: 13
--- Cycle End ---

--- Cycle Start: 2026-02-04T10:49:36Z ---
Total proxies tested: 17242
Total healthy proxies: 5335

Healthy proxies by type:
- Ss: 5330
- Vmess: 5
--- Cycle End ---

--- Cycle Start: 2026-02-04T13:15:08Z ---
Total proxies tested: 16723
Total healthy proxies: 5274

Healthy proxies by type:
- Ss: 5268
- Vmess: 6
--- Cycle End ---

--- Cycle Start: 2026-02-04T14:49:50Z ---
Total proxies tested: 16723
Total healthy proxies: 5243

Healthy proxies by type:
- Vmess: 5
- Ss: 5238
--- Cycle End ---

--- Cycle Start: 2026-02-04T16:59:54Z ---
Total proxies tested: 17042
Total healthy proxies: 5228

Healthy proxies by type:
- Ss: 5223
- Vmess: 5
--- Cycle End ---

--- Cycle Start: 2026-02-04T19:01:09Z ---
Total proxies tested: 17042
Total healthy proxies: 5229

Healthy proxies by type:
- Ss: 5225
- Vmess: 4
--- Cycle End ---

--- Cycle Start: 2026-02-04T20:43:38Z ---
Total proxies tested: 17218
Total healthy proxies: 5262

Healthy proxies by type:
- Ss: 5256
- Vmess: 6
--- Cycle End ---

--- Cycle Start: 2026-02-04T22:37:50Z ---
Total proxies tested: 17415
Total healthy proxies: 5186

Healthy proxies by type:
- Ss: 5179
- Vmess: 7
--- Cycle End ---

--- Cycle Start: 2026-02-05T02:38:14Z ---
Total proxies tested: 17923
Total healthy proxies: 5739

Healthy proxies by type:
- Ss: 5731
- Vmess: 8
--- Cycle End ---

--- Cycle Start: 2026-02-05T05:22:05Z ---
Total proxies tested: 18527
Total healthy proxies: 5839

Healthy proxies by type:
- Vmess: 7
- Ss: 5832
--- Cycle End ---

--- Cycle Start: 2026-02-05T07:09:44Z ---
Total proxies tested: 18527
Total healthy proxies: 5790

Healthy proxies by type:
- Ss: 5778
- Vmess: 12
--- Cycle End ---

--- Cycle Start: 2026-02-05T08:56:13Z ---
Total proxies tested: 18172
Total healthy proxies: 5682

Healthy proxies by type:
- Ss: 5675
- Vmess: 7
--- Cycle End ---

--- Cycle Start: 2026-02-05T10:52:41Z ---
Total proxies tested: 18571
Total healthy proxies: 5784

Healthy proxies by type:
- Ss: 5778
- Vmess: 6
--- Cycle End ---

--- Cycle Start: 2026-02-05T13:18:04Z ---
Total proxies tested: 18717
Total healthy proxies: 5965

Healthy proxies by type:
- Ss: 5959
- Vmess: 6
--- Cycle End ---

--- Cycle Start: 2026-02-05T14:53:37Z ---
Total proxies tested: 18717
Total healthy proxies: 5951

Healthy proxies by type:
- Ss: 5946
- Vmess: 5
--- Cycle End ---

--- Cycle Start: 2026-02-05T17:00:12Z ---
Total proxies tested: 18790
Total healthy proxies: 6009

Healthy proxies by type:
- Ss: 6000
- Vmess: 9
--- Cycle End ---

--- Cycle Start: 2026-02-05T19:00:33Z ---
Total proxies tested: 18790
Total healthy proxies: 5988

Healthy proxies by type:
- Ss: 5978
- Vmess: 10
--- Cycle End ---

--- Cycle Start: 2026-02-05T20:43:26Z ---
Total proxies tested: 18559
Total healthy proxies: 5933

Healthy proxies by type:
- Ss: 5918
- Vmess: 15
--- Cycle End ---

--- Cycle Start: 2026-02-05T22:37:19Z ---
Total proxies tested: 18738
Total healthy proxies: 6022

Healthy proxies by type:
- Ss: 6010
- Vmess: 12
--- Cycle End ---

--- Cycle Start: 2026-02-06T02:42:41Z ---
Total proxies tested: 18882
Total healthy proxies: 5314

Healthy proxies by type:
- Vmess: 10
- Ss: 5304
--- Cycle End ---

--- Cycle Start: 2026-02-06T05:20:34Z ---
Total proxies tested: 17237
Total healthy proxies: 5356

Healthy proxies by type:
- Ss: 5337
- Vmess: 19
--- Cycle End ---

--- Cycle Start: 2026-02-06T07:05:10Z ---
Total proxies tested: 17237
Total healthy proxies: 5344

Healthy proxies by type:
- Ss: 5327
- Vmess: 17
--- Cycle End ---

--- Cycle Start: 2026-02-06T08:54:56Z ---
Total proxies tested: 16606
Total healthy proxies: 5208

Healthy proxies by type:
- Vmess: 16
- Ss: 5192
--- Cycle End ---

--- Cycle Start: 2026-02-06T10:50:39Z ---
Total proxies tested: 15582
Total healthy proxies: 5090

Healthy proxies by type:
- Ss: 5081
- Vmess: 9
--- Cycle End ---

--- Cycle Start: 2026-02-06T13:14:50Z ---
Total proxies tested: 14130
Total healthy proxies: 4970

Healthy proxies by type:
- Ss: 4962
- Vmess: 8
--- Cycle End ---

--- Cycle Start: 2026-02-06T14:46:21Z ---
Total proxies tested: 14130
Total healthy proxies: 4938

Healthy proxies by type:
- Ss: 4932
- Vmess: 6
--- Cycle End ---

--- Cycle Start: 2026-02-06T16:57:46Z ---
Total proxies tested: 14678
Total healthy proxies: 4930

Healthy proxies by type:
- Vmess: 15
- Ss: 4915
--- Cycle End ---

--- Cycle Start: 2026-02-06T19:02:38Z ---
Total proxies tested: 14678
Total healthy proxies: 4890

Healthy proxies by type:
- Ss: 4875
- Vmess: 15
--- Cycle End ---

--- Cycle Start: 2026-02-06T20:42:26Z ---
Total proxies tested: 13674
Total healthy proxies: 4663

Healthy proxies by type:
- Ss: 4651
- Vmess: 12
--- Cycle End ---

--- Cycle Start: 2026-02-06T22:34:06Z ---
Total proxies tested: 13742
Total healthy proxies: 4725

Healthy proxies by type:
- Ss: 4707
- Vmess: 18
--- Cycle End ---

--- Cycle Start: 2026-02-07T02:33:09Z ---
Total proxies tested: 14084
Total healthy proxies: 4777

Healthy proxies by type:
- Ss: 4762
- Vmess: 15
--- Cycle End ---

--- Cycle Start: 2026-02-07T05:10:07Z ---
Total proxies tested: 14084
Total healthy proxies: 4776

Healthy proxies by type:
- Ss: 4762
- Vmess: 14
--- Cycle End ---

--- Cycle Start: 2026-02-07T06:53:59Z ---
Total proxies tested: 14084
Total healthy proxies: 4742

Healthy proxies by type:
- Ss: 4727
- Vmess: 15
--- Cycle End ---

--- Cycle Start: 2026-02-07T08:41:42Z ---
Total proxies tested: 14547
Total healthy proxies: 4693

Healthy proxies by type:
- Ss: 4670
- Vmess: 23
--- Cycle End ---

--- Cycle Start: 2026-02-07T10:34:53Z ---
Total proxies tested: 14337
Total healthy proxies: 4606

Healthy proxies by type:
- Ss: 4584
- Vmess: 22
--- Cycle End ---

--- Cycle Start: 2026-02-07T13:03:37Z ---
Total proxies tested: 14357
Total healthy proxies: 4495

Healthy proxies by type:
- Ss: 4480
- Vmess: 15
--- Cycle End ---

--- Cycle Start: 2026-02-07T14:34:16Z ---
Total proxies tested: 14357
Total healthy proxies: 4497

Healthy proxies by type:
- Vmess: 14
- Ss: 4483
--- Cycle End ---

--- Cycle Start: 2026-02-07T16:40:18Z ---
Total proxies tested: 14663
Total healthy proxies: 4512

Healthy proxies by type:
- Vmess: 24
- Ss: 4488
--- Cycle End ---

--- Cycle Start: 2026-02-07T18:45:37Z ---
Total proxies tested: 14663
Total healthy proxies: 4384

Healthy proxies by type:
- Ss: 4361
- Vmess: 23
--- Cycle End ---

--- Cycle Start: 2026-02-07T20:36:45Z ---
Total proxies tested: 14351
Total healthy proxies: 4298

Healthy proxies by type:
- Ss: 4276
- Vmess: 22
--- Cycle End ---

--- Cycle Start: 2026-02-07T22:34:34Z ---
Total proxies tested: 14640
Total healthy proxies: 4369

Healthy proxies by type:
- Ss: 4341
- Vmess: 28
--- Cycle End ---

--- Cycle Start: 2026-02-08T03:16:24Z ---
Total proxies tested: 14845
Total healthy proxies: 4469

Healthy proxies by type:
- Ss: 4442
- Vmess: 27
--- Cycle End ---

--- Cycle Start: 2026-02-08T05:28:09Z ---
Total proxies tested: 14856
Total healthy proxies: 4464

Healthy proxies by type:
- Ss: 4441
- Vmess: 23
--- Cycle End ---

--- Cycle Start: 2026-02-08T07:00:14Z ---
Total proxies tested: 14856
Total healthy proxies: 4445

Healthy proxies by type:
- Ss: 4423
- Vmess: 22
--- Cycle End ---

--- Cycle Start: 2026-02-08T08:42:04Z ---
Total proxies tested: 14570
Total healthy proxies: 4406

Healthy proxies by type:
- Ss: 4384
- Vmess: 22
--- Cycle End ---

--- Cycle Start: 2026-02-08T10:36:12Z ---
Total proxies tested: 14240
Total healthy proxies: 4351

Healthy proxies by type:
- Ss: 4333
- Vmess: 18
--- Cycle End ---

--- Cycle Start: 2026-02-08T13:04:23Z ---
Total proxies tested: 13753
Total healthy proxies: 4166

Healthy proxies by type:
- Ss: 4148
- Vmess: 18
--- Cycle End ---

--- Cycle Start: 2026-02-08T14:36:05Z ---
Total proxies tested: 13753
Total healthy proxies: 4143

Healthy proxies by type:
- Vmess: 9
- Ss: 4134
--- Cycle End ---

--- Cycle Start: 2026-02-08T16:40:15Z ---
Total proxies tested: 13895
Total healthy proxies: 4148

Healthy proxies by type:
- Ss: 4133
- Vmess: 15
--- Cycle End ---

--- Cycle Start: 2026-02-08T18:47:22Z ---
Total proxies tested: 13895
Total healthy proxies: 4151

Healthy proxies by type:
- Ss: 4137
- Vmess: 14
--- Cycle End ---

--- Cycle Start: 2026-02-08T20:37:01Z ---
Total proxies tested: 13857
Total healthy proxies: 4066

Healthy proxies by type:
- Ss: 4051
- Vmess: 15
--- Cycle End ---

--- Cycle Start: 2026-02-08T22:35:30Z ---
Total proxies tested: 14008
Total healthy proxies: 4135

Healthy proxies by type:
- Ss: 4125
- Vmess: 10
--- Cycle End ---

--- Cycle Start: 2026-02-09T02:45:26Z ---
Total proxies tested: 14047
Total healthy proxies: 4167

Healthy proxies by type:
- Vmess: 11
- Ss: 4156
--- Cycle End ---

--- Cycle Start: 2026-02-09T05:42:01Z ---
Total proxies tested: 14518
Total healthy proxies: 4225

Healthy proxies by type:
- Vmess: 13
- Ss: 4212
--- Cycle End ---

--- Cycle Start: 2026-02-09T07:14:23Z ---
Total proxies tested: 14518
Total healthy proxies: 4222

Healthy proxies by type:
- Vmess: 15
- Ss: 4207
--- Cycle End ---

--- Cycle Start: 2026-02-09T09:03:03Z ---
Total proxies tested: 14043
Total healthy proxies: 4170

Healthy proxies by type:
- Ss: 4157
- Vmess: 13
--- Cycle End ---

--- Cycle Start: 2026-02-09T11:01:05Z ---
Total proxies tested: 13811
Total healthy proxies: 4081

Healthy proxies by type:
- Ss: 4068
- Vmess: 13
--- Cycle End ---

--- Cycle Start: 2026-02-09T13:23:46Z ---
Total proxies tested: 13506
Total healthy proxies: 4067

Healthy proxies by type:
- Ss: 4053
- Vmess: 14
--- Cycle End ---

--- Cycle Start: 2026-02-09T15:00:07Z ---
Total proxies tested: 13506
Total healthy proxies: 4069

Healthy proxies by type:
- Ss: 4058
- Vmess: 11
--- Cycle End ---

--- Cycle Start: 2026-02-09T19:25:55Z ---
Total proxies tested: 12900
Total healthy proxies: 3821

Healthy proxies by type:
- Ss: 3810
- Vmess: 11
--- Cycle End ---

--- Cycle Start: 2026-02-09T20:51:07Z ---
Total proxies tested: 12900
Total healthy proxies: 3854

Healthy proxies by type:
- Ss: 3842
- Vmess: 12
--- Cycle End ---

--- Cycle Start: 2026-02-09T22:44:29Z ---
Total proxies tested: 13047
Total healthy proxies: 3865

Healthy proxies by type:
- Ss: 3852
- Vmess: 13
--- Cycle End ---

--- Cycle Start: 2026-02-10T02:53:52Z ---
Total proxies tested: 13356
Total healthy proxies: 3978

Healthy proxies by type:
- Ss: 3965
- Vmess: 13
--- Cycle End ---

--- Cycle Start: 2026-02-10T05:42:06Z ---
Total proxies tested: 13839
Total healthy proxies: 4018

Healthy proxies by type:
- Ss: 4003
- Vmess: 15
--- Cycle End ---

--- Cycle Start: 2026-02-10T07:15:02Z ---
Total proxies tested: 13839
Total healthy proxies: 4009

Healthy proxies by type:
- Ss: 3991
- Vmess: 18
--- Cycle End ---

--- Cycle Start: 2026-02-10T09:04:45Z ---
Total proxies tested: 13641
Total healthy proxies: 3987

Healthy proxies by type:
- Ss: 3969
- Vmess: 18
--- Cycle End ---

--- Cycle Start: 2026-02-10T11:00:29Z ---
Total proxies tested: 13440
Total healthy proxies: 3921

Healthy proxies by type:
- Ss: 3908
- Vmess: 13
--- Cycle End ---

--- Cycle Start: 2026-02-10T13:28:28Z ---
Total proxies tested: 13002
Total healthy proxies: 3869

Healthy proxies by type:
- Ss: 3853
- Vmess: 16
--- Cycle End ---

--- Cycle Start: 2026-02-10T15:06:23Z ---
Total proxies tested: 13002
Total healthy proxies: 3866

Healthy proxies by type:
- Ss: 3851
- Vmess: 15
--- Cycle End ---

--- Cycle Start: 2026-02-10T17:10:56Z ---
Total proxies tested: 12633
Total healthy proxies: 3881

Healthy proxies by type:
- Vmess: 18
- Ss: 3863
--- Cycle End ---

--- Cycle Start: 2026-02-10T19:15:53Z ---
Total proxies tested: 12633
Total healthy proxies: 3851

Healthy proxies by type:
- Ss: 3840
- Vmess: 11
--- Cycle End ---

--- Cycle Start: 2026-02-10T20:53:52Z ---
Total proxies tested: 12674
Total healthy proxies: 3853

Healthy proxies by type:
- Ss: 3847
- Vmess: 6
--- Cycle End ---

--- Cycle Start: 2026-02-10T22:50:30Z ---
Total proxies tested: 12715
Total healthy proxies: 3851

Healthy proxies by type:
- Vmess: 9
- Ss: 3842
--- Cycle End ---

--- Cycle Start: 2026-02-11T02:51:40Z ---
Total proxies tested: 12839
Total healthy proxies: 3925

Healthy proxies by type:
- Ss: 3917
- Vmess: 8
--- Cycle End ---

--- Cycle Start: 2026-02-11T05:40:56Z ---
Total proxies tested: 13239
Total healthy proxies: 4024

Healthy proxies by type:
- Ss: 4012
- Vmess: 12
--- Cycle End ---

--- Cycle Start: 2026-02-11T07:12:05Z ---
Total proxies tested: 13239
Total healthy proxies: 3989

Healthy proxies by type:
- Vmess: 12
- Ss: 3977
--- Cycle End ---

--- Cycle Start: 2026-02-11T08:58:57Z ---
Total proxies tested: 13132
Total healthy proxies: 3930

Healthy proxies by type:
- Ss: 3923
- Vmess: 7
--- Cycle End ---

--- Cycle Start: 2026-02-11T10:58:03Z ---
Total proxies tested: 12938
Total healthy proxies: 3879

Healthy proxies by type:
- Ss: 3867
- Vmess: 12
--- Cycle End ---

--- Cycle Start: 2026-02-11T13:25:00Z ---
Total proxies tested: 12648
Total healthy proxies: 3699

Healthy proxies by type:
- Ss: 3690
- Vmess: 9
--- Cycle End ---

--- Cycle Start: 2026-02-11T15:01:05Z ---
Total proxies tested: 12648
Total healthy proxies: 3679

Healthy proxies by type:
- Ss: 3670
- Vmess: 9
--- Cycle End ---

--- Cycle Start: 2026-02-11T17:11:43Z ---
Total proxies tested: 12532
Total healthy proxies: 3700

Healthy proxies by type:
- Ss: 3689
- Vmess: 11
--- Cycle End ---

--- Cycle Start: 2026-02-11T19:13:08Z ---
Total proxies tested: 12532
Total healthy proxies: 3692

Healthy proxies by type:
- Ss: 3679
- Vmess: 13
--- Cycle End ---

--- Cycle Start: 2026-02-11T20:47:57Z ---
Total proxies tested: 12480
Total healthy proxies: 3642

Healthy proxies by type:
- Ss: 3633
- Vmess: 9
--- Cycle End ---

--- Cycle Start: 2026-02-11T22:37:14Z ---
Total proxies tested: 12493
Total healthy proxies: 3714

Healthy proxies by type:
- Ss: 3705
- Vmess: 9
--- Cycle End ---

--- Cycle Start: 2026-02-12T02:47:14Z ---
Total proxies tested: 12652
Total healthy proxies: 3781

Healthy proxies by type:
- Ss: 3772
- Vmess: 9
--- Cycle End ---

--- Cycle Start: 2026-02-12T05:29:03Z ---
Total proxies tested: 12863
Total healthy proxies: 3817

Healthy proxies by type:
- Vmess: 8
- Ss: 3809
--- Cycle End ---

--- Cycle Start: 2026-02-12T07:10:55Z ---
Total proxies tested: 12863
Total healthy proxies: 3785

Healthy proxies by type:
- Ss: 3777
- Vmess: 8
--- Cycle End ---

--- Cycle Start: 2026-02-12T08:57:23Z ---
Total proxies tested: 12871
Total healthy proxies: 3754

Healthy proxies by type:
- Ss: 3748
- Vmess: 6
--- Cycle End ---

--- Cycle Start: 2026-02-12T10:55:49Z ---
Total proxies tested: 12211
Total healthy proxies: 3626

Healthy proxies by type:
- Ss: 3619
- Vmess: 7
--- Cycle End ---

--- Cycle Start: 2026-02-12T13:23:24Z ---
Total proxies tested: 12171
Total healthy proxies: 3593

Healthy proxies by type:
- Vmess: 6
- Ss: 3587
--- Cycle End ---

--- Cycle Start: 2026-02-12T14:55:32Z ---
Total proxies tested: 12171
Total healthy proxies: 3595

Healthy proxies by type:
- Ss: 3588
- Vmess: 7
--- Cycle End ---

--- Cycle Start: 2026-02-12T17:06:48Z ---
Total proxies tested: 12663
Total healthy proxies: 3623

Healthy proxies by type:
- Ss: 3614
- Vmess: 9
--- Cycle End ---

--- Cycle Start: 2026-02-12T19:12:34Z ---
Total proxies tested: 12663
Total healthy proxies: 3653

Healthy proxies by type:
- Ss: 3644
- Vmess: 9
--- Cycle End ---

--- Cycle Start: 2026-02-12T20:43:06Z ---
Total proxies tested: 12786
Total healthy proxies: 3728

Healthy proxies by type:
- Ss: 3718
- Vmess: 10
--- Cycle End ---

--- Cycle Start: 2026-02-12T22:39:09Z ---
Total proxies tested: 12748
Total healthy proxies: 3761

Healthy proxies by type:
- Ss: 3750
- Vmess: 11
--- Cycle End ---

--- Cycle Start: 2026-02-13T02:47:58Z ---
Total proxies tested: 13068
Total healthy proxies: 3837

Healthy proxies by type:
- Ss: 3828
- Vmess: 9
--- Cycle End ---

--- Cycle Start: 2026-02-13T05:26:08Z ---
Total proxies tested: 14699
Total healthy proxies: 4332

Healthy proxies by type:
- Ss: 4312
- Vmess: 20
--- Cycle End ---

--- Cycle Start: 2026-02-13T07:08:44Z ---
Total proxies tested: 14699
Total healthy proxies: 4298

Healthy proxies by type:
- Ss: 4281
- Vmess: 17
--- Cycle End ---

--- Cycle Start: 2026-02-13T08:54:43Z ---
Total proxies tested: 14464
Total healthy proxies: 4183

Healthy proxies by type:
- Vmess: 15
- Ss: 4168
--- Cycle End ---

--- Cycle Start: 2026-02-13T10:50:32Z ---
Total proxies tested: 14179
Total healthy proxies: 4133

Healthy proxies by type:
- Ss: 4116
- Vmess: 17
--- Cycle End ---

--- Cycle Start: 2026-02-13T13:15:17Z ---
Total proxies tested: 14093
Total healthy proxies: 4052

Healthy proxies by type:
- Ss: 4043
- Vmess: 9
--- Cycle End ---

--- Cycle Start: 2026-02-13T14:50:11Z ---
Total proxies tested: 14093
Total healthy proxies: 4111

Healthy proxies by type:
- Ss: 4099
- Vmess: 12
--- Cycle End ---

--- Cycle Start: 2026-02-13T16:58:11Z ---
Total proxies tested: 14720
Total healthy proxies: 4522

Healthy proxies by type:
- Ss: 4506
- Vmess: 16
--- Cycle End ---

--- Cycle Start: 2026-02-13T19:00:50Z ---
Total proxies tested: 14248
Total healthy proxies: 4462

Healthy proxies by type:
- Ss: 4448
- Vmess: 14
--- Cycle End ---

--- Cycle Start: 2026-02-13T20:48:43Z ---
Total proxies tested: 14248
Total healthy proxies: 4443

Healthy proxies by type:
- Ss: 4429
- Vmess: 14
--- Cycle End ---

--- Cycle Start: 2026-02-13T22:41:11Z ---
Total proxies tested: 14513
Total healthy proxies: 4479

Healthy proxies by type:
- Ss: 4462
- Vmess: 17
--- Cycle End ---

--- Cycle Start: 2026-02-14T02:34:39Z ---
Total proxies tested: 14904
Total healthy proxies: 4570

Healthy proxies by type:
- Ss: 4556
- Vmess: 14
--- Cycle End ---

--- Cycle Start: 2026-02-14T05:14:04Z ---
Total proxies tested: 15200
Total healthy proxies: 4682

Healthy proxies by type:
- Ss: 4662
- Vmess: 20
--- Cycle End ---

--- Cycle Start: 2026-02-14T06:56:50Z ---
Total proxies tested: 15200
Total healthy proxies: 4685

Healthy proxies by type:
- Ss: 4664
- Vmess: 21
--- Cycle End ---

--- Cycle Start: 2026-02-14T08:41:33Z ---
Total proxies tested: 14188
Total healthy proxies: 4572

Healthy proxies by type:
- Ss: 4559
- Vmess: 13
--- Cycle End ---

--- Cycle Start: 2026-02-14T10:35:24Z ---
Total proxies tested: 14085
Total healthy proxies: 4608

Healthy proxies by type:
- Ss: 4594
- Vmess: 14
--- Cycle End ---

--- Cycle Start: 2026-02-14T13:03:22Z ---
Total proxies tested: 12681
Total healthy proxies: 4536

Healthy proxies by type:
- Ss: 4527
- Vmess: 9
--- Cycle End ---

--- Cycle Start: 2026-02-14T14:34:57Z ---
Total proxies tested: 12681
Total healthy proxies: 4535

Healthy proxies by type:
- Vmess: 9
- Ss: 4526
--- Cycle End ---

--- Cycle Start: 2026-02-14T16:39:34Z ---
Total proxies tested: 13258
Total healthy proxies: 4537

Healthy proxies by type:
- Ss: 4523
- Vmess: 14
--- Cycle End ---

--- Cycle Start: 2026-02-14T18:44:53Z ---
Total proxies tested: 13258
Total healthy proxies: 4432

Healthy proxies by type:
- Ss: 4417
- Vmess: 15
--- Cycle End ---

--- Cycle Start: 2026-02-14T20:35:32Z ---
Total proxies tested: 13068
Total healthy proxies: 4421

Healthy proxies by type:
- Vmess: 12
- Ss: 4409
--- Cycle End ---

--- Cycle Start: 2026-02-14T22:32:33Z ---
Total proxies tested: 13068
Total healthy proxies: 4380

Healthy proxies by type:
- Ss: 4368
- Vmess: 12
--- Cycle End ---

--- Cycle Start: 2026-02-15T02:48:26Z ---
Total proxies tested: 13539
Total healthy proxies: 4540

Healthy proxies by type:
- Vmess: 15
- Ss: 4525
--- Cycle End ---

--- Cycle Start: 2026-02-15T05:23:30Z ---
Total proxies tested: 13328
Total healthy proxies: 4553

Healthy proxies by type:
- Ss: 4541
- Vmess: 12
--- Cycle End ---

--- Cycle Start: 2026-02-15T07:00:12Z ---
Total proxies tested: 13328
Total healthy proxies: 4546

Healthy proxies by type:
- Ss: 4534
- Vmess: 12
--- Cycle End ---

--- Cycle Start: 2026-02-15T08:42:16Z ---
Total proxies tested: 12987
Total healthy proxies: 4569

Healthy proxies by type:
- Ss: 4556
- Vmess: 13
--- Cycle End ---

--- Cycle Start: 2026-02-15T10:35:02Z ---
Total proxies tested: 12978
Total healthy proxies: 4550

Healthy proxies by type:
- Ss: 4537
- Vmess: 13
--- Cycle End ---

--- Cycle Start: 2026-02-15T13:05:35Z ---
Total proxies tested: 12945
Total healthy proxies: 4583

Healthy proxies by type:
- Ss: 4577
- Vmess: 6
--- Cycle End ---

--- Cycle Start: 2026-02-15T14:35:31Z ---
Total proxies tested: 12945
Total healthy proxies: 4578

Healthy proxies by type:
- Ss: 4572
- Vmess: 6
--- Cycle End ---

--- Cycle Start: 2026-02-15T16:40:16Z ---
Total proxies tested: 13134
Total healthy proxies: 4583

Healthy proxies by type:
- Ss: 4571
- Vmess: 12
--- Cycle End ---

--- Cycle Start: 2026-02-15T18:46:54Z ---
Total proxies tested: 13134
Total healthy proxies: 4565

Healthy proxies by type:
- Ss: 4553
- Vmess: 12
--- Cycle End ---

--- Cycle Start: 2026-02-15T20:36:25Z ---
Total proxies tested: 13381
Total healthy proxies: 4567

Healthy proxies by type:
- Ss: 4555
- Vmess: 12
--- Cycle End ---

--- Cycle Start: 2026-02-15T22:32:43Z ---
Total proxies tested: 13619
Total healthy proxies: 4675

Healthy proxies by type:
- Ss: 4663
- Vmess: 12
--- Cycle End ---

--- Cycle Start: 2026-02-16T02:44:10Z ---
Total proxies tested: 13854
Total healthy proxies: 4739

Healthy proxies by type:
- Ss: 4728
- Vmess: 11
--- Cycle End ---

--- Cycle Start: 2026-02-16T07:14:10Z ---
Total proxies tested: 14493
Total healthy proxies: 4852

Healthy proxies by type:
- Ss: 4826
- Vmess: 26
--- Cycle End ---

--- Cycle Start: 2026-02-16T08:58:35Z ---
Total proxies tested: 14410
Total healthy proxies: 4794

Healthy proxies by type:
- Ss: 4774
- Vmess: 20
--- Cycle End ---

--- Cycle Start: 2026-02-16T10:56:43Z ---
Total proxies tested: 14266
Total healthy proxies: 4710

Healthy proxies by type:
- Ss: 4689
- Vmess: 21
--- Cycle End ---

--- Cycle Start: 2026-02-16T13:18:42Z ---
Total proxies tested: 14304
Total healthy proxies: 4684

Healthy proxies by type:
- Ss: 4665
- Vmess: 19
--- Cycle End ---

--- Cycle Start: 2026-02-16T14:51:13Z ---
Total proxies tested: 14304
Total healthy proxies: 4665

Healthy proxies by type:
- Ss: 4645
- Vmess: 20
--- Cycle End ---

--- Cycle Start: 2026-02-16T16:55:36Z ---
Total proxies tested: 14707
Total healthy proxies: 4740

Healthy proxies by type:
- Ss: 4709
- Vmess: 31
--- Cycle End ---

--- Cycle Start: 2026-02-16T18:55:27Z ---
Total proxies tested: 14707
Total healthy proxies: 4711

Healthy proxies by type:
- Ss: 4684
- Vmess: 27
--- Cycle End ---

--- Cycle Start: 2026-02-16T20:40:45Z ---
Total proxies tested: 14327
Total healthy proxies: 4686

Healthy proxies by type:
- Ss: 4661
- Vmess: 25
--- Cycle End ---

--- Cycle Start: 2026-02-16T22:37:13Z ---
Total proxies tested: 14419
Total healthy proxies: 4776

Healthy proxies by type:
- Ss: 4743
- Vmess: 33
--- Cycle End ---

--- Cycle Start: 2026-02-17T02:40:30Z ---
Total proxies tested: 14819
Total healthy proxies: 4841

Healthy proxies by type:
- Vmess: 32
- Ss: 4809
--- Cycle End ---

--- Cycle Start: 2026-02-17T05:25:22Z ---
Total proxies tested: 15397
Total healthy proxies: 4936

Healthy proxies by type:
- Ss: 4893
- Vmess: 43
--- Cycle End ---

--- Cycle Start: 2026-02-17T07:08:39Z ---
Total proxies tested: 15397
Total healthy proxies: 4923

Healthy proxies by type:
- Ss: 4880
- Vmess: 43
--- Cycle End ---

--- Cycle Start: 2026-02-17T08:57:19Z ---
Total proxies tested: 15079
Total healthy proxies: 4880

Healthy proxies by type:
- Ss: 4841
- Vmess: 39
--- Cycle End ---

--- Cycle Start: 2026-02-17T10:55:34Z ---
Total proxies tested: 14931
Total healthy proxies: 4838

Healthy proxies by type:
- Ss: 4806
- Vmess: 32
--- Cycle End ---

--- Cycle Start: 2026-02-17T13:18:22Z ---
Total proxies tested: 14654
Total healthy proxies: 4863

Healthy proxies by type:
- Ss: 4838
- Vmess: 25
--- Cycle End ---

--- Cycle Start: 2026-02-17T14:55:20Z ---
Total proxies tested: 14496
Total healthy proxies: 4870

Healthy proxies by type:
- Ss: 4839
- Vmess: 31
--- Cycle End ---

--- Cycle Start: 2026-02-17T15:12:25Z ---
Total proxies tested: 14496
Total healthy proxies: 4883

Healthy proxies by type:
- Ss: 4852
- Vmess: 31
--- Cycle End ---

--- Cycle Start: 2026-02-17T17:05:53Z ---
Total proxies tested: 14606
Total healthy proxies: 4786

Healthy proxies by type:
- Ss: 4748
- Vmess: 38
--- Cycle End ---

--- Cycle Start: 2026-02-17T19:07:12Z ---
Total proxies tested: 14606
Total healthy proxies: 4870

Healthy proxies by type:
- Ss: 4838
- Vmess: 32
--- Cycle End ---

--- Cycle Start: 2026-02-17T20:47:03Z ---
Total proxies tested: 14558
Total healthy proxies: 4859

Healthy proxies by type:
- Ss: 4827
- Vmess: 32
--- Cycle End ---

--- Cycle Start: 2026-02-17T22:39:44Z ---
Total proxies tested: 14671
Total healthy proxies: 4915

Healthy proxies by type:
- Vmess: 36
- Ss: 4879
--- Cycle End ---

--- Cycle Start: 2026-02-18T02:44:03Z ---
Total proxies tested: 14087
Total healthy proxies: 5007

Healthy proxies by type:
- Ss: 4973
- Vmess: 34
--- Cycle End ---

--- Cycle Start: 2026-02-18T05:27:26Z ---
Total proxies tested: 14643
Total healthy proxies: 5092

Healthy proxies by type:
- Ss: 5052
- Vmess: 40
--- Cycle End ---

--- Cycle Start: 2026-02-18T07:10:16Z ---
Total proxies tested: 14643
Total healthy proxies: 5022

Healthy proxies by type:
- Ss: 4981
- Vmess: 41
--- Cycle End ---

--- Cycle Start: 2026-02-18T08:56:33Z ---
Total proxies tested: 14393
Total healthy proxies: 4997

Healthy proxies by type:
- Ss: 4969
- Vmess: 28
--- Cycle End ---

--- Cycle Start: 2026-02-18T10:55:54Z ---
Total proxies tested: 14584
Total healthy proxies: 4974

Healthy proxies by type:
- Ss: 4946
- Vmess: 28
--- Cycle End ---

--- Cycle Start: 2026-02-18T13:20:05Z ---
Total proxies tested: 14406
Total healthy proxies: 4953

Healthy proxies by type:
- Ss: 4928
- Vmess: 25
--- Cycle End ---

--- Cycle Start: 2026-02-18T14:53:58Z ---
Total proxies tested: 14406
Total healthy proxies: 4949

Healthy proxies by type:
- Ss: 4929
- Vmess: 20
--- Cycle End ---

--- Cycle Start: 2026-02-18T17:13:53Z ---
Total proxies tested: 14521
Total healthy proxies: 4924

Healthy proxies by type:
- Ss: 4899
- Vmess: 25
--- Cycle End ---

--- Cycle Start: 2026-02-18T19:05:46Z ---
Total proxies tested: 14521
Total healthy proxies: 4917

Healthy proxies by type:
- Ss: 4892
- Vmess: 25
--- Cycle End ---

--- Cycle Start: 2026-02-18T20:50:16Z ---
Total proxies tested: 14796
Total healthy proxies: 4913

Healthy proxies by type:
- Ss: 4888
- Vmess: 25
--- Cycle End ---

--- Cycle Start: 2026-02-19T02:43:21Z ---
Total proxies tested: 15044
Total healthy proxies: 4984

Healthy proxies by type:
- Vmess: 24
- Ss: 4960
--- Cycle End ---

--- Cycle Start: 2026-02-19T05:25:49Z ---
Total proxies tested: 15390
Total healthy proxies: 5027

Healthy proxies by type:
- Ss: 4999
- Vmess: 28
--- Cycle End ---

--- Cycle Start: 2026-02-19T07:10:12Z ---
Total proxies tested: 15390
Total healthy proxies: 5020

Healthy proxies by type:
- Ss: 4997
- Vmess: 23
--- Cycle End ---

--- Cycle Start: 2026-02-19T08:55:41Z ---
Total proxies tested: 14915
Total healthy proxies: 4975

Healthy proxies by type:
- Ss: 4954
- Vmess: 21
--- Cycle End ---

--- Cycle Start: 2026-02-19T10:54:20Z ---
Total proxies tested: 14920
Total healthy proxies: 4978

Healthy proxies by type:
- Ss: 4958
- Vmess: 20
--- Cycle End ---

--- Cycle Start: 2026-02-19T13:21:37Z ---
Total proxies tested: 14693
Total healthy proxies: 4956

Healthy proxies by type:
- Ss: 4939
- Vmess: 17
--- Cycle End ---

--- Cycle Start: 2026-02-19T14:56:04Z ---
Total proxies tested: 14693
Total healthy proxies: 4957

Healthy proxies by type:
- Ss: 4939
- Vmess: 18
--- Cycle End ---

--- Cycle Start: 2026-02-19T17:02:52Z ---
Total proxies tested: 15054
Total healthy proxies: 4960

Healthy proxies by type:
- Ss: 4924
- Vmess: 36
--- Cycle End ---

--- Cycle Start: 2026-02-19T19:01:05Z ---
Total proxies tested: 15054
Total healthy proxies: 4944

Healthy proxies by type:
- Ss: 4907
- Vmess: 37
--- Cycle End ---

--- Cycle Start: 2026-02-19T20:41:02Z ---
Total proxies tested: 14971
Total healthy proxies: 4908

Healthy proxies by type:
- Ss: 4876
- Vmess: 32
--- Cycle End ---

--- Cycle Start: 2026-02-19T22:40:01Z ---
Total proxies tested: 15105
Total healthy proxies: 5075

Healthy proxies by type:
- Ss: 5034
- Vmess: 41
--- Cycle End ---

--- Cycle Start: 2026-02-20T02:37:55Z ---
Total proxies tested: 15455
Total healthy proxies: 5098

Healthy proxies by type:
- Ss: 5060
- Vmess: 38
--- Cycle End ---

--- Cycle Start: 2026-02-20T05:21:04Z ---
Total proxies tested: 15311
Total healthy proxies: 5137

Healthy proxies by type:
- Ss: 5097
- Vmess: 40
--- Cycle End ---

--- Cycle Start: 2026-02-20T07:06:19Z ---
Total proxies tested: 15311
Total healthy proxies: 5127

Healthy proxies by type:
- Ss: 5087
- Vmess: 40
--- Cycle End ---

--- Cycle Start: 2026-02-20T08:52:38Z ---
Total proxies tested: 14717
Total healthy proxies: 4990

Healthy proxies by type:
- Ss: 4956
- Vmess: 34
--- Cycle End ---

--- Cycle Start: 2026-02-20T10:45:12Z ---
Total proxies tested: 14653
Total healthy proxies: 5019

Healthy proxies by type:
- Ss: 4995
- Vmess: 24
--- Cycle End ---

--- Cycle Start: 2026-02-20T13:12:55Z ---
Total proxies tested: 14357
Total healthy proxies: 4981

Healthy proxies by type:
- Ss: 4946
- Vmess: 35
--- Cycle End ---

--- Cycle Start: 2026-02-20T14:46:28Z ---
Total proxies tested: 14357
Total healthy proxies: 4988

Healthy proxies by type:
- Ss: 4953
- Vmess: 35
--- Cycle End ---

--- Cycle Start: 2026-02-20T16:51:42Z ---
Total proxies tested: 14457
Total healthy proxies: 5036

Healthy proxies by type:
- Ss: 4989
- Vmess: 47
--- Cycle End ---

--- Cycle Start: 2026-02-20T18:59:04Z ---
Total proxies tested: 14457
Total healthy proxies: 5017

Healthy proxies by type:
- Vmess: 47
- Ss: 4970
--- Cycle End ---

--- Cycle Start: 2026-02-20T20:41:23Z ---
Total proxies tested: 14397
Total healthy proxies: 4998

Healthy proxies by type:
- Ss: 4967
- Vmess: 31
--- Cycle End ---

--- Cycle Start: 2026-02-20T22:35:12Z ---
Total proxies tested: 14537
Total healthy proxies: 5028

Healthy proxies by type:
- Vmess: 41
- Ss: 4987
--- Cycle End ---

--- Cycle Start: 2026-02-21T02:31:18Z ---
Total proxies tested: 15018
Total healthy proxies: 5063

Healthy proxies by type:
- Ss: 5027
- Vmess: 36
--- Cycle End ---

--- Cycle Start: 2026-02-21T05:10:22Z ---
Total proxies tested: 15631
Total healthy proxies: 5170

Healthy proxies by type:
- Ss: 5131
- Vmess: 39
--- Cycle End ---

--- Cycle Start: 2026-02-21T06:53:46Z ---
Total proxies tested: 15631
Total healthy proxies: 5137

Healthy proxies by type:
- Vmess: 34
- Ss: 5103
--- Cycle End ---

--- Cycle Start: 2026-02-21T08:40:32Z ---
Total proxies tested: 15199
Total healthy proxies: 5031

Healthy proxies by type:
- Ss: 4994
- Vmess: 37
--- Cycle End ---

--- Cycle Start: 2026-02-21T10:35:05Z ---
Total proxies tested: 15258
Total healthy proxies: 5062

Healthy proxies by type:
- Ss: 5035
- Vmess: 27
--- Cycle End ---

--- Cycle Start: 2026-02-21T13:02:18Z ---
Total proxies tested: 15104
Total healthy proxies: 5088

Healthy proxies by type:
- Ss: 5061
- Vmess: 27
--- Cycle End ---

--- Cycle Start: 2026-02-21T14:34:25Z ---
Total proxies tested: 15104
Total healthy proxies: 5104

Healthy proxies by type:
- Ss: 5078
- Vmess: 26
--- Cycle End ---

--- Cycle Start: 2026-02-21T16:38:35Z ---
Total proxies tested: 14716
Total healthy proxies: 5104

Healthy proxies by type:
- Ss: 5066
- Vmess: 38
--- Cycle End ---

--- Cycle Start: 2026-02-21T18:45:30Z ---
Total proxies tested: 14716
Total healthy proxies: 5083

Healthy proxies by type:
- Ss: 5061
- Vmess: 22
--- Cycle End ---

--- Cycle Start: 2026-02-21T20:34:13Z ---
Total proxies tested: 14686
Total healthy proxies: 5026

Healthy proxies by type:
- Ss: 5006
- Vmess: 20
--- Cycle End ---

--- Cycle Start: 2026-02-21T22:32:49Z ---
Total proxies tested: 15032
Total healthy proxies: 5080

Healthy proxies by type:
- Ss: 5059
- Vmess: 21
--- Cycle End ---

--- Cycle Start: 2026-02-22T02:43:56Z ---
Total proxies tested: 14598
Total healthy proxies: 5037

Healthy proxies by type:
- Ss: 5006
- Vmess: 31
--- Cycle End ---

--- Cycle Start: 2026-02-22T05:20:14Z ---
Total proxies tested: 15238
Total healthy proxies: 5150

Healthy proxies by type:
- Ss: 5127
- Vmess: 23
--- Cycle End ---

--- Cycle Start: 2026-02-22T06:59:08Z ---
Total proxies tested: 15238
Total healthy proxies: 5175

Healthy proxies by type:
- Ss: 5151
- Vmess: 24
--- Cycle End ---

--- Cycle Start: 2026-02-22T08:42:10Z ---
Total proxies tested: 14613
Total healthy proxies: 5106

Healthy proxies by type:
- Ss: 5081
- Vmess: 25
--- Cycle End ---

--- Cycle Start: 2026-02-22T10:33:53Z ---
Total proxies tested: 14432
Total healthy proxies: 5059

Healthy proxies by type:
- Ss: 5037
- Vmess: 22
--- Cycle End ---

--- Cycle Start: 2026-02-22T13:04:14Z ---
Total proxies tested: 14040
Total healthy proxies: 5063

Healthy proxies by type:
- Ss: 5043
- Vmess: 20
--- Cycle End ---

--- Cycle Start: 2026-02-22T14:34:38Z ---
Total proxies tested: 14040
Total healthy proxies: 5051

Healthy proxies by type:
- Ss: 5031
- Vmess: 20
--- Cycle End ---

--- Cycle Start: 2026-02-22T16:39:51Z ---
Total proxies tested: 14179
Total healthy proxies: 5100

Healthy proxies by type:
- Ss: 5072
- Vmess: 28
--- Cycle End ---

--- Cycle Start: 2026-02-22T18:46:34Z ---
Total proxies tested: 14179
Total healthy proxies: 4860

Healthy proxies by type:
- Ss: 4840
- Vmess: 20
--- Cycle End ---

--- Cycle Start: 2026-02-22T20:35:54Z ---
Total proxies tested: 14190
Total healthy proxies: 4993

Healthy proxies by type:
- Ss: 4971
- Vmess: 22
--- Cycle End ---

--- Cycle Start: 2026-02-22T22:33:17Z ---
Total proxies tested: 14549
Total healthy proxies: 5042

Healthy proxies by type:
- Ss: 5014
- Vmess: 28
--- Cycle End ---

--- Cycle Start: 2026-02-23T02:44:26Z ---
Total proxies tested: 14855
Total healthy proxies: 5114

Healthy proxies by type:
- Vmess: 23
- Ss: 5091
--- Cycle End ---

--- Cycle Start: 2026-02-23T05:39:54Z ---
Total proxies tested: 15396
Total healthy proxies: 5246

Healthy proxies by type:
- Ss: 5219
- Vmess: 27
--- Cycle End ---

--- Cycle Start: 2026-02-23T07:15:17Z ---
Total proxies tested: 15396
Total healthy proxies: 5240

Healthy proxies by type:
- Ss: 5213
- Vmess: 27
--- Cycle End ---

--- Cycle Start: 2026-02-23T08:59:51Z ---
Total proxies tested: 15245
Total healthy proxies: 5186

Healthy proxies by type:
- Ss: 5160
- Vmess: 26
--- Cycle End ---

--- Cycle Start: 2026-02-23T10:57:14Z ---
Total proxies tested: 14902
Total healthy proxies: 5034

Healthy proxies by type:
- Ss: 5010
- Vmess: 24
--- Cycle End ---

--- Cycle Start: 2026-02-23T13:20:21Z ---
Total proxies tested: 14270
Total healthy proxies: 4964

Healthy proxies by type:
- Ss: 4941
- Vmess: 23
--- Cycle End ---

--- Cycle Start: 2026-02-23T14:55:59Z ---
Total proxies tested: 14270
Total healthy proxies: 4999

Healthy proxies by type:
- Ss: 4975
- Vmess: 24
--- Cycle End ---

--- Cycle Start: 2026-02-23T17:07:25Z ---
Total proxies tested: 14126
Total healthy proxies: 4926

Healthy proxies by type:
- Ss: 4904
- Vmess: 22
--- Cycle End ---

--- Cycle Start: 2026-02-23T19:14:27Z ---
Total proxies tested: 14126
Total healthy proxies: 4894

Healthy proxies by type:
- Ss: 4872
- Vmess: 22
--- Cycle End ---

--- Cycle Start: 2026-02-23T20:54:14Z ---
Total proxies tested: 14391
Total healthy proxies: 5069

Healthy proxies by type:
- Ss: 5045
- Vmess: 24
--- Cycle End ---

--- Cycle Start: 2026-02-23T22:51:15Z ---
Total proxies tested: 14703
Total healthy proxies: 5102

Healthy proxies by type:
- Ss: 5077
- Vmess: 25
--- Cycle End ---

--- Cycle Start: 2026-02-24T02:41:15Z ---
Total proxies tested: 15170
Total healthy proxies: 5116

Healthy proxies by type:
- Vmess: 23
- Ss: 5093
--- Cycle End ---

--- Cycle Start: 2026-02-24T05:25:28Z ---
Total proxies tested: 15866
Total healthy proxies: 5295

Healthy proxies by type:
- Ss: 5268
- Vmess: 27
--- Cycle End ---

--- Cycle Start: 2026-02-24T07:10:09Z ---
Total proxies tested: 15866
Total healthy proxies: 5256

Healthy proxies by type:
- Ss: 5229
- Vmess: 27
--- Cycle End ---

--- Cycle Start: 2026-02-24T08:59:21Z ---
Total proxies tested: 15625
Total healthy proxies: 5206

Healthy proxies by type:
- Ss: 5181
- Vmess: 25
--- Cycle End ---

--- Cycle Start: 2026-02-24T10:57:19Z ---
Total proxies tested: 15425
Total healthy proxies: 5235

Healthy proxies by type:
- Ss: 5209
- Vmess: 26
--- Cycle End ---

--- Cycle Start: 2026-02-24T13:21:55Z ---
Total proxies tested: 15234
Total healthy proxies: 5202

Healthy proxies by type:
- Ss: 5179
- Vmess: 23
--- Cycle End ---

--- Cycle Start: 2026-02-24T14:58:32Z ---
Total proxies tested: 15234
Total healthy proxies: 5178

Healthy proxies by type:
- Ss: 5156
- Vmess: 22
--- Cycle End ---

--- Cycle Start: 2026-02-24T17:18:21Z ---
Total proxies tested: 14830
Total healthy proxies: 5107

Healthy proxies by type:
- Ss: 5087
- Vmess: 20
--- Cycle End ---

--- Cycle Start: 2026-02-24T19:12:24Z ---
Total proxies tested: 14830
Total healthy proxies: 5147

Healthy proxies by type:
- Ss: 5127
- Vmess: 20
--- Cycle End ---

--- Cycle Start: 2026-02-24T20:44:52Z ---
Total proxies tested: 14913
Total healthy proxies: 5099

Healthy proxies by type:
- Ss: 5077
- Vmess: 22
--- Cycle End ---

--- Cycle Start: 2026-02-24T22:41:22Z ---
Total proxies tested: 15200
Total healthy proxies: 5165

Healthy proxies by type:
- Ss: 5143
- Vmess: 22
--- Cycle End ---

--- Cycle Start: 2026-02-25T02:42:05Z ---
Total proxies tested: 15559
Total healthy proxies: 4910

Healthy proxies by type:
- Ss: 4888
- Vmess: 22
--- Cycle End ---

--- Cycle Start: 2026-02-25T05:26:59Z ---
Total proxies tested: 15865
Total healthy proxies: 4948

Healthy proxies by type:
- Ss: 4925
- Vmess: 23
--- Cycle End ---

--- Cycle Start: 2026-02-25T07:11:52Z ---
Total proxies tested: 15865
Total healthy proxies: 4923

Healthy proxies by type:
- Ss: 4901
- Vmess: 22
--- Cycle End ---

--- Cycle Start: 2026-02-25T09:00:00Z ---
Total proxies tested: 15630
Total healthy proxies: 4880

Healthy proxies by type:
- Ss: 4855
- Vmess: 25
--- Cycle End ---

--- Cycle Start: 2026-02-25T10:58:07Z ---
Total proxies tested: 14702
Total healthy proxies: 4902

Healthy proxies by type:
- Ss: 4885
- Vmess: 17
--- Cycle End ---

--- Cycle Start: 2026-02-25T13:20:48Z ---
Total proxies tested: 14189
Total healthy proxies: 4904

Healthy proxies by type:
- Ss: 4890
- Vmess: 14
--- Cycle End ---

--- Cycle Start: 2026-02-25T14:57:46Z ---
Total proxies tested: 14189
Total healthy proxies: 4876

Healthy proxies by type:
- Vmess: 14
- Ss: 4862
--- Cycle End ---

--- Cycle Start: 2026-02-25T17:14:57Z ---
Total proxies tested: 13971
Total healthy proxies: 4903

Healthy proxies by type:
- Ss: 4889
- Vmess: 14
--- Cycle End ---

--- Cycle Start: 2026-02-25T19:16:00Z ---
Total proxies tested: 13971
Total healthy proxies: 4770

Healthy proxies by type:
- Ss: 4755
- Vmess: 15
--- Cycle End ---

--- Cycle Start: 2026-02-25T20:43:43Z ---
Total proxies tested: 14026
Total healthy proxies: 4909

Healthy proxies by type:
- Vmess: 17
- Ss: 4892
--- Cycle End ---

--- Cycle Start: 2026-02-25T22:41:49Z ---
Total proxies tested: 14221
Total healthy proxies: 4834

Healthy proxies by type:
- Ss: 4814
- Vmess: 20
--- Cycle End ---

--- Cycle Start: 2026-02-26T02:37:23Z ---
Total proxies tested: 14578
Total healthy proxies: 4948

Healthy proxies by type:
- Ss: 4926
- Vmess: 22
--- Cycle End ---

--- Cycle Start: 2026-02-26T05:24:21Z ---
Total proxies tested: 14679
Total healthy proxies: 4747

Healthy proxies by type:
- Ss: 4716
- Vmess: 31
--- Cycle End ---

--- Cycle Start: 2026-02-26T07:09:51Z ---
Total proxies tested: 14679
Total healthy proxies: 4793

Healthy proxies by type:
- Vmess: 31
- Ss: 4762
--- Cycle End ---

--- Cycle Start: 2026-02-26T10:55:48Z ---
Total proxies tested: 14218
Total healthy proxies: 4649

Healthy proxies by type:
- Ss: 4635
- Vmess: 14
--- Cycle End ---

--- Cycle Start: 2026-02-26T13:21:37Z ---
Total proxies tested: 14302
Total healthy proxies: 4593

Healthy proxies by type:
- Ss: 4577
- Vmess: 16
--- Cycle End ---

--- Cycle Start: 2026-02-26T14:55:30Z ---
Total proxies tested: 14302
Total healthy proxies: 4592

Healthy proxies by type:
- Ss: 4577
- Vmess: 15
--- Cycle End ---

--- Cycle Start: 2026-02-26T17:06:51Z ---
Total proxies tested: 14215
Total healthy proxies: 4561

Healthy proxies by type:
- Ss: 4547
- Vmess: 14
--- Cycle End ---

--- Cycle Start: 2026-02-26T19:04:59Z ---
Total proxies tested: 14215
Total healthy proxies: 4449

Healthy proxies by type:
- Ss: 4431
- Vmess: 18
--- Cycle End ---

--- Cycle Start: 2026-02-26T20:46:44Z ---
Total proxies tested: 14208
Total healthy proxies: 4508

Healthy proxies by type:
- Ss: 4490
- Vmess: 18
--- Cycle End ---

--- Cycle Start: 2026-02-26T22:41:22Z ---
Total proxies tested: 14009
Total healthy proxies: 4486

Healthy proxies by type:
- Ss: 4466
- Vmess: 20
--- Cycle End ---

--- Cycle Start: 2026-02-27T02:35:58Z ---
Total proxies tested: 13847
Total healthy proxies: 4484

Healthy proxies by type:
- Ss: 4465
- Vmess: 19
--- Cycle End ---

--- Cycle Start: 2026-02-27T05:19:01Z ---
Total proxies tested: 14260
Total healthy proxies: 4627

Healthy proxies by type:
- Ss: 4606
- Vmess: 21
--- Cycle End ---

--- Cycle Start: 2026-02-27T07:04:47Z ---
Total proxies tested: 14260
Total healthy proxies: 4544

Healthy proxies by type:
- Ss: 4524
- Vmess: 20
--- Cycle End ---

--- Cycle Start: 2026-02-27T08:52:53Z ---
Total proxies tested: 13481
Total healthy proxies: 4498

Healthy proxies by type:
- Ss: 4478
- Vmess: 20
--- Cycle End ---

--- Cycle Start: 2026-02-27T10:47:22Z ---
Total proxies tested: 13109
Total healthy proxies: 4451

Healthy proxies by type:
- Ss: 4434
- Vmess: 17
--- Cycle End ---

--- Cycle Start: 2026-02-27T13:13:00Z ---
Total proxies tested: 13033
Total healthy proxies: 4494

Healthy proxies by type:
- Ss: 4475
- Vmess: 19
--- Cycle End ---

--- Cycle Start: 2026-02-27T14:45:55Z ---
Total proxies tested: 13033
Total healthy proxies: 4482

Healthy proxies by type:
- Ss: 4462
- Vmess: 20
--- Cycle End ---

--- Cycle Start: 2026-02-27T16:50:57Z ---
Total proxies tested: 13268
Total healthy proxies: 4361

Healthy proxies by type:
- Ss: 4342
- Vmess: 19
--- Cycle End ---

--- Cycle Start: 2026-02-27T18:56:02Z ---
Total proxies tested: 13268
Total healthy proxies: 4299

Healthy proxies by type:
- Ss: 4280
- Vmess: 19
--- Cycle End ---

--- Cycle Start: 2026-02-27T20:36:37Z ---
Total proxies tested: 12977
Total healthy proxies: 4293

Healthy proxies by type:
- Vmess: 17
- Ss: 4276
--- Cycle End ---

--- Cycle Start: 2026-02-27T22:32:00Z ---
Total proxies tested: 13321
Total healthy proxies: 4283

Healthy proxies by type:
- Ss: 4265
- Vmess: 18
--- Cycle End ---

--- Cycle Start: 2026-02-28T02:25:14Z ---
Total proxies tested: 13547
Total healthy proxies: 4160

Healthy proxies by type:
- Ss: 4142
- Vmess: 18
--- Cycle End ---

--- Cycle Start: 2026-02-28T05:00:21Z ---
Total proxies tested: 14031
Total healthy proxies: 4225

Healthy proxies by type:
- Vmess: 20
- Ss: 4205
--- Cycle End ---

--- Cycle Start: 2026-02-28T06:50:21Z ---
Total proxies tested: 14031
Total healthy proxies: 4164

Healthy proxies by type:
- Ss: 4145
- Vmess: 19
--- Cycle End ---

--- Cycle Start: 2026-02-28T08:38:21Z ---
Total proxies tested: 13579
Total healthy proxies: 4086

Healthy proxies by type:
- Ss: 4065
- Vmess: 21
--- Cycle End ---

--- Cycle Start: 2026-02-28T10:31:41Z ---
Total proxies tested: 13675
Total healthy proxies: 4113

Healthy proxies by type:
- Ss: 4092
- Vmess: 21
--- Cycle End ---

--- Cycle Start: 2026-02-28T12:58:49Z ---
Total proxies tested: 13675
Total healthy proxies: 4094

Healthy proxies by type:
- Vmess: 16
- Ss: 4078
--- Cycle End ---

--- Cycle Start: 2026-02-28T14:30:07Z ---
Total proxies tested: 13411
Total healthy proxies: 4135

Healthy proxies by type:
- Ss: 4120
- Vmess: 15
--- Cycle End ---

--- Cycle Start: 2026-02-28T16:35:33Z ---
Total proxies tested: 13127
Total healthy proxies: 4145

Healthy proxies by type:
- Ss: 4121
- Vmess: 24
--- Cycle End ---

--- Cycle Start: 2026-02-28T18:42:15Z ---
Total proxies tested: 13127
Total healthy proxies: 4154

Healthy proxies by type:
- Ss: 4130
- Vmess: 24
--- Cycle End ---

--- Cycle Start: 2026-02-28T20:34:29Z ---
Total proxies tested: 13742
Total healthy proxies: 4320

Healthy proxies by type:
- Ss: 4296
- Vmess: 24
--- Cycle End ---

--- Cycle Start: 2026-02-28T22:30:51Z ---
Total proxies tested: 14022
Total healthy proxies: 4359

Healthy proxies by type:
- Ss: 4339
- Vmess: 20
--- Cycle End ---

--- Cycle Start: 2026-03-01T02:51:01Z ---
Total proxies tested: 14341
Total healthy proxies: 4373

Healthy proxies by type:
- Ss: 4350
- Vmess: 23
--- Cycle End ---

--- Cycle Start: 2026-03-01T05:21:13Z ---
Total proxies tested: 14341
Total healthy proxies: 4378

Healthy proxies by type:
- Ss: 4354
- Vmess: 24
--- Cycle End ---

--- Cycle Start: 2026-03-01T06:56:52Z ---
Total proxies tested: 14836
Total healthy proxies: 4463

Healthy proxies by type:
- Ss: 4436
- Vmess: 27
--- Cycle End ---

--- Cycle Start: 2026-03-01T08:40:35Z ---
Total proxies tested: 14768
Total healthy proxies: 4467

Healthy proxies by type:
- Ss: 4446
- Vmess: 21
--- Cycle End ---

--- Cycle Start: 2026-03-01T10:33:40Z ---
Total proxies tested: 14753
Total healthy proxies: 4442

Healthy proxies by type:
- Ss: 4422
- Vmess: 20
--- Cycle End ---

--- Cycle Start: 2026-03-01T13:02:05Z ---
Total proxies tested: 14753
Total healthy proxies: 4445

Healthy proxies by type:
- Ss: 4419
- Vmess: 26
--- Cycle End ---

--- Cycle Start: 2026-03-01T14:31:39Z ---
Total proxies tested: 14506
Total healthy proxies: 4461

Healthy proxies by type:
- Ss: 4436
- Vmess: 25
--- Cycle End ---

--- Cycle Start: 2026-03-01T16:38:05Z ---
Total proxies tested: 13971
Total healthy proxies: 4389

Healthy proxies by type:
- Ss: 4365
- Vmess: 24
--- Cycle End ---

--- Cycle Start: 2026-03-01T18:43:27Z ---
Total proxies tested: 13971
Total healthy proxies: 4389

Healthy proxies by type:
- Ss: 4364
- Vmess: 25
--- Cycle End ---

--- Cycle Start: 2026-03-01T20:35:58Z ---
Total proxies tested: 14680
Total healthy proxies: 4538

Healthy proxies by type:
- Ss: 4512
- Vmess: 26
--- Cycle End ---

--- Cycle Start: 2026-03-01T22:32:29Z ---
Total proxies tested: 14656
Total healthy proxies: 4548

Healthy proxies by type:
- Ss: 4528
- Vmess: 20
--- Cycle End ---

--- Cycle Start: 2026-03-02T02:38:42Z ---
Total proxies tested: 14906
Total healthy proxies: 4572

Healthy proxies by type:
- Vmess: 25
- Ss: 4547
--- Cycle End ---

--- Cycle Start: 2026-03-02T05:19:46Z ---
Total proxies tested: 14906
Total healthy proxies: 4545

Healthy proxies by type:
- Ss: 4520
- Vmess: 25
--- Cycle End ---

--- Cycle Start: 2026-03-02T07:08:24Z ---
Total proxies tested: 15591
Total healthy proxies: 4728

Healthy proxies by type:
- Ss: 4693
- Vmess: 35
--- Cycle End ---

--- Cycle Start: 2026-03-02T08:55:45Z ---
Total proxies tested: 15337
Total healthy proxies: 4575

Healthy proxies by type:
- Vmess: 34
- Ss: 4541
--- Cycle End ---

--- Cycle Start: 2026-03-02T10:53:03Z ---
Total proxies tested: 15152
Total healthy proxies: 4595

Healthy proxies by type:
- Ss: 4562
- Vmess: 33
--- Cycle End ---

--- Cycle Start: 2026-03-02T13:13:46Z ---
Total proxies tested: 15038
Total healthy proxies: 4533

Healthy proxies by type:
- Ss: 4509
- Vmess: 24
--- Cycle End ---

--- Cycle Start: 2026-03-02T14:51:40Z ---
Total proxies tested: 15038
Total healthy proxies: 4542

Healthy proxies by type:
- Ss: 4513
- Vmess: 29
--- Cycle End ---

--- Cycle Start: 2026-03-02T16:58:55Z ---
Total proxies tested: 15238
Total healthy proxies: 4600

Healthy proxies by type:
- Ss: 4559
- Vmess: 41
--- Cycle End ---

--- Cycle Start: 2026-03-02T18:59:44Z ---
Total proxies tested: 15238
Total healthy proxies: 4529

Healthy proxies by type:
- Ss: 4488
- Vmess: 41
--- Cycle End ---

--- Cycle Start: 2026-03-02T20:44:38Z ---
Total proxies tested: 15436
Total healthy proxies: 4583

Healthy proxies by type:
- Ss: 4540
- Vmess: 43
--- Cycle End ---

--- Cycle Start: 2026-03-02T22:35:11Z ---
Total proxies tested: 15689
Total healthy proxies: 4623

Healthy proxies by type:
- Ss: 4580
- Vmess: 43
--- Cycle End ---

--- Cycle Start: 2026-03-03T05:18:17Z ---
Total proxies tested: 16251
Total healthy proxies: 4675

Healthy proxies by type:
- Ss: 4633
- Vmess: 42
--- Cycle End ---

--- Cycle Start: 2026-03-03T07:02:38Z ---
Total proxies tested: 16251
Total healthy proxies: 4706

Healthy proxies by type:
- Ss: 4664
- Vmess: 42
--- Cycle End ---

--- Cycle Start: 2026-03-03T08:53:42Z ---
Total proxies tested: 15914
Total healthy proxies: 4628

Healthy proxies by type:
- Ss: 4594
- Vmess: 34
--- Cycle End ---

--- Cycle Start: 2026-03-03T10:51:18Z ---
Total proxies tested: 15522
Total healthy proxies: 4641

Healthy proxies by type:
- Ss: 4610
- Vmess: 31
--- Cycle End ---

--- Cycle Start: 2026-03-03T13:12:06Z ---
Total proxies tested: 15044
Total healthy proxies: 4703

Healthy proxies by type:
- Ss: 4686
- Vmess: 17
--- Cycle End ---

--- Cycle Start: 2026-03-03T14:53:01Z ---
Total proxies tested: 15044
Total healthy proxies: 4695

Healthy proxies by type:
- Ss: 4678
- Vmess: 17
--- Cycle End ---

--- Cycle Start: 2026-03-03T16:58:49Z ---
Total proxies tested: 15634
Total healthy proxies: 4750

Healthy proxies by type:
- Ss: 4728
- Vmess: 22
--- Cycle End ---

--- Cycle Start: 2026-03-03T19:01:58Z ---
Total proxies tested: 15634
Total healthy proxies: 4754

Healthy proxies by type:
- Vmess: 35
- Ss: 4719
--- Cycle End ---

--- Cycle Start: 2026-03-03T20:40:38Z ---
Total proxies tested: 15634
Total healthy proxies: 4773

Healthy proxies by type:
- Ss: 4739
- Vmess: 34
--- Cycle End ---

--- Cycle Start: 2026-03-03T22:37:59Z ---
Total proxies tested: 15870
Total healthy proxies: 4797

Healthy proxies by type:
- Vmess: 21
- Ss: 4776
--- Cycle End ---

--- Cycle Start: 2026-03-04T02:34:14Z ---
Total proxies tested: 16085
Total healthy proxies: 4812

Healthy proxies by type:
- Ss: 4790
- Vmess: 22
--- Cycle End ---

--- Cycle Start: 2026-03-04T05:13:40Z ---
Total proxies tested: 16255
Total healthy proxies: 4835

Healthy proxies by type:
- Ss: 4814
- Vmess: 21
--- Cycle End ---

--- Cycle Start: 2026-03-04T06:58:56Z ---
Total proxies tested: 16255
Total healthy proxies: 4855

Healthy proxies by type:
- Ss: 4831
- Vmess: 24
--- Cycle End ---

--- Cycle Start: 2026-03-04T08:50:51Z ---
Total proxies tested: 15727
Total healthy proxies: 4788

Healthy proxies by type:
- Ss: 4757
- Vmess: 31
--- Cycle End ---

--- Cycle Start: 2026-03-04T10:44:58Z ---
Total proxies tested: 15670
Total healthy proxies: 4765

Healthy proxies by type:
- Ss: 4743
- Vmess: 22
--- Cycle End ---

--- Cycle Start: 2026-03-04T14:43:44Z ---
Total proxies tested: 15472
Total healthy proxies: 4735

Healthy proxies by type:
- Ss: 4715
- Vmess: 20
--- Cycle End ---

--- Cycle Start: 2026-03-04T16:56:46Z ---
Total proxies tested: 15855
Total healthy proxies: 4758

Healthy proxies by type:
- Ss: 4735
- Vmess: 23
--- Cycle End ---

--- Cycle Start: 2026-03-04T19:01:01Z ---
Total proxies tested: 15855
Total healthy proxies: 4782

Healthy proxies by type:
- Ss: 4759
- Vmess: 23
--- Cycle End ---

--- Cycle Start: 2026-03-04T20:39:57Z ---
Total proxies tested: 15801
Total healthy proxies: 4823

Healthy proxies by type:
- Ss: 4802
- Vmess: 21
--- Cycle End ---

--- Cycle Start: 2026-03-04T22:40:06Z ---
Total proxies tested: 16062
Total healthy proxies: 4856

Healthy proxies by type:
- Ss: 4838
- Vmess: 18
--- Cycle End ---

--- Cycle Start: 2026-03-05T02:36:53Z ---
Total proxies tested: 16381
Total healthy proxies: 4852

Healthy proxies by type:
- Ss: 4834
- Vmess: 18
--- Cycle End ---

--- Cycle Start: 2026-03-05T05:16:48Z ---
Total proxies tested: 12158
Total healthy proxies: 4966

Healthy proxies by type:
- Ss: 4944
- Vmess: 22
--- Cycle End ---

--- Cycle Start: 2026-03-05T07:02:22Z ---
Total proxies tested: 12158
Total healthy proxies: 4933

Healthy proxies by type:
- Ss: 4912
- Vmess: 21
--- Cycle End ---

--- Cycle Start: 2026-03-05T08:54:47Z ---
Total proxies tested: 13014
Total healthy proxies: 4893

Healthy proxies by type:
- Ss: 4872
- Vmess: 21
--- Cycle End ---

--- Cycle Start: 2026-03-05T10:51:15Z ---
Total proxies tested: 13171
Total healthy proxies: 4894

Healthy proxies by type:
- Ss: 4872
- Vmess: 22
--- Cycle End ---

--- Cycle Start: 2026-03-05T13:14:59Z ---
Total proxies tested: 13376
Total healthy proxies: 4934

Healthy proxies by type:
- Ss: 4911
- Vmess: 23
--- Cycle End ---

--- Cycle Start: 2026-03-05T14:54:38Z ---
Total proxies tested: 13376
Total healthy proxies: 4930

Healthy proxies by type:
- Ss: 4908
- Vmess: 22
--- Cycle End ---

--- Cycle Start: 2026-03-05T18:11:48Z ---
Total proxies tested: 13826
Total healthy proxies: 4946

Healthy proxies by type:
- Ss: 4917
- Vmess: 29
--- Cycle End ---

--- Cycle Start: 2026-03-05T20:45:07Z ---
Total proxies tested: 13900
Total healthy proxies: 4948

Healthy proxies by type:
- Ss: 4921
- Vmess: 27
--- Cycle End ---

--- Cycle Start: 2026-03-05T22:40:14Z ---
Total proxies tested: 14134
Total healthy proxies: 4948

Healthy proxies by type:
- Ss: 4920
- Vmess: 28
--- Cycle End ---

--- Cycle Start: 2026-03-06T02:35:26Z ---
Total proxies tested: 14530
Total healthy proxies: 4978

Healthy proxies by type:
- Ss: 4950
- Vmess: 28
--- Cycle End ---

--- Cycle Start: 2026-03-06T05:14:24Z ---
Total proxies tested: 15116
Total healthy proxies: 5025

Healthy proxies by type:
- Ss: 4995
- Vmess: 30
--- Cycle End ---

--- Cycle Start: 2026-03-06T07:00:39Z ---
Total proxies tested: 15116
Total healthy proxies: 5028

Healthy proxies by type:
- Ss: 5002
- Vmess: 26
--- Cycle End ---

--- Cycle Start: 2026-03-06T08:48:56Z ---
Total proxies tested: 14995
Total healthy proxies: 4997

Healthy proxies by type:
- Ss: 4966
- Vmess: 31
--- Cycle End ---

--- Cycle Start: 2026-03-06T10:44:18Z ---
Total proxies tested: 15111
Total healthy proxies: 5003

Healthy proxies by type:
- Ss: 4974
- Vmess: 29
--- Cycle End ---

--- Cycle Start: 2026-03-06T13:10:23Z ---
Total proxies tested: 14991
Total healthy proxies: 4975

Healthy proxies by type:
- Ss: 4949
- Vmess: 26
--- Cycle End ---

--- Cycle Start: 2026-03-06T14:44:08Z ---
Total proxies tested: 14991
Total healthy proxies: 4971

Healthy proxies by type:
- Vmess: 24
- Ss: 4947
--- Cycle End ---

--- Cycle Start: 2026-03-06T16:52:58Z ---
Total proxies tested: 14605
Total healthy proxies: 4928

Healthy proxies by type:
- Ss: 4906
- Vmess: 22
--- Cycle End ---

--- Cycle Start: 2026-03-06T18:59:15Z ---
Total proxies tested: 14605
Total healthy proxies: 4416

Healthy proxies by type:
- Ss: 4394
- Vmess: 22
--- Cycle End ---

--- Cycle Start: 2026-03-06T20:40:22Z ---
Total proxies tested: 13307
Total healthy proxies: 3936

Healthy proxies by type:
- Vmess: 22
- Ss: 3914
--- Cycle End ---

--- Cycle Start: 2026-03-06T22:36:57Z ---
Total proxies tested: 14011
Total healthy proxies: 4113

Healthy proxies by type:
- Ss: 4091
- Vmess: 22
--- Cycle End ---

--- Cycle Start: 2026-03-07T02:28:27Z ---
Total proxies tested: 14011
Total healthy proxies: 4082

Healthy proxies by type:
- Ss: 4061
- Vmess: 21
--- Cycle End ---

--- Cycle Start: 2026-03-07T05:04:35Z ---
Total proxies tested: 14618
Total healthy proxies: 4171

Healthy proxies by type:
- Ss: 4144
- Vmess: 27
--- Cycle End ---

--- Cycle Start: 2026-03-07T06:53:04Z ---
Total proxies tested: 14618
Total healthy proxies: 4147

Healthy proxies by type:
- Ss: 4125
- Vmess: 22
--- Cycle End ---

--- Cycle Start: 2026-03-07T08:40:21Z ---
Total proxies tested: 14458
Total healthy proxies: 4162

Healthy proxies by type:
- Ss: 4134
- Vmess: 28
--- Cycle End ---

--- Cycle Start: 2026-03-07T10:32:04Z ---
Total proxies tested: 14442
Total healthy proxies: 4155

Healthy proxies by type:
- Ss: 4126
- Vmess: 29
--- Cycle End ---

--- Cycle Start: 2026-03-07T13:01:14Z ---
Total proxies tested: 14442
Total healthy proxies: 4164

Healthy proxies by type:
- Ss: 4136
- Vmess: 28
--- Cycle End ---

--- Cycle Start: 2026-03-07T14:31:39Z ---
Total proxies tested: 14204
Total healthy proxies: 4127

Healthy proxies by type:
- Vmess: 26
- Ss: 4101
--- Cycle End ---

--- Cycle Start: 2026-03-07T16:37:03Z ---
Total proxies tested: 14653
Total healthy proxies: 4185

Healthy proxies by type:
- Ss: 4154
- Vmess: 31
--- Cycle End ---

--- Cycle Start: 2026-03-07T18:43:42Z ---
Total proxies tested: 14653
Total healthy proxies: 4179

Healthy proxies by type:
- Ss: 4148
- Vmess: 31
--- Cycle End ---

--- Cycle Start: 2026-03-07T20:34:18Z ---
Total proxies tested: 14581
Total healthy proxies: 4170

Healthy proxies by type:
- Ss: 4142
- Vmess: 28
--- Cycle End ---

--- Cycle Start: 2026-03-07T22:31:30Z ---
Total proxies tested: 14783
Total healthy proxies: 4178

Healthy proxies by type:
- Ss: 4149
- Vmess: 29
--- Cycle End ---

--- Cycle Start: 2026-03-08T02:41:09Z ---
Total proxies tested: 14687
Total healthy proxies: 4136

Healthy proxies by type:
- Ss: 4108
- Vmess: 28
--- Cycle End ---

--- Cycle Start: 2026-03-08T05:13:59Z ---
Total proxies tested: 15221
Total healthy proxies: 4217

Healthy proxies by type:
- Ss: 4185
- Vmess: 32
--- Cycle End ---

--- Cycle Start: 2026-03-08T06:54:45Z ---
Total proxies tested: 15221
Total healthy proxies: 4219

Healthy proxies by type:
- Ss: 4186
- Vmess: 33
--- Cycle End ---

--- Cycle Start: 2026-03-08T10:33:21Z ---
Total proxies tested: 15010
Total healthy proxies: 4185

Healthy proxies by type:
- Ss: 4155
- Vmess: 30
--- Cycle End ---

--- Cycle Start: 2026-03-08T13:02:32Z ---
Total proxies tested: 14619
Total healthy proxies: 4202

Healthy proxies by type:
- Ss: 4170
- Vmess: 32
--- Cycle End ---

--- Cycle Start: 2026-03-08T14:32:27Z ---
Total proxies tested: 14619
Total healthy proxies: 4204

Healthy proxies by type:
- Ss: 4173
- Vmess: 31
--- Cycle End ---

--- Cycle Start: 2026-03-08T16:38:25Z ---
Total proxies tested: 14620
Total healthy proxies: 4223

Healthy proxies by type:
- Ss: 4192
- Vmess: 31
--- Cycle End ---

--- Cycle Start: 2026-03-08T18:44:22Z ---
Total proxies tested: 14620
Total healthy proxies: 4224

Healthy proxies by type:
- Vmess: 31
- Ss: 4193
--- Cycle End ---

--- Cycle Start: 2026-03-08T20:35:49Z ---
Total proxies tested: 14591
Total healthy proxies: 4246

Healthy proxies by type:
- Ss: 4216
- Vmess: 30
--- Cycle End ---

--- Cycle Start: 2026-03-08T22:32:19Z ---
Total proxies tested: 14870
Total healthy proxies: 4263

Healthy proxies by type:
- Ss: 4234
- Vmess: 29
--- Cycle End ---

--- Cycle Start: 2026-03-09T02:42:46Z ---
Total proxies tested: 15163
Total healthy proxies: 4255

Healthy proxies by type:
- Vmess: 29
- Ss: 4226
--- Cycle End ---

--- Cycle Start: 2026-03-09T05:23:28Z ---
Total proxies tested: 15163
Total healthy proxies: 4240

Healthy proxies by type:
- Vmess: 29
- Ss: 4211
--- Cycle End ---

--- Cycle Start: 2026-03-09T07:11:56Z ---
Total proxies tested: 15593
Total healthy proxies: 4327

Healthy proxies by type:
- Ss: 4293
- Vmess: 34
--- Cycle End ---

--- Cycle Start: 2026-03-09T08:55:38Z ---
Total proxies tested: 15249
Total healthy proxies: 4294

Healthy proxies by type:
- Ss: 4260
- Vmess: 34
--- Cycle End ---

--- Cycle Start: 2026-03-09T10:54:27Z ---
Total proxies tested: 15333
Total healthy proxies: 4312

Healthy proxies by type:
- Ss: 4280
- Vmess: 32
--- Cycle End ---

--- Cycle Start: 2026-03-09T13:18:20Z ---
Total proxies tested: 15051
Total healthy proxies: 4265

Healthy proxies by type:
- Ss: 4239
- Vmess: 26
--- Cycle End ---

--- Cycle Start: 2026-03-09T14:59:21Z ---
Total proxies tested: 15051
Total healthy proxies: 4278

Healthy proxies by type:
- Ss: 4245
- Vmess: 33
--- Cycle End ---

--- Cycle Start: 2026-03-09T19:02:48Z ---
Total proxies tested: 15517
Total healthy proxies: 4322

Healthy proxies by type:
- Ss: 4287
- Vmess: 35
--- Cycle End ---

--- Cycle Start: 2026-03-09T20:42:47Z ---
Total proxies tested: 15541
Total healthy proxies: 4339

Healthy proxies by type:
- Vmess: 36
- Ss: 4303
--- Cycle End ---

--- Cycle Start: 2026-03-09T22:37:39Z ---
Total proxies tested: 15796
Total healthy proxies: 4381

Healthy proxies by type:
- Ss: 4344
- Vmess: 37
--- Cycle End ---

--- Cycle Start: 2026-03-10T02:33:39Z ---
Total proxies tested: 15984
Total healthy proxies: 4386

Healthy proxies by type:
- Ss: 4351
- Vmess: 35
--- Cycle End ---

--- Cycle Start: 2026-03-10T05:14:41Z ---
Total proxies tested: 16486
Total healthy proxies: 4477

Healthy proxies by type:
- Ss: 4437
- Vmess: 40
--- Cycle End ---

--- Cycle Start: 2026-03-10T07:01:10Z ---
Total proxies tested: 16486
Total healthy proxies: 4485

Healthy proxies by type:
- Ss: 4446
- Vmess: 39
--- Cycle End ---

--- Cycle Start: 2026-03-10T08:55:10Z ---
Total proxies tested: 16357
Total healthy proxies: 4402

Healthy proxies by type:
- Ss: 4368
- Vmess: 34
--- Cycle End ---

--- Cycle Start: 2026-03-10T10:51:26Z ---
Total proxies tested: 16380
Total healthy proxies: 4452

Healthy proxies by type:
- Ss: 4409
- Vmess: 43
--- Cycle End ---

--- Cycle Start: 2026-03-10T13:16:22Z ---
Total proxies tested: 16323
Total healthy proxies: 4377

Healthy proxies by type:
- Ss: 4352
- Vmess: 25
--- Cycle End ---

--- Cycle Start: 2026-03-10T17:02:02Z ---
Total proxies tested: 16723
Total healthy proxies: 4446

Healthy proxies by type:
- Vmess: 40
- Ss: 4406
--- Cycle End ---

--- Cycle Start: 2026-03-10T19:00:24Z ---
Total proxies tested: 16723
Total healthy proxies: 4425

Healthy proxies by type:
- Ss: 4385
- Vmess: 40
--- Cycle End ---

--- Cycle Start: 2026-03-10T20:42:46Z ---
Total proxies tested: 16745
Total healthy proxies: 4484

Healthy proxies by type:
- Ss: 4443
- Vmess: 41
--- Cycle End ---

--- Cycle Start: 2026-03-10T22:36:41Z ---
Total proxies tested: 16932
Total healthy proxies: 4476

Healthy proxies by type:
- Ss: 4436
- Vmess: 40
--- Cycle End ---

--- Cycle Start: 2026-03-11T02:33:11Z ---
Total proxies tested: 16892
Total healthy proxies: 4492

Healthy proxies by type:
- Ss: 4452
- Vmess: 40
--- Cycle End ---

--- Cycle Start: 2026-03-11T05:16:29Z ---
Total proxies tested: 17255
Total healthy proxies: 4550

Healthy proxies by type:
- Ss: 4506
- Vmess: 44
--- Cycle End ---

--- Cycle Start: 2026-03-11T07:04:27Z ---
Total proxies tested: 17255
Total healthy proxies: 4548

Healthy proxies by type:
- Ss: 4505
- Vmess: 43
--- Cycle End ---

--- Cycle Start: 2026-03-11T10:51:23Z ---
Total proxies tested: 17024
Total healthy proxies: 4561

Healthy proxies by type:
- Ss: 4515
- Vmess: 46
--- Cycle End ---

--- Cycle Start: 2026-03-11T13:16:01Z ---
Total proxies tested: 17037
Total healthy proxies: 4545

Healthy proxies by type:
- Ss: 4503
- Vmess: 42
--- Cycle End ---

--- Cycle Start: 2026-03-11T14:55:59Z ---
Total proxies tested: 17037
Total healthy proxies: 4563

Healthy proxies by type:
- Ss: 4520
- Vmess: 43
--- Cycle End ---

--- Cycle Start: 2026-03-11T17:02:04Z ---
Total proxies tested: 17218
Total healthy proxies: 4563

Healthy proxies by type:
- Ss: 4516
- Vmess: 47
--- Cycle End ---

--- Cycle Start: 2026-03-11T19:02:38Z ---
Total proxies tested: 17218
Total healthy proxies: 4568

Healthy proxies by type:
- Ss: 4524
- Vmess: 44
--- Cycle End ---

--- Cycle Start: 2026-03-11T20:42:15Z ---
Total proxies tested: 17328
Total healthy proxies: 4567

Healthy proxies by type:
- Vmess: 47
- Ss: 4520
--- Cycle End ---

--- Cycle Start: 2026-03-11T22:34:36Z ---
Total proxies tested: 17389
Total healthy proxies: 4628

Healthy proxies by type:
- Ss: 4583
- Vmess: 45
--- Cycle End ---

--- Cycle Start: 2026-03-12T02:39:06Z ---
Total proxies tested: 17334
Total healthy proxies: 4648

Healthy proxies by type:
- Ss: 4604
- Vmess: 44
--- Cycle End ---

--- Cycle Start: 2026-03-12T07:06:29Z ---
Total proxies tested: 17467
Total healthy proxies: 4762

Healthy proxies by type:
- Ss: 4717
- Vmess: 45
--- Cycle End ---

--- Cycle Start: 2026-03-12T08:55:02Z ---
Total proxies tested: 16777
Total healthy proxies: 4727

Healthy proxies by type:
- Vmess: 45
- Ss: 4682
--- Cycle End ---

--- Cycle Start: 2026-03-12T10:50:27Z ---
Total proxies tested: 16671
Total healthy proxies: 4747

Healthy proxies by type:
- Ss: 4702
- Vmess: 45
--- Cycle End ---

--- Cycle Start: 2026-03-12T13:16:02Z ---
Total proxies tested: 16383
Total healthy proxies: 4813

Healthy proxies by type:
- Ss: 4767
- Vmess: 46
--- Cycle End ---

--- Cycle Start: 2026-03-12T14:58:07Z ---
Total proxies tested: 16383
Total healthy proxies: 4793

Healthy proxies by type:
- Ss: 4747
- Vmess: 46
--- Cycle End ---

--- Cycle Start: 2026-03-12T17:04:48Z ---
Total proxies tested: 16636
Total healthy proxies: 4842

Healthy proxies by type:
- Ss: 4794
- Vmess: 48
--- Cycle End ---

--- Cycle Start: 2026-03-12T19:04:05Z ---
Total proxies tested: 16636
Total healthy proxies: 4831

Healthy proxies by type:
- Ss: 4783
- Vmess: 48
--- Cycle End ---

--- Cycle Start: 2026-03-12T20:44:02Z ---
Total proxies tested: 16859
Total healthy proxies: 4844

Healthy proxies by type:
- Ss: 4798
- Vmess: 46
--- Cycle End ---

--- Cycle Start: 2026-03-12T22:34:36Z ---
Total proxies tested: 17274
Total healthy proxies: 4930

Healthy proxies by type:
- Ss: 4888
- Vmess: 42
--- Cycle End ---

--- Cycle Start: 2026-03-13T02:36:56Z ---
Total proxies tested: 17633
Total healthy proxies: 4933

Healthy proxies by type:
- Ss: 4891
- Vmess: 42
--- Cycle End ---

--- Cycle Start: 2026-03-13T05:17:33Z ---
Total proxies tested: 17725
Total healthy proxies: 4948

Healthy proxies by type:
- Ss: 4904
- Vmess: 44
--- Cycle End ---

--- Cycle Start: 2026-03-13T07:05:00Z ---
Total proxies tested: 17725
Total healthy proxies: 4949

Healthy proxies by type:
- Ss: 4905
- Vmess: 44
--- Cycle End ---

--- Cycle Start: 2026-03-13T08:52:42Z ---
Total proxies tested: 17460
Total healthy proxies: 4933

Healthy proxies by type:
- Ss: 4887
- Vmess: 46
--- Cycle End ---

--- Cycle Start: 2026-03-13T10:46:06Z ---
Total proxies tested: 17510
Total healthy proxies: 5039

Healthy proxies by type:
- Ss: 4992
- Vmess: 47
--- Cycle End ---

--- Cycle Start: 2026-03-13T13:14:02Z ---
Total proxies tested: 17510
Total healthy proxies: 5005

Healthy proxies by type:
- Ss: 4966
- Vmess: 39
--- Cycle End ---

--- Cycle Start: 2026-03-13T14:52:15Z ---
Total proxies tested: 17366
Total healthy proxies: 5020

Healthy proxies by type:
- Ss: 4970
- Vmess: 50
--- Cycle End ---

--- Cycle Start: 2026-03-13T16:51:51Z ---
Total proxies tested: 17253
Total healthy proxies: 5144

Healthy proxies by type:
- Ss: 5089
- Vmess: 55
--- Cycle End ---

--- Cycle Start: 2026-03-13T18:54:11Z ---
Total proxies tested: 17253
Total healthy proxies: 5110

Healthy proxies by type:
- Ss: 5055
- Vmess: 55
--- Cycle End ---

--- Cycle Start: 2026-03-13T20:44:02Z ---
Total proxies tested: 17546
Total healthy proxies: 5127

Healthy proxies by type:
- Ss: 5072
- Vmess: 55
--- Cycle End ---

--- Cycle Start: 2026-03-13T22:35:49Z ---
Total proxies tested: 17844
Total healthy proxies: 5163

Healthy proxies by type:
- Ss: 5107
- Vmess: 56
--- Cycle End ---

--- Cycle Start: 2026-03-14T02:35:00Z ---
Total proxies tested: 18248
Total healthy proxies: 5164

Healthy proxies by type:
- Ss: 5108
- Vmess: 56
--- Cycle End ---

--- Cycle Start: 2026-03-14T05:16:31Z ---
Total proxies tested: 20235
Total healthy proxies: 5485

Healthy proxies by type:
- Ss: 5426
- Vmess: 59
--- Cycle End ---

--- Cycle Start: 2026-03-14T06:59:38Z ---
Total proxies tested: 20235
Total healthy proxies: 5465

Healthy proxies by type:
- Ss: 5406
- Vmess: 59
--- Cycle End ---

--- Cycle Start: 2026-03-14T08:45:02Z ---
Total proxies tested: 20900
Total healthy proxies: 5647

Healthy proxies by type:
- Ss: 5592
- Vmess: 55
--- Cycle End ---

--- Cycle Start: 2026-03-14T10:38:05Z ---
Total proxies tested: 21172
Total healthy proxies: 5791

Healthy proxies by type:
- Ss: 5739
- Vmess: 52
--- Cycle End ---

--- Cycle Start: 2026-03-14T13:07:30Z ---
Total proxies tested: 21172
Total healthy proxies: 5809

Healthy proxies by type:
- Vmess: 53
- Ss: 5756
--- Cycle End ---

--- Cycle Start: 2026-03-14T14:38:31Z ---
Total proxies tested: 21541
Total healthy proxies: 5900

Healthy proxies by type:
- Vmess: 36
- Ss: 5864
--- Cycle End ---

--- Cycle Start: 2026-03-14T16:41:16Z ---
Total proxies tested: 21665
Total healthy proxies: 6118

Healthy proxies by type:
- Ss: 6081
- Vmess: 37
--- Cycle End ---

--- Cycle Start: 2026-03-14T18:51:21Z ---
Total proxies tested: 21665
Total healthy proxies: 6120

Healthy proxies by type:
- Ss: 6083
- Vmess: 37
--- Cycle End ---

--- Cycle Start: 2026-03-14T20:38:26Z ---
Total proxies tested: 22582
Total healthy proxies: 6343

Healthy proxies by type:
- Ss: 6303
- Vmess: 40
--- Cycle End ---

--- Cycle Start: 2026-03-14T22:35:52Z ---
Total proxies tested: 23444
Total healthy proxies: 6515

Healthy proxies by type:
- Ss: 6477
- Vmess: 38
--- Cycle End ---

--- Cycle Start: 2026-03-15T02:56:51Z ---
Total proxies tested: 24024
Total healthy proxies: 6651

Healthy proxies by type:
- Ss: 6613
- Vmess: 38
--- Cycle End ---

--- Cycle Start: 2026-03-15T05:42:03Z ---
Total proxies tested: 24015
Total healthy proxies: 6637

Healthy proxies by type:
- Ss: 6597
- Vmess: 40
--- Cycle End ---

--- Cycle Start: 2026-03-15T07:09:07Z ---
Total proxies tested: 24015
Total healthy proxies: 6618

Healthy proxies by type:
- Ss: 6576
- Vmess: 42
--- Cycle End ---

--- Cycle Start: 2026-03-15T08:48:18Z ---
Total proxies tested: 24745
Total healthy proxies: 6747

Healthy proxies by type:
- Ss: 6705
- Vmess: 42
--- Cycle End ---

--- Cycle Start: 2026-03-15T10:40:14Z ---
Total proxies tested: 24887
Total healthy proxies: 6918

Healthy proxies by type:
- Ss: 6883
- Vmess: 35
--- Cycle End ---

--- Cycle Start: 2026-03-15T13:08:43Z ---
Total proxies tested: 24887
Total healthy proxies: 6915

Healthy proxies by type:
- Vmess: 37
- Ss: 6878
--- Cycle End ---

--- Cycle Start: 2026-03-15T14:39:32Z ---
Total proxies tested: 24867
Total healthy proxies: 7021

Healthy proxies by type:
- Ss: 6980
- Vmess: 41
--- Cycle End ---

--- Cycle Start: 2026-03-15T16:42:22Z ---
Total proxies tested: 25153
Total healthy proxies: 7147

Healthy proxies by type:
- Ss: 7120
- Vmess: 27
--- Cycle End ---

--- Cycle Start: 2026-03-15T18:52:59Z ---
Total proxies tested: 25153
Total healthy proxies: 7158

Healthy proxies by type:
- Ss: 7130
- Vmess: 28
--- Cycle End ---

--- Cycle Start: 2026-03-15T22:37:47Z ---
Total proxies tested: 26459
Total healthy proxies: 7405

Healthy proxies by type:
- Vmess: 29
- Ss: 7376
--- Cycle End ---

--- Cycle Start: 2026-03-16T02:57:32Z ---
Total proxies tested: 27112
Total healthy proxies: 7374

Healthy proxies by type:
- Ss: 7349
- Vmess: 25
--- Cycle End ---

--- Cycle Start: 2026-03-16T05:54:51Z ---
Total proxies tested: 27832
Total healthy proxies: 7529

Healthy proxies by type:
- Ss: 7496
- Vmess: 33
--- Cycle End ---

--- Cycle Start: 2026-03-16T07:30:34Z ---
Total proxies tested: 27832
Total healthy proxies: 7501

Healthy proxies by type:
- Ss: 7468
- Vmess: 33
--- Cycle End ---

--- Cycle Start: 2026-03-16T09:07:48Z ---
Total proxies tested: 27266
Total healthy proxies: 7462

Healthy proxies by type:
- Ss: 7432
- Vmess: 30
--- Cycle End ---

--- Cycle Start: 2026-03-16T11:03:18Z ---
Total proxies tested: 26512
Total healthy proxies: 7610

Healthy proxies by type:
- Ss: 7581
- Vmess: 29
--- Cycle End ---

--- Cycle Start: 2026-03-16T13:29:28Z ---
Total proxies tested: 26512
Total healthy proxies: 7639

Healthy proxies by type:
- Ss: 7611
- Vmess: 28
--- Cycle End ---

--- Cycle Start: 2026-03-16T15:09:52Z ---
Total proxies tested: 26356
Total healthy proxies: 7603

Healthy proxies by type:
- Ss: 7574
- Vmess: 29
--- Cycle End ---

--- Cycle Start: 2026-03-16T17:12:04Z ---
Total proxies tested: 25679
Total healthy proxies: 7581

Healthy proxies by type:
- Ss: 7550
- Vmess: 31
--- Cycle End ---

--- Cycle Start: 2026-03-16T19:15:38Z ---
Total proxies tested: 25679
Total healthy proxies: 7534

Healthy proxies by type:
- Ss: 7503
- Vmess: 31
--- Cycle End ---

--- Cycle Start: 2026-03-16T20:48:32Z ---
Total proxies tested: 25574
Total healthy proxies: 7528

Healthy proxies by type:
- Ss: 7497
- Vmess: 31
--- Cycle End ---

--- Cycle Start: 2026-03-16T22:43:20Z ---
Total proxies tested: 25547
Total healthy proxies: 7546

Healthy proxies by type:
- Ss: 7515
- Vmess: 31
--- Cycle End ---

--- Cycle Start: 2026-03-17T02:39:56Z ---
Total proxies tested: 24969
Total healthy proxies: 7353

Healthy proxies by type:
- Ss: 7322
- Vmess: 31
--- Cycle End ---

--- Cycle Start: 2026-03-17T05:27:01Z ---
Total proxies tested: 24991
Total healthy proxies: 7390

Healthy proxies by type:
- Ss: 7357
- Vmess: 33
--- Cycle End ---

--- Cycle Start: 2026-03-17T07:15:33Z ---
Total proxies tested: 24991
Total healthy proxies: 7387

Healthy proxies by type:
- Ss: 7354
- Vmess: 33
--- Cycle End ---

--- Cycle Start: 2026-03-17T09:02:48Z ---
Total proxies tested: 24538
Total healthy proxies: 7359

Healthy proxies by type:
- Ss: 7328
- Vmess: 31
--- Cycle End ---

--- Cycle Start: 2026-03-17T10:59:28Z ---
Total proxies tested: 24059
Total healthy proxies: 7480

Healthy proxies by type:
- Ss: 7447
- Vmess: 33
--- Cycle End ---

--- Cycle Start: 2026-03-17T13:27:39Z ---
Total proxies tested: 24059
Total healthy proxies: 7775

Healthy proxies by type:
- Ss: 7742
- Vmess: 33
--- Cycle End ---

--- Cycle Start: 2026-03-17T15:06:29Z ---
Total proxies tested: 22794
Total healthy proxies: 7750

Healthy proxies by type:
- Ss: 7718
- Vmess: 32
--- Cycle End ---

--- Cycle Start: 2026-03-17T17:12:25Z ---
Total proxies tested: 22593
Total healthy proxies: 7733

Healthy proxies by type:
- Vmess: 29
- Ss: 7704
--- Cycle End ---

--- Cycle Start: 2026-03-17T19:13:41Z ---
Total proxies tested: 22593
Total healthy proxies: 7682

Healthy proxies by type:
- Ss: 7653
- Vmess: 29
--- Cycle End ---

--- Cycle Start: 2026-03-17T20:50:38Z ---
Total proxies tested: 22701
Total healthy proxies: 7680

Healthy proxies by type:
- Ss: 7650
- Vmess: 30
--- Cycle End ---

--- Cycle Start: 2026-03-17T22:42:43Z ---
Total proxies tested: 22771
Total healthy proxies: 7714

Healthy proxies by type:
- Ss: 7684
- Vmess: 30
--- Cycle End ---

--- Cycle Start: 2026-03-18T02:46:40Z ---
Total proxies tested: 22016
Total healthy proxies: 7689

Healthy proxies by type:
- Ss: 7659
- Vmess: 30
--- Cycle End ---

--- Cycle Start: 2026-03-18T05:40:33Z ---
Total proxies tested: 22589
Total healthy proxies: 7755

Healthy proxies by type:
- Ss: 7722
- Vmess: 33
--- Cycle End ---

--- Cycle Start: 2026-03-18T07:12:41Z ---
Total proxies tested: 22589
Total healthy proxies: 7755

Healthy proxies by type:
- Ss: 7722
- Vmess: 33
--- Cycle End ---

--- Cycle Start: 2026-03-18T09:00:51Z ---
Total proxies tested: 22575
Total healthy proxies: 7750

Healthy proxies by type:
- Ss: 7718
- Vmess: 32
--- Cycle End ---

--- Cycle Start: 2026-03-18T11:00:24Z ---
Total proxies tested: 22549
Total healthy proxies: 7729

Healthy proxies by type:
- Vmess: 33
- Ss: 7696
--- Cycle End ---

--- Cycle Start: 2026-03-18T13:28:35Z ---
Total proxies tested: 20931
Total healthy proxies: 8303

Healthy proxies by type:
- Ss: 8259
- Vmess: 44
--- Cycle End ---

--- Cycle Start: 2026-03-18T15:12:40Z ---
Total proxies tested: 20931
Total healthy proxies: 8447

Healthy proxies by type:
- Ss: 8402
- Vmess: 45
--- Cycle End ---

--- Cycle Start: 2026-03-18T17:11:51Z ---
Total proxies tested: 20662
Total healthy proxies: 8459

Healthy proxies by type:
- Ss: 8413
- Vmess: 46
--- Cycle End ---

--- Cycle Start: 2026-03-18T19:13:05Z ---
Total proxies tested: 20662
Total healthy proxies: 8224

Healthy proxies by type:
- Ss: 8177
- Vmess: 47
--- Cycle End ---

--- Cycle Start: 2026-03-18T20:48:00Z ---
Total proxies tested: 20648
Total healthy proxies: 8231

Healthy proxies by type:
- Ss: 8187
- Vmess: 44
--- Cycle End ---

--- Cycle Start: 2026-03-18T22:40:40Z ---
Total proxies tested: 20619
Total healthy proxies: 8333

Healthy proxies by type:
- Ss: 8290
- Vmess: 43
--- Cycle End ---

--- Cycle Start: 2026-03-19T02:47:50Z ---
Total proxies tested: 20985
Total healthy proxies: 8302

Healthy proxies by type:
- Ss: 8262
- Vmess: 40
--- Cycle End ---

--- Cycle Start: 2026-03-19T05:27:59Z ---
Total proxies tested: 20985
Total healthy proxies: 8301

Healthy proxies by type:
- Ss: 8261
- Vmess: 40
--- Cycle End ---

--- Cycle Start: 2026-03-19T07:08:22Z ---
Total proxies tested: 21393
Total healthy proxies: 8369

Healthy proxies by type:
- Ss: 8328
- Vmess: 41
--- Cycle End ---

--- Cycle Start: 2026-03-19T08:55:12Z ---
Total proxies tested: 21238
Total healthy proxies: 8393

Healthy proxies by type:
- Ss: 8352
- Vmess: 41
--- Cycle End ---

--- Cycle Start: 2026-03-19T10:52:51Z ---
Total proxies tested: 21211
Total healthy proxies: 8393

Healthy proxies by type:
- Ss: 8354
- Vmess: 39
--- Cycle End ---

--- Cycle Start: 2026-03-19T13:21:49Z ---
Total proxies tested: 20813
Total healthy proxies: 8329

Healthy proxies by type:
- Ss: 8307
- Vmess: 22
--- Cycle End ---

--- Cycle Start: 2026-03-19T14:57:26Z ---
Total proxies tested: 20813
Total healthy proxies: 8335

Healthy proxies by type:
- Ss: 8306
- Vmess: 29
--- Cycle End ---

--- Cycle Start: 2026-03-19T17:06:39Z ---
Total proxies tested: 20998
Total healthy proxies: 8421

Healthy proxies by type:
- Ss: 8382
- Vmess: 39
--- Cycle End ---

--- Cycle Start: 2026-03-19T19:09:29Z ---
Total proxies tested: 20998
Total healthy proxies: 8412

Healthy proxies by type:
- Ss: 8373
- Vmess: 39
--- Cycle End ---

--- Cycle Start: 2026-03-19T20:49:26Z ---
Total proxies tested: 21091
Total healthy proxies: 8356

Healthy proxies by type:
- Ss: 8317
- Vmess: 39
--- Cycle End ---

--- Cycle Start: 2026-03-19T22:38:03Z ---
Total proxies tested: 21024
Total healthy proxies: 8347

Healthy proxies by type:
- Ss: 8308
- Vmess: 39
--- Cycle End ---

--- Cycle Start: 2026-03-20T02:38:12Z ---
Total proxies tested: 21206
Total healthy proxies: 8277

Healthy proxies by type:
- Ss: 8238
- Vmess: 39
--- Cycle End ---

--- Cycle Start: 2026-03-20T05:20:59Z ---
Total proxies tested: 21608
Total healthy proxies: 8380

Healthy proxies by type:
- Ss: 8340
- Vmess: 40
--- Cycle End ---

--- Cycle Start: 2026-03-20T07:07:12Z ---
Total proxies tested: 21608
Total healthy proxies: 8359

Healthy proxies by type:
- Ss: 8319
- Vmess: 40
--- Cycle End ---

--- Cycle Start: 2026-03-20T08:54:19Z ---
Total proxies tested: 21608
Total healthy proxies: 8362

Healthy proxies by type:
- Ss: 8322
- Vmess: 40
--- Cycle End ---

--- Cycle Start: 2026-03-20T10:48:41Z ---
Total proxies tested: 21589
Total healthy proxies: 8391

Healthy proxies by type:
- Ss: 8351
- Vmess: 40
--- Cycle End ---

--- Cycle Start: 2026-03-20T13:15:33Z ---
Total proxies tested: 21589
Total healthy proxies: 8332

Healthy proxies by type:
- Ss: 8292
- Vmess: 40
--- Cycle End ---

--- Cycle Start: 2026-03-20T14:53:13Z ---
Total proxies tested: 22217
Total healthy proxies: 8545

Healthy proxies by type:
- Ss: 8505
- Vmess: 40
--- Cycle End ---

--- Cycle Start: 2026-03-20T16:55:50Z ---
Total proxies tested: 22672
Total healthy proxies: 8757

Healthy proxies by type:
- Ss: 8712
- Vmess: 45
--- Cycle End ---

--- Cycle Start: 2026-03-20T19:01:18Z ---
Total proxies tested: 22672
Total healthy proxies: 8725

Healthy proxies by type:
- Ss: 8680
- Vmess: 45
--- Cycle End ---

--- Cycle Start: 2026-03-20T20:43:09Z ---
Total proxies tested: 22369
Total healthy proxies: 8879

Healthy proxies by type:
- Vmess: 44
- Ss: 8835
--- Cycle End ---

--- Cycle Start: 2026-03-20T22:38:29Z ---
Total proxies tested: 22255
Total healthy proxies: 8872

Healthy proxies by type:
- Ss: 8828
- Vmess: 44
--- Cycle End ---

--- Cycle Start: 2026-03-21T02:32:47Z ---
Total proxies tested: 22646
Total healthy proxies: 8876

Healthy proxies by type:
- Ss: 8833
- Vmess: 43
--- Cycle End ---

--- Cycle Start: 2026-03-21T05:12:33Z ---
Total proxies tested: 23173
Total healthy proxies: 8881

Healthy proxies by type:
- Ss: 8832
- Vmess: 49
--- Cycle End ---

--- Cycle Start: 2026-03-21T06:57:11Z ---
Total proxies tested: 23173
Total healthy proxies: 8875

Healthy proxies by type:
- Ss: 8827
- Vmess: 48
--- Cycle End ---

--- Cycle Start: 2026-03-21T08:43:56Z ---
Total proxies tested: 22453
Total healthy proxies: 8826

Healthy proxies by type:
- Ss: 8778
- Vmess: 48
--- Cycle End ---

--- Cycle Start: 2026-03-21T10:37:05Z ---
Total proxies tested: 22539
Total healthy proxies: 8795

Healthy proxies by type:
- Ss: 8747
- Vmess: 48
--- Cycle End ---

--- Cycle Start: 2026-03-21T13:04:59Z ---
Total proxies tested: 22539
Total healthy proxies: 8758

Healthy proxies by type:
- Ss: 8722
- Vmess: 36
--- Cycle End ---

--- Cycle Start: 2026-03-21T14:36:15Z ---
Total proxies tested: 22464
Total healthy proxies: 8674

Healthy proxies by type:
- Ss: 8632
- Vmess: 42
--- Cycle End ---

--- Cycle Start: 2026-03-21T16:40:16Z ---
Total proxies tested: 22219
Total healthy proxies: 8679

Healthy proxies by type:
- Ss: 8645
- Vmess: 34
--- Cycle End ---

--- Cycle Start: 2026-03-21T18:47:08Z ---
Total proxies tested: 22219
Total healthy proxies: 8670

Healthy proxies by type:
- Ss: 8636
- Vmess: 34
--- Cycle End ---

--- Cycle Start: 2026-03-21T20:37:22Z ---
Total proxies tested: 22467
Total healthy proxies: 8639

Healthy proxies by type:
- Ss: 8603
- Vmess: 36
--- Cycle End ---

--- Cycle Start: 2026-03-21T22:34:44Z ---
Total proxies tested: 22363
Total healthy proxies: 8552

Healthy proxies by type:
- Ss: 8527
- Vmess: 25
--- Cycle End ---

--- Cycle Start: 2026-03-22T02:48:23Z ---
Total proxies tested: 21252
Total healthy proxies: 8574

Healthy proxies by type:
- Ss: 8548
- Vmess: 26
--- Cycle End ---

--- Cycle Start: 2026-03-22T05:24:04Z ---
Total proxies tested: 21252
Total healthy proxies: 8566

Healthy proxies by type:
- Ss: 8541
- Vmess: 25
--- Cycle End ---

--- Cycle Start: 2026-03-22T07:01:54Z ---
Total proxies tested: 21545
Total healthy proxies: 8668

Healthy proxies by type:
- Ss: 8640
- Vmess: 28
--- Cycle End ---

--- Cycle Start: 2026-03-22T08:44:32Z ---
Total proxies tested: 21273
Total healthy proxies: 8674

Healthy proxies by type:
- Ss: 8649
- Vmess: 25
--- Cycle End ---

--- Cycle Start: 2026-03-22T10:37:15Z ---
Total proxies tested: 21326
Total healthy proxies: 8716

Healthy proxies by type:
- Ss: 8690
- Vmess: 26
--- Cycle End ---

--- Cycle Start: 2026-03-22T13:06:49Z ---
Total proxies tested: 21326
Total healthy proxies: 8709

Healthy proxies by type:
- Ss: 8683
- Vmess: 26
--- Cycle End ---

--- Cycle Start: 2026-03-22T14:37:23Z ---
Total proxies tested: 21339
Total healthy proxies: 8654

Healthy proxies by type:
- Ss: 8630
- Vmess: 24
--- Cycle End ---

--- Cycle Start: 2026-03-22T16:41:02Z ---
Total proxies tested: 21429
Total healthy proxies: 8629

Healthy proxies by type:
- Ss: 8601
- Vmess: 28
--- Cycle End ---

--- Cycle Start: 2026-03-22T18:49:10Z ---
Total proxies tested: 21429
Total healthy proxies: 8630

Healthy proxies by type:
- Ss: 8603
- Vmess: 27
--- Cycle End ---

--- Cycle Start: 2026-03-22T20:38:30Z ---
Total proxies tested: 20600
Total healthy proxies: 8566

Healthy proxies by type:
- Ss: 8543
- Vmess: 23
--- Cycle End ---

--- Cycle Start: 2026-03-22T22:35:02Z ---
Total proxies tested: 20969
Total healthy proxies: 8661

Healthy proxies by type:
- Ss: 8638
- Vmess: 23
--- Cycle End ---

--- Cycle Start: 2026-03-23T02:48:52Z ---
Total proxies tested: 21291
Total healthy proxies: 8595

Healthy proxies by type:
- Ss: 8571
- Vmess: 24
--- Cycle End ---

--- Cycle Start: 2026-03-23T05:45:55Z ---
Total proxies tested: 21510
Total healthy proxies: 8280

Healthy proxies by type:
- Ss: 8257
- Vmess: 23
--- Cycle End ---

--- Cycle Start: 2026-03-23T07:22:49Z ---
Total proxies tested: 21510
Total healthy proxies: 8619

Healthy proxies by type:
- Ss: 8596
- Vmess: 23
--- Cycle End ---

--- Cycle Start: 2026-03-23T09:07:32Z ---
Total proxies tested: 21228
Total healthy proxies: 8693

Healthy proxies by type:
- Ss: 8668
- Vmess: 25
--- Cycle End ---

--- Cycle Start: 2026-03-23T11:00:45Z ---
Total proxies tested: 20987
Total healthy proxies: 8825

Healthy proxies by type:
- Ss: 8802
- Vmess: 23
--- Cycle End ---

--- Cycle Start: 2026-03-23T13:23:44Z ---
Total proxies tested: 21017
Total healthy proxies: 8905

Healthy proxies by type:
- Ss: 8883
- Vmess: 22
--- Cycle End ---

--- Cycle Start: 2026-03-23T15:05:00Z ---
Total proxies tested: 21017
Total healthy proxies: 8882

Healthy proxies by type:
- Ss: 8858
- Vmess: 24
--- Cycle End ---

--- Cycle Start: 2026-03-23T17:03:24Z ---
Total proxies tested: 20671
Total healthy proxies: 8780

Healthy proxies by type:
- Ss: 8756
- Vmess: 24
--- Cycle End ---

--- Cycle Start: 2026-03-23T19:06:50Z ---
Total proxies tested: 20671
Total healthy proxies: 8602

Healthy proxies by type:
- Ss: 8579
- Vmess: 23
--- Cycle End ---

--- Cycle Start: 2026-03-23T20:46:55Z ---
Total proxies tested: 20814
Total healthy proxies: 8622

Healthy proxies by type:
- Ss: 8598
- Vmess: 24
--- Cycle End ---

--- Cycle Start: 2026-03-23T22:41:40Z ---
Total proxies tested: 21071
Total healthy proxies: 8940

Healthy proxies by type:
- Vmess: 23
- Ss: 8917
--- Cycle End ---

--- Cycle Start: 2026-03-24T02:40:27Z ---
Total proxies tested: 21136
Total healthy proxies: 8957

Healthy proxies by type:
- Vmess: 23
- Ss: 8934
--- Cycle End ---

--- Cycle Start: 2026-03-24T05:28:29Z ---
Total proxies tested: 21213
Total healthy proxies: 9054

Healthy proxies by type:
- Ss: 9031
- Vmess: 23
--- Cycle End ---

--- Cycle Start: 2026-03-24T07:15:21Z ---
Total proxies tested: 21213
Total healthy proxies: 8995

Healthy proxies by type:
- Ss: 8972
- Vmess: 23
--- Cycle End ---

--- Cycle Start: 2026-03-24T09:02:41Z ---
Total proxies tested: 20162
Total healthy proxies: 8969

Healthy proxies by type:
- Ss: 8946
- Vmess: 23
--- Cycle End ---

--- Cycle Start: 2026-03-24T10:59:56Z ---
Total proxies tested: 20282
Total healthy proxies: 9077

Healthy proxies by type:
- Ss: 9055
- Vmess: 22
--- Cycle End ---

--- Cycle Start: 2026-03-24T13:27:48Z ---
Total proxies tested: 19553
Total healthy proxies: 9547

Healthy proxies by type:
- Ss: 9528
- Vmess: 19
--- Cycle End ---

--- Cycle Start: 2026-03-24T15:08:04Z ---
Total proxies tested: 19553
Total healthy proxies: 9508

Healthy proxies by type:
- Ss: 9489
- Vmess: 19
--- Cycle End ---

--- Cycle Start: 2026-03-24T17:09:01Z ---
Total proxies tested: 20031
Total healthy proxies: 9446

Healthy proxies by type:
- Ss: 9426
- Vmess: 20
--- Cycle End ---

--- Cycle Start: 2026-03-24T19:15:46Z ---
Total proxies tested: 20031
Total healthy proxies: 9418

Healthy proxies by type:
- Vmess: 20
- Ss: 9398
--- Cycle End ---

--- Cycle Start: 2026-03-24T20:53:04Z ---
Total proxies tested: 19838
Total healthy proxies: 9400

Healthy proxies by type:
- Ss: 9380
- Vmess: 20
--- Cycle End ---

--- Cycle Start: 2026-03-24T22:40:51Z ---
Total proxies tested: 19975
Total healthy proxies: 9359

Healthy proxies by type:
- Ss: 9339
- Vmess: 20
--- Cycle End ---

--- Cycle Start: 2026-03-25T02:45:37Z ---
Total proxies tested: 20213
Total healthy proxies: 9418

Healthy proxies by type:
- Ss: 9398
- Vmess: 20
--- Cycle End ---

--- Cycle Start: 2026-03-25T05:28:34Z ---
Total proxies tested: 20465
Total healthy proxies: 9537

Healthy proxies by type:
- Ss: 9518
- Vmess: 19
--- Cycle End ---

--- Cycle Start: 2026-03-25T07:13:32Z ---
Total proxies tested: 20465
Total healthy proxies: 9529

Healthy proxies by type:
- Ss: 9510
- Vmess: 19
--- Cycle End ---

--- Cycle Start: 2026-03-25T09:01:20Z ---
Total proxies tested: 19878
Total healthy proxies: 9340

Healthy proxies by type:
- Ss: 9321
- Vmess: 19
--- Cycle End ---

--- Cycle Start: 2026-03-25T10:57:36Z ---
Total proxies tested: 19950
Total healthy proxies: 9327

Healthy proxies by type:
- Ss: 9309
- Vmess: 18
--- Cycle End ---

--- Cycle Start: 2026-03-25T13:27:03Z ---
Total proxies tested: 19414
Total healthy proxies: 9350

Healthy proxies by type:
- Vmess: 18
- Ss: 9332
--- Cycle End ---

--- Cycle Start: 2026-03-25T15:08:26Z ---
Total proxies tested: 19414
Total healthy proxies: 9383

Healthy proxies by type:
- Ss: 9366
- Vmess: 17
--- Cycle End ---

--- Cycle Start: 2026-03-25T17:13:45Z ---
Total proxies tested: 19607
Total healthy proxies: 9279

Healthy proxies by type:
- Ss: 9270
- Vmess: 9
--- Cycle End ---

--- Cycle Start: 2026-03-25T19:06:36Z ---
Total proxies tested: 19607
Total healthy proxies: 9457

Healthy proxies by type:
- Ss: 9448
- Vmess: 9
--- Cycle End ---

--- Cycle Start: 2026-03-25T20:49:34Z ---
Total proxies tested: 19787
Total healthy proxies: 9364

Healthy proxies by type:
- Vmess: 12
- Ss: 9352
--- Cycle End ---

--- Cycle Start: 2026-03-25T22:45:44Z ---
Total proxies tested: 20166
Total healthy proxies: 9508

Healthy proxies by type:
- Ss: 9496
- Vmess: 12
--- Cycle End ---

--- Cycle Start: 2026-03-26T02:52:26Z ---
Total proxies tested: 20719
Total healthy proxies: 9575

Healthy proxies by type:
- Ss: 9564
- Vmess: 11
--- Cycle End ---

--- Cycle Start: 2026-03-26T05:46:32Z ---
Total proxies tested: 20806
Total healthy proxies: 9580

Healthy proxies by type:
- Ss: 9569
- Vmess: 11
--- Cycle End ---

--- Cycle Start: 2026-03-26T07:20:57Z ---
Total proxies tested: 20806
Total healthy proxies: 9542

Healthy proxies by type:
- Ss: 9533
- Vmess: 9
--- Cycle End ---

--- Cycle Start: 2026-03-26T11:01:36Z ---
Total proxies tested: 20467
Total healthy proxies: 9699

Healthy proxies by type:
- Ss: 9689
- Vmess: 10
--- Cycle End ---

--- Cycle Start: 2026-03-26T13:44:42Z ---
Total proxies tested: 20340
Total healthy proxies: 9777

Healthy proxies by type:
- Ss: 9763
- Vmess: 14
--- Cycle End ---

--- Cycle Start: 2026-03-26T15:14:39Z ---
Total proxies tested: 20340
Total healthy proxies: 9745

Healthy proxies by type:
- Ss: 9730
- Vmess: 15
--- Cycle End ---

--- Cycle Start: 2026-03-26T17:12:52Z ---
Total proxies tested: 19740
Total healthy proxies: 9596

Healthy proxies by type:
- Vmess: 20
- Ss: 9576
--- Cycle End ---

--- Cycle Start: 2026-03-26T20:44:21Z ---
Total proxies tested: 19618
Total healthy proxies: 9569

Healthy proxies by type:
- Vmess: 15
- Ss: 9554
--- Cycle End ---

--- Cycle Start: 2026-03-26T22:39:55Z ---
Total proxies tested: 19835
Total healthy proxies: 9665

Healthy proxies by type:
- Ss: 9653
- Vmess: 12
--- Cycle End ---

--- Cycle Start: 2026-03-27T02:55:07Z ---
Total proxies tested: 20415
Total healthy proxies: 9799

Healthy proxies by type:
- Vmess: 11
- Ss: 9788
--- Cycle End ---

--- Cycle Start: 2026-03-27T05:48:07Z ---
Total proxies tested: 20686
Total healthy proxies: 9716

Healthy proxies by type:
- Vmess: 13
- Ss: 9703
--- Cycle End ---

--- Cycle Start: 2026-03-27T07:20:17Z ---
Total proxies tested: 20686
Total healthy proxies: 9705

Healthy proxies by type:
- Ss: 9692
- Vmess: 13
--- Cycle End ---

--- Cycle Start: 2026-03-27T09:04:09Z ---
Total proxies tested: 20525
Total healthy proxies: 9644

Healthy proxies by type:
- Ss: 9632
- Vmess: 12
--- Cycle End ---

--- Cycle Start: 2026-03-27T10:57:36Z ---
Total proxies tested: 20036
Total healthy proxies: 9693

Healthy proxies by type:
- Ss: 9681
- Vmess: 12
--- Cycle End ---

--- Cycle Start: 2026-03-27T13:22:19Z ---
Total proxies tested: 20388
Total healthy proxies: 9764

Healthy proxies by type:
- Ss: 9752
- Vmess: 12
--- Cycle End ---

--- Cycle Start: 2026-03-27T14:59:59Z ---
Total proxies tested: 20388
Total healthy proxies: 9719

Healthy proxies by type:
- Ss: 9708
- Vmess: 11
--- Cycle End ---

--- Cycle Start: 2026-03-27T17:03:45Z ---
Total proxies tested: 20534
Total healthy proxies: 9802

Healthy proxies by type:
- Ss: 9790
- Vmess: 12
--- Cycle End ---

--- Cycle Start: 2026-03-27T19:06:33Z ---
Total proxies tested: 20534
Total healthy proxies: 9811

Healthy proxies by type:
- Ss: 9799
- Vmess: 12
--- Cycle End ---

--- Cycle Start: 2026-03-27T20:49:41Z ---
Total proxies tested: 21026
Total healthy proxies: 9936

Healthy proxies by type:
- Vmess: 12
- Ss: 9924
--- Cycle End ---

--- Cycle Start: 2026-03-27T22:42:31Z ---
Total proxies tested: 21151
Total healthy proxies: 10040

Healthy proxies by type:
- Ss: 10028
- Vmess: 12
--- Cycle End ---

--- Cycle Start: 2026-03-28T02:44:35Z ---
Total proxies tested: 21978
Total healthy proxies: 10149

Healthy proxies by type:
- Ss: 10140
- Vmess: 9
--- Cycle End ---

--- Cycle Start: 2026-03-28T05:27:13Z ---
Total proxies tested: 22350
Total healthy proxies: 10375

Healthy proxies by type:
- Ss: 10363
- Vmess: 12
--- Cycle End ---

--- Cycle Start: 2026-03-28T07:09:08Z ---
Total proxies tested: 22350
Total healthy proxies: 10387

Healthy proxies by type:
- Vmess: 11
- Ss: 10376
--- Cycle End ---

--- Cycle Start: 2026-03-28T08:53:29Z ---
Total proxies tested: 22776
Total healthy proxies: 10554

Healthy proxies by type:
- Ss: 10542
- Vmess: 12
--- Cycle End ---

--- Cycle Start: 2026-03-28T10:42:25Z ---
Total proxies tested: 22645
Total healthy proxies: 10738

Healthy proxies by type:
- Ss: 10726
- Vmess: 12
--- Cycle End ---

--- Cycle Start: 2026-03-28T13:10:37Z ---
Total proxies tested: 22639
Total healthy proxies: 10812

Healthy proxies by type:
- Ss: 10800
- Vmess: 12
--- Cycle End ---

--- Cycle Start: 2026-03-28T14:41:15Z ---
Total proxies tested: 22639
Total healthy proxies: 10826

Healthy proxies by type:
- Ss: 10814
- Vmess: 12
--- Cycle End ---

--- Cycle Start: 2026-03-28T16:44:51Z ---
Total proxies tested: 22804
Total healthy proxies: 10912

Healthy proxies by type:
- Vmess: 12
- Ss: 10900
--- Cycle End ---

--- Cycle Start: 2026-03-28T18:54:39Z ---
Total proxies tested: 22804
Total healthy proxies: 10931

Healthy proxies by type:
- Ss: 10919
- Vmess: 12
--- Cycle End ---

--- Cycle Start: 2026-03-28T20:41:56Z ---
Total proxies tested: 23132
Total healthy proxies: 11002

Healthy proxies by type:
- Ss: 10993
- Vmess: 9
--- Cycle End ---

--- Cycle Start: 2026-03-28T22:39:24Z ---
Total proxies tested: 23406
Total healthy proxies: 11189

Healthy proxies by type:
- Ss: 11178
- Vmess: 11
--- Cycle End ---

--- Cycle Start: 2026-03-29T05:49:14Z ---
Total proxies tested: 23634
Total healthy proxies: 11183

Healthy proxies by type:
- Ss: 11170
- Vmess: 13
--- Cycle End ---

--- Cycle Start: 2026-03-29T07:16:25Z ---
Total proxies tested: 23634
Total healthy proxies: 10929

Healthy proxies by type:
- Ss: 10916
- Vmess: 13
--- Cycle End ---

--- Cycle Start: 2026-03-29T08:53:08Z ---
Total proxies tested: 22427
Total healthy proxies: 10768

Healthy proxies by type:
- Vmess: 12
- Ss: 10756
--- Cycle End ---

--- Cycle Start: 2026-03-29T10:44:23Z ---
Total proxies tested: 22267
Total healthy proxies: 10841

Healthy proxies by type:
- Ss: 10829
- Vmess: 12
--- Cycle End ---

--- Cycle Start: 2026-03-29T13:11:57Z ---
Total proxies tested: 22534
Total healthy proxies: 10843

Healthy proxies by type:
- Ss: 10833
- Vmess: 10
--- Cycle End ---

--- Cycle Start: 2026-03-29T14:42:26Z ---
Total proxies tested: 22534
Total healthy proxies: 10828

Healthy proxies by type:
- Ss: 10817
- Vmess: 11
--- Cycle End ---

--- Cycle Start: 2026-03-29T16:45:40Z ---
Total proxies tested: 22855
Total healthy proxies: 11040

Healthy proxies by type:
- Ss: 11030
- Vmess: 10
--- Cycle End ---

--- Cycle Start: 2026-03-29T18:57:04Z ---
Total proxies tested: 22855
Total healthy proxies: 11001

Healthy proxies by type:
- Ss: 10990
- Vmess: 11
--- Cycle End ---

--- Cycle Start: 2026-03-29T20:43:47Z ---
Total proxies tested: 23102
Total healthy proxies: 11069

Healthy proxies by type:
- Ss: 11057
- Vmess: 12
--- Cycle End ---

--- Cycle Start: 2026-03-29T22:41:17Z ---
Total proxies tested: 23569
Total healthy proxies: 11297

Healthy proxies by type:
- Ss: 11287
- Vmess: 10
--- Cycle End ---

--- Cycle Start: 2026-03-30T03:02:27Z ---
Total proxies tested: 24151
Total healthy proxies: 11258

Healthy proxies by type:
- Ss: 11249
- Vmess: 9
--- Cycle End ---

--- Cycle Start: 2026-03-30T06:05:07Z ---
Total proxies tested: 24267
Total healthy proxies: 11177

Healthy proxies by type:
- Ss: 11164
- Vmess: 13
--- Cycle End ---

--- Cycle Start: 2026-03-30T09:24:07Z ---
Total proxies tested: 24326
Total healthy proxies: 11282

Healthy proxies by type:
- Ss: 11274
- Vmess: 8
--- Cycle End ---

--- Cycle Start: 2026-03-30T11:12:49Z ---
Total proxies tested: 23256
Total healthy proxies: 10808

Healthy proxies by type:
- Ss: 10802
- Vmess: 6
--- Cycle End ---

--- Cycle Start: 2026-03-30T13:50:34Z ---
Total proxies tested: 21434
Total healthy proxies: 10729

Healthy proxies by type:
- Vmess: 2
- Ss: 10727
--- Cycle End ---

--- Cycle Start: 2026-03-30T15:13:24Z ---
Total proxies tested: 21434
Total healthy proxies: 10736

Healthy proxies by type:
- Ss: 10734
- Vmess: 2
--- Cycle End ---

--- Cycle Start: 2026-03-30T17:07:00Z ---
Total proxies tested: 20895
Total healthy proxies: 10534

Healthy proxies by type:
- Ss: 10526
- Vmess: 8
--- Cycle End ---

--- Cycle Start: 2026-03-30T19:11:34Z ---
Total proxies tested: 20895
Total healthy proxies: 10562

Healthy proxies by type:
- Ss: 10554
- Vmess: 8
--- Cycle End ---

--- Cycle Start: 2026-03-30T20:56:56Z ---
Total proxies tested: 21641
Total healthy proxies: 10596

Healthy proxies by type:
- Ss: 10592
- Vmess: 4
--- Cycle End ---

--- Cycle Start: 2026-03-30T22:46:18Z ---
Total proxies tested: 22061
Total healthy proxies: 10792

Healthy proxies by type:
- Ss: 10785
- Vmess: 7
--- Cycle End ---

--- Cycle Start: 2026-03-31T02:54:43Z ---
Total proxies tested: 22714
Total healthy proxies: 10615

Healthy proxies by type:
- Ss: 10611
- Vmess: 4
--- Cycle End ---

--- Cycle Start: 2026-03-31T05:50:22Z ---
Total proxies tested: 22750
Total healthy proxies: 10825

Healthy proxies by type:
- Ss: 10818
- Vmess: 7
--- Cycle End ---

--- Cycle Start: 2026-03-31T07:28:31Z ---
Total proxies tested: 22750
Total healthy proxies: 10744

Healthy proxies by type:
- Ss: 10738
- Vmess: 6
--- Cycle End ---

--- Cycle Start: 2026-03-31T09:12:01Z ---
Total proxies tested: 22937
Total healthy proxies: 10857

Healthy proxies by type:
- Ss: 10852
- Vmess: 5
--- Cycle End ---

--- Cycle Start: 2026-03-31T11:03:38Z ---
Total proxies tested: 22864
Total healthy proxies: 10854

Healthy proxies by type:
- Ss: 10848
- Vmess: 6
--- Cycle End ---

--- Cycle Start: 2026-03-31T13:49:41Z ---
Total proxies tested: 22249
Total healthy proxies: 10757

Healthy proxies by type:
- Ss: 10755
- Vmess: 2
--- Cycle End ---

--- Cycle Start: 2026-03-31T15:12:14Z ---
Total proxies tested: 22249
Total healthy proxies: 10788

Healthy proxies by type:
- Ss: 10786
- Vmess: 2
--- Cycle End ---

--- Cycle Start: 2026-03-31T17:08:35Z ---
Total proxies tested: 21186
Total healthy proxies: 10323

Healthy proxies by type:
- Ss: 10317
- Vmess: 6
--- Cycle End ---

--- Cycle Start: 2026-03-31T19:13:38Z ---
Total proxies tested: 21186
Total healthy proxies: 10210

Healthy proxies by type:
- Ss: 10204
- Vmess: 6
--- Cycle End ---

--- Cycle Start: 2026-03-31T20:53:58Z ---
Total proxies tested: 21401
Total healthy proxies: 10303

Healthy proxies by type:
- Ss: 10297
- Vmess: 6
--- Cycle End ---

--- Cycle Start: 2026-03-31T22:43:10Z ---
Total proxies tested: 22094
Total healthy proxies: 10589

Healthy proxies by type:
- Ss: 10583
- Vmess: 6
--- Cycle End ---

--- Cycle Start: 2026-04-01T03:25:16Z ---
Total proxies tested: 22811
Total healthy proxies: 10554

Healthy proxies by type:
- Ss: 10548
- Vmess: 6
--- Cycle End ---

--- Cycle Start: 2026-04-01T06:02:16Z ---
Total proxies tested: 23122
Total healthy proxies: 10736

Healthy proxies by type:
- Ss: 10732
- Vmess: 4
--- Cycle End ---

--- Cycle Start: 2026-04-01T07:51:36Z ---
Total proxies tested: 22879
Total healthy proxies: 10872

Healthy proxies by type:
- Ss: 10864
- Vmess: 8
--- Cycle End ---

--- Cycle Start: 2026-04-01T09:17:32Z ---
Total proxies tested: 22879
Total healthy proxies: 10799

Healthy proxies by type:
- Ss: 10791
- Vmess: 8
--- Cycle End ---

--- Cycle Start: 2026-04-01T11:07:23Z ---
Total proxies tested: 22771
Total healthy proxies: 10936

Healthy proxies by type:
- Ss: 10930
- Vmess: 6
--- Cycle End ---

--- Cycle Start: 2026-04-01T13:52:24Z ---
Total proxies tested: 22535
Total healthy proxies: 10848

Healthy proxies by type:
- Ss: 10841
- Vmess: 7
--- Cycle End ---

--- Cycle Start: 2026-04-01T15:15:13Z ---
Total proxies tested: 22535
Total healthy proxies: 10829

Healthy proxies by type:
- Ss: 10822
- Vmess: 7
--- Cycle End ---

--- Cycle Start: 2026-04-01T17:05:47Z ---
Total proxies tested: 22053
Total healthy proxies: 10472

Healthy proxies by type:
- Vmess: 9
- Ss: 10463
--- Cycle End ---

--- Cycle Start: 2026-04-01T19:14:55Z ---
Total proxies tested: 22053
Total healthy proxies: 10533

Healthy proxies by type:
- Ss: 10524
- Vmess: 9
--- Cycle End ---

--- Cycle Start: 2026-04-01T20:56:39Z ---
Total proxies tested: 22220
Total healthy proxies: 10584

Healthy proxies by type:
- Ss: 10580
- Vmess: 4
--- Cycle End ---

--- Cycle Start: 2026-04-01T22:48:36Z ---
Total proxies tested: 22830
Total healthy proxies: 10810

Healthy proxies by type:
- Ss: 10800
- Vmess: 10
--- Cycle End ---

--- Cycle Start: 2026-04-02T02:51:15Z ---
Total proxies tested: 23338
Total healthy proxies: 10818

Healthy proxies by type:
- Ss: 10809
- Vmess: 9
--- Cycle End ---

--- Cycle Start: 2026-04-02T05:47:59Z ---
Total proxies tested: 23598
Total healthy proxies: 10916

Healthy proxies by type:
- Ss: 10905
- Vmess: 11
--- Cycle End ---

--- Cycle Start: 2026-04-02T07:25:27Z ---
Total proxies tested: 23598
Total healthy proxies: 10866

Healthy proxies by type:
- Ss: 10855
- Vmess: 11
--- Cycle End ---

--- Cycle Start: 2026-04-02T09:09:38Z ---
Total proxies tested: 23525
Total healthy proxies: 10847

Healthy proxies by type:
- Ss: 10837
- Vmess: 10
--- Cycle End ---

--- Cycle Start: 2026-04-02T11:00:59Z ---
Total proxies tested: 21909
Total healthy proxies: 9823

Healthy proxies by type:
- Ss: 9815
- Vmess: 8
--- Cycle End ---

--- Cycle Start: 2026-04-02T13:30:32Z ---
Total proxies tested: 21692
Total healthy proxies: 9874

Healthy proxies by type:
- Ss: 9870
- Vmess: 4
--- Cycle End ---

--- Cycle Start: 2026-04-02T15:05:35Z ---
Total proxies tested: 21692
Total healthy proxies: 9750

Healthy proxies by type:
- Ss: 9746
- Vmess: 4
--- Cycle End ---

--- Cycle Start: 2026-04-02T17:04:37Z ---
Total proxies tested: 21717
Total healthy proxies: 9696

Healthy proxies by type:
- Ss: 9688
- Vmess: 8
--- Cycle End ---

--- Cycle Start: 2026-04-02T19:07:48Z ---
Total proxies tested: 21717
Total healthy proxies: 9614

Healthy proxies by type:
- Ss: 9606
- Vmess: 8
--- Cycle End ---

--- Cycle Start: 2026-04-02T20:44:32Z ---
Total proxies tested: 21590
Total healthy proxies: 9194

Healthy proxies by type:
- Ss: 9187
- Vmess: 7
--- Cycle End ---

--- Cycle Start: 2026-04-02T22:41:37Z ---
Total proxies tested: 21975
Total healthy proxies: 9589

Healthy proxies by type:
- Ss: 9581
- Vmess: 8
--- Cycle End ---

--- Cycle Start: 2026-04-03T02:52:44Z ---
Total proxies tested: 22839
Total healthy proxies: 9884

Healthy proxies by type:
- Ss: 9876
- Vmess: 8
--- Cycle End ---

--- Cycle Start: 2026-04-03T05:47:41Z ---
Total proxies tested: 22491
Total healthy proxies: 9695

Healthy proxies by type:
- Ss: 9688
- Vmess: 7
--- Cycle End ---

--- Cycle Start: 2026-04-03T07:21:19Z ---
Total proxies tested: 22491
Total healthy proxies: 9872

Healthy proxies by type:
- Ss: 9867
- Vmess: 5
--- Cycle End ---

--- Cycle Start: 2026-04-03T09:05:38Z ---
Total proxies tested: 22369
Total healthy proxies: 9648

Healthy proxies by type:
- Vmess: 8
- Ss: 9640
--- Cycle End ---

--- Cycle Start: 2026-04-03T10:53:20Z ---
Total proxies tested: 22342
Total healthy proxies: 9893

Healthy proxies by type:
- Ss: 9888
- Vmess: 5
--- Cycle End ---

--- Cycle Start: 2026-04-03T13:18:49Z ---
Total proxies tested: 21565
Total healthy proxies: 9989

Healthy proxies by type:
- Ss: 9986
- Vmess: 3
--- Cycle End ---

--- Cycle Start: 2026-04-03T14:54:42Z ---
Total proxies tested: 21565
Total healthy proxies: 9971

Healthy proxies by type:
- Ss: 9970
- Vmess: 1
--- Cycle End ---

--- Cycle Start: 2026-04-03T16:53:12Z ---
Total proxies tested: 21518
Total healthy proxies: 9949

Healthy proxies by type:
- Vmess: 4
- Ss: 9945
--- Cycle End ---

--- Cycle Start: 2026-04-03T18:59:25Z ---
Total proxies tested: 21518
Total healthy proxies: 9928

Healthy proxies by type:
- Ss: 9924
- Vmess: 4
--- Cycle End ---

--- Cycle Start: 2026-04-03T20:46:15Z ---
Total proxies tested: 21690
Total healthy proxies: 9794

Healthy proxies by type:
- Ss: 9789
- Vmess: 5
--- Cycle End ---

--- Cycle Start: 2026-04-03T22:42:59Z ---
Total proxies tested: 22110
Total healthy proxies: 9929

Healthy proxies by type:
- Ss: 9921
- Vmess: 8
--- Cycle End ---

--- Cycle Start: 2026-04-04T02:43:39Z ---
Total proxies tested: 22645
Total healthy proxies: 9982

Healthy proxies by type:
- Ss: 9976
- Vmess: 6
--- Cycle End ---

--- Cycle Start: 2026-04-04T05:27:13Z ---
Total proxies tested: 22507
Total healthy proxies: 10121

Healthy proxies by type:
- Vmess: 9
- Ss: 10112
--- Cycle End ---

--- Cycle Start: 2026-04-04T07:12:28Z ---
Total proxies tested: 22507
Total healthy proxies: 10079

Healthy proxies by type:
- Ss: 10070
- Vmess: 9
--- Cycle End ---

--- Cycle Start: 2026-04-04T08:53:54Z ---
Total proxies tested: 22262
Total healthy proxies: 10188

Healthy proxies by type:
- Ss: 10179
- Vmess: 9
--- Cycle End ---

--- Cycle Start: 2026-04-04T10:43:38Z ---
Total proxies tested: 22226
Total healthy proxies: 10304

Healthy proxies by type:
- Ss: 10296
- Vmess: 8
--- Cycle End ---

--- Cycle Start: 2026-04-04T13:11:39Z ---
Total proxies tested: 22008
Total healthy proxies: 10166

Healthy proxies by type:
- Ss: 10157
- Vmess: 9
--- Cycle End ---

--- Cycle Start: 2026-04-04T14:42:42Z ---
Total proxies tested: 22008
Total healthy proxies: 10230

Healthy proxies by type:
- Ss: 10222
- Vmess: 8
--- Cycle End ---

--- Cycle Start: 2026-04-04T16:45:57Z ---
Total proxies tested: 22296
Total healthy proxies: 10237

Healthy proxies by type:
- Ss: 10234
- Vmess: 3
--- Cycle End ---

--- Cycle Start: 2026-04-04T18:55:34Z ---
Total proxies tested: 22296
Total healthy proxies: 10187

Healthy proxies by type:
- Ss: 10183
- Vmess: 4
--- Cycle End ---

--- Cycle Start: 2026-04-04T20:42:46Z ---
Total proxies tested: 22110
Total healthy proxies: 10102

Healthy proxies by type:
- Ss: 10095
- Vmess: 7
--- Cycle End ---

--- Cycle Start: 2026-04-04T22:40:02Z ---
Total proxies tested: 22584
Total healthy proxies: 10225

Healthy proxies by type:
- Ss: 10220
- Vmess: 5
--- Cycle End ---

--- Cycle Start: 2026-04-05T03:21:09Z ---
Total proxies tested: 23307
Total healthy proxies: 10293

Healthy proxies by type:
- Vmess: 7
- Ss: 10286
--- Cycle End ---

--- Cycle Start: 2026-04-05T05:50:41Z ---
Total proxies tested: 23323
Total healthy proxies: 10329

Healthy proxies by type:
- Ss: 10322
- Vmess: 7
--- Cycle End ---

--- Cycle Start: 2026-04-05T07:19:14Z ---
Total proxies tested: 23323
Total healthy proxies: 10322

Healthy proxies by type:
- Ss: 10314
- Vmess: 8
--- Cycle End ---

--- Cycle Start: 2026-04-05T08:56:04Z ---
Total proxies tested: 23530
Total healthy proxies: 10395

Healthy proxies by type:
- Ss: 10389
- Vmess: 6
--- Cycle End ---

--- Cycle Start: 2026-04-05T10:44:37Z ---
Total proxies tested: 23571
Total healthy proxies: 10438

Healthy proxies by type:
- Ss: 10432
- Vmess: 6
--- Cycle End ---

--- Cycle Start: 2026-04-05T13:13:42Z ---
Total proxies tested: 23304
Total healthy proxies: 10456

Healthy proxies by type:
- Ss: 10451
- Vmess: 5
--- Cycle End ---

--- Cycle Start: 2026-04-05T14:43:05Z ---
Total proxies tested: 23304
Total healthy proxies: 10513

Healthy proxies by type:
- Ss: 10509
- Vmess: 4
--- Cycle End ---

--- Cycle Start: 2026-04-05T16:45:58Z ---
Total proxies tested: 22877
Total healthy proxies: 10508

Healthy proxies by type:
- Ss: 10500
- Vmess: 8
--- Cycle End ---

--- Cycle Start: 2026-04-05T18:57:38Z ---
Total proxies tested: 22877
Total healthy proxies: 10348

Healthy proxies by type:
- Ss: 10340
- Vmess: 8
--- Cycle End ---

--- Cycle Start: 2026-04-05T20:44:00Z ---
Total proxies tested: 22815
Total healthy proxies: 10207

Healthy proxies by type:
- Ss: 10197
- Vmess: 10
--- Cycle End ---

--- Cycle Start: 2026-04-05T22:41:27Z ---
Total proxies tested: 23373
Total healthy proxies: 10465

Healthy proxies by type:
- Ss: 10456
- Vmess: 9
--- Cycle End ---

--- Cycle Start: 2026-04-06T03:22:56Z ---
Total proxies tested: 23909
Total healthy proxies: 10384

Healthy proxies by type:
- Ss: 10374
- Vmess: 10
--- Cycle End ---

--- Cycle Start: 2026-04-06T06:05:09Z ---
Total proxies tested: 24071
Total healthy proxies: 10459

Healthy proxies by type:
- Ss: 10445
- Vmess: 14
--- Cycle End ---

--- Cycle Start: 2026-04-06T09:19:17Z ---
Total proxies tested: 23906
Total healthy proxies: 10445

Healthy proxies by type:
- Vmess: 7
- Ss: 10438
--- Cycle End ---

--- Cycle Start: 2026-04-06T11:06:46Z ---
Total proxies tested: 23471
Total healthy proxies: 10530

Healthy proxies by type:
- Ss: 10520
- Vmess: 10
--- Cycle End ---

--- Cycle Start: 2026-04-06T13:25:54Z ---
Total proxies tested: 23018
Total healthy proxies: 10520

Healthy proxies by type:
- Ss: 10512
- Vmess: 8
--- Cycle End ---

--- Cycle Start: 2026-04-06T14:58:24Z ---
Total proxies tested: 23018
Total healthy proxies: 10526

Healthy proxies by type:
- Vmess: 8
- Ss: 10518
--- Cycle End ---

--- Cycle Start: 2026-04-06T17:00:32Z ---
Total proxies tested: 22982
Total healthy proxies: 10585

Healthy proxies by type:
- Ss: 10574
- Vmess: 11
--- Cycle End ---

--- Cycle Start: 2026-04-06T19:13:26Z ---
Total proxies tested: 22982
Total healthy proxies: 10507

Healthy proxies by type:
- Ss: 10496
- Vmess: 11
--- Cycle End ---

--- Cycle Start: 2026-04-06T20:45:55Z ---
Total proxies tested: 22762
Total healthy proxies: 10566

Healthy proxies by type:
- Ss: 10555
- Vmess: 11
--- Cycle End ---

--- Cycle Start: 2026-04-06T22:46:14Z ---
Total proxies tested: 23198
Total healthy proxies: 10704

Healthy proxies by type:
- Ss: 10693
- Vmess: 11
--- Cycle End ---

--- Cycle Start: 2026-04-07T02:56:17Z ---
Total proxies tested: 23772
Total healthy proxies: 10763

Healthy proxies by type:
- Vmess: 11
- Ss: 10752
--- Cycle End ---

--- Cycle Start: 2026-04-07T05:52:35Z ---
Total proxies tested: 23563
Total healthy proxies: 10855

Healthy proxies by type:
- Ss: 10846
- Vmess: 9
--- Cycle End ---

--- Cycle Start: 2026-04-07T07:30:23Z ---
Total proxies tested: 23563
Total healthy proxies: 10861

Healthy proxies by type:
- Ss: 10852
- Vmess: 9
--- Cycle End ---

--- Cycle Start: 2026-04-07T09:14:33Z ---
Total proxies tested: 23338
Total healthy proxies: 10982

Healthy proxies by type:
- Ss: 10972
- Vmess: 10
--- Cycle End ---

--- Cycle Start: 2026-04-07T11:06:14Z ---
Total proxies tested: 22635
Total healthy proxies: 10959

Healthy proxies by type:
- Ss: 10946
- Vmess: 13
--- Cycle End ---

--- Cycle Start: 2026-04-07T13:46:16Z ---
Total proxies tested: 21879
Total healthy proxies: 10927

Healthy proxies by type:
- Ss: 10920
- Vmess: 7
--- Cycle End ---

--- Cycle Start: 2026-04-07T15:18:58Z ---
Total proxies tested: 21879
Total healthy proxies: 10954

Healthy proxies by type:
- Ss: 10947
- Vmess: 7
--- Cycle End ---

--- Cycle Start: 2026-04-07T17:11:15Z ---
Total proxies tested: 22273
Total healthy proxies: 10915

Healthy proxies by type:
- Ss: 10901
- Vmess: 14
--- Cycle End ---

--- Cycle Start: 2026-04-07T19:16:57Z ---
Total proxies tested: 22273
Total healthy proxies: 10898

Healthy proxies by type:
- Ss: 10884
- Vmess: 14
--- Cycle End ---

--- Cycle Start: 2026-04-07T20:58:37Z ---
Total proxies tested: 22421
Total healthy proxies: 10885

Healthy proxies by type:
- Ss: 10874
- Vmess: 11
--- Cycle End ---

--- Cycle Start: 2026-04-07T22:48:39Z ---
Total proxies tested: 22813
Total healthy proxies: 11022

Healthy proxies by type:
- Ss: 11012
- Vmess: 10
--- Cycle End ---

--- Cycle Start: 2026-04-08T02:57:12Z ---
Total proxies tested: 23179
Total healthy proxies: 11012

Healthy proxies by type:
- Ss: 11000
- Vmess: 12
--- Cycle End ---

--- Cycle Start: 2026-04-08T05:53:01Z ---
Total proxies tested: 22468
Total healthy proxies: 10999

Healthy proxies by type:
- Ss: 10987
- Vmess: 12
--- Cycle End ---

--- Cycle Start: 2026-04-08T07:47:19Z ---
Total proxies tested: 22489
Total healthy proxies: 11047

Healthy proxies by type:
- Ss: 11035
- Vmess: 12
--- Cycle End ---

--- Cycle Start: 2026-04-08T09:13:44Z ---
Total proxies tested: 22489
Total healthy proxies: 11024

Healthy proxies by type:
- Ss: 11017
- Vmess: 7
--- Cycle End ---

--- Cycle Start: 2026-04-08T11:07:37Z ---
Total proxies tested: 22014
Total healthy proxies: 11039

Healthy proxies by type:
- Ss: 11031
- Vmess: 8
--- Cycle End ---

--- Cycle Start: 2026-04-08T13:48:09Z ---
Total proxies tested: 22149
Total healthy proxies: 11020

Healthy proxies by type:
- Vmess: 7
- Ss: 11013
--- Cycle End ---

--- Cycle Start: 2026-04-08T15:20:30Z ---
Total proxies tested: 22149
Total healthy proxies: 11058

Healthy proxies by type:
- Ss: 11051
- Vmess: 7
--- Cycle End ---

--- Cycle Start: 2026-04-08T17:14:44Z ---
Total proxies tested: 21826
Total healthy proxies: 10708

Healthy proxies by type:
- Ss: 10696
- Vmess: 12
--- Cycle End ---

--- Cycle Start: 2026-04-08T19:28:27Z ---
Total proxies tested: 21826
Total healthy proxies: 10571

Healthy proxies by type:
- Ss: 10559
- Vmess: 12
--- Cycle End ---

--- Cycle Start: 2026-04-08T20:55:42Z ---
Total proxies tested: 21598
Total healthy proxies: 10456

Healthy proxies by type:
- Ss: 10443
- Vmess: 13
--- Cycle End ---

--- Cycle Start: 2026-04-08T22:52:34Z ---
Total proxies tested: 22075
Total healthy proxies: 10699

Healthy proxies by type:
- Ss: 10686
- Vmess: 13
--- Cycle End ---

--- Cycle Start: 2026-04-09T02:51:50Z ---
Total proxies tested: 22834
Total healthy proxies: 11407

Healthy proxies by type:
- Ss: 11394
- Vmess: 13
--- Cycle End ---

--- Cycle Start: 2026-04-09T05:54:38Z ---
Total proxies tested: 22824
Total healthy proxies: 11417

Healthy proxies by type:
- Ss: 11401
- Vmess: 16
--- Cycle End ---

--- Cycle Start: 2026-04-09T07:50:00Z ---
Total proxies tested: 22824
Total healthy proxies: 11310

Healthy proxies by type:
- Ss: 11295
- Vmess: 15
--- Cycle End ---

--- Cycle Start: 2026-04-09T09:19:51Z ---
Total proxies tested: 22787
Total healthy proxies: 11363

Healthy proxies by type:
- Ss: 11347
- Vmess: 16
--- Cycle End ---

--- Cycle Start: 2026-04-09T11:07:33Z ---
Total proxies tested: 22166
Total healthy proxies: 11439

Healthy proxies by type:
- Ss: 11424
- Vmess: 15
--- Cycle End ---

--- Cycle Start: 2026-04-09T13:58:54Z ---
Total proxies tested: 21230
Total healthy proxies: 11456

Healthy proxies by type:
- Ss: 11443
- Vmess: 13
--- Cycle End ---

--- Cycle Start: 2026-04-09T15:30:14Z ---
Total proxies tested: 21230
Total healthy proxies: 11438

Healthy proxies by type:
- Ss: 11425
- Vmess: 13
--- Cycle End ---

--- Cycle Start: 2026-04-09T17:17:25Z ---
Total proxies tested: 20904
Total healthy proxies: 10988

Healthy proxies by type:
- Ss: 10974
- Vmess: 14
--- Cycle End ---

--- Cycle Start: 2026-04-09T19:19:30Z ---
Total proxies tested: 20904
Total healthy proxies: 11030

Healthy proxies by type:
- Ss: 11016
- Vmess: 14
--- Cycle End ---

--- Cycle Start: 2026-04-09T21:00:56Z ---
Total proxies tested: 21283
Total healthy proxies: 11039

Healthy proxies by type:
- Ss: 11027
- Vmess: 12
--- Cycle End ---

--- Cycle Start: 2026-04-09T22:53:41Z ---
Total proxies tested: 21921
Total healthy proxies: 11158

Healthy proxies by type:
- Ss: 11144
- Vmess: 14
--- Cycle End ---

--- Cycle Start: 2026-04-10T06:04:29Z ---
Total proxies tested: 22320
Total healthy proxies: 11135

Healthy proxies by type:
- Vmess: 17
- Ss: 11118
--- Cycle End ---

--- Cycle Start: 2026-04-10T09:20:29Z ---
Total proxies tested: 22607
Total healthy proxies: 11102

Healthy proxies by type:
- Ss: 11087
- Vmess: 15
--- Cycle End ---

--- Cycle Start: 2026-04-10T11:05:10Z ---
Total proxies tested: 22146
Total healthy proxies: 10692

Healthy proxies by type:
- Ss: 10678
- Vmess: 14
--- Cycle End ---

--- Cycle Start: 2026-04-10T13:26:12Z ---
Total proxies tested: 21469
Total healthy proxies: 10940

Healthy proxies by type:
- Ss: 10926
- Vmess: 14
--- Cycle End ---

--- Cycle Start: 2026-04-10T14:57:02Z ---
Total proxies tested: 21469
Total healthy proxies: 10905

Healthy proxies by type:
- Ss: 10891
- Vmess: 14
--- Cycle End ---

--- Cycle Start: 2026-04-10T16:59:59Z ---
Total proxies tested: 21434
Total healthy proxies: 10922

Healthy proxies by type:
- Ss: 10906
- Vmess: 16
--- Cycle End ---

--- Cycle Start: 2026-04-10T19:05:53Z ---
Total proxies tested: 21434
Total healthy proxies: 10897

Healthy proxies by type:
- Ss: 10879
- Vmess: 18
--- Cycle End ---

--- Cycle Start: 2026-04-10T20:49:54Z ---
Total proxies tested: 21860
Total healthy proxies: 10942

Healthy proxies by type:
- Ss: 10925
- Vmess: 17
--- Cycle End ---

--- Cycle Start: 2026-04-10T22:46:21Z ---
Total proxies tested: 21805
Total healthy proxies: 11060

Healthy proxies by type:
- Ss: 11041
- Vmess: 19
--- Cycle End ---

--- Cycle Start: 2026-04-11T02:47:50Z ---
Total proxies tested: 22420
Total healthy proxies: 11085

Healthy proxies by type:
- Ss: 11065
- Vmess: 20
--- Cycle End ---

--- Cycle Start: 2026-04-11T05:30:18Z ---
Total proxies tested: 21925
Total healthy proxies: 11067

Healthy proxies by type:
- Ss: 11045
- Vmess: 22
--- Cycle End ---

--- Cycle Start: 2026-04-11T07:11:30Z ---
Total proxies tested: 21925
Total healthy proxies: 11084

Healthy proxies by type:
- Ss: 11062
- Vmess: 22
--- Cycle End ---

--- Cycle Start: 2026-04-11T08:55:52Z ---
Total proxies tested: 22198
Total healthy proxies: 11086

Healthy proxies by type:
- Ss: 11065
- Vmess: 21
--- Cycle End ---

--- Cycle Start: 2026-04-11T10:44:29Z ---
Total proxies tested: 22198
Total healthy proxies: 11065

Healthy proxies by type:
- Ss: 11044
- Vmess: 21
--- Cycle End ---

--- Cycle Start: 2026-04-11T13:14:03Z ---
Total proxies tested: 21765
Total healthy proxies: 11020

Healthy proxies by type:
- Ss: 11001
- Vmess: 19
--- Cycle End ---

--- Cycle Start: 2026-04-11T14:43:55Z ---
Total proxies tested: 21765
Total healthy proxies: 11018

Healthy proxies by type:
- Ss: 10999
- Vmess: 19
--- Cycle End ---

--- Cycle Start: 2026-04-11T16:47:03Z ---
Total proxies tested: 22218
Total healthy proxies: 11111

Healthy proxies by type:
- Vmess: 22
- Ss: 11089
--- Cycle End ---

--- Cycle Start: 2026-04-11T18:58:07Z ---
Total proxies tested: 22218
Total healthy proxies: 11099

Healthy proxies by type:
- Vmess: 22
- Ss: 11077
--- Cycle End ---

--- Cycle Start: 2026-04-11T20:44:16Z ---
Total proxies tested: 22447
Total healthy proxies: 11115

Healthy proxies by type:
- Ss: 11093
- Vmess: 22
--- Cycle End ---

--- Cycle Start: 2026-04-11T22:42:06Z ---
Total proxies tested: 22741
Total healthy proxies: 11152

Healthy proxies by type:
- Ss: 11132
- Vmess: 20
--- Cycle End ---

--- Cycle Start: 2026-04-12T03:26:48Z ---
Total proxies tested: 22816
Total healthy proxies: 10961

Healthy proxies by type:
- Ss: 10938
- Vmess: 23
--- Cycle End ---

--- Cycle Start: 2026-04-12T06:00:54Z ---
Total proxies tested: 22522
Total healthy proxies: 11024

Healthy proxies by type:
- Ss: 11001
- Vmess: 23
--- Cycle End ---

--- Cycle Start: 2026-04-12T07:30:16Z ---
Total proxies tested: 22522
Total healthy proxies: 11037

Healthy proxies by type:
- Ss: 11017
- Vmess: 20
--- Cycle End ---

--- Cycle Start: 2026-04-12T09:00:01Z ---
Total proxies tested: 22063
Total healthy proxies: 11151

Healthy proxies by type:
- Vmess: 22
- Ss: 11129
--- Cycle End ---

--- Cycle Start: 2026-04-12T10:49:22Z ---
Total proxies tested: 21926
Total healthy proxies: 11086

Healthy proxies by type:
- Ss: 11064
- Vmess: 22
--- Cycle End ---

--- Cycle Start: 2026-04-12T13:16:15Z ---
Total proxies tested: 21557
Total healthy proxies: 11290

Healthy proxies by type:
- Ss: 11271
- Vmess: 19
--- Cycle End ---

--- Cycle Start: 2026-04-12T14:49:33Z ---
Total proxies tested: 21557
Total healthy proxies: 11164

Healthy proxies by type:
- Ss: 11145
- Vmess: 19
--- Cycle End ---

--- Cycle Start: 2026-04-12T16:51:45Z ---
Total proxies tested: 21629
Total healthy proxies: 11185

Healthy proxies by type:
- Ss: 11160
- Vmess: 25
--- Cycle End ---

--- Cycle Start: 2026-04-12T19:01:48Z ---
Total proxies tested: 21629
Total healthy proxies: 11200

Healthy proxies by type:
- Ss: 11176
- Vmess: 24
--- Cycle End ---

--- Cycle Start: 2026-04-12T20:46:12Z ---
Total proxies tested: 21544
Total healthy proxies: 11259

Healthy proxies by type:
- Vmess: 24
- Ss: 11235
--- Cycle End ---

--- Cycle Start: 2026-04-12T22:43:51Z ---
Total proxies tested: 21925
Total healthy proxies: 11335

Healthy proxies by type:
- Ss: 11314
- Vmess: 21
--- Cycle End ---

--- Cycle Start: 2026-04-13T03:33:20Z ---
Total proxies tested: 21891
Total healthy proxies: 11297

Healthy proxies by type:
- Vmess: 18
- Ss: 11279
--- Cycle End ---

--- Cycle Start: 2026-04-13T06:23:54Z ---
Total proxies tested: 21631
Total healthy proxies: 11267

Healthy proxies by type:
- Ss: 11242
- Vmess: 25
--- Cycle End ---

--- Cycle Start: 2026-04-13T10:04:46Z ---
Total proxies tested: 21911
Total healthy proxies: 11266

Healthy proxies by type:
- Ss: 11244
- Vmess: 22
--- Cycle End ---

--- Cycle Start: 2026-04-13T13:56:09Z ---
Total proxies tested: 21944
Total healthy proxies: 11501

Healthy proxies by type:
- Ss: 11479
- Vmess: 22
--- Cycle End ---

--- Cycle Start: 2026-04-13T15:23:24Z ---
Total proxies tested: 21944
Total healthy proxies: 11500

Healthy proxies by type:
- Ss: 11478
- Vmess: 22
--- Cycle End ---

--- Cycle Start: 2026-04-13T17:14:13Z ---
Total proxies tested: 21457
Total healthy proxies: 11544

Healthy proxies by type:
- Ss: 11518
- Vmess: 26
--- Cycle End ---

--- Cycle Start: 2026-04-13T19:24:31Z ---
Total proxies tested: 21457
Total healthy proxies: 11549

Healthy proxies by type:
- Ss: 11524
- Vmess: 25
--- Cycle End ---

--- Cycle Start: 2026-04-13T21:04:58Z ---
Total proxies tested: 21690
Total healthy proxies: 11600

Healthy proxies by type:
- Ss: 11578
- Vmess: 22
--- Cycle End ---

--- Cycle Start: 2026-04-13T22:54:44Z ---
Total proxies tested: 22024
Total healthy proxies: 11694

Healthy proxies by type:
- Vmess: 24
- Ss: 11670
--- Cycle End ---

--- Cycle Start: 2026-04-14T03:23:44Z ---
Total proxies tested: 22120
Total healthy proxies: 11492

Healthy proxies by type:
- Ss: 11467
- Vmess: 25
--- Cycle End ---

--- Cycle Start: 2026-04-14T06:07:23Z ---
Total proxies tested: 22092
Total healthy proxies: 11589

Healthy proxies by type:
- Ss: 11563
- Vmess: 26
--- Cycle End ---

--- Cycle Start: 2026-04-14T09:29:02Z ---
Total proxies tested: 21754
Total healthy proxies: 11621

Healthy proxies by type:
- Ss: 11598
- Vmess: 23
--- Cycle End ---

--- Cycle Start: 2026-04-14T11:12:39Z ---
Total proxies tested: 21568
Total healthy proxies: 11582

Healthy proxies by type:
- Vmess: 23
- Ss: 11559
--- Cycle End ---

--- Cycle Start: 2026-04-14T14:01:42Z ---
Total proxies tested: 21659
Total healthy proxies: 11672

Healthy proxies by type:
- Ss: 11648
- Vmess: 24
--- Cycle End ---

--- Cycle Start: 2026-04-14T15:23:53Z ---
Total proxies tested: 21659
Total healthy proxies: 11689

Healthy proxies by type:
- Ss: 11665
- Vmess: 24
--- Cycle End ---

--- Cycle Start: 2026-04-14T17:20:40Z ---
Total proxies tested: 21736
Total healthy proxies: 11562

Healthy proxies by type:
- Vmess: 29
- Ss: 11533
--- Cycle End ---

--- Cycle Start: 2026-04-14T19:28:23Z ---
Total proxies tested: 21736
Total healthy proxies: 11553

Healthy proxies by type:
- Ss: 11524
- Vmess: 29
--- Cycle End ---

--- Cycle Start: 2026-04-14T21:04:40Z ---
Total proxies tested: 21759
Total healthy proxies: 11615

Healthy proxies by type:
- Ss: 11589
- Vmess: 26
--- Cycle End ---

--- Cycle Start: 2026-04-14T22:55:16Z ---
Total proxies tested: 22301
Total healthy proxies: 11711

Healthy proxies by type:
- Vmess: 27
- Ss: 11684
--- Cycle End ---

--- Cycle Start: 2026-04-15T03:20:50Z ---
Total proxies tested: 22740
Total healthy proxies: 11608

Healthy proxies by type:
- Ss: 11597
- Vmess: 11
--- Cycle End ---

--- Cycle Start: 2026-04-15T06:06:48Z ---
Total proxies tested: 22782
Total healthy proxies: 11691

Healthy proxies by type:
- Ss: 11679
- Vmess: 12
--- Cycle End ---

--- Cycle Start: 2026-04-15T09:30:09Z ---
Total proxies tested: 22280
Total healthy proxies: 11731

Healthy proxies by type:
- Ss: 11717
- Vmess: 14
--- Cycle End ---

--- Cycle Start: 2026-04-15T11:09:37Z ---
Total proxies tested: 21432
Total healthy proxies: 11681

Healthy proxies by type:
- Ss: 11669
- Vmess: 12
--- Cycle End ---

--- Cycle Start: 2026-04-15T13:55:33Z ---
Total proxies tested: 21440
Total healthy proxies: 11739

Healthy proxies by type:
- Vmess: 12
- Ss: 11727
--- Cycle End ---

--- Cycle Start: 2026-04-15T15:14:39Z ---
Total proxies tested: 21440
Total healthy proxies: 11726

Healthy proxies by type:
- Ss: 11714
- Vmess: 12
--- Cycle End ---

--- Cycle Start: 2026-04-15T17:15:48Z ---
Total proxies tested: 21403
Total healthy proxies: 11493

Healthy proxies by type:
- Ss: 11480
- Vmess: 13
--- Cycle End ---

--- Cycle Start: 2026-04-15T19:29:39Z ---
Total proxies tested: 21403
Total healthy proxies: 11427

Healthy proxies by type:
- Ss: 11414
- Vmess: 13
--- Cycle End ---

--- Cycle Start: 2026-04-15T21:01:41Z ---
Total proxies tested: 21249
Total healthy proxies: 11427

Healthy proxies by type:
- Ss: 11415
- Vmess: 12
--- Cycle End ---

--- Cycle Start: 2026-04-15T22:52:34Z ---
Total proxies tested: 21751
Total healthy proxies: 11592

Healthy proxies by type:
- Ss: 11580
- Vmess: 12
--- Cycle End ---

--- Cycle Start: 2026-04-16T03:29:42Z ---
Total proxies tested: 22114
Total healthy proxies: 11527

Healthy proxies by type:
- Ss: 11515
- Vmess: 12
--- Cycle End ---

--- Cycle Start: 2026-04-16T06:09:24Z ---
Total proxies tested: 22114
Total healthy proxies: 11511

Healthy proxies by type:
- Ss: 11500
- Vmess: 11
--- Cycle End ---

--- Cycle Start: 2026-04-16T09:28:58Z ---
Total proxies tested: 22583
Total healthy proxies: 11664

Healthy proxies by type:
- Ss: 11650
- Vmess: 14
--- Cycle End ---

--- Cycle Start: 2026-04-16T11:13:23Z ---
Total proxies tested: 21919
Total healthy proxies: 11655

Healthy proxies by type:
- Ss: 11642
- Vmess: 13
--- Cycle End ---

--- Cycle Start: 2026-04-16T14:03:26Z ---
Total proxies tested: 21633
Total healthy proxies: 11685

Healthy proxies by type:
- Ss: 11670
- Vmess: 15
--- Cycle End ---

--- Cycle Start: 2026-04-16T15:52:24Z ---
Total proxies tested: 21633
Total healthy proxies: 11682

Healthy proxies by type:
- Ss: 11667
- Vmess: 15
--- Cycle End ---

--- Cycle Start: 2026-04-16T17:24:40Z ---
Total proxies tested: 21638
Total healthy proxies: 11649

Healthy proxies by type:
- Ss: 11636
- Vmess: 13
--- Cycle End ---

--- Cycle Start: 2026-04-16T19:27:13Z ---
Total proxies tested: 21638
Total healthy proxies: 11603

Healthy proxies by type:
- Vmess: 13
- Ss: 11590
--- Cycle End ---

--- Cycle Start: 2026-04-16T20:59:12Z ---
Total proxies tested: 21737
Total healthy proxies: 11663

Healthy proxies by type:
- Ss: 11651
- Vmess: 12
--- Cycle End ---

--- Cycle Start: 2026-04-16T22:53:05Z ---
Total proxies tested: 21988
Total healthy proxies: 11672

Healthy proxies by type:
- Ss: 11659
- Vmess: 13
--- Cycle End ---

--- Cycle Start: 2026-04-17T03:24:09Z ---
Total proxies tested: 22176
Total healthy proxies: 11493

Healthy proxies by type:
- Ss: 11479
- Vmess: 14
--- Cycle End ---

--- Cycle Start: 2026-04-17T06:10:27Z ---
Total proxies tested: 22345
Total healthy proxies: 11582

Healthy proxies by type:
- Ss: 11566
- Vmess: 16
--- Cycle End ---

--- Cycle Start: 2026-04-17T09:28:02Z ---
Total proxies tested: 22345
Total healthy proxies: 11563

Healthy proxies by type:
- Ss: 11547
- Vmess: 16
--- Cycle End ---

--- Cycle Start: 2026-04-17T11:06:32Z ---
Total proxies tested: 22383
Total healthy proxies: 11571

Healthy proxies by type:
- Ss: 11553
- Vmess: 18
--- Cycle End ---

--- Cycle Start: 2026-04-17T13:46:23Z ---
Total proxies tested: 21415
Total healthy proxies: 11519

Healthy proxies by type:
- Ss: 11502
- Vmess: 17
--- Cycle End ---

--- Cycle Start: 2026-04-17T15:04:04Z ---
Total proxies tested: 21415
Total healthy proxies: 11493

Healthy proxies by type:
- Ss: 11476
- Vmess: 17
--- Cycle End ---

--- Cycle Start: 2026-04-17T17:01:52Z ---
Total proxies tested: 21256
Total healthy proxies: 11447

Healthy proxies by type:
- Ss: 11426
- Vmess: 21
--- Cycle End ---

--- Cycle Start: 2026-04-17T19:13:22Z ---
Total proxies tested: 21256
Total healthy proxies: 11443

Healthy proxies by type:
- Ss: 11422
- Vmess: 21
--- Cycle End ---

--- Cycle Start: 2026-04-17T20:57:11Z ---
Total proxies tested: 21377
Total healthy proxies: 11357

Healthy proxies by type:
- Ss: 11341
- Vmess: 16
--- Cycle End ---

--- Cycle Start: 2026-04-17T22:52:37Z ---
Total proxies tested: 21338
Total healthy proxies: 11344

Healthy proxies by type:
- Ss: 11330
- Vmess: 14
--- Cycle End ---

--- Cycle Start: 2026-04-18T02:56:02Z ---
Total proxies tested: 21751
Total healthy proxies: 11331

Healthy proxies by type:
- Ss: 11316
- Vmess: 15
--- Cycle End ---

--- Cycle Start: 2026-04-18T05:46:44Z ---
Total proxies tested: 22110
Total healthy proxies: 11388

Healthy proxies by type:
- Ss: 11368
- Vmess: 20
--- Cycle End ---

--- Cycle Start: 2026-04-18T07:20:37Z ---
Total proxies tested: 22110
Total healthy proxies: 11401

Healthy proxies by type:
- Ss: 11381
- Vmess: 20
--- Cycle End ---

--- Cycle Start: 2026-04-18T09:01:23Z ---
Total proxies tested: 22162
Total healthy proxies: 11379

Healthy proxies by type:
- Vmess: 20
- Ss: 11359
--- Cycle End ---

--- Cycle Start: 2026-04-18T10:52:53Z ---
Total proxies tested: 21750
Total healthy proxies: 11309

Healthy proxies by type:
- Ss: 11290
- Vmess: 19
--- Cycle End ---

--- Cycle Start: 2026-04-18T14:49:44Z ---
Total proxies tested: 21750
Total healthy proxies: 11313

Healthy proxies by type:
- Vmess: 19
- Ss: 11294
--- Cycle End ---

--- Cycle Start: 2026-04-18T16:53:49Z ---
Total proxies tested: 21818
Total healthy proxies: 11326

Healthy proxies by type:
- Vmess: 18
- Ss: 11308
--- Cycle End ---

--- Cycle Start: 2026-04-18T19:03:10Z ---
Total proxies tested: 21818
Total healthy proxies: 11311

Healthy proxies by type:
- Vmess: 16
- Ss: 11295
--- Cycle End ---

--- Cycle Start: 2026-04-18T20:46:02Z ---
Total proxies tested: 21490
Total healthy proxies: 11106

Healthy proxies by type:
- Ss: 11091
- Vmess: 15
--- Cycle End ---

--- Cycle Start: 2026-04-18T22:44:30Z ---
Total proxies tested: 21604
Total healthy proxies: 11205

Healthy proxies by type:
- Ss: 11194
- Vmess: 11
--- Cycle End ---

--- Cycle Start: 2026-04-19T03:31:29Z ---
Total proxies tested: 21772
Total healthy proxies: 11223

Healthy proxies by type:
- Ss: 11210
- Vmess: 13
--- Cycle End ---

--- Cycle Start: 2026-04-19T06:05:39Z ---
Total proxies tested: 22143
Total healthy proxies: 11224

Healthy proxies by type:
- Ss: 11208
- Vmess: 16
--- Cycle End ---

--- Cycle Start: 2026-04-19T09:03:59Z ---
Total proxies tested: 22075
Total healthy proxies: 11266

Healthy proxies by type:
- Ss: 11251
- Vmess: 15
--- Cycle End ---

--- Cycle Start: 2026-04-19T10:50:15Z ---
Total proxies tested: 21942
Total healthy proxies: 11243

Healthy proxies by type:
- Ss: 11228
- Vmess: 15
--- Cycle End ---

--- Cycle Start: 2026-04-19T13:17:15Z ---
Total proxies tested: 21760
Total healthy proxies: 11283

Healthy proxies by type:
- Ss: 11269
- Vmess: 14
--- Cycle End ---

--- Cycle Start: 2026-04-19T14:50:36Z ---
Total proxies tested: 21760
Total healthy proxies: 11247

Healthy proxies by type:
- Ss: 11233
- Vmess: 14
--- Cycle End ---

--- Cycle Start: 2026-04-19T16:53:44Z ---
Total proxies tested: 21513
Total healthy proxies: 11303

Healthy proxies by type:
- Ss: 11287
- Vmess: 16
--- Cycle End ---

--- Cycle Start: 2026-04-19T19:02:55Z ---
Total proxies tested: 21513
Total healthy proxies: 11291

Healthy proxies by type:
- Ss: 11275
- Vmess: 16
--- Cycle End ---

--- Cycle Start: 2026-04-19T20:48:26Z ---
Total proxies tested: 21451
Total healthy proxies: 11308

Healthy proxies by type:
- Ss: 11293
- Vmess: 15
--- Cycle End ---

--- Cycle Start: 2026-04-19T22:44:30Z ---
Total proxies tested: 21326
Total healthy proxies: 11308

Healthy proxies by type:
- Vmess: 14
- Ss: 11294
--- Cycle End ---

--- Cycle Start: 2026-04-20T03:33:23Z ---
Total proxies tested: 21852
Total healthy proxies: 11373

Healthy proxies by type:
- Ss: 11358
- Vmess: 15
--- Cycle End ---

--- Cycle Start: 2026-04-20T06:24:09Z ---
Total proxies tested: 21941
Total healthy proxies: 11433

Healthy proxies by type:
- Ss: 11414
- Vmess: 19
--- Cycle End ---

--- Cycle Start: 2026-04-20T10:06:23Z ---
Total proxies tested: 21532
Total healthy proxies: 11403

Healthy proxies by type:
- Ss: 11383
- Vmess: 20
--- Cycle End ---

--- Cycle Start: 2026-04-20T13:58:29Z ---
Total proxies tested: 20264
Total healthy proxies: 11411

Healthy proxies by type:
- Ss: 11395
- Vmess: 16
--- Cycle End ---

--- Cycle Start: 2026-04-20T15:23:36Z ---
Total proxies tested: 20264
Total healthy proxies: 11404

Healthy proxies by type:
- Ss: 11389
- Vmess: 15
--- Cycle End ---

--- Cycle Start: 2026-04-20T17:14:58Z ---
Total proxies tested: 20377
Total healthy proxies: 11437

Healthy proxies by type:
- Ss: 11420
- Vmess: 17
--- Cycle End ---

--- Cycle Start: 2026-04-20T19:18:38Z ---
Total proxies tested: 20377
Total healthy proxies: 11420

Healthy proxies by type:
- Ss: 11404
- Vmess: 16
--- Cycle End ---

--- Cycle Start: 2026-04-20T20:58:41Z ---
Total proxies tested: 20594
Total healthy proxies: 11501

Healthy proxies by type:
- Vmess: 21
- Ss: 11480
--- Cycle End ---

--- Cycle Start: 2026-04-20T22:55:03Z ---
Total proxies tested: 20730
Total healthy proxies: 11594

Healthy proxies by type:
- Ss: 11577
- Vmess: 17
--- Cycle End ---

--- Cycle Start: 2026-04-21T03:24:47Z ---
Total proxies tested: 21016
Total healthy proxies: 11558

Healthy proxies by type:
- Ss: 11539
- Vmess: 19
--- Cycle End ---

--- Cycle Start: 2026-04-21T06:09:17Z ---
Total proxies tested: 21433
Total healthy proxies: 11589

Healthy proxies by type:
- Ss: 11565
- Vmess: 24
--- Cycle End ---

--- Cycle Start: 2026-04-21T09:48:04Z ---
Total proxies tested: 21294
Total healthy proxies: 11563

Healthy proxies by type:
- Ss: 11543
- Vmess: 20
--- Cycle End ---

--- Cycle Start: 2026-04-21T11:17:15Z ---
Total proxies tested: 20946
Total healthy proxies: 11551

Healthy proxies by type:
- Vmess: 21
- Ss: 11530
--- Cycle End ---

--- Cycle Start: 2026-04-21T13:59:24Z ---
Total proxies tested: 21021
Total healthy proxies: 11519

Healthy proxies by type:
- Vmess: 20
- Ss: 11499
--- Cycle End ---

--- Cycle Start: 2026-04-21T15:23:04Z ---
Total proxies tested: 21021
Total healthy proxies: 11510

Healthy proxies by type:
- Vmess: 20
- Ss: 11490
--- Cycle End ---

--- Cycle Start: 2026-04-21T17:13:19Z ---
Total proxies tested: 19573
Total healthy proxies: 10291

Healthy proxies by type:
- Ss: 10271
- Vmess: 20
--- Cycle End ---

--- Cycle Start: 2026-04-21T19:24:08Z ---
Total proxies tested: 19573
Total healthy proxies: 10238

Healthy proxies by type:
- Ss: 10218
- Vmess: 20
--- Cycle End ---

--- Cycle Start: 2026-04-21T21:02:20Z ---
Total proxies tested: 19321
Total healthy proxies: 10051

Healthy proxies by type:
- Ss: 10034
- Vmess: 17
--- Cycle End ---

--- Cycle Start: 2026-04-21T22:45:17Z ---
Total proxies tested: 19785
Total healthy proxies: 10263

Healthy proxies by type:
- Ss: 10245
- Vmess: 18
--- Cycle End ---

--- Cycle Start: 2026-04-22T03:23:01Z ---
Total proxies tested: 20011
Total healthy proxies: 10361

Healthy proxies by type:
- Ss: 10341
- Vmess: 20
--- Cycle End ---

--- Cycle Start: 2026-04-22T06:06:22Z ---
Total proxies tested: 19916
Total healthy proxies: 10368

Healthy proxies by type:
- Vmess: 22
- Ss: 10346
--- Cycle End ---

--- Cycle Start: 2026-04-22T09:29:49Z ---
Total proxies tested: 19671
Total healthy proxies: 10453

Healthy proxies by type:
- Ss: 10435
- Vmess: 18
--- Cycle End ---

--- Cycle Start: 2026-04-22T11:15:41Z ---
Total proxies tested: 19630
Total healthy proxies: 10568

Healthy proxies by type:
- Ss: 10548
- Vmess: 20
--- Cycle End ---

--- Cycle Start: 2026-04-22T13:59:10Z ---
Total proxies tested: 18896
Total healthy proxies: 10488

Healthy proxies by type:
- Ss: 10469
- Vmess: 19
--- Cycle End ---

--- Cycle Start: 2026-04-22T15:22:54Z ---
Total proxies tested: 18896
Total healthy proxies: 10469

Healthy proxies by type:
- Ss: 10451
- Vmess: 18
--- Cycle End ---

--- Cycle Start: 2026-04-22T17:11:50Z ---
Total proxies tested: 18800
Total healthy proxies: 10102

Healthy proxies by type:
- Ss: 10080
- Vmess: 22
--- Cycle End ---

--- Cycle Start: 2026-04-22T19:25:17Z ---
Total proxies tested: 18800
Total healthy proxies: 10102

Healthy proxies by type:
- Ss: 10080
- Vmess: 22
--- Cycle End ---

--- Cycle Start: 2026-04-22T21:05:02Z ---
Total proxies tested: 18971
Total healthy proxies: 10144

Healthy proxies by type:
- Ss: 10122
- Vmess: 22
--- Cycle End ---

--- Cycle Start: 2026-04-22T22:56:28Z ---
Total proxies tested: 19457
Total healthy proxies: 10362

Healthy proxies by type:
- Ss: 10340
- Vmess: 22
--- Cycle End ---

--- Cycle Start: 2026-04-23T02:18:39Z ---
Total proxies tested: 19457
Total healthy proxies: 10306

Healthy proxies by type:
- Ss: 10284
- Vmess: 22
--- Cycle End ---

--- Cycle Start: 2026-04-23T03:26:33Z ---
Total proxies tested: 20202
Total healthy proxies: 10382

Healthy proxies by type:
- Ss: 10361
- Vmess: 21
--- Cycle End ---

--- Cycle Start: 2026-04-23T06:12:45Z ---
Total proxies tested: 20216
Total healthy proxies: 10397

Healthy proxies by type:
- Ss: 10380
- Vmess: 17
--- Cycle End ---

--- Cycle Start: 2026-04-23T09:52:16Z ---
Total proxies tested: 20391
Total healthy proxies: 10450

Healthy proxies by type:
- Ss: 10431
- Vmess: 19
--- Cycle End ---

--- Cycle Start: 2026-04-23T11:17:26Z ---
Total proxies tested: 19869
Total healthy proxies: 10464

Healthy proxies by type:
- Ss: 10443
- Vmess: 21
--- Cycle End ---

--- Cycle Start: 2026-04-23T14:01:12Z ---
Total proxies tested: 19460
Total healthy proxies: 10299

Healthy proxies by type:
- Ss: 10279
- Vmess: 20
--- Cycle End ---

--- Cycle Start: 2026-04-23T16:04:56Z ---
Total proxies tested: 19460
Total healthy proxies: 10273

Healthy proxies by type:
- Ss: 10253
- Vmess: 20
--- Cycle End ---

--- Cycle Start: 2026-04-23T19:22:53Z ---
Total proxies tested: 19412
Total healthy proxies: 10237

Healthy proxies by type:
- Ss: 10215
- Vmess: 22
--- Cycle End ---

--- Cycle Start: 2026-04-23T21:00:55Z ---
Total proxies tested: 18998
Total healthy proxies: 9920

Healthy proxies by type:
- Ss: 9901
- Vmess: 19
--- Cycle End ---

--- Cycle Start: 2026-04-23T22:56:45Z ---
Total proxies tested: 19623
Total healthy proxies: 10096

Healthy proxies by type:
- Ss: 10077
- Vmess: 19
--- Cycle End ---

--- Cycle Start: 2026-04-24T03:29:13Z ---
Total proxies tested: 19774
Total healthy proxies: 9743

Healthy proxies by type:
- Ss: 9725
- Vmess: 18
--- Cycle End ---

--- Cycle Start: 2026-04-24T06:15:18Z ---
Total proxies tested: 19736
Total healthy proxies: 9814

Healthy proxies by type:
- Ss: 9793
- Vmess: 21
--- Cycle End ---

--- Cycle Start: 2026-04-24T09:52:20Z ---
Total proxies tested: 19781
Total healthy proxies: 9806

Healthy proxies by type:
- Ss: 9786
- Vmess: 20
--- Cycle End ---

--- Cycle Start: 2026-04-24T11:14:13Z ---
Total proxies tested: 19288
Total healthy proxies: 9788

Healthy proxies by type:
- Ss: 9768
- Vmess: 20
--- Cycle End ---

--- Cycle Start: 2026-04-24T13:52:18Z ---
Total proxies tested: 18887
Total healthy proxies: 9779

Healthy proxies by type:
- Ss: 9759
- Vmess: 20
--- Cycle End ---

--- Cycle Start: 2026-04-24T15:16:00Z ---
Total proxies tested: 18887
Total healthy proxies: 9787

Healthy proxies by type:
- Ss: 9768
- Vmess: 19
--- Cycle End ---

--- Cycle Start: 2026-04-24T17:07:06Z ---
Total proxies tested: 18629
Total healthy proxies: 9675

Healthy proxies by type:
- Ss: 9654
- Vmess: 21
--- Cycle End ---

--- Cycle Start: 2026-04-24T19:04:24Z ---
Total proxies tested: 18629
Total healthy proxies: 9660

Healthy proxies by type:
- Ss: 9639
- Vmess: 21
--- Cycle End ---

--- Cycle Start: 2026-04-24T20:58:38Z ---
Total proxies tested: 18731
Total healthy proxies: 9635

Healthy proxies by type:
- Ss: 9613
- Vmess: 22
--- Cycle End ---

--- Cycle Start: 2026-04-24T22:47:40Z ---
Total proxies tested: 18956
Total healthy proxies: 9810

Healthy proxies by type:
- Ss: 9787
- Vmess: 23
--- Cycle End ---

--- Cycle Start: 2026-04-25T02:57:09Z ---
Total proxies tested: 19283
Total healthy proxies: 9853

Healthy proxies by type:
- Ss: 9843
- Vmess: 10
--- Cycle End ---

--- Cycle Start: 2026-04-25T05:53:52Z ---
Total proxies tested: 19249
Total healthy proxies: 9871

Healthy proxies by type:
- Vmess: 13
- Ss: 9858
--- Cycle End ---

--- Cycle Start: 2026-04-25T07:29:28Z ---
Total proxies tested: 19249
Total healthy proxies: 9853

Healthy proxies by type:
- Ss: 9840
- Vmess: 13
--- Cycle End ---

--- Cycle Start: 2026-04-25T09:03:01Z ---
Total proxies tested: 19101
Total healthy proxies: 9912

Healthy proxies by type:
- Ss: 9897
- Vmess: 15
--- Cycle End ---

--- Cycle Start: 2026-04-25T10:52:58Z ---
Total proxies tested: 19273
Total healthy proxies: 9996

Healthy proxies by type:
- Ss: 9981
- Vmess: 15
--- Cycle End ---

--- Cycle Start: 2026-04-25T13:19:54Z ---
Total proxies tested: 18997
Total healthy proxies: 10023

Healthy proxies by type:
- Ss: 10009
- Vmess: 14
--- Cycle End ---

--- Cycle Start: 2026-04-25T14:52:35Z ---
Total proxies tested: 18997
Total healthy proxies: 10021

Healthy proxies by type:
- Ss: 10007
- Vmess: 14
--- Cycle End ---

--- Cycle Start: 2026-04-25T16:55:03Z ---
Total proxies tested: 18874
Total healthy proxies: 9810

Healthy proxies by type:
- Ss: 9793
- Vmess: 17
--- Cycle End ---

--- Cycle Start: 2026-04-25T19:04:37Z ---
Total proxies tested: 18874
Total healthy proxies: 9814

Healthy proxies by type:
- Ss: 9795
- Vmess: 19
--- Cycle End ---

--- Cycle Start: 2026-04-25T20:49:37Z ---
Total proxies tested: 18887
Total healthy proxies: 9839

Healthy proxies by type:
- Ss: 9820
- Vmess: 19
--- Cycle End ---

--- Cycle Start: 2026-04-25T22:46:27Z ---
Total proxies tested: 18940
Total healthy proxies: 9881

Healthy proxies by type:
- Ss: 9863
- Vmess: 18
--- Cycle End ---

--- Cycle Start: 2026-04-26T03:35:53Z ---
Total proxies tested: 19726
Total healthy proxies: 10062

Healthy proxies by type:
- Ss: 10045
- Vmess: 17
--- Cycle End ---

--- Cycle Start: 2026-04-26T06:14:12Z ---
Total proxies tested: 19611
Total healthy proxies: 10126

Healthy proxies by type:
- Ss: 10104
- Vmess: 22
--- Cycle End ---

--- Cycle Start: 2026-04-26T09:10:57Z ---
Total proxies tested: 20142
Total healthy proxies: 10317

Healthy proxies by type:
- Ss: 10294
- Vmess: 23
--- Cycle End ---

--- Cycle Start: 2026-04-26T10:54:32Z ---
Total proxies tested: 20120
Total healthy proxies: 10387

Healthy proxies by type:
- Ss: 10364
- Vmess: 23
--- Cycle End ---

--- Cycle Start: 2026-04-26T13:21:00Z ---
Total proxies tested: 20120
Total healthy proxies: 10377

Healthy proxies by type:
- Vmess: 22
- Ss: 10355
--- Cycle End ---

--- Cycle Start: 2026-04-26T14:55:14Z ---
Total proxies tested: 19998
Total healthy proxies: 10169

Healthy proxies by type:
- Ss: 10140
- Vmess: 29
--- Cycle End ---

--- Cycle Start: 2026-04-26T16:55:37Z ---
Total proxies tested: 18720
Total healthy proxies: 9550

Healthy proxies by type:
- Vmess: 32
- Ss: 9518
--- Cycle End ---

--- Cycle Start: 2026-04-26T19:06:07Z ---
Total proxies tested: 18720
Total healthy proxies: 9545

Healthy proxies by type:
- Ss: 9511
- Vmess: 34
--- Cycle End ---

--- Cycle Start: 2026-04-26T20:49:56Z ---
Total proxies tested: 17393
Total healthy proxies: 8813

Healthy proxies by type:
- Ss: 8781
- Vmess: 32
--- Cycle End ---

--- Cycle Start: 2026-04-26T22:48:36Z ---
Total proxies tested: 17029
Total healthy proxies: 8344

Healthy proxies by type:
- Ss: 8314
- Vmess: 30
--- Cycle End ---

--- Cycle Start: 2026-04-27T03:39:13Z ---
Total proxies tested: 16412
Total healthy proxies: 7913

Healthy proxies by type:
- Ss: 7885
- Vmess: 28
--- Cycle End ---

--- Cycle Start: 2026-04-27T06:35:01Z ---
Total proxies tested: 15792
Total healthy proxies: 7487

Healthy proxies by type:
- Ss: 7458
- Vmess: 29
--- Cycle End ---

--- Cycle Start: 2026-04-27T10:25:00Z ---
Total proxies tested: 15037
Total healthy proxies: 7009

Healthy proxies by type:
- Vmess: 35
- Ss: 6974
--- Cycle End ---

--- Cycle Start: 2026-04-27T14:09:26Z ---
Total proxies tested: 13198
Total healthy proxies: 6151

Healthy proxies by type:
- Ss: 6111
- Vmess: 40
--- Cycle End ---

--- Cycle Start: 2026-04-27T17:28:19Z ---
Total proxies tested: 12783
Total healthy proxies: 5708

Healthy proxies by type:
- Ss: 5666
- Vmess: 42
--- Cycle End ---

--- Cycle Start: 2026-04-27T19:42:55Z ---
Total proxies tested: 12351
Total healthy proxies: 5415

Healthy proxies by type:
- Ss: 5372
- Vmess: 43
--- Cycle End ---

--- Cycle Start: 2026-04-27T21:10:14Z ---
Total proxies tested: 12351
Total healthy proxies: 5408

Healthy proxies by type:
- Ss: 5366
- Vmess: 42
--- Cycle End ---

--- Cycle Start: 2026-04-27T22:59:17Z ---
Total proxies tested: 11952
Total healthy proxies: 5220

Healthy proxies by type:
- Ss: 5175
- Vmess: 45
--- Cycle End ---

--- Cycle Start: 2026-04-28T03:43:10Z ---
Total proxies tested: 11857
Total healthy proxies: 4997

Healthy proxies by type:
- Ss: 4958
- Vmess: 39
--- Cycle End ---

--- Cycle Start: 2026-04-28T06:35:21Z ---
Total proxies tested: 11765
Total healthy proxies: 4821

Healthy proxies by type:
- Ss: 4777
- Vmess: 44
--- Cycle End ---

--- Cycle Start: 2026-04-28T10:22:23Z ---
Total proxies tested: 10748
Total healthy proxies: 4594

Healthy proxies by type:
- Ss: 4554
- Vmess: 40
--- Cycle End ---

--- Cycle Start: 2026-04-28T14:27:09Z ---
Total proxies tested: 9780
Total healthy proxies: 4189

Healthy proxies by type:
- Vmess: 32
- Ss: 4157
--- Cycle End ---

--- Cycle Start: 2026-04-28T17:51:48Z ---
Total proxies tested: 9022
Total healthy proxies: 3795

Healthy proxies by type:
- Vmess: 34
- Ss: 3761
--- Cycle End ---

--- Cycle Start: 2026-04-28T19:49:54Z ---
Total proxies tested: 9022
Total healthy proxies: 3813

Healthy proxies by type:
- Ss: 3780
- Vmess: 33
--- Cycle End ---

--- Cycle Start: 2026-04-28T21:13:13Z ---
Total proxies tested: 8905
Total healthy proxies: 3718

Healthy proxies by type:
- Ss: 3683
- Vmess: 35
--- Cycle End ---

--- Cycle Start: 2026-04-28T23:01:03Z ---
Total proxies tested: 8551
Total healthy proxies: 3638

Healthy proxies by type:
- Ss: 3601
- Vmess: 37
--- Cycle End ---

--- Cycle Start: 2026-04-29T03:40:29Z ---
Total proxies tested: 8699
Total healthy proxies: 3517

Healthy proxies by type:
- Ss: 3476
- Vmess: 41
--- Cycle End ---

--- Cycle Start: 2026-04-29T06:29:35Z ---
Total proxies tested: 8504
Total healthy proxies: 3384

Healthy proxies by type:
- Ss: 3345
- Vmess: 39
--- Cycle End ---

--- Cycle Start: 2026-04-29T10:11:50Z ---
Total proxies tested: 8417
Total healthy proxies: 3305

Healthy proxies by type:
- Ss: 3269
- Vmess: 36
--- Cycle End ---

--- Cycle Start: 2026-04-29T14:12:53Z ---
Total proxies tested: 7560
Total healthy proxies: 3149

Healthy proxies by type:
- Ss: 3113
- Vmess: 36
--- Cycle End ---

--- Cycle Start: 2026-04-29T17:44:29Z ---
Total proxies tested: 7907
Total healthy proxies: 3148

Healthy proxies by type:
- Ss: 3101
- Vmess: 47
--- Cycle End ---

--- Cycle Start: 2026-04-29T19:45:11Z ---
Total proxies tested: 7884
Total healthy proxies: 3060

Healthy proxies by type:
- Ss: 3006
- Vmess: 54
--- Cycle End ---

--- Cycle Start: 2026-04-29T21:12:40Z ---
Total proxies tested: 7884
Total healthy proxies: 3049

Healthy proxies by type:
- Vmess: 47
- Ss: 3002
--- Cycle End ---

--- Cycle Start: 2026-04-29T23:01:43Z ---
Total proxies tested: 7866
Total healthy proxies: 3022

Healthy proxies by type:
- Ss: 2976
- Vmess: 46
--- Cycle End ---

--- Cycle Start: 2026-04-30T03:41:44Z ---
Total proxies tested: 8050
Total healthy proxies: 2962

Healthy proxies by type:
- Ss: 2918
- Vmess: 44
--- Cycle End ---

--- Cycle Start: 2026-04-30T06:33:04Z ---
Total proxies tested: 8372
Total healthy proxies: 2990

Healthy proxies by type:
- Vmess: 42
- Ss: 2948
--- Cycle End ---

--- Cycle Start: 2026-04-30T10:12:34Z ---
Total proxies tested: 8001
Total healthy proxies: 2957

Healthy proxies by type:
- Ss: 2913
- Vmess: 44
--- Cycle End ---

--- Cycle Start: 2026-04-30T14:10:54Z ---
Total proxies tested: 7706
Total healthy proxies: 2806

Healthy proxies by type:
- Ss: 2768
- Vmess: 38
--- Cycle End ---

--- Cycle Start: 2026-04-30T17:27:19Z ---
Total proxies tested: 7542
Total healthy proxies: 2799

Healthy proxies by type:
- Ss: 2760
- Vmess: 39
--- Cycle End ---

--- Cycle Start: 2026-04-30T19:41:54Z ---
Total proxies tested: 7508
Total healthy proxies: 2732

Healthy proxies by type:
- Ss: 2698
- Vmess: 34
--- Cycle End ---

--- Cycle Start: 2026-04-30T21:07:25Z ---
Total proxies tested: 7508
Total healthy proxies: 2743

Healthy proxies by type:
- Ss: 2707
- Vmess: 36
--- Cycle End ---

--- Cycle Start: 2026-04-30T22:58:19Z ---
Total proxies tested: 7375
Total healthy proxies: 2729

Healthy proxies by type:
- Ss: 2691
- Vmess: 38
--- Cycle End ---

--- Cycle Start: 2026-05-01T03:54:15Z ---
Total proxies tested: 7620
Total healthy proxies: 2621

Healthy proxies by type:
- Ss: 2580
- Vmess: 41
--- Cycle End ---

--- Cycle Start: 2026-05-01T06:41:48Z ---
Total proxies tested: 7700
Total healthy proxies: 2706

Healthy proxies by type:
- Ss: 2662
- Vmess: 44
--- Cycle End ---

--- Cycle Start: 2026-05-01T09:51:59Z ---
Total proxies tested: 7634
Total healthy proxies: 2666

Healthy proxies by type:
- Ss: 2623
- Vmess: 43
--- Cycle End ---

--- Cycle Start: 2026-05-01T11:13:05Z ---
Total proxies tested: 7485
Total healthy proxies: 2756

Healthy proxies by type:
- Ss: 2710
- Vmess: 46
--- Cycle End ---

--- Cycle Start: 2026-05-01T13:39:56Z ---
Total proxies tested: 7252
Total healthy proxies: 2678

Healthy proxies by type:
- Ss: 2639
- Vmess: 39
--- Cycle End ---

--- Cycle Start: 2026-05-01T15:02:18Z ---
Total proxies tested: 7252
Total healthy proxies: 2577

Healthy proxies by type:
- Ss: 2545
- Vmess: 32
--- Cycle End ---

--- Cycle Start: 2026-05-01T17:03:28Z ---
Total proxies tested: 7455
Total healthy proxies: 2645

Healthy proxies by type:
- Ss: 2607
- Vmess: 38
--- Cycle End ---

--- Cycle Start: 2026-05-01T19:20:09Z ---
Total proxies tested: 7455
Total healthy proxies: 2618

Healthy proxies by type:
- Ss: 2582
- Vmess: 36
--- Cycle End ---

--- Cycle Start: 2026-05-01T20:59:24Z ---
Total proxies tested: 7402
Total healthy proxies: 2666

Healthy proxies by type:
- Ss: 2626
- Vmess: 40
--- Cycle End ---

--- Cycle Start: 2026-05-01T22:55:13Z ---
Total proxies tested: 7481
Total healthy proxies: 2642

Healthy proxies by type:
- Ss: 2595
- Vmess: 47
--- Cycle End ---

--- Cycle Start: 2026-05-02T03:27:43Z ---
Total proxies tested: 7751
Total healthy proxies: 2591

Healthy proxies by type:
- Vmess: 48
- Ss: 2543
--- Cycle End ---

--- Cycle Start: 2026-05-02T06:12:49Z ---
Total proxies tested: 8072
Total healthy proxies: 2657

Healthy proxies by type:
- Ss: 2603
- Vmess: 54
--- Cycle End ---

--- Cycle Start: 2026-05-02T09:13:42Z ---
Total proxies tested: 7711
Total healthy proxies: 2630

Healthy proxies by type:
- Ss: 2577
- Vmess: 53
--- Cycle End ---

--- Cycle Start: 2026-05-02T10:57:54Z ---
Total proxies tested: 7714
Total healthy proxies: 2622

Healthy proxies by type:
- Ss: 2574
- Vmess: 48
--- Cycle End ---

--- Cycle Start: 2026-05-02T13:24:56Z ---
Total proxies tested: 7685
Total healthy proxies: 2604

Healthy proxies by type:
- Ss: 2568
- Vmess: 36
--- Cycle End ---

--- Cycle Start: 2026-05-02T14:54:42Z ---
Total proxies tested: 7685
Total healthy proxies: 2606

Healthy proxies by type:
- Ss: 2565
- Vmess: 41
--- Cycle End ---

--- Cycle Start: 2026-05-02T16:57:29Z ---
Total proxies tested: 7567
Total healthy proxies: 2612

Healthy proxies by type:
- Ss: 2572
- Vmess: 40
--- Cycle End ---

--- Cycle Start: 2026-05-02T19:10:07Z ---
Total proxies tested: 7567
Total healthy proxies: 2608

Healthy proxies by type:
- Ss: 2566
- Vmess: 42
--- Cycle End ---

--- Cycle Start: 2026-05-02T20:52:01Z ---
Total proxies tested: 7593
Total healthy proxies: 2583

Healthy proxies by type:
- Ss: 2540
- Vmess: 43
--- Cycle End ---

--- Cycle Start: 2026-05-02T22:52:05Z ---
Total proxies tested: 7581
Total healthy proxies: 2639

Healthy proxies by type:
- Ss: 2594
- Vmess: 45
--- Cycle End ---

--- Cycle Start: 2026-05-03T03:47:39Z ---
Total proxies tested: 7919
Total healthy proxies: 2655

Healthy proxies by type:
- Ss: 2609
- Vmess: 46
--- Cycle End ---

--- Cycle Start: 2026-05-03T06:31:23Z ---
Total proxies tested: 8163
Total healthy proxies: 2746

Healthy proxies by type:
- Ss: 2704
- Vmess: 42
--- Cycle End ---

--- Cycle Start: 2026-05-03T09:25:59Z ---
Total proxies tested: 7945
Total healthy proxies: 2714

Healthy proxies by type:
- Ss: 2675
- Vmess: 39
--- Cycle End ---

--- Cycle Start: 2026-05-03T10:58:43Z ---
Total proxies tested: 7977
Total healthy proxies: 2779

Healthy proxies by type:
- Ss: 2738
- Vmess: 41
--- Cycle End ---

--- Cycle Start: 2026-05-03T13:24:02Z ---
Total proxies tested: 7779
Total healthy proxies: 2734

Healthy proxies by type:
- Ss: 2693
- Vmess: 41
--- Cycle End ---

--- Cycle Start: 2026-05-03T14:54:43Z ---
Total proxies tested: 7779
Total healthy proxies: 2730

Healthy proxies by type:
- Ss: 2687
- Vmess: 43
--- Cycle End ---

--- Cycle Start: 2026-05-03T16:58:40Z ---
Total proxies tested: 7715
Total healthy proxies: 2766

Healthy proxies by type:
- Ss: 2726
- Vmess: 40
--- Cycle End ---

--- Cycle Start: 2026-05-03T19:08:48Z ---
Total proxies tested: 7715
Total healthy proxies: 2713

Healthy proxies by type:
- Vmess: 41
- Ss: 2672
--- Cycle End ---

--- Cycle Start: 2026-05-03T20:53:45Z ---
Total proxies tested: 7635
Total healthy proxies: 2667

Healthy proxies by type:
- Ss: 2626
- Vmess: 41
--- Cycle End ---

--- Cycle Start: 2026-05-03T22:52:17Z ---
Total proxies tested: 7465
Total healthy proxies: 2650

Healthy proxies by type:
- Ss: 2608
- Vmess: 42
--- Cycle End ---

--- Cycle Start: 2026-05-04T03:44:08Z ---
Total proxies tested: 7664
Total healthy proxies: 2629

Healthy proxies by type:
- Ss: 2591
- Vmess: 38
--- Cycle End ---

--- Cycle Start: 2026-05-04T06:45:19Z ---
Total proxies tested: 8021
Total healthy proxies: 2615

Healthy proxies by type:
- Ss: 2577
- Vmess: 38
--- Cycle End ---

--- Cycle Start: 2026-05-04T10:19:59Z ---
Total proxies tested: 7415
Total healthy proxies: 2603

Healthy proxies by type:
- Ss: 2568
- Vmess: 35
--- Cycle End ---

--- Cycle Start: 2026-05-04T14:16:28Z ---
Total proxies tested: 6816
Total healthy proxies: 2493

Healthy proxies by type:
- Ss: 2456
- Vmess: 37
--- Cycle End ---

--- Cycle Start: 2026-05-04T17:46:02Z ---
Total proxies tested: 7155
Total healthy proxies: 2538

Healthy proxies by type:
- Vmess: 34
- Ss: 2504
--- Cycle End ---

--- Cycle Start: 2026-05-04T19:48:17Z ---
Total proxies tested: 7155
Total healthy proxies: 2542

Healthy proxies by type:
- Ss: 2504
- Vmess: 38
--- Cycle End ---

--- Cycle Start: 2026-05-04T21:13:55Z ---
Total proxies tested: 6454
Total healthy proxies: 2253

Healthy proxies by type:
- Ss: 2217
- Vmess: 36
--- Cycle End ---

--- Cycle Start: 2026-05-04T23:00:31Z ---
Total proxies tested: 6409
Total healthy proxies: 2389

Healthy proxies by type:
- Ss: 2348
- Vmess: 41
--- Cycle End ---

--- Cycle Start: 2026-05-05T03:29:51Z ---
Total proxies tested: 6742
Total healthy proxies: 2362

Healthy proxies by type:
- Ss: 2318
- Vmess: 44
--- Cycle End ---

--- Cycle Start: 2026-05-05T06:23:14Z ---
Total proxies tested: 7071
Total healthy proxies: 2444

Healthy proxies by type:
- Ss: 2403
- Vmess: 41
--- Cycle End ---

--- Cycle Start: 2026-05-05T10:08:07Z ---
Total proxies tested: 7124
Total healthy proxies: 2444

Healthy proxies by type:
- Ss: 2413
- Vmess: 31
--- Cycle End ---

--- Cycle Start: 2026-05-05T17:43:07Z ---
Total proxies tested: 6806
Total healthy proxies: 2380

Healthy proxies by type:
- Ss: 2349
- Vmess: 31
--- Cycle End ---

--- Cycle Start: 2026-05-05T19:42:38Z ---
Total proxies tested: 6777
Total healthy proxies: 2412

Healthy proxies by type:
- Ss: 2381
- Vmess: 31
--- Cycle End ---

--- Cycle Start: 2026-05-05T21:09:00Z ---
Total proxies tested: 6777
Total healthy proxies: 2377

Healthy proxies by type:
- Ss: 2347
- Vmess: 30
--- Cycle End ---

--- Cycle Start: 2026-05-05T23:00:41Z ---
Total proxies tested: 6469
Total healthy proxies: 2430

Healthy proxies by type:
- Ss: 2398
- Vmess: 32
--- Cycle End ---

--- Cycle Start: 2026-05-06T03:41:07Z ---
Total proxies tested: 6629
Total healthy proxies: 2408

Healthy proxies by type:
- Ss: 2377
- Vmess: 31
--- Cycle End ---

--- Cycle Start: 2026-05-06T06:35:13Z ---
Total proxies tested: 7013
Total healthy proxies: 2464

Healthy proxies by type:
- Ss: 2433
- Vmess: 31
--- Cycle End ---

--- Cycle Start: 2026-05-06T10:24:10Z ---
Total proxies tested: 7114
Total healthy proxies: 2425

Healthy proxies by type:
- Ss: 2394
- Vmess: 31
--- Cycle End ---

--- Cycle Start: 2026-05-06T14:28:41Z ---
Total proxies tested: 6736
Total healthy proxies: 2423

Healthy proxies by type:
- Vmess: 29
- Ss: 2394
--- Cycle End ---

--- Cycle Start: 2026-05-06T17:46:23Z ---
Total proxies tested: 6598
Total healthy proxies: 2385

Healthy proxies by type:
- Vmess: 34
- Ss: 2351
--- Cycle End ---

--- Cycle Start: 2026-05-06T19:54:07Z ---
Total proxies tested: 6598
Total healthy proxies: 2372

Healthy proxies by type:
- Ss: 2338
- Vmess: 34
--- Cycle End ---

--- Cycle Start: 2026-05-06T21:16:01Z ---
Total proxies tested: 6716
Total healthy proxies: 2387

Healthy proxies by type:
- Ss: 2353
- Vmess: 34
--- Cycle End ---

--- Cycle Start: 2026-05-06T22:56:53Z ---
Total proxies tested: 6782
Total healthy proxies: 2473

Healthy proxies by type:
- Ss: 2437
- Vmess: 36
--- Cycle End ---

--- Cycle Start: 2026-05-07T03:40:51Z ---
Total proxies tested: 7170
Total healthy proxies: 2456

Healthy proxies by type:
- Ss: 2421
- Vmess: 35
--- Cycle End ---

--- Cycle Start: 2026-05-07T06:43:05Z ---
Total proxies tested: 7423
Total healthy proxies: 2522

Healthy proxies by type:
- Ss: 2488
- Vmess: 34
--- Cycle End ---

--- Cycle Start: 2026-05-07T10:30:37Z ---
Total proxies tested: 7249
Total healthy proxies: 2429

Healthy proxies by type:
- Ss: 2398
- Vmess: 31
--- Cycle End ---

--- Cycle Start: 2026-05-07T14:28:54Z ---
Total proxies tested: 6593
Total healthy proxies: 2294

Healthy proxies by type:
- Ss: 2264
- Vmess: 30
--- Cycle End ---

--- Cycle Start: 2026-05-07T17:53:28Z ---
Total proxies tested: 7135
Total healthy proxies: 2366

Healthy proxies by type:
- Vmess: 37
- Ss: 2329
--- Cycle End ---

--- Cycle Start: 2026-05-07T19:48:58Z ---
Total proxies tested: 7135
Total healthy proxies: 2302

Healthy proxies by type:
- Vmess: 36
- Ss: 2266
--- Cycle End ---

--- Cycle Start: 2026-05-07T21:09:43Z ---
Total proxies tested: 6923
Total healthy proxies: 2276

Healthy proxies by type:
- Ss: 2241
- Vmess: 35
--- Cycle End ---

--- Cycle Start: 2026-05-07T23:04:16Z ---
Total proxies tested: 7219
Total healthy proxies: 2357

Healthy proxies by type:
- Ss: 2320
- Vmess: 37
--- Cycle End ---

--- Cycle Start: 2026-05-08T03:34:47Z ---
Total proxies tested: 7361
Total healthy proxies: 2344

Healthy proxies by type:
- Ss: 2311
- Vmess: 33
--- Cycle End ---

--- Cycle Start: 2026-05-08T06:02:48Z ---
Total proxies tested: 7272
Total healthy proxies: 2353

Healthy proxies by type:
- Ss: 2327
- Vmess: 26
--- Cycle End ---

--- Cycle Start: 2026-05-08T09:45:42Z ---
Total proxies tested: 6902
Total healthy proxies: 2298

Healthy proxies by type:
- Ss: 2269
- Vmess: 29
--- Cycle End ---

--- Cycle Start: 2026-05-08T11:23:36Z ---
Total proxies tested: 7047
Total healthy proxies: 2364

Healthy proxies by type:
- Ss: 2339
- Vmess: 25
--- Cycle End ---

--- Cycle Start: 2026-05-08T14:02:49Z ---
Total proxies tested: 6963
Total healthy proxies: 2359

Healthy proxies by type:
- Vmess: 21
- Ss: 2338
--- Cycle End ---

--- Cycle Start: 2026-05-08T17:25:41Z ---
Total proxies tested: 7143
Total healthy proxies: 2451

Healthy proxies by type:
- Ss: 2424
- Vmess: 27
--- Cycle End ---

--- Cycle Start: 2026-05-08T19:27:02Z ---
Total proxies tested: 7143
Total healthy proxies: 2474

Healthy proxies by type:
- Ss: 2447
- Vmess: 27
--- Cycle End ---

--- Cycle Start: 2026-05-08T21:08:17Z ---
Total proxies tested: 7220
Total healthy proxies: 2395

Healthy proxies by type:
- Ss: 2371
- Vmess: 24
--- Cycle End ---

--- Cycle Start: 2026-05-08T23:01:03Z ---
Total proxies tested: 7371
Total healthy proxies: 2511

Healthy proxies by type:
- Ss: 2475
- Vmess: 36
--- Cycle End ---

--- Cycle Start: 2026-05-09T03:35:08Z ---
Total proxies tested: 7523
Total healthy proxies: 2500

Healthy proxies by type:
- Ss: 2471
- Vmess: 29
--- Cycle End ---

--- Cycle Start: 2026-05-09T06:22:13Z ---
Total proxies tested: 7996
Total healthy proxies: 2585

Healthy proxies by type:
- Vmess: 35
- Ss: 2550
--- Cycle End ---

--- Cycle Start: 2026-05-09T09:25:32Z ---
Total proxies tested: 7632
Total healthy proxies: 2590

Healthy proxies by type:
- Vmess: 40
- Ss: 2550
--- Cycle End ---

--- Cycle Start: 2026-05-09T11:02:09Z ---
Total proxies tested: 7740
Total healthy proxies: 2613

Healthy proxies by type:
- Vmess: 32
- Ss: 2581
--- Cycle End ---

--- Cycle Start: 2026-05-09T13:38:30Z ---
Total proxies tested: 7445
Total healthy proxies: 2629

Healthy proxies by type:
- Ss: 2594
- Vmess: 35
--- Cycle End ---

--- Cycle Start: 2026-05-09T14:58:17Z ---
Total proxies tested: 7445
Total healthy proxies: 2598

Healthy proxies by type:
- Ss: 2562
- Vmess: 36
--- Cycle End ---

--- Cycle Start: 2026-05-09T17:01:45Z ---
Total proxies tested: 7685
Total healthy proxies: 2702

Healthy proxies by type:
- Ss: 2667
- Vmess: 35
--- Cycle End ---

--- Cycle Start: 2026-05-09T19:11:44Z ---
Total proxies tested: 7685
Total healthy proxies: 2705

Healthy proxies by type:
- Ss: 2667
- Vmess: 38
--- Cycle End ---

--- Cycle Start: 2026-05-09T20:53:24Z ---
Total proxies tested: 7716
Total healthy proxies: 2693

Healthy proxies by type:
- Ss: 2657
- Vmess: 36
--- Cycle End ---

--- Cycle Start: 2026-05-09T22:54:04Z ---
Total proxies tested: 7871
Total healthy proxies: 2670

Healthy proxies by type:
- Ss: 2630
- Vmess: 40
--- Cycle End ---

--- Cycle Start: 2026-05-10T03:50:41Z ---
Total proxies tested: 8095
Total healthy proxies: 2624

Healthy proxies by type:
- Vmess: 40
- Ss: 2584
--- Cycle End ---

--- Cycle Start: 2026-05-10T06:38:44Z ---
Total proxies tested: 8334
Total healthy proxies: 2692

Healthy proxies by type:
- Ss: 2648
- Vmess: 44
--- Cycle End ---

--- Cycle Start: 2026-05-10T09:43:17Z ---
Total proxies tested: 8144
Total healthy proxies: 2588

Healthy proxies by type:
- Ss: 2547
- Vmess: 41
--- Cycle End ---

--- Cycle Start: 2026-05-10T11:03:55Z ---
Total proxies tested: 8069
Total healthy proxies: 2614

Healthy proxies by type:
- Ss: 2578
- Vmess: 36
--- Cycle End ---

--- Cycle Start: 2026-05-10T13:41:25Z ---
Total proxies tested: 7897
Total healthy proxies: 2561

Healthy proxies by type:
- Ss: 2523
- Vmess: 38
--- Cycle End ---

--- Cycle Start: 2026-05-10T14:59:15Z ---
Total proxies tested: 7897
Total healthy proxies: 2559

Healthy proxies by type:
- Vmess: 33
- Ss: 2526
--- Cycle End ---

--- Cycle Start: 2026-05-10T17:02:23Z ---
Total proxies tested: 8252
Total healthy proxies: 2614

Healthy proxies by type:
- Vmess: 39
- Ss: 2575
--- Cycle End ---

--- Cycle Start: 2026-05-10T19:13:59Z ---
Total proxies tested: 8252
Total healthy proxies: 2586

Healthy proxies by type:
- Ss: 2546
- Vmess: 40
--- Cycle End ---

--- Cycle Start: 2026-05-10T20:56:17Z ---
Total proxies tested: 8223
Total healthy proxies: 2564

Healthy proxies by type:
- Vmess: 40
- Ss: 2524
--- Cycle End ---

--- Cycle Start: 2026-05-10T22:55:19Z ---
Total proxies tested: 8206
Total healthy proxies: 2565

Healthy proxies by type:
- Ss: 2524
- Vmess: 41
--- Cycle End ---

--- Cycle Start: 2026-05-11T04:01:30Z ---
Total proxies tested: 8488
Total healthy proxies: 2555

Healthy proxies by type:
- Ss: 2520
- Vmess: 35
--- Cycle End ---

--- Cycle Start: 2026-05-11T07:53:26Z ---
Total proxies tested: 8602
Total healthy proxies: 2651

Healthy proxies by type:
- Vmess: 34
- Ss: 2617
--- Cycle End ---

--- Cycle Start: 2026-05-11T11:31:06Z ---
Total proxies tested: 8602
Total healthy proxies: 2656

Healthy proxies by type:
- Ss: 2616
- Vmess: 40
--- Cycle End ---

--- Cycle Start: 2026-05-11T15:24:18Z ---
Total proxies tested: 7248
Total healthy proxies: 2508

Healthy proxies by type:
- Ss: 2476
- Vmess: 32
--- Cycle End ---

--- Cycle Start: 2026-05-11T18:00:19Z ---
Total proxies tested: 7765
Total healthy proxies: 2518

Healthy proxies by type:
- Ss: 2476
- Vmess: 42
--- Cycle End ---

--- Cycle Start: 2026-05-11T20:00:51Z ---
Total proxies tested: 7765
Total healthy proxies: 2530

Healthy proxies by type:
- Vmess: 41
- Ss: 2489
--- Cycle End ---

--- Cycle Start: 2026-05-11T21:38:06Z ---
Total proxies tested: 7846
Total healthy proxies: 2569

Healthy proxies by type:
- Ss: 2531
- Vmess: 38
--- Cycle End ---

--- Cycle Start: 2026-05-11T23:00:31Z ---
Total proxies tested: 7886
Total healthy proxies: 2599

Healthy proxies by type:
- Ss: 2558
- Vmess: 41
--- Cycle End ---

--- Cycle Start: 2026-05-12T03:44:13Z ---
Total proxies tested: 7929
Total healthy proxies: 2596

Healthy proxies by type:
- Ss: 2557
- Vmess: 39
--- Cycle End ---

--- Cycle Start: 2026-05-12T06:41:46Z ---
Total proxies tested: 8298
Total healthy proxies: 2637

Healthy proxies by type:
- Ss: 2596
- Vmess: 41
--- Cycle End ---

--- Cycle Start: 2026-05-12T10:38:13Z ---
Total proxies tested: 8300
Total healthy proxies: 2544

Healthy proxies by type:
- Ss: 2512
- Vmess: 32
--- Cycle End ---

--- Cycle Start: 2026-05-12T14:37:09Z ---
Total proxies tested: 7473
Total healthy proxies: 2404

Healthy proxies by type:
- Ss: 2370
- Vmess: 34
--- Cycle End ---

--- Cycle Start: 2026-05-12T18:04:56Z ---
Total proxies tested: 7917
Total healthy proxies: 2438

Healthy proxies by type:
- Ss: 2400
- Vmess: 38
--- Cycle End ---

--- Cycle Start: 2026-05-12T21:24:22Z ---
Total proxies tested: 7795
Total healthy proxies: 2372

Healthy proxies by type:
- Vmess: 30
- Ss: 2342
--- Cycle End ---

--- Cycle Start: 2026-05-12T23:07:15Z ---
Total proxies tested: 7665
Total healthy proxies: 2489

Healthy proxies by type:
- Vmess: 31
- Ss: 2458
--- Cycle End ---

--- Cycle Start: 2026-05-13T03:54:16Z ---
Total proxies tested: 7810
Total healthy proxies: 2462

Healthy proxies by type:
- Vmess: 31
- Ss: 2431
--- Cycle End ---

--- Cycle Start: 2026-05-13T06:52:27Z ---
Total proxies tested: 7810
Total healthy proxies: 2462

Healthy proxies by type:
- Vmess: 31
- Ss: 2431
--- Cycle End ---

--- Cycle Start: 2026-05-13T10:35:55Z ---
Total proxies tested: 8153
Total healthy proxies: 2523

Healthy proxies by type:
- Vmess: 36
- Ss: 2487
--- Cycle End ---

--- Cycle Start: 2026-05-13T14:47:37Z ---
Total proxies tested: 7068
Total healthy proxies: 2406

Healthy proxies by type:
- Ss: 2387
- Vmess: 19
--- Cycle End ---

--- Cycle Start: 2026-05-13T18:06:23Z ---
Total proxies tested: 7544
Total healthy proxies: 2408

Healthy proxies by type:
- Ss: 2382
- Vmess: 26
--- Cycle End ---

--- Cycle Start: 2026-05-13T21:40:13Z ---
Total proxies tested: 7393
Total healthy proxies: 2441

Healthy proxies by type:
- Ss: 2417
- Vmess: 24
--- Cycle End ---

--- Cycle Start: 2026-05-13T23:10:27Z ---
Total proxies tested: 7205
Total healthy proxies: 2434

Healthy proxies by type:
- Ss: 2404
- Vmess: 30
--- Cycle End ---

--- Cycle Start: 2026-05-14T03:53:46Z ---
Total proxies tested: 7763
Total healthy proxies: 2468

Healthy proxies by type:
- Ss: 2441
- Vmess: 27
--- Cycle End ---

--- Cycle Start: 2026-05-14T06:50:16Z ---
Total proxies tested: 7763
Total healthy proxies: 2470

Healthy proxies by type:
- Ss: 2442
- Vmess: 28
--- Cycle End ---

--- Cycle Start: 2026-05-14T10:25:38Z ---
Total proxies tested: 7980
Total healthy proxies: 2473

Healthy proxies by type:
- Ss: 2445
- Vmess: 28
--- Cycle End ---

--- Cycle Start: 2026-05-14T14:27:33Z ---
Total proxies tested: 7001
Total healthy proxies: 2409

Healthy proxies by type:
- Ss: 2379
- Vmess: 30
--- Cycle End ---

--- Cycle Start: 2026-05-14T17:58:48Z ---
Total proxies tested: 7362
Total healthy proxies: 2437

Healthy proxies by type:
- Ss: 2409
- Vmess: 28
--- Cycle End ---

--- Cycle Start: 2026-05-14T19:58:14Z ---
Total proxies tested: 7362
Total healthy proxies: 2397

Healthy proxies by type:
- Ss: 2368
- Vmess: 29
--- Cycle End ---

--- Cycle Start: 2026-05-14T21:17:55Z ---
Total proxies tested: 7454
Total healthy proxies: 2462

Healthy proxies by type:
- Ss: 2431
- Vmess: 31
--- Cycle End ---

--- Cycle Start: 2026-05-14T23:02:04Z ---
Total proxies tested: 7473
Total healthy proxies: 2508

Healthy proxies by type:
- Ss: 2475
- Vmess: 33
--- Cycle End ---

--- Cycle Start: 2026-05-15T03:57:27Z ---
Total proxies tested: 7835
Total healthy proxies: 2581

Healthy proxies by type:
- Vmess: 30
- Ss: 2551
--- Cycle End ---

--- Cycle Start: 2026-05-15T07:30:33Z ---
Total proxies tested: 7783
Total healthy proxies: 2588

Healthy proxies by type:
- Ss: 2559
- Vmess: 29
--- Cycle End ---

--- Cycle Start: 2026-05-15T10:31:31Z ---
Total proxies tested: 7783
Total healthy proxies: 2567

Healthy proxies by type:
- Ss: 2538
- Vmess: 29
--- Cycle End ---

--- Cycle Start: 2026-05-15T14:21:28Z ---
Total proxies tested: 7182
Total healthy proxies: 2371

Healthy proxies by type:
- Ss: 2349
- Vmess: 22
--- Cycle End ---

--- Cycle Start: 2026-05-15T17:46:32Z ---
Total proxies tested: 7562
Total healthy proxies: 2487

Healthy proxies by type:
- Ss: 2464
- Vmess: 23
--- Cycle End ---

--- Cycle Start: 2026-05-15T19:46:25Z ---
Total proxies tested: 7562
Total healthy proxies: 2493

Healthy proxies by type:
- Ss: 2469
- Vmess: 24
--- Cycle End ---

--- Cycle Start: 2026-05-15T21:11:15Z ---
Total proxies tested: 7421
Total healthy proxies: 2441

Healthy proxies by type:
- Ss: 2417
- Vmess: 24
--- Cycle End ---

--- Cycle Start: 2026-05-15T23:00:36Z ---
Total proxies tested: 7556
Total healthy proxies: 2481

Healthy proxies by type:
- Ss: 2454
- Vmess: 27
--- Cycle End ---

--- Cycle Start: 2026-05-16T03:38:46Z ---
Total proxies tested: 7656
Total healthy proxies: 2500

Healthy proxies by type:
- Ss: 2476
- Vmess: 24
--- Cycle End ---

--- Cycle Start: 2026-05-16T06:27:23Z ---
Total proxies tested: 8001
Total healthy proxies: 2583

Healthy proxies by type:
- Ss: 2558
- Vmess: 25
--- Cycle End ---

--- Cycle Start: 2026-05-16T09:47:03Z ---
Total proxies tested: 7942
Total healthy proxies: 2551

Healthy proxies by type:
- Ss: 2525
- Vmess: 26
--- Cycle End ---

--- Cycle Start: 2026-05-16T11:06:59Z ---
Total proxies tested: 7510
Total healthy proxies: 2532

Healthy proxies by type:
- Ss: 2505
- Vmess: 27
--- Cycle End ---

--- Cycle Start: 2026-05-16T13:44:29Z ---
Total proxies tested: 7305
Total healthy proxies: 2498

Healthy proxies by type:
- Ss: 2475
- Vmess: 23
--- Cycle End ---

--- Cycle Start: 2026-05-16T15:02:04Z ---
Total proxies tested: 7305
Total healthy proxies: 2501

Healthy proxies by type:
- Ss: 2479
- Vmess: 22
--- Cycle End ---

--- Cycle Start: 2026-05-16T17:04:47Z ---
Total proxies tested: 7173
Total healthy proxies: 2456

Healthy proxies by type:
- Ss: 2436
- Vmess: 20
--- Cycle End ---

--- Cycle Start: 2026-05-16T19:13:48Z ---
Total proxies tested: 7173
Total healthy proxies: 2479

Healthy proxies by type:
- Ss: 2454
- Vmess: 25
--- Cycle End ---

--- Cycle Start: 2026-05-16T20:56:57Z ---
Total proxies tested: 7258
Total healthy proxies: 2483

Healthy proxies by type:
- Ss: 2456
- Vmess: 27
--- Cycle End ---

--- Cycle Start: 2026-05-16T22:54:34Z ---
Total proxies tested: 7348
Total healthy proxies: 2550

Healthy proxies by type:
- Ss: 2523
- Vmess: 27
--- Cycle End ---

--- Cycle Start: 2026-05-17T03:58:00Z ---
Total proxies tested: 7454
Total healthy proxies: 2552

Healthy proxies by type:
- Ss: 2526
- Vmess: 26
--- Cycle End ---

--- Cycle Start: 2026-05-17T06:50:43Z ---
Total proxies tested: 7855
Total healthy proxies: 2633

Healthy proxies by type:
- Ss: 2604
- Vmess: 29
--- Cycle End ---

--- Cycle Start: 2026-05-17T09:52:26Z ---
Total proxies tested: 7855
Total healthy proxies: 2629

Healthy proxies by type:
- Ss: 2597
- Vmess: 32
--- Cycle End ---

--- Cycle Start: 2026-05-17T11:14:14Z ---
Total proxies tested: 7819
Total healthy proxies: 2691

Healthy proxies by type:
- Ss: 2657
- Vmess: 34
--- Cycle End ---

--- Cycle Start: 2026-05-17T13:43:37Z ---
Total proxies tested: 7004
Total healthy proxies: 2675

Healthy proxies by type:
- Ss: 2655
- Vmess: 20
--- Cycle End ---

--- Cycle Start: 2026-05-17T15:02:23Z ---
Total proxies tested: 7004
Total healthy proxies: 2669

Healthy proxies by type:
- Ss: 2639
- Vmess: 30
--- Cycle End ---

--- Cycle Start: 2026-05-17T17:04:05Z ---
Total proxies tested: 7309
Total healthy proxies: 2726

Healthy proxies by type:
- Ss: 2691
- Vmess: 35
--- Cycle End ---

--- Cycle Start: 2026-05-17T19:17:26Z ---
Total proxies tested: 7309
Total healthy proxies: 2722

Healthy proxies by type:
- Ss: 2687
- Vmess: 35
--- Cycle End ---

--- Cycle Start: 2026-05-17T21:00:56Z ---
Total proxies tested: 7255
Total healthy proxies: 2641

Healthy proxies by type:
- Ss: 2605
- Vmess: 36
--- Cycle End ---

--- Cycle Start: 2026-05-17T22:57:50Z ---
Total proxies tested: 7333
Total healthy proxies: 2639

Healthy proxies by type:
- Ss: 2605
- Vmess: 34
--- Cycle End ---

--- Cycle Start: 2026-05-18T04:10:59Z ---
Total proxies tested: 7563
Total healthy proxies: 2633

Healthy proxies by type:
- Ss: 2599
- Vmess: 34
--- Cycle End ---

--- Cycle Start: 2026-05-18T10:16:16Z ---
Total proxies tested: 7858
Total healthy proxies: 2682

Healthy proxies by type:
- Ss: 2644
- Vmess: 38
--- Cycle End ---

--- Cycle Start: 2026-05-18T15:44:31Z ---
Total proxies tested: 7842
Total healthy proxies: 2684

Healthy proxies by type:
- Ss: 2644
- Vmess: 40
--- Cycle End ---

--- Cycle Start: 2026-05-18T18:05:40Z ---
Total proxies tested: 7842
Total healthy proxies: 2698

Healthy proxies by type:
- Ss: 2657
- Vmess: 41
--- Cycle End ---

--- Cycle Start: 2026-05-18T21:17:51Z ---
Total proxies tested: 7699
Total healthy proxies: 2673

Healthy proxies by type:
- Vmess: 44
- Ss: 2629
--- Cycle End ---

--- Cycle Start: 2026-05-18T23:09:01Z ---
Total proxies tested: 7568
Total healthy proxies: 2646

Healthy proxies by type:
- Ss: 2603
- Vmess: 43
--- Cycle End ---

--- Cycle Start: 2026-05-19T04:04:20Z ---
Total proxies tested: 7780
Total healthy proxies: 2618

Healthy proxies by type:
- Ss: 2576
- Vmess: 42
--- Cycle End ---

--- Cycle Start: 2026-05-19T09:56:57Z ---
Total proxies tested: 7853
Total healthy proxies: 2664

Healthy proxies by type:
- Ss: 2623
- Vmess: 41
--- Cycle End ---

--- Cycle Start: 2026-05-19T12:46:21Z ---
Total proxies tested: 7762
Total healthy proxies: 2638

Healthy proxies by type:
- Ss: 2600
- Vmess: 38
--- Cycle End ---

--- Cycle Start: 2026-05-19T16:52:04Z ---
Total proxies tested: 7162
Total healthy proxies: 2509

Healthy proxies by type:
- Vmess: 40
- Ss: 2469
--- Cycle End ---

--- Cycle Start: 2026-05-19T19:58:28Z ---
Total proxies tested: 6976
Total healthy proxies: 2440

Healthy proxies by type:
- Ss: 2400
- Vmess: 40
--- Cycle End ---

--- Cycle Start: 2026-05-19T21:41:00Z ---
Total proxies tested: 6686
Total healthy proxies: 2373

Healthy proxies by type:
- Ss: 2330
- Vmess: 43
--- Cycle End ---

--- Cycle Start: 2026-05-19T23:09:29Z ---
Total proxies tested: 6883
Total healthy proxies: 2396

Healthy proxies by type:
- Ss: 2351
- Vmess: 45
--- Cycle End ---

--- Cycle Start: 2026-05-20T04:04:58Z ---
Total proxies tested: 7117
Total healthy proxies: 2380

Healthy proxies by type:
- Ss: 2337
- Vmess: 43
--- Cycle End ---

--- Cycle Start: 2026-05-20T09:44:42Z ---
Total proxies tested: 7466
Total healthy proxies: 2427

Healthy proxies by type:
- Ss: 2384
- Vmess: 43
--- Cycle End ---

--- Cycle Start: 2026-05-20T12:29:26Z ---
Total proxies tested: 7496
Total healthy proxies: 2483

Healthy proxies by type:
- Ss: 2439
- Vmess: 44
--- Cycle End ---

--- Cycle Start: 2026-05-20T16:58:21Z ---
Total proxies tested: 6945
Total healthy proxies: 2045

Healthy proxies by type:
- Ss: 2001
- Vmess: 44
--- Cycle End ---

--- Cycle Start: 2026-05-20T20:26:05Z ---
Total proxies tested: 6945
Total healthy proxies: 2018

Healthy proxies by type:
- Ss: 1976
- Vmess: 42
--- Cycle End ---

--- Cycle Start: 2026-05-20T23:18:04Z ---
Total proxies tested: 6611
Total healthy proxies: 2141

Healthy proxies by type:
- Ss: 2094
- Vmess: 47
--- Cycle End ---

--- Cycle Start: 2026-05-21T04:13:59Z ---
Total proxies tested: 6916
Total healthy proxies: 2120

Healthy proxies by type:
- Ss: 2073
- Vmess: 47
--- Cycle End ---

--- Cycle Start: 2026-05-21T09:53:40Z ---
Total proxies tested: 7049
Total healthy proxies: 2130

Healthy proxies by type:
- Vmess: 50
- Ss: 2080
--- Cycle End ---

--- Cycle Start: 2026-05-21T12:49:12Z ---
Total proxies tested: 7049
Total healthy proxies: 2151

Healthy proxies by type:
- Ss: 2101
- Vmess: 50
--- Cycle End ---

--- Cycle Start: 2026-05-21T16:41:30Z ---
Total proxies tested: 6434
Total healthy proxies: 2121

Healthy proxies by type:
- Ss: 2081
- Vmess: 40
--- Cycle End ---

--- Cycle Start: 2026-05-21T20:01:06Z ---
Total proxies tested: 6434
Total healthy proxies: 2137

Healthy proxies by type:
- Ss: 2104
- Vmess: 33
--- Cycle End ---

--- Cycle Start: 2026-05-21T21:45:43Z ---
Total proxies tested: 6434
Total healthy proxies: 2145

Healthy proxies by type:
- Ss: 2105
- Vmess: 40
--- Cycle End ---

--- Cycle Start: 2026-05-21T23:07:00Z ---
Total proxies tested: 6621
Total healthy proxies: 2222

Healthy proxies by type:
- Ss: 2182
- Vmess: 40
--- Cycle End ---

--- Cycle Start: 2026-05-22T04:08:45Z ---
Total proxies tested: 6621
Total healthy proxies: 2194

Healthy proxies by type:
- Vmess: 38
- Ss: 2156
--- Cycle End ---

--- Cycle Start: 2026-05-22T09:38:54Z ---
Total proxies tested: 6621
Total healthy proxies: 2122

Healthy proxies by type:
- Ss: 2089
- Vmess: 33
--- Cycle End ---

--- Cycle Start: 2026-05-22T12:26:50Z ---
Total proxies tested: 6621
Total healthy proxies: 2182

Healthy proxies by type:
- Ss: 2152
- Vmess: 30
--- Cycle End ---

--- Cycle Start: 2026-05-22T16:30:30Z ---
Total proxies tested: 7045
Total healthy proxies: 2264

Healthy proxies by type:
- Ss: 2234
- Vmess: 30
--- Cycle End ---

--- Cycle Start: 2026-05-22T19:56:04Z ---
Total proxies tested: 7045
Total healthy proxies: 2269

Healthy proxies by type:
- Ss: 2239
- Vmess: 30
--- Cycle End ---

--- Cycle Start: 2026-05-22T21:17:03Z ---
Total proxies tested: 7045
Total healthy proxies: 2282

Healthy proxies by type:
- Ss: 2252
- Vmess: 30
--- Cycle End ---

--- Cycle Start: 2026-05-22T23:07:38Z ---
Total proxies tested: 7045
Total healthy proxies: 2282

Healthy proxies by type:
- Ss: 2252
- Vmess: 30
--- Cycle End ---

--- Cycle Start: 2026-05-23T03:47:33Z ---
Total proxies tested: 7045
Total healthy proxies: 2234

Healthy proxies by type:
- Ss: 2204
- Vmess: 30
--- Cycle End ---

--- Cycle Start: 2026-05-23T06:38:40Z ---
Total proxies tested: 7045
Total healthy proxies: 2230

Healthy proxies by type:
- Ss: 2200
- Vmess: 30
--- Cycle End ---

--- Cycle Start: 2026-05-23T09:59:32Z ---
Total proxies tested: 7045
Total healthy proxies: 2204

Healthy proxies by type:
- Ss: 2174
- Vmess: 30
--- Cycle End ---

--- Cycle Start: 2026-05-23T11:22:28Z ---
Total proxies tested: 7045
Total healthy proxies: 2209

Healthy proxies by type:
- Ss: 2180
- Vmess: 29
--- Cycle End ---

--- Cycle Start: 2026-05-23T13:48:49Z ---
Total proxies tested: 7045
Total healthy proxies: 2225

Healthy proxies by type:
- Vmess: 30
- Ss: 2195
--- Cycle End ---

--- Cycle Start: 2026-05-23T15:06:40Z ---
Total proxies tested: 7045
Total healthy proxies: 2188

Healthy proxies by type:
- Vmess: 29
- Ss: 2159
--- Cycle End ---

--- Cycle Start: 2026-05-23T17:07:51Z ---
Total proxies tested: 7045
Total healthy proxies: 2214

Healthy proxies by type:
- Ss: 2184
- Vmess: 30
--- Cycle End ---

--- Cycle Start: 2026-05-23T19:19:55Z ---
Total proxies tested: 7045
Total healthy proxies: 2210

Healthy proxies by type:
- Ss: 2180
- Vmess: 30
--- Cycle End ---

--- Cycle Start: 2026-05-23T21:00:26Z ---
Total proxies tested: 7045
Total healthy proxies: 2221

Healthy proxies by type:
- Ss: 2191
- Vmess: 30
--- Cycle End ---

--- Cycle Start: 2026-05-23T22:57:42Z ---
Total proxies tested: 7045
Total healthy proxies: 2239

Healthy proxies by type:
- Vmess: 30
- Ss: 2209
--- Cycle End ---

--- Cycle Start: 2026-05-24T04:07:53Z ---
Total proxies tested: 7045
Total healthy proxies: 2213

Healthy proxies by type:
- Ss: 2184
- Vmess: 29
--- Cycle End ---

--- Cycle Start: 2026-05-24T08:37:42Z ---
Total proxies tested: 7045
Total healthy proxies: 2186

Healthy proxies by type:
- Ss: 2160
- Vmess: 26
--- Cycle End ---

--- Cycle Start: 2026-05-24T11:20:37Z ---
Total proxies tested: 7045
Total healthy proxies: 2176

Healthy proxies by type:
- Ss: 2154
- Vmess: 22
--- Cycle End ---

--- Cycle Start: 2026-05-24T13:47:34Z ---
Total proxies tested: 7045
Total healthy proxies: 2187

Healthy proxies by type:
- Vmess: 26
- Ss: 2161
--- Cycle End ---

--- Cycle Start: 2026-05-24T15:10:08Z ---
Total proxies tested: 7045
Total healthy proxies: 2161

Healthy proxies by type:
- Ss: 2136
- Vmess: 25
--- Cycle End ---

--- Cycle Start: 2026-05-24T17:10:14Z ---
Total proxies tested: 7045
Total healthy proxies: 2108

Healthy proxies by type:
- Vmess: 24
- Ss: 2084
--- Cycle End ---

--- Cycle Start: 2026-05-24T19:24:50Z ---
Total proxies tested: 7045
Total healthy proxies: 2154

Healthy proxies by type:
- Ss: 2129
- Vmess: 25
--- Cycle End ---

--- Cycle Start: 2026-05-24T21:03:29Z ---
Total proxies tested: 7045
Total healthy proxies: 2194

Healthy proxies by type:
- Ss: 2172
- Vmess: 22
--- Cycle End ---

--- Cycle Start: 2026-05-24T23:02:54Z ---
Total proxies tested: 7514
Total healthy proxies: 2567

Healthy proxies by type:
- Ss: 2532
- Vmess: 35
--- Cycle End ---

--- Cycle Start: 2026-05-25T04:19:30Z ---
Total proxies tested: 7514
Total healthy proxies: 2560

Healthy proxies by type:
- Ss: 2524
- Vmess: 36
--- Cycle End ---

--- Cycle Start: 2026-05-25T10:20:26Z ---
Total proxies tested: 7514
Total healthy proxies: 2519

Healthy proxies by type:
- Ss: 2483
- Vmess: 36
--- Cycle End ---

--- Cycle Start: 2026-05-25T15:19:36Z ---
Total proxies tested: 7514
Total healthy proxies: 2547

Healthy proxies by type:
- Ss: 2513
- Vmess: 34
--- Cycle End ---

--- Cycle Start: 2026-05-25T17:49:19Z ---
Total proxies tested: 7514
Total healthy proxies: 2526

Healthy proxies by type:
- Ss: 2490
- Vmess: 36
--- Cycle End ---

--- Cycle Start: 2026-05-25T19:49:50Z ---
Total proxies tested: 7514
Total healthy proxies: 2495

Healthy proxies by type:
- Ss: 2461
- Vmess: 34
--- Cycle End ---

--- Cycle Start: 2026-05-25T21:16:27Z ---
Total proxies tested: 7514
Total healthy proxies: 2586

Healthy proxies by type:
- Vmess: 35
- Ss: 2551
--- Cycle End ---

--- Cycle Start: 2026-05-25T23:12:38Z ---
Total proxies tested: 7514
Total healthy proxies: 2583

Healthy proxies by type:
- Ss: 2547
- Vmess: 36
--- Cycle End ---

--- Cycle Start: 2026-05-26T04:04:54Z ---
Total proxies tested: 7514
Total healthy proxies: 2545

Healthy proxies by type:
- Ss: 2510
- Vmess: 35
--- Cycle End ---

--- Cycle Start: 2026-05-26T10:06:50Z ---
Total proxies tested: 7514
Total healthy proxies: 2556

Healthy proxies by type:
- Ss: 2523
- Vmess: 33
--- Cycle End ---

--- Cycle Start: 2026-05-26T15:53:52Z ---
Total proxies tested: 7514
Total healthy proxies: 2495

Healthy proxies by type:
- Ss: 2462
- Vmess: 33
--- Cycle End ---

--- Cycle Start: 2026-05-26T18:33:20Z ---
Total proxies tested: 7514
Total healthy proxies: 2286

Healthy proxies by type:
- Ss: 2261
- Vmess: 25
--- Cycle End ---

--- Cycle Start: 2026-05-26T21:52:08Z ---
Total proxies tested: 7514
Total healthy proxies: 2287

Healthy proxies by type:
- Ss: 2255
- Vmess: 32
--- Cycle End ---

--- Cycle Start: 2026-05-26T23:15:21Z ---
Total proxies tested: 7514
Total healthy proxies: 2476

Healthy proxies by type:
- Vmess: 30
- Ss: 2446
--- Cycle End ---

--- Cycle Start: 2026-05-27T04:19:02Z ---
Total proxies tested: 7514
Total healthy proxies: 2482

Healthy proxies by type:
- Ss: 2454
- Vmess: 28
--- Cycle End ---

--- Cycle Start: 2026-05-27T10:06:48Z ---
Total proxies tested: 7514
Total healthy proxies: 1622

Healthy proxies by type:
- Vmess: 26
- Ss: 1596
--- Cycle End ---

--- Cycle Start: 2026-05-27T15:59:53Z ---
Total proxies tested: 7514
Total healthy proxies: 1679

Healthy proxies by type:
- Ss: 1655
- Vmess: 24
--- Cycle End ---

--- Cycle Start: 2026-05-27T18:33:39Z ---
Total proxies tested: 7514
Total healthy proxies: 1422

Healthy proxies by type:
- Vmess: 28
- Ss: 1394
--- Cycle End ---

--- Cycle Start: 2026-05-27T22:03:26Z ---
Total proxies tested: 7514
Total healthy proxies: 1558

Healthy proxies by type:
- Ss: 1528
- Vmess: 30
--- Cycle End ---

--- Cycle Start: 2026-05-28T04:08:28Z ---
Total proxies tested: 7514
Total healthy proxies: 1784

Healthy proxies by type:
- Ss: 1758
- Vmess: 26
--- Cycle End ---

--- Cycle Start: 2026-05-28T10:15:42Z ---
Total proxies tested: 7514
Total healthy proxies: 1598

Healthy proxies by type:
- Vmess: 21
- Ss: 1577
--- Cycle End ---

--- Cycle Start: 2026-05-28T16:14:03Z ---
Total proxies tested: 7514
Total healthy proxies: 1580

Healthy proxies by type:
- Vmess: 23
- Ss: 1557
--- Cycle End ---

--- Cycle Start: 2026-05-28T20:32:55Z ---
Total proxies tested: 7514
Total healthy proxies: 1476

Healthy proxies by type:
- Vmess: 27
- Ss: 1449
--- Cycle End ---

--- Cycle Start: 2026-05-28T23:23:51Z ---
Total proxies tested: 7514
Total healthy proxies: 1758

Healthy proxies by type:
- Ss: 1735
- Vmess: 23
--- Cycle End ---

--- Cycle Start: 2026-05-29T04:10:44Z ---
Total proxies tested: 7514
Total healthy proxies: 1679

Healthy proxies by type:
- Ss: 1652
- Vmess: 27
--- Cycle End ---

--- Cycle Start: 2026-05-29T10:06:14Z ---
Total proxies tested: 7514
Total healthy proxies: 1345

Healthy proxies by type:
- Ss: 1322
- Vmess: 23
--- Cycle End ---

--- Cycle Start: 2026-05-29T15:55:45Z ---
Total proxies tested: 7514
Total healthy proxies: 1577

Healthy proxies by type:
- Ss: 1557
- Vmess: 20
--- Cycle End ---

--- Cycle Start: 2026-05-29T18:40:40Z ---
Total proxies tested: 7514
Total healthy proxies: 1470

Healthy proxies by type:
- Vmess: 24
- Ss: 1446
--- Cycle End ---

--- Cycle Start: 2026-05-29T21:57:57Z ---
Total proxies tested: 7514
Total healthy proxies: 1658

Healthy proxies by type:
- Ss: 1630
- Vmess: 28
--- Cycle End ---

--- Cycle Start: 2026-05-29T23:21:28Z ---
Total proxies tested: 7514
Total healthy proxies: 1665

Healthy proxies by type:
- Ss: 1638
- Vmess: 27
--- Cycle End ---

--- Cycle Start: 2026-05-30T03:57:02Z ---
Total proxies tested: 7514
Total healthy proxies: 1629

Healthy proxies by type:
- Ss: 1607
- Vmess: 22
--- Cycle End ---

--- Cycle Start: 2026-05-30T06:53:57Z ---
Total proxies tested: 7514
Total healthy proxies: 1467

Healthy proxies by type:
- Ss: 1444
- Vmess: 23
--- Cycle End ---

--- Cycle Start: 2026-05-30T10:07:33Z ---
Total proxies tested: 7514
Total healthy proxies: 1459

Healthy proxies by type:
- Ss: 1437
- Vmess: 22
--- Cycle End ---

--- Cycle Start: 2026-05-30T13:53:38Z ---
Total proxies tested: 7514
Total healthy proxies: 1426

Healthy proxies by type:
- Ss: 1403
- Vmess: 23
--- Cycle End ---

--- Cycle Start: 2026-05-30T15:16:11Z ---
Total proxies tested: 7514
Total healthy proxies: 1496

Healthy proxies by type:
- Ss: 1476
- Vmess: 20
--- Cycle End ---

--- Cycle Start: 2026-05-30T17:17:43Z ---
Total proxies tested: 7514
Total healthy proxies: 1426

Healthy proxies by type:
- Ss: 1406
- Vmess: 20
--- Cycle End ---

--- Cycle Start: 2026-05-30T19:28:26Z ---
Total proxies tested: 7514
Total healthy proxies: 1318

Healthy proxies by type:
- Ss: 1297
- Vmess: 21
--- Cycle End ---

--- Cycle Start: 2026-05-30T21:07:51Z ---
Total proxies tested: 7514
Total healthy proxies: 1536

Healthy proxies by type:
- Vmess: 23
- Ss: 1513
--- Cycle End ---

--- Cycle Start: 2026-05-30T23:05:51Z ---
Total proxies tested: 7514
Total healthy proxies: 1577

Healthy proxies by type:
- Ss: 1547
- Vmess: 30
--- Cycle End ---

--- Cycle Start: 2026-05-31T04:22:06Z ---
Total proxies tested: 7514
Total healthy proxies: 1653

Healthy proxies by type:
- Ss: 1624
- Vmess: 29
--- Cycle End ---

--- Cycle Start: 2026-05-31T08:56:04Z ---
Total proxies tested: 7514
Total healthy proxies: 1444

Healthy proxies by type:
- Ss: 1416
- Vmess: 28
--- Cycle End ---

--- Cycle Start: 2026-05-31T11:45:40Z ---
Total proxies tested: 7514
Total healthy proxies: 1394

Healthy proxies by type:
- Ss: 1368
- Vmess: 26
--- Cycle End ---

--- Cycle Start: 2026-05-31T13:59:23Z ---
Total proxies tested: 7514
Total healthy proxies: 1349

Healthy proxies by type:
- Ss: 1323
- Vmess: 26
--- Cycle End ---

--- Cycle Start: 2026-05-31T15:24:04Z ---
Total proxies tested: 7514
Total healthy proxies: 1362

Healthy proxies by type:
- Ss: 1332
- Vmess: 30
--- Cycle End ---

--- Cycle Start: 2026-05-31T17:16:11Z ---
Total proxies tested: 7514
Total healthy proxies: 1437

Healthy proxies by type:
- Ss: 1412
- Vmess: 25
--- Cycle End ---

--- Cycle Start: 2026-05-31T19:27:58Z ---
Total proxies tested: 7514
Total healthy proxies: 1309

Healthy proxies by type:
- Ss: 1282
- Vmess: 27
--- Cycle End ---

--- Cycle Start: 2026-05-31T21:08:31Z ---
Total proxies tested: 7514
Total healthy proxies: 1550

Healthy proxies by type:
- Ss: 1521
- Vmess: 29
--- Cycle End ---

--- Cycle Start: 2026-05-31T23:07:22Z ---
Total proxies tested: 7514
Total healthy proxies: 1660

Healthy proxies by type:
- Ss: 1630
- Vmess: 30
--- Cycle End ---

--- Cycle Start: 2026-06-01T04:50:37Z ---
Total proxies tested: 7514
Total healthy proxies: 1617

Healthy proxies by type:
- Vmess: 31
- Ss: 1586
--- Cycle End ---

--- Cycle Start: 2026-06-01T11:48:18Z ---
Total proxies tested: 7514
Total healthy proxies: 1535

Healthy proxies by type:
- Vmess: 29
- Ss: 1506
--- Cycle End ---

--- Cycle Start: 2026-06-01T17:54:28Z ---
Total proxies tested: 7514
Total healthy proxies: 1527

Healthy proxies by type:
- Ss: 1496
- Vmess: 31
--- Cycle End ---

--- Cycle Start: 2026-06-01T21:39:03Z ---
Total proxies tested: 2428
Total healthy proxies: 1321

Healthy proxies by type:
- Ss: 1288
- Vmess: 33
--- Cycle End ---

--- Cycle Start: 2026-06-01T23:38:32Z ---
Total proxies tested: 2428
Total healthy proxies: 1345

Healthy proxies by type:
- Ss: 1315
- Vmess: 30
--- Cycle End ---

--- Cycle Start: 2026-06-02T04:27:57Z ---
Total proxies tested: 3682
Total healthy proxies: 1780

Healthy proxies by type:
- Ss: 1744
- Vmess: 36
--- Cycle End ---

--- Cycle Start: 2026-06-02T10:45:45Z ---
Total proxies tested: 3326
Total healthy proxies: 1569

Healthy proxies by type:
- Vmess: 37
- Ss: 1532
--- Cycle End ---

--- Cycle Start: 2026-06-02T16:43:53Z ---
Total proxies tested: 3160
Total healthy proxies: 1386

Healthy proxies by type:
- Ss: 1350
- Vmess: 36
--- Cycle End ---

--- Cycle Start: 2026-06-02T20:56:06Z ---
Total proxies tested: 3105
Total healthy proxies: 1501

Healthy proxies by type:
- Vmess: 37
- Ss: 1464
--- Cycle End ---

--- Cycle Start: 2026-06-02T23:51:28Z ---
Total proxies tested: 3105
Total healthy proxies: 1552

Healthy proxies by type:
- Vmess: 36
- Ss: 1516
--- Cycle End ---

--- Cycle Start: 2026-06-03T04:47:29Z ---
Total proxies tested: 4452
Total healthy proxies: 1808

Healthy proxies by type:
- Ss: 1765
- Vmess: 43
--- Cycle End ---

--- Cycle Start: 2026-06-03T11:10:41Z ---
Total proxies tested: 4090
Total healthy proxies: 1712

Healthy proxies by type:
- Ss: 1673
- Vmess: 39
--- Cycle End ---

--- Cycle Start: 2026-06-03T17:00:34Z ---
Total proxies tested: 4071
Total healthy proxies: 1669

Healthy proxies by type:
- Ss: 1632
- Vmess: 37
--- Cycle End ---

--- Cycle Start: 2026-06-03T21:22:20Z ---
Total proxies tested: 4132
Total healthy proxies: 1684

Healthy proxies by type:
- Ss: 1645
- Vmess: 39
--- Cycle End ---

--- Cycle Start: 2026-06-04T04:42:07Z ---
Total proxies tested: 5446
Total healthy proxies: 2166

Healthy proxies by type:
- Ss: 2121
- Vmess: 45
--- Cycle End ---

--- Cycle Start: 2026-06-04T10:04:27Z ---
Total proxies tested: 4737
Total healthy proxies: 1988

Healthy proxies by type:
- Ss: 1951
- Vmess: 37
--- Cycle End ---

--- Cycle Start: 2026-06-04T15:27:29Z ---
Total proxies tested: 4268
Total healthy proxies: 2082

Healthy proxies by type:
- Ss: 2046
- Vmess: 36
--- Cycle End ---

--- Cycle Start: 2026-06-04T18:24:38Z ---
Total proxies tested: 4623
Total healthy proxies: 1931

Healthy proxies by type:
- Ss: 1903
- Vmess: 28
--- Cycle End ---

--- Cycle Start: 2026-06-04T21:46:26Z ---
Total proxies tested: 4025
Total healthy proxies: 1932

Healthy proxies by type:
- Ss: 1891
- Vmess: 41
--- Cycle End ---

--- Cycle Start: 2026-06-04T23:13:40Z ---
Total proxies tested: 4025
Total healthy proxies: 1997

Healthy proxies by type:
- Ss: 1957
- Vmess: 40
--- Cycle End ---

--- Cycle Start: 2026-06-05T04:16:11Z ---
Total proxies tested: 5554
Total healthy proxies: 2373

Healthy proxies by type:
- Ss: 2333
- Vmess: 40
--- Cycle End ---

--- Cycle Start: 2026-06-05T10:02:10Z ---
Total proxies tested: 5264
Total healthy proxies: 2224

Healthy proxies by type:
- Ss: 2174
- Vmess: 50
--- Cycle End ---

--- Cycle Start: 2026-06-05T15:16:18Z ---
Total proxies tested: 4466
Total healthy proxies: 2114

Healthy proxies by type:
- Ss: 2077
- Vmess: 37
--- Cycle End ---

--- Cycle Start: 2026-06-05T18:01:04Z ---
Total proxies tested: 4608
Total healthy proxies: 2161

Healthy proxies by type:
- Ss: 2119
- Vmess: 42
--- Cycle End ---

--- Cycle Start: 2026-06-05T20:06:59Z ---
Total proxies tested: 4597
Total healthy proxies: 2203

Healthy proxies by type:
- Ss: 2165
- Vmess: 38
--- Cycle End ---

--- Cycle Start: 2026-06-05T23:15:03Z ---
Total proxies tested: 4642
Total healthy proxies: 2160

Healthy proxies by type:
- Ss: 2112
- Vmess: 48
--- Cycle End ---

--- Cycle Start: 2026-06-06T03:58:55Z ---
Total proxies tested: 5803
Total healthy proxies: 2502

Healthy proxies by type:
- Ss: 2457
- Vmess: 45
--- Cycle End ---

--- Cycle Start: 2026-06-06T07:22:33Z ---
Total proxies tested: 5803
Total healthy proxies: 2447

Healthy proxies by type:
- Ss: 2401
- Vmess: 46
--- Cycle End ---

--- Cycle Start: 2026-06-06T10:10:46Z ---
Total proxies tested: 5702
Total healthy proxies: 2329

Healthy proxies by type:
- Ss: 2288
- Vmess: 41
--- Cycle End ---

--- Cycle Start: 2026-06-06T13:55:28Z ---
Total proxies tested: 5528
Total healthy proxies: 2286

Healthy proxies by type:
- Ss: 2240
- Vmess: 46
--- Cycle End ---

--- Cycle Start: 2026-06-06T15:20:50Z ---
Total proxies tested: 5623
Total healthy proxies: 2382

Healthy proxies by type:
- Ss: 2334
- Vmess: 48
--- Cycle End ---

--- Cycle Start: 2026-06-06T17:20:26Z ---
Total proxies tested: 5623
Total healthy proxies: 2361

Healthy proxies by type:
- Vmess: 45
- Ss: 2316
--- Cycle End ---

--- Cycle Start: 2026-06-06T19:40:47Z ---
Total proxies tested: 5716
Total healthy proxies: 2327

Healthy proxies by type:
- Ss: 2288
- Vmess: 39
--- Cycle End ---

--- Cycle Start: 2026-06-06T21:10:30Z ---
Total proxies tested: 5295
Total healthy proxies: 2349

Healthy proxies by type:
- Ss: 2306
- Vmess: 43
--- Cycle End ---

--- Cycle Start: 2026-06-06T23:08:56Z ---
Total proxies tested: 5295
Total healthy proxies: 2386

Healthy proxies by type:
- Ss: 2341
- Vmess: 45
--- Cycle End ---

--- Cycle Start: 2026-06-07T04:25:28Z ---
Total proxies tested: 7197
Total healthy proxies: 2615

Healthy proxies by type:
- Ss: 2570
- Vmess: 45
--- Cycle End ---

--- Cycle Start: 2026-06-07T09:24:15Z ---
Total proxies tested: 5840
Total healthy proxies: 2451

Healthy proxies by type:
- Ss: 2405
- Vmess: 46
--- Cycle End ---

--- Cycle Start: 2026-06-07T11:53:42Z ---
Total proxies tested: 5840
Total healthy proxies: 2417

Healthy proxies by type:
- Ss: 2369
- Vmess: 48
--- Cycle End ---

--- Cycle Start: 2026-06-07T14:06:31Z ---
Total proxies tested: 6054
Total healthy proxies: 2354

Healthy proxies by type:
- Vmess: 48
- Ss: 2306
--- Cycle End ---

--- Cycle Start: 2026-06-07T17:24:36Z ---
Total proxies tested: 6054
Total healthy proxies: 2438

Healthy proxies by type:
- Ss: 2396
- Vmess: 42
--- Cycle End ---

--- Cycle Start: 2026-06-07T19:41:23Z ---
Total proxies tested: 6559
Total healthy proxies: 2382

Healthy proxies by type:
- Ss: 2331
- Vmess: 51
--- Cycle End ---

--- Cycle Start: 2026-06-07T21:19:27Z ---
Total proxies tested: 5588
Total healthy proxies: 2260

Healthy proxies by type:
- Ss: 2212
- Vmess: 48
--- Cycle End ---

--- Cycle Start: 2026-06-07T23:11:53Z ---
Total proxies tested: 5588
Total healthy proxies: 2273

Healthy proxies by type:
- Vmess: 47
- Ss: 2226
--- Cycle End ---

--- Cycle Start: 2026-06-08T04:41:24Z ---
Total proxies tested: 7496
Total healthy proxies: 2467

Healthy proxies by type:
- Ss: 2424
- Vmess: 43
--- Cycle End ---

--- Cycle Start: 2026-06-08T11:07:59Z ---
Total proxies tested: 6625
Total healthy proxies: 2293

Healthy proxies by type:
- Ss: 2254
- Vmess: 39
--- Cycle End ---

--- Cycle Start: 2026-06-08T16:04:28Z ---
Total proxies tested: 6439
Total healthy proxies: 2313

Healthy proxies by type:
- Ss: 2283
- Vmess: 30
--- Cycle End ---

--- Cycle Start: 2026-06-08T20:25:57Z ---
Total proxies tested: 5993
Total healthy proxies: 2299

Healthy proxies by type:
- Ss: 2268
- Vmess: 31
--- Cycle End ---

--- Cycle Start: 2026-06-08T23:15:46Z ---
Total proxies tested: 5532
Total healthy proxies: 2219

Healthy proxies by type:
- Vmess: 27
- Ss: 2192
--- Cycle End ---

--- Cycle Start: 2026-06-09T04:01:59Z ---
Total proxies tested: 7599
Total healthy proxies: 2339

Healthy proxies by type:
- Ss: 2309
- Vmess: 30
--- Cycle End ---

--- Cycle Start: 2026-06-09T09:56:01Z ---
Total proxies tested: 6959
Total healthy proxies: 2046

Healthy proxies by type:
- Ss: 2019
- Vmess: 27
--- Cycle End ---

--- Cycle Start: 2026-06-09T12:42:41Z ---
Total proxies tested: 6959
Total healthy proxies: 2121

Healthy proxies by type:
- Ss: 2093
- Vmess: 28
--- Cycle End ---

--- Cycle Start: 2026-06-09T16:33:51Z ---
Total proxies tested: 6248
Total healthy proxies: 2095

Healthy proxies by type:
- Ss: 2070
- Vmess: 25
--- Cycle End ---

--- Cycle Start: 2026-06-09T20:13:02Z ---
Total proxies tested: 5480
Total healthy proxies: 1567

Healthy proxies by type:
- Ss: 1547
- Vmess: 20
--- Cycle End ---

--- Cycle Start: 2026-06-09T23:20:51Z ---
Total proxies tested: 5367
Total healthy proxies: 1537

Healthy proxies by type:
- Ss: 1520
- Vmess: 17
--- Cycle End ---

--- Cycle Start: 2026-06-10T04:13:37Z ---
Total proxies tested: 7730
Total healthy proxies: 1678

Healthy proxies by type:
- Ss: 1659
- Vmess: 19
--- Cycle End ---

--- Cycle Start: 2026-06-10T10:13:03Z ---
Total proxies tested: 7032
Total healthy proxies: 1673

Healthy proxies by type:
- Ss: 1661
- Vmess: 12
--- Cycle End ---

--- Cycle Start: 2026-06-10T15:51:43Z ---
Total proxies tested: 7032
Total healthy proxies: 1605

Healthy proxies by type:
- Ss: 1587
- Vmess: 18
--- Cycle End ---

--- Cycle Start: 2026-06-10T18:34:50Z ---
Total proxies tested: 7032
Total healthy proxies: 1663

Healthy proxies by type:
- Ss: 1646
- Vmess: 17
--- Cycle End ---

--- Cycle Start: 2026-06-10T22:09:24Z ---
Total proxies tested: 6851
Total healthy proxies: 1572

Healthy proxies by type:
- Ss: 1550
- Vmess: 22
--- Cycle End ---

--- Cycle Start: 2026-06-11T04:26:19Z ---
Total proxies tested: 7963
Total healthy proxies: 1608

Healthy proxies by type:
- Ss: 1588
- Vmess: 20
--- Cycle End ---

--- Cycle Start: 2026-06-11T10:47:21Z ---
Total proxies tested: 7136
Total healthy proxies: 1496

Healthy proxies by type:
- Ss: 1479
- Vmess: 17
--- Cycle End ---

--- Cycle Start: 2026-06-11T16:12:47Z ---
Total proxies tested: 8371
Total healthy proxies: 1560

Healthy proxies by type:
- Vmess: 18
- Ss: 1542
--- Cycle End ---

--- Cycle Start: 2026-06-11T20:28:37Z ---
Total proxies tested: 8360
Total healthy proxies: 1518

Healthy proxies by type:
- Ss: 1499
- Vmess: 19
--- Cycle End ---

--- Cycle Start: 2026-06-11T23:41:26Z ---
Total proxies tested: 8360
Total healthy proxies: 1557

Healthy proxies by type:
- Ss: 1538
- Vmess: 19
--- Cycle End ---

--- Cycle Start: 2026-06-12T04:38:40Z ---
Total proxies tested: 10092
Total healthy proxies: 1641

Healthy proxies by type:
- Ss: 1619
- Vmess: 22
--- Cycle End ---

--- Cycle Start: 2026-06-12T10:22:54Z ---
Total proxies tested: 9060
Total healthy proxies: 1499

Healthy proxies by type:
- Ss: 1478
- Vmess: 21
--- Cycle End ---

--- Cycle Start: 2026-06-12T15:28:12Z ---
Total proxies tested: 7929
Total healthy proxies: 1584

Healthy proxies by type:
- Vmess: 19
- Ss: 1565
--- Cycle End ---

--- Cycle Start: 2026-06-12T18:12:21Z ---
Total proxies tested: 7929
Total healthy proxies: 1565

Healthy proxies by type:
- Ss: 1545
- Vmess: 20
--- Cycle End ---

--- Cycle Start: 2026-06-12T21:53:56Z ---
Total proxies tested: 8038
Total healthy proxies: 1546

Healthy proxies by type:
- Vmess: 12
- Ss: 1534
--- Cycle End ---

--- Cycle Start: 2026-06-12T23:23:45Z ---
Total proxies tested: 8038
Total healthy proxies: 1597

Healthy proxies by type:
- Ss: 1585
- Vmess: 12
--- Cycle End ---

--- Cycle Start: 2026-06-13T04:17:43Z ---
Total proxies tested: 9177
Total healthy proxies: 1594

Healthy proxies by type:
- Ss: 1582
- Vmess: 12
--- Cycle End ---

--- Cycle Start: 2026-06-13T09:25:17Z ---
Total proxies tested: 8152
Total healthy proxies: 1339

Healthy proxies by type:
- Ss: 1319
- Vmess: 20
--- Cycle End ---

--- Cycle Start: 2026-06-13T11:57:42Z ---
Total proxies tested: 8152
Total healthy proxies: 1338

Healthy proxies by type:
- Ss: 1317
- Vmess: 21
--- Cycle End ---

--- Cycle Start: 2026-06-13T14:19:30Z ---
Total proxies tested: 7585
Total healthy proxies: 1303

Healthy proxies by type:
- Ss: 1284
- Vmess: 19
--- Cycle End ---

--- Cycle Start: 2026-06-13T17:28:12Z ---
Total proxies tested: 6906
Total healthy proxies: 1189

Healthy proxies by type:
- Ss: 1174
- Vmess: 15
--- Cycle End ---

--- Cycle Start: 2026-06-13T19:44:26Z ---
Total proxies tested: 6613
Total healthy proxies: 1171

Healthy proxies by type:
- Ss: 1154
- Vmess: 17
--- Cycle End ---

--- Cycle Start: 2026-06-13T21:21:44Z ---
Total proxies tested: 6559
Total healthy proxies: 1093

Healthy proxies by type:
- Ss: 1078
- Vmess: 15
--- Cycle End ---

--- Cycle Start: 2026-06-13T23:11:55Z ---
Total proxies tested: 6559
Total healthy proxies: 1105

Healthy proxies by type:
- Vmess: 18
- Ss: 1087
--- Cycle End ---

--- Cycle Start: 2026-06-14T04:44:45Z ---
Total proxies tested: 7853
Total healthy proxies: 1166

Healthy proxies by type:
- Ss: 1149
- Vmess: 17
--- Cycle End ---

--- Cycle Start: 2026-06-14T09:45:29Z ---
Total proxies tested: 6729
Total healthy proxies: 1182

Healthy proxies by type:
- Ss: 1168
- Vmess: 14
--- Cycle End ---

--- Cycle Start: 2026-06-14T12:02:56Z ---
Total proxies tested: 6729
Total healthy proxies: 1122

Healthy proxies by type:
- Vmess: 14
- Ss: 1108
--- Cycle End ---

--- Cycle Start: 2026-06-14T15:50:58Z ---
Total proxies tested: 5604
Total healthy proxies: 1127

Healthy proxies by type:
- Ss: 1115
- Vmess: 12
--- Cycle End ---

--- Cycle Start: 2026-06-14T17:25:13Z ---
Total proxies tested: 5604
Total healthy proxies: 1125

Healthy proxies by type:
- Ss: 1117
- Vmess: 8
--- Cycle End ---

--- Cycle Start: 2026-06-14T19:44:27Z ---
Total proxies tested: 6295
Total healthy proxies: 1122

Healthy proxies by type:
- Ss: 1111
- Vmess: 11
--- Cycle End ---

--- Cycle Start: 2026-06-14T21:19:18Z ---
Total proxies tested: 4981
Total healthy proxies: 1060

Healthy proxies by type:
- Vmess: 9
- Ss: 1051
--- Cycle End ---

--- Cycle Start: 2026-06-14T23:13:54Z ---
Total proxies tested: 4981
Total healthy proxies: 1079

Healthy proxies by type:
- Ss: 1070
- Vmess: 9
--- Cycle End ---

--- Cycle Start: 2026-06-15T04:59:51Z ---
Total proxies tested: 7092
Total healthy proxies: 1196

Healthy proxies by type:
- Vmess: 14
- Ss: 1182
--- Cycle End ---

--- Cycle Start: 2026-06-15T12:28:08Z ---
Total proxies tested: 6898
Total healthy proxies: 1228

Healthy proxies by type:
- Vmess: 17
- Ss: 1211
--- Cycle End ---

--- Cycle Start: 2026-06-15T18:43:28Z ---
Total proxies tested: 7272
Total healthy proxies: 1322

Healthy proxies by type:
- Ss: 1300
- Vmess: 22
--- Cycle End ---

--- Cycle Start: 2026-06-15T22:23:37Z ---
Total proxies tested: 6296
Total healthy proxies: 1379

Healthy proxies by type:
- Ss: 1353
- Vmess: 26
--- Cycle End ---

--- Cycle Start: 2026-06-16T05:00:15Z ---
Total proxies tested: 8205
Total healthy proxies: 1527

Healthy proxies by type:
- Ss: 1495
- Vmess: 32
--- Cycle End ---

--- Cycle Start: 2026-06-16T11:22:12Z ---
Total proxies tested: 7702
Total healthy proxies: 1532

Healthy proxies by type:
- Ss: 1504
- Vmess: 28
--- Cycle End ---

--- Cycle Start: 2026-06-16T17:05:36Z ---
Total proxies tested: 8272
Total healthy proxies: 1482

Healthy proxies by type:
- Ss: 1458
- Vmess: 24
--- Cycle End ---

--- Cycle Start: 2026-06-16T21:09:36Z ---
Total proxies tested: 6815
Total healthy proxies: 1482

Healthy proxies by type:
- Ss: 1457
- Vmess: 25
--- Cycle End ---

--- Cycle Start: 2026-06-16T23:27:10Z ---
Total proxies tested: 6815
Total healthy proxies: 1540

Healthy proxies by type:
- Ss: 1516
- Vmess: 24
--- Cycle End ---

--- Cycle Start: 2026-06-17T04:45:29Z ---
Total proxies tested: 9154
Total healthy proxies: 1549

Healthy proxies by type:
- Vmess: 35
- Ss: 1514
--- Cycle End ---

--- Cycle Start: 2026-06-17T11:07:18Z ---
Total proxies tested: 8321
Total healthy proxies: 1387

Healthy proxies by type:
- Ss: 1361
- Vmess: 26
--- Cycle End ---

--- Cycle Start: 2026-06-17T15:48:07Z ---
Total proxies tested: 8839
Total healthy proxies: 1495

Healthy proxies by type:
- Ss: 1471
- Vmess: 24
--- Cycle End ---

--- Cycle Start: 2026-06-17T18:26:38Z ---
Total proxies tested: 8839
Total healthy proxies: 1480

Healthy proxies by type:
- Vmess: 26
- Ss: 1454
--- Cycle End ---

--- Cycle Start: 2026-06-17T22:06:08Z ---
Total proxies tested: 8889
Total healthy proxies: 1375

Healthy proxies by type:
- Ss: 1348
- Vmess: 27
--- Cycle End ---

--- Cycle Start: 2026-06-18T04:28:21Z ---
Total proxies tested: 9803
Total healthy proxies: 1220

Healthy proxies by type:
- Ss: 1189
- Vmess: 31
--- Cycle End ---

--- Cycle Start: 2026-06-18T10:38:58Z ---
Total proxies tested: 8773
Total healthy proxies: 1165

Healthy proxies by type:
- Ss: 1137
- Vmess: 28
--- Cycle End ---

--- Cycle Start: 2026-06-18T15:38:25Z ---
Total proxies tested: 9124
Total healthy proxies: 1262

Healthy proxies by type:
- Ss: 1234
- Vmess: 28
--- Cycle End ---

--- Cycle Start: 2026-06-18T18:29:49Z ---
Total proxies tested: 9124
Total healthy proxies: 1226

Healthy proxies by type:
- Ss: 1198
- Vmess: 28
--- Cycle End ---

--- Cycle Start: 2026-06-18T22:19:24Z ---
Total proxies tested: 8466
Total healthy proxies: 1138

Healthy proxies by type:
- Ss: 1109
- Vmess: 29
--- Cycle End ---

--- Cycle Start: 2026-06-19T04:56:49Z ---
Total proxies tested: 10042
Total healthy proxies: 1142

Healthy proxies by type:
- Ss: 1111
- Vmess: 31
--- Cycle End ---

--- Cycle Start: 2026-06-19T10:46:25Z ---
Total proxies tested: 8609
Total healthy proxies: 1049

Healthy proxies by type:
- Ss: 1023
- Vmess: 26
--- Cycle End ---

--- Cycle Start: 2026-06-19T15:32:12Z ---
Total proxies tested: 9046
Total healthy proxies: 1084

Healthy proxies by type:
- Ss: 1043
- Vmess: 41
--- Cycle End ---

--- Cycle Start: 2026-06-19T18:03:41Z ---
Total proxies tested: 9046
Total healthy proxies: 1043

Healthy proxies by type:
- Ss: 1004
- Vmess: 39
--- Cycle End ---

--- Cycle Start: 2026-06-19T21:14:14Z ---
Total proxies tested: 8955
Total healthy proxies: 1138

Healthy proxies by type:
- Ss: 1094
- Vmess: 44
--- Cycle End ---

--- Cycle Start: 2026-06-19T23:03:42Z ---
Total proxies tested: 8006
Total healthy proxies: 1082

Healthy proxies by type:
- Ss: 1039
- Vmess: 43
--- Cycle End ---

--- Cycle Start: 2026-06-20T04:11:09Z ---
Total proxies tested: 9463
Total healthy proxies: 1123

Healthy proxies by type:
- Vmess: 43
- Ss: 1080
--- Cycle End ---

--- Cycle Start: 2026-06-20T09:27:34Z ---
Total proxies tested: 9350
Total healthy proxies: 1116

Healthy proxies by type:
- Ss: 1071
- Vmess: 45
--- Cycle End ---

--- Cycle Start: 2026-06-20T12:02:20Z ---
Total proxies tested: 9350
Total healthy proxies: 1131

Healthy proxies by type:
- Vmess: 48
- Ss: 1083
--- Cycle End ---

--- Cycle Start: 2026-06-20T15:47:47Z ---
Total proxies tested: 9679
Total healthy proxies: 1175

Healthy proxies by type:
- Ss: 1123
- Vmess: 52
--- Cycle End ---

--- Cycle Start: 2026-06-20T17:40:23Z ---
Total proxies tested: 9679
Total healthy proxies: 1182

Healthy proxies by type:
- Ss: 1130
- Vmess: 52
--- Cycle End ---

--- Cycle Start: 2026-06-20T19:46:01Z ---
Total proxies tested: 9679
Total healthy proxies: 1175

Healthy proxies by type:
- Ss: 1132
- Vmess: 43
--- Cycle End ---

--- Cycle Start: 2026-06-20T21:23:23Z ---
Total proxies tested: 8696
Total healthy proxies: 1248

Healthy proxies by type:
- Ss: 1198
- Vmess: 50
--- Cycle End ---

--- Cycle Start: 2026-06-20T23:15:10Z ---
Total proxies tested: 8696
Total healthy proxies: 1252

Healthy proxies by type:
- Ss: 1202
- Vmess: 50
--- Cycle End ---

--- Cycle Start: 2026-06-21T04:52:46Z ---
Total proxies tested: 9755
Total healthy proxies: 1282

Healthy proxies by type:
- Ss: 1243
- Vmess: 39
--- Cycle End ---

--- Cycle Start: 2026-06-21T09:58:23Z ---
Total proxies tested: 8851
Total healthy proxies: 1264

Healthy proxies by type:
- Ss: 1217
- Vmess: 47
--- Cycle End ---

--- Cycle Start: 2026-06-21T12:16:46Z ---
Total proxies tested: 8851
Total healthy proxies: 1267

Healthy proxies by type:
- Ss: 1221
- Vmess: 46
--- Cycle End ---

--- Cycle Start: 2026-06-21T15:58:21Z ---
Total proxies tested: 9052
Total healthy proxies: 1247

Healthy proxies by type:
- Vmess: 34
- Ss: 1213
--- Cycle End ---

--- Cycle Start: 2026-06-21T17:47:23Z ---
Total proxies tested: 9052
Total healthy proxies: 1250

Healthy proxies by type:
- Ss: 1214
- Vmess: 36
--- Cycle End ---

--- Cycle Start: 2026-06-21T19:52:02Z ---
Total proxies tested: 9608
Total healthy proxies: 1250

Healthy proxies by type:
- Vmess: 43
- Ss: 1207
--- Cycle End ---

--- Cycle Start: 2026-06-21T21:21:07Z ---
Total proxies tested: 10049
Total healthy proxies: 1272

Healthy proxies by type:
- Ss: 1237
- Vmess: 35
--- Cycle End ---

--- Cycle Start: 2026-06-21T23:21:32Z ---
Total proxies tested: 10049
Total healthy proxies: 1271

Healthy proxies by type:
- Ss: 1232
- Vmess: 39
--- Cycle End ---

--- Cycle Start: 2026-06-22T05:01:32Z ---
Total proxies tested: 9905
Total healthy proxies: 1249

Healthy proxies by type:
- Vmess: 32
- Ss: 1217
--- Cycle End ---

--- Cycle Start: 2026-06-22T12:14:49Z ---
Total proxies tested: 9919
Total healthy proxies: 1205

Healthy proxies by type:
- Ss: 1171
- Vmess: 34
--- Cycle End ---

--- Cycle Start: 2026-06-22T18:15:23Z ---
Total proxies tested: 10773
Total healthy proxies: 1191

Healthy proxies by type:
- Ss: 1163
- Vmess: 28
--- Cycle End ---

--- Cycle Start: 2026-06-22T22:09:33Z ---
Total proxies tested: 9766
Total healthy proxies: 1092

Healthy proxies by type:
- Ss: 1067
- Vmess: 25
--- Cycle End ---

--- Cycle Start: 2026-06-23T04:01:29Z ---
Total proxies tested: 11145
Total healthy proxies: 1138

Healthy proxies by type:
- Ss: 1111
- Vmess: 27
--- Cycle End ---

--- Cycle Start: 2026-06-23T07:57:14Z ---
Total proxies tested: 5144
Total healthy proxies: 1104

Healthy proxies by type:
- Ss: 1077
- Vmess: 27
--- Cycle End ---

--- Cycle Start: 2026-06-23T11:23:43Z ---
Total proxies tested: 4642
Total healthy proxies: 1074

Healthy proxies by type:
- Ss: 1048
- Vmess: 26
--- Cycle End ---

--- Cycle Start: 2026-06-23T15:12:54Z ---
Total proxies tested: 4246
Total healthy proxies: 1152

Healthy proxies by type:
- Ss: 1130
- Vmess: 22
--- Cycle End ---

--- Cycle Start: 2026-06-23T18:04:00Z ---
Total proxies tested: 4180
Total healthy proxies: 1067

Healthy proxies by type:
- Vmess: 17
- Ss: 1050
--- Cycle End ---

--- Cycle Start: 2026-06-23T21:46:24Z ---
Total proxies tested: 4285
Total healthy proxies: 1077

Healthy proxies by type:
- Ss: 1058
- Vmess: 19
--- Cycle End ---

--- Cycle Start: 2026-06-23T23:12:28Z ---
Total proxies tested: 4126
Total healthy proxies: 1084

Healthy proxies by type:
- Ss: 1066
- Vmess: 18
--- Cycle End ---

--- Cycle Start: 2026-06-24T04:03:36Z ---
Total proxies tested: 4728
Total healthy proxies: 1034

Healthy proxies by type:
- Ss: 1015
- Vmess: 19
--- Cycle End ---

--- Cycle Start: 2026-06-24T09:40:33Z ---
Total proxies tested: 5175
Total healthy proxies: 1067

Healthy proxies by type:
- Ss: 1037
- Vmess: 30
--- Cycle End ---

--- Cycle Start: 2026-06-24T12:22:51Z ---
Total proxies tested: 5175
Total healthy proxies: 1135

Healthy proxies by type:
- Ss: 1101
- Vmess: 34
--- Cycle End ---

--- Cycle Start: 2026-06-24T16:26:00Z ---
Total proxies tested: 4711
Total healthy proxies: 1104

Healthy proxies by type:
- Ss: 1071
- Vmess: 33
--- Cycle End ---

--- Cycle Start: 2026-06-24T19:53:54Z ---
Total proxies tested: 4396
Total healthy proxies: 1070

Healthy proxies by type:
- Ss: 1039
- Vmess: 31
--- Cycle End ---

--- Cycle Start: 2026-06-24T21:27:02Z ---
Total proxies tested: 4396
Total healthy proxies: 1059

Healthy proxies by type:
- Ss: 1037
- Vmess: 22
--- Cycle End ---

--- Cycle Start: 2026-06-25T04:04:23Z ---
Total proxies tested: 4904
Total healthy proxies: 1073

Healthy proxies by type:
- Ss: 1053
- Vmess: 20
--- Cycle End ---

--- Cycle Start: 2026-06-25T09:32:48Z ---
Total proxies tested: 4279
Total healthy proxies: 1275

Healthy proxies by type:
- Ss: 1240
- Vmess: 35
--- Cycle End ---

--- Cycle Start: 2026-06-25T12:26:41Z ---
Total proxies tested: 4279
Total healthy proxies: 1258

Healthy proxies by type:
- Ss: 1230
- Vmess: 28
--- Cycle End ---

--- Cycle Start: 2026-06-25T16:29:50Z ---
Total proxies tested: 3477
Total healthy proxies: 1263

Healthy proxies by type:
- Ss: 1239
- Vmess: 24
--- Cycle End ---

--- Cycle Start: 2026-06-25T20:08:45Z ---
Total proxies tested: 3179
Total healthy proxies: 1225

Healthy proxies by type:
- Ss: 1208
- Vmess: 17
--- Cycle End ---

--- Cycle Start: 2026-06-25T23:22:53Z ---
Total proxies tested: 2731
Total healthy proxies: 1159

Healthy proxies by type:
- Ss: 1144
- Vmess: 15
--- Cycle End ---

--- Cycle Start: 2026-06-26T04:10:39Z ---
Total proxies tested: 3096
Total healthy proxies: 1275

Healthy proxies by type:
- Ss: 1253
- Vmess: 22
--- Cycle End ---

--- Cycle Start: 2026-06-26T09:37:28Z ---
Total proxies tested: 3299
Total healthy proxies: 1312

Healthy proxies by type:
- Ss: 1280
- Vmess: 32
--- Cycle End ---

--- Cycle Start: 2026-06-26T12:15:33Z ---
Total proxies tested: 3299
Total healthy proxies: 1269

Healthy proxies by type:
- Ss: 1233
- Vmess: 36
--- Cycle End ---

--- Cycle Start: 2026-06-26T16:21:25Z ---
Total proxies tested: 3087
Total healthy proxies: 1339

Healthy proxies by type:
- Ss: 1318
- Vmess: 21
--- Cycle End ---

--- Cycle Start: 2026-06-26T19:58:02Z ---
Total proxies tested: 3094
Total healthy proxies: 1270

Healthy proxies by type:
- Ss: 1246
- Vmess: 24
--- Cycle End ---

--- Cycle Start: 2026-06-26T21:25:29Z ---
Total proxies tested: 3094
Total healthy proxies: 1277

Healthy proxies by type:
- Ss: 1250
- Vmess: 27
--- Cycle End ---

--- Cycle Start: 2026-06-26T23:13:01Z ---
Total proxies tested: 3084
Total healthy proxies: 1286

Healthy proxies by type:
- Vmess: 25
- Ss: 1261
--- Cycle End ---

--- Cycle Start: 2026-06-27T03:56:49Z ---
Total proxies tested: 3512
Total healthy proxies: 1399

Healthy proxies by type:
- Ss: 1370
- Vmess: 29
--- Cycle End ---

--- Cycle Start: 2026-06-27T07:22:46Z ---
Total proxies tested: 3946
Total healthy proxies: 1458

Healthy proxies by type:
- Ss: 1425
- Vmess: 33
--- Cycle End ---

--- Cycle Start: 2026-06-27T10:14:45Z ---
Total proxies tested: 3874
Total healthy proxies: 1458

Healthy proxies by type:
- Ss: 1422
- Vmess: 36
--- Cycle End ---

--- Cycle Start: 2026-06-27T13:54:23Z ---
Total proxies tested: 3649
Total healthy proxies: 1495

Healthy proxies by type:
- Ss: 1451
- Vmess: 44
--- Cycle End ---

--- Cycle Start: 2026-06-27T15:20:16Z ---
Total proxies tested: 3608
Total healthy proxies: 1442

Healthy proxies by type:
- Vmess: 52
- Ss: 1390
--- Cycle End ---

--- Cycle Start: 2026-06-27T17:17:38Z ---
Total proxies tested: 3608
Total healthy proxies: 1409

Healthy proxies by type:
- Ss: 1357
- Vmess: 52
--- Cycle End ---

--- Cycle Start: 2026-06-27T19:37:07Z ---
Total proxies tested: 3626
Total healthy proxies: 1476

Healthy proxies by type:
- Ss: 1419
- Vmess: 57
--- Cycle End ---

--- Cycle Start: 2026-06-27T21:11:23Z ---
Total proxies tested: 3626
Total healthy proxies: 1514

Healthy proxies by type:
- Ss: 1457
- Vmess: 57
--- Cycle End ---

--- Cycle Start: 2026-06-27T23:08:41Z ---
Total proxies tested: 3298
Total healthy proxies: 1393

Healthy proxies by type:
- Ss: 1340
- Vmess: 53
--- Cycle End ---

--- Cycle Start: 2026-06-28T04:19:09Z ---
Total proxies tested: 3703
Total healthy proxies: 1449

Healthy proxies by type:
- Ss: 1397
- Vmess: 52
--- Cycle End ---

--- Cycle Start: 2026-06-28T09:18:56Z ---
Total proxies tested: 3979
Total healthy proxies: 1471

Healthy proxies by type:
- Ss: 1424
- Vmess: 47
--- Cycle End ---

--- Cycle Start: 2026-06-28T11:49:40Z ---
Total proxies tested: 3979
Total healthy proxies: 1468

Healthy proxies by type:
- Ss: 1422
- Vmess: 46
--- Cycle End ---

--- Cycle Start: 2026-06-28T15:24:37Z ---
Total proxies tested: 3634
Total healthy proxies: 1491

Healthy proxies by type:
- Vmess: 42
- Ss: 1449
--- Cycle End ---

--- Cycle Start: 2026-06-28T17:19:19Z ---
Total proxies tested: 3594
Total healthy proxies: 1403

Healthy proxies by type:
- Ss: 1363
- Vmess: 40
--- Cycle End ---

--- Cycle Start: 2026-06-28T19:38:17Z ---
Total proxies tested: 3579
Total healthy proxies: 1359

Healthy proxies by type:
- Ss: 1319
- Vmess: 40
--- Cycle End ---

--- Cycle Start: 2026-06-28T23:09:34Z ---
Total proxies tested: 3182
Total healthy proxies: 1279

Healthy proxies by type:
- Ss: 1233
- Vmess: 46
--- Cycle End ---

--- Cycle Start: 2026-06-29T04:25:45Z ---
Total proxies tested: 3792
Total healthy proxies: 1358

Healthy proxies by type:
- Ss: 1313
- Vmess: 45
--- Cycle End ---

--- Cycle Start: 2026-06-29T11:10:44Z ---
Total proxies tested: 3885
Total healthy proxies: 1320

Healthy proxies by type:
- Ss: 1267
- Vmess: 53
--- Cycle End ---

--- Cycle Start: 2026-06-29T15:56:15Z ---
Total proxies tested: 3816
Total healthy proxies: 1411

Healthy proxies by type:
- Ss: 1372
- Vmess: 39
--- Cycle End ---

--- Cycle Start: 2026-06-29T18:11:53Z ---
Total proxies tested: 3816
Total healthy proxies: 1437

Healthy proxies by type:
- Ss: 1416
- Vmess: 21
--- Cycle End ---

--- Cycle Start: 2026-06-29T21:38:59Z ---
Total proxies tested: 3839
Total healthy proxies: 1426

Healthy proxies by type:
- Ss: 1380
- Vmess: 46
--- Cycle End ---

--- Cycle Start: 2026-06-29T23:03:10Z ---
Total proxies tested: 3839
Total healthy proxies: 1426

Healthy proxies by type:
- Vmess: 46
- Ss: 1380
--- Cycle End ---

--- Cycle Start: 2026-06-30T04:05:25Z ---
Total proxies tested: 4310
Total healthy proxies: 1510

Healthy proxies by type:
- Ss: 1462
- Vmess: 48
--- Cycle End ---

--- Cycle Start: 2026-06-30T09:50:18Z ---
Total proxies tested: 4062
Total healthy proxies: 1410

Healthy proxies by type:
- Ss: 1364
- Vmess: 46
--- Cycle End ---

--- Cycle Start: 2026-06-30T12:14:26Z ---
Total proxies tested: 4062
Total healthy proxies: 1396

Healthy proxies by type:
- Ss: 1348
- Vmess: 48
--- Cycle End ---

--- Cycle Start: 2026-06-30T16:24:54Z ---
Total proxies tested: 3549
Total healthy proxies: 1397

Healthy proxies by type:
- Ss: 1338
- Vmess: 59
--- Cycle End ---

--- Cycle Start: 2026-06-30T20:05:50Z ---
Total proxies tested: 3473
Total healthy proxies: 1415

Healthy proxies by type:
- Vmess: 57
- Ss: 1358
--- Cycle End ---

--- Cycle Start: 2026-06-30T23:17:53Z ---
Total proxies tested: 3115
Total healthy proxies: 1385

Healthy proxies by type:
- Ss: 1330
- Vmess: 55
--- Cycle End ---

--- Cycle Start: 2026-07-01T04:21:40Z ---
Total proxies tested: 3786
Total healthy proxies: 1537

Healthy proxies by type:
- Ss: 1473
- Vmess: 64
--- Cycle End ---

--- Cycle Start: 2026-07-01T09:59:31Z ---
Total proxies tested: 3735
Total healthy proxies: 1468

Healthy proxies by type:
- Ss: 1413
- Vmess: 55
--- Cycle End ---

--- Cycle Start: 2026-07-01T12:42:11Z ---
Total proxies tested: 3735
Total healthy proxies: 1430

Healthy proxies by type:
- Ss: 1376
- Vmess: 54
--- Cycle End ---

--- Cycle Start: 2026-07-01T16:29:59Z ---
Total proxies tested: 3462
Total healthy proxies: 1564

Healthy proxies by type:
- Ss: 1510
- Vmess: 54
--- Cycle End ---

--- Cycle Start: 2026-07-01T20:03:12Z ---
Total proxies tested: 3423
Total healthy proxies: 1428

Healthy proxies by type:
- Vmess: 60
- Ss: 1368
--- Cycle End ---

--- Cycle Start: 2026-07-01T23:20:00Z ---
Total proxies tested: 3423
Total healthy proxies: 1522

Healthy proxies by type:
- Ss: 1462
- Vmess: 60
--- Cycle End ---

--- Cycle Start: 2026-07-02T04:01:07Z ---
Total proxies tested: 3975
Total healthy proxies: 1557

Healthy proxies by type:
- Ss: 1507
- Vmess: 50
--- Cycle End ---

--- Cycle Start: 2026-07-02T07:39:51Z ---
Total proxies tested: 4471
Total healthy proxies: 1559

Healthy proxies by type:
- Ss: 1504
- Vmess: 55
--- Cycle End ---

--- Cycle Start: 2026-07-02T10:46:43Z ---
Total proxies tested: 4305
Total healthy proxies: 1452

Healthy proxies by type:
- Ss: 1396
- Vmess: 56
--- Cycle End ---

--- Cycle Start: 2026-07-02T14:13:09Z ---
Total proxies tested: 4004
Total healthy proxies: 1455

Healthy proxies by type:
- Ss: 1409
- Vmess: 46
--- Cycle End ---

--- Cycle Start: 2026-07-02T17:55:35Z ---
Total proxies tested: 4004
Total healthy proxies: 1380

Healthy proxies by type:
- Vmess: 46
- Ss: 1334
--- Cycle End ---

--- Cycle Start: 2026-07-02T19:39:51Z ---
Total proxies tested: 4191
Total healthy proxies: 1466

Healthy proxies by type:
- Ss: 1425
- Vmess: 41
--- Cycle End ---

--- Cycle Start: 2026-07-02T21:15:05Z ---
Total proxies tested: 4191
Total healthy proxies: 1428

Healthy proxies by type:
- Ss: 1386
- Vmess: 42
--- Cycle End ---

--- Cycle Start: 2026-07-02T23:13:42Z ---
Total proxies tested: 4191
Total healthy proxies: 1475

Healthy proxies by type:
- Vmess: 42
- Ss: 1433
--- Cycle End ---

--- Cycle Start: 2026-07-03T03:45:53Z ---
Total proxies tested: 4122
Total healthy proxies: 1530

Healthy proxies by type:
- Ss: 1485
- Vmess: 45
--- Cycle End ---

--- Cycle Start: 2026-07-03T07:28:07Z ---
Total proxies tested: 4724
Total healthy proxies: 1525

Healthy proxies by type:
- Ss: 1473
- Vmess: 52
--- Cycle End ---

--- Cycle Start: 2026-07-03T10:43:27Z ---
Total proxies tested: 4442
Total healthy proxies: 1324

Healthy proxies by type:
- Ss: 1276
- Vmess: 48
--- Cycle End ---

--- Cycle Start: 2026-07-03T14:20:56Z ---
Total proxies tested: 4249
Total healthy proxies: 1375

Healthy proxies by type:
- Ss: 1342
- Vmess: 33
--- Cycle End ---

--- Cycle Start: 2026-07-03T17:38:58Z ---
Total proxies tested: 4249
Total healthy proxies: 1314

Healthy proxies by type:
- Ss: 1282
- Vmess: 32
--- Cycle End ---

--- Cycle Start: 2026-07-03T19:37:27Z ---
Total proxies tested: 4354
Total healthy proxies: 1396

Healthy proxies by type:
- Ss: 1365
- Vmess: 31
--- Cycle End ---

--- Cycle Start: 2026-07-03T21:14:08Z ---
Total proxies tested: 4354
Total healthy proxies: 1368

Healthy proxies by type:
- Ss: 1338
- Vmess: 30
--- Cycle End ---

--- Cycle Start: 2026-07-03T23:10:29Z ---
Total proxies tested: 4118
Total healthy proxies: 1278

Healthy proxies by type:
- Ss: 1244
- Vmess: 34
--- Cycle End ---

--- Cycle Start: 2026-07-04T03:38:13Z ---
Total proxies tested: 3031
Total healthy proxies: 1433

Healthy proxies by type:
- Ss: 1394
- Vmess: 39
--- Cycle End ---

--- Cycle Start: 2026-07-04T06:51:52Z ---
Total proxies tested: 3031
Total healthy proxies: 1447

Healthy proxies by type:
- Ss: 1409
- Vmess: 38
--- Cycle End ---

--- Cycle Start: 2026-07-04T10:17:09Z ---
Total proxies tested: 3403
Total healthy proxies: 1292

Healthy proxies by type:
- Ss: 1260
- Vmess: 32
--- Cycle End ---

--- Cycle Start: 2026-07-04T13:45:26Z ---
Total proxies tested: 2916
Total healthy proxies: 1309

Healthy proxies by type:
- Ss: 1280
- Vmess: 29
--- Cycle End ---

--- Cycle Start: 2026-07-04T15:10:47Z ---
Total proxies tested: 2916
Total healthy proxies: 1318

Healthy proxies by type:
- Ss: 1289
- Vmess: 29
--- Cycle End ---

--- Cycle Start: 2026-07-04T17:12:30Z ---
Total proxies tested: 2916
Total healthy proxies: 1331

Healthy proxies by type:
- Ss: 1308
- Vmess: 23
--- Cycle End ---

--- Cycle Start: 2026-07-04T19:22:20Z ---
Total proxies tested: 3125
Total healthy proxies: 1416

Healthy proxies by type:
- Vmess: 32
- Ss: 1384
--- Cycle End ---

--- Cycle Start: 2026-07-04T21:04:31Z ---
Total proxies tested: 3125
Total healthy proxies: 1427

Healthy proxies by type:
- Ss: 1395
- Vmess: 32
--- Cycle End ---

--- Cycle Start: 2026-07-04T23:02:28Z ---
Total proxies tested: 2930
Total healthy proxies: 1333

Healthy proxies by type:
- Ss: 1308
- Vmess: 25
--- Cycle End ---

--- Cycle Start: 2026-07-05T03:56:43Z ---
Total proxies tested: 3179
Total healthy proxies: 1449

Healthy proxies by type:
- Ss: 1420
- Vmess: 29
--- Cycle End ---

--- Cycle Start: 2026-07-05T07:33:58Z ---
Total proxies tested: 4063
Total healthy proxies: 1457

Healthy proxies by type:
- Ss: 1420
- Vmess: 37
--- Cycle End ---

--- Cycle Start: 2026-07-05T10:22:19Z ---
Total proxies tested: 3542
Total healthy proxies: 1449

Healthy proxies by type:
- Ss: 1417
- Vmess: 32
--- Cycle End ---

--- Cycle Start: 2026-07-05T13:51:25Z ---
Total proxies tested: 3284
Total healthy proxies: 1401

Healthy proxies by type:
- Ss: 1358
- Vmess: 43
--- Cycle End ---

--- Cycle Start: 2026-07-05T15:17:45Z ---
Total proxies tested: 3284
Total healthy proxies: 1395

Healthy proxies by type:
- Ss: 1351
- Vmess: 44
--- Cycle End ---

--- Cycle Start: 2026-07-05T17:17:59Z ---
Total proxies tested: 3284
Total healthy proxies: 1375

Healthy proxies by type:
- Ss: 1334
- Vmess: 41
--- Cycle End ---

--- Cycle Start: 2026-07-05T19:25:58Z ---
Total proxies tested: 3404
Total healthy proxies: 1412

Healthy proxies by type:
- Ss: 1364
- Vmess: 48
--- Cycle End ---

--- Cycle Start: 2026-07-05T21:08:06Z ---
Total proxies tested: 3404
Total healthy proxies: 1483

Healthy proxies by type:
- Vmess: 48
- Ss: 1435
--- Cycle End ---

--- Cycle Start: 2026-07-05T23:05:52Z ---
Total proxies tested: 3196
Total healthy proxies: 1357

Healthy proxies by type:
- Vmess: 34
- Ss: 1323
--- Cycle End ---

--- Cycle Start: 2026-07-06T04:03:20Z ---
Total proxies tested: 3440
Total healthy proxies: 1507

Healthy proxies by type:
- Ss: 1466
- Vmess: 41
--- Cycle End ---

--- Cycle Start: 2026-07-06T10:48:24Z ---
Total proxies tested: 3717
Total healthy proxies: 1459

Healthy proxies by type:
- Ss: 1415
- Vmess: 44
--- Cycle End ---

--- Cycle Start: 2026-07-06T15:44:55Z ---
Total proxies tested: 3418
Total healthy proxies: 1431

Healthy proxies by type:
- Ss: 1384
- Vmess: 47
--- Cycle End ---

--- Cycle Start: 2026-07-06T18:14:54Z ---
Total proxies tested: 3418
Total healthy proxies: 1422

Healthy proxies by type:
- Ss: 1383
- Vmess: 39
--- Cycle End ---

--- Cycle Start: 2026-07-06T23:13:01Z ---
Total proxies tested: 3463
Total healthy proxies: 1553

Healthy proxies by type:
- Vmess: 36
- Ss: 1517
--- Cycle End ---

--- Cycle Start: 2026-07-07T03:54:21Z ---
Total proxies tested: 3713
Total healthy proxies: 1571

Healthy proxies by type:
- Vmess: 38
- Ss: 1533
--- Cycle End ---

--- Cycle Start: 2026-07-07T07:46:16Z ---
Total proxies tested: 4257
Total healthy proxies: 1589

Healthy proxies by type:
- Ss: 1549
- Vmess: 40
--- Cycle End ---

--- Cycle Start: 2026-07-07T11:13:51Z ---
Total proxies tested: 4066
Total healthy proxies: 1521

Healthy proxies by type:
- Ss: 1478
- Vmess: 43
--- Cycle End ---

--- Cycle Start: 2026-07-07T14:48:56Z ---
Total proxies tested: 3568
Total healthy proxies: 1403

Healthy proxies by type:
- Ss: 1358
- Vmess: 45
--- Cycle End ---

--- Cycle Start: 2026-07-07T18:05:00Z ---
Total proxies tested: 3452
Total healthy proxies: 1381

Healthy proxies by type:
- Ss: 1336
- Vmess: 45
--- Cycle End ---

--- Cycle Start: 2026-07-07T21:35:01Z ---
Total proxies tested: 3567
Total healthy proxies: 1460

Healthy proxies by type:
- Ss: 1409
- Vmess: 51
--- Cycle End ---

--- Cycle Start: 2026-07-07T23:07:04Z ---
Total proxies tested: 3567
Total healthy proxies: 1465

Healthy proxies by type:
- Ss: 1413
- Vmess: 52
--- Cycle End ---

--- Cycle Start: 2026-07-08T03:20:48Z ---
Total proxies tested: 3116
Total healthy proxies: 1550

Healthy proxies by type:
- Ss: 1494
- Vmess: 56
--- Cycle End ---

--- Cycle Start: 2026-07-08T06:33:15Z ---
Total proxies tested: 3827
Total healthy proxies: 1548

Healthy proxies by type:
- Ss: 1492
- Vmess: 56
--- Cycle End ---

--- Cycle Start: 2026-07-08T10:24:35Z ---
Total proxies tested: 3671
Total healthy proxies: 1528

Healthy proxies by type:
- Ss: 1469
- Vmess: 59
--- Cycle End ---

--- Cycle Start: 2026-07-08T14:26:54Z ---
Total proxies tested: 3011
Total healthy proxies: 1511

Healthy proxies by type:
- Vmess: 49
- Ss: 1462
--- Cycle End ---

--- Cycle Start: 2026-07-08T17:43:05Z ---
Total proxies tested: 3011
Total healthy proxies: 1524

Healthy proxies by type:
- Ss: 1476
- Vmess: 48
--- Cycle End ---

--- Cycle Start: 2026-07-08T19:41:28Z ---
Total proxies tested: 2983
Total healthy proxies: 1449

Healthy proxies by type:
- Ss: 1388
- Vmess: 61
--- Cycle End ---

--- Cycle Start: 2026-07-08T21:14:06Z ---
Total proxies tested: 2983
Total healthy proxies: 1494

Healthy proxies by type:
- Ss: 1440
- Vmess: 54
--- Cycle End ---

--- Cycle Start: 2026-07-08T23:13:23Z ---
Total proxies tested: 2624
Total healthy proxies: 1310

Healthy proxies by type:
- Ss: 1261
- Vmess: 49
--- Cycle End ---

--- Cycle Start: 2026-07-09T03:47:48Z ---
Total proxies tested: 3914
Total healthy proxies: 1732

Healthy proxies by type:
- Ss: 1674
- Vmess: 58
--- Cycle End ---

--- Cycle Start: 2026-07-09T07:42:15Z ---
Total proxies tested: 3764
Total healthy proxies: 1602

Healthy proxies by type:
- Ss: 1529
- Vmess: 73
--- Cycle End ---

--- Cycle Start: 2026-07-09T11:20:07Z ---
Total proxies tested: 3764
Total healthy proxies: 1610

Healthy proxies by type:
- Ss: 1537
- Vmess: 73
--- Cycle End ---

--- Cycle Start: 2026-07-09T15:21:19Z ---
Total proxies tested: 3303
Total healthy proxies: 1388

Healthy proxies by type:
- Ss: 1303
- Vmess: 85
--- Cycle End ---

--- Cycle Start: 2026-07-09T18:01:43Z ---
Total proxies tested: 2935
Total healthy proxies: 1319

Healthy proxies by type:
- Ss: 1234
- Vmess: 85
--- Cycle End ---

--- Cycle Start: 2026-07-09T21:26:50Z ---
Total proxies tested: 2708
Total healthy proxies: 1350

Healthy proxies by type:
- Ss: 1255
- Vmess: 95
--- Cycle End ---

--- Cycle Start: 2026-07-09T23:17:16Z ---
Total proxies tested: 2739
Total healthy proxies: 1398

Healthy proxies by type:
- Vmess: 110
- Ss: 1288
--- Cycle End ---

--- Cycle Start: 2026-07-10T03:49:34Z ---
Total proxies tested: 3566
Total healthy proxies: 1410

Healthy proxies by type:
- Ss: 1299
- Vmess: 111
--- Cycle End ---

--- Cycle Start: 2026-07-10T07:41:30Z ---
Total proxies tested: 3347
Total healthy proxies: 1364

Healthy proxies by type:
- Ss: 1230
- Vmess: 134
--- Cycle End ---

--- Cycle Start: 2026-07-10T11:10:27Z ---
Total proxies tested: 3347
Total healthy proxies: 1403

Healthy proxies by type:
- Ss: 1279
- Vmess: 124
--- Cycle End ---

--- Cycle Start: 2026-07-10T14:39:41Z ---
Total proxies tested: 2758
Total healthy proxies: 1424

Healthy proxies by type:
- Ss: 1322
- Vmess: 102
--- Cycle End ---

--- Cycle Start: 2026-07-10T17:50:53Z ---
Total proxies tested: 2690
Total healthy proxies: 1386

Healthy proxies by type:
- Ss: 1301
- Vmess: 85
--- Cycle End ---

--- Cycle Start: 2026-07-10T19:40:01Z ---
Total proxies tested: 2744
Total healthy proxies: 1357

Healthy proxies by type:
- Ss: 1263
- Vmess: 94
--- Cycle End ---

--- Cycle Start: 2026-07-10T21:10:46Z ---
Total proxies tested: 2873
Total healthy proxies: 1422

Healthy proxies by type:
- Ss: 1329
- Vmess: 93
--- Cycle End ---

--- Cycle Start: 2026-07-10T23:02:30Z ---
Total proxies tested: 3055
Total healthy proxies: 1419

Healthy proxies by type:
- Ss: 1328
- Vmess: 91
--- Cycle End ---

--- Cycle Start: 2026-07-11T03:15:40Z ---
Total proxies tested: 3947
Total healthy proxies: 1437

Healthy proxies by type:
- Ss: 1339
- Vmess: 98
--- Cycle End ---

--- Cycle Start: 2026-07-11T06:18:57Z ---
Total proxies tested: 3947
Total healthy proxies: 1432

Healthy proxies by type:
- Vmess: 99
- Ss: 1333
--- Cycle End ---

--- Cycle Start: 2026-07-11T09:43:29Z ---
Total proxies tested: 3460
Total healthy proxies: 1393

Healthy proxies by type:
- Ss: 1293
- Vmess: 100
--- Cycle End ---

--- Cycle Start: 2026-07-11T11:10:49Z ---
Total proxies tested: 3460
Total healthy proxies: 1394

Healthy proxies by type:
- Ss: 1293
- Vmess: 101
--- Cycle End ---

--- Cycle Start: 2026-07-11T13:38:33Z ---
Total proxies tested: 3284
Total healthy proxies: 1501

Healthy proxies by type:
- Vmess: 96
- Ss: 1405
--- Cycle End ---

--- Cycle Start: 2026-07-11T14:59:43Z ---
Total proxies tested: 3113
Total healthy proxies: 1440

Healthy proxies by type:
- Ss: 1344
- Vmess: 96
--- Cycle End ---

--- Cycle Start: 2026-07-11T17:03:23Z ---
Total proxies tested: 3063
Total healthy proxies: 1470

Healthy proxies by type:
- Ss: 1372
- Vmess: 98
--- Cycle End ---

--- Cycle Start: 2026-07-11T19:11:54Z ---
Total proxies tested: 3063
Total healthy proxies: 1464

Healthy proxies by type:
- Ss: 1366
- Vmess: 98
--- Cycle End ---

--- Cycle Start: 2026-07-11T20:56:40Z ---
Total proxies tested: 2869
Total healthy proxies: 1429

Healthy proxies by type:
- Ss: 1337
- Vmess: 92
--- Cycle End ---

--- Cycle Start: 2026-07-11T22:56:02Z ---
Total proxies tested: 3207
Total healthy proxies: 1431

Healthy proxies by type:
- Ss: 1338
- Vmess: 93
--- Cycle End ---

--- Cycle Start: 2026-07-12T03:27:35Z ---
Total proxies tested: 3892
Total healthy proxies: 1417

Healthy proxies by type:
- Vmess: 93
- Ss: 1324
--- Cycle End ---

--- Cycle Start: 2026-07-12T06:39:31Z ---
Total proxies tested: 3892
Total healthy proxies: 1407

Healthy proxies by type:
- Ss: 1314
- Vmess: 93
--- Cycle End ---

--- Cycle Start: 2026-07-12T09:58:13Z ---
Total proxies tested: 3233
Total healthy proxies: 1365

Healthy proxies by type:
- Vmess: 75
- Ss: 1290
--- Cycle End ---

--- Cycle Start: 2026-07-12T11:15:28Z ---
Total proxies tested: 3233
Total healthy proxies: 1366

Healthy proxies by type:
- Ss: 1291
- Vmess: 75
--- Cycle End ---

--- Cycle Start: 2026-07-12T13:38:31Z ---
Total proxies tested: 2948
Total healthy proxies: 1378

Healthy proxies by type:
- Ss: 1304
- Vmess: 74
--- Cycle End ---

--- Cycle Start: 2026-07-12T15:02:09Z ---
Total proxies tested: 3065
Total healthy proxies: 1364

Healthy proxies by type:
- Ss: 1298
- Vmess: 66
--- Cycle End ---

--- Cycle Start: 2026-07-12T17:04:54Z ---
Total proxies tested: 3342
Total healthy proxies: 1402

Healthy proxies by type:
- Ss: 1334
- Vmess: 68
--- Cycle End ---

--- Cycle Start: 2026-07-12T19:12:56Z ---
Total proxies tested: 3342
Total healthy proxies: 1400

Healthy proxies by type:
- Ss: 1333
- Vmess: 67
--- Cycle End ---

--- Cycle Start: 2026-07-12T20:57:25Z ---
Total proxies tested: 3164
Total healthy proxies: 1373

Healthy proxies by type:
- Ss: 1312
- Vmess: 61
--- Cycle End ---

--- Cycle Start: 2026-07-12T22:55:58Z ---
Total proxies tested: 3476
Total healthy proxies: 1409

Healthy proxies by type:
- Vmess: 69
- Ss: 1340
--- Cycle End ---

--- Cycle Start: 2026-07-13T03:30:20Z ---
Total proxies tested: 4275
Total healthy proxies: 1415

Healthy proxies by type:
- Ss: 1343
- Vmess: 72
--- Cycle End ---

--- Cycle Start: 2026-07-13T07:26:45Z ---
Total proxies tested: 4101
Total healthy proxies: 1410

Healthy proxies by type:
- Ss: 1335
- Vmess: 75
--- Cycle End ---

--- Cycle Start: 2026-07-13T11:18:30Z ---
Total proxies tested: 3435
Total healthy proxies: 1367

Healthy proxies by type:
- Ss: 1289
- Vmess: 78
--- Cycle End ---

--- Cycle Start: 2026-07-13T14:46:27Z ---
Total proxies tested: 3435
Total healthy proxies: 1280

Healthy proxies by type:
- Ss: 1208
- Vmess: 72
--- Cycle End ---

--- Cycle Start: 2026-07-13T17:59:17Z ---
Total proxies tested: 3218
Total healthy proxies: 1408

Healthy proxies by type:
- Vmess: 68
- Ss: 1340
--- Cycle End ---

--- Cycle Start: 2026-07-13T19:42:08Z ---
Total proxies tested: 3328
Total healthy proxies: 1493

Healthy proxies by type:
- Ss: 1415
- Vmess: 78
--- Cycle End ---

--- Cycle Start: 2026-07-13T21:02:20Z ---
Total proxies tested: 3098
Total healthy proxies: 1453

Healthy proxies by type:
- Vmess: 77
- Ss: 1376
--- Cycle End ---

--- Cycle Start: 2026-07-13T22:59:51Z ---
Total proxies tested: 3337
Total healthy proxies: 1470

Healthy proxies by type:
- Ss: 1389
- Vmess: 81
--- Cycle End ---

--- Cycle Start: 2026-07-14T02:52:40Z ---
Total proxies tested: 4306
Total healthy proxies: 1500

Healthy proxies by type:
- Ss: 1431
- Vmess: 69
--- Cycle End ---

--- Cycle Start: 2026-07-14T06:17:05Z ---
Total proxies tested: 4313
Total healthy proxies: 1554

Healthy proxies by type:
- Ss: 1488
- Vmess: 66
--- Cycle End ---

--- Cycle Start: 2026-07-14T10:03:35Z ---
Total proxies tested: 3573
Total healthy proxies: 1498

Healthy proxies by type:
- Ss: 1436
- Vmess: 62
--- Cycle End ---

--- Cycle Start: 2026-07-14T13:56:43Z ---
Total proxies tested: 3152
Total healthy proxies: 1357

Healthy proxies by type:
- Ss: 1294
- Vmess: 63
--- Cycle End ---

--- Cycle Start: 2026-07-14T15:27:40Z ---
Total proxies tested: 3163
Total healthy proxies: 1350

Healthy proxies by type:
- Ss: 1287
- Vmess: 63
--- Cycle End ---

--- Cycle Start: 2026-07-14T17:20:11Z ---
Total proxies tested: 3163
Total healthy proxies: 1346

Healthy proxies by type:
- Ss: 1281
- Vmess: 65
--- Cycle End ---

--- Cycle Start: 2026-07-14T21:05:04Z ---
Total proxies tested: 3404
Total healthy proxies: 1352

Healthy proxies by type:
- Ss: 1290
- Vmess: 62
--- Cycle End ---

--- Cycle Start: 2026-07-14T23:00:57Z ---
Total proxies tested: 3076
Total healthy proxies: 1287

Healthy proxies by type:
- Ss: 1221
- Vmess: 66
--- Cycle End ---

--- Cycle Start: 2026-07-15T02:50:57Z ---
Total proxies tested: 3341
Total healthy proxies: 1320

Healthy proxies by type:
- Ss: 1256
- Vmess: 64
--- Cycle End ---

--- Cycle Start: 2026-07-15T06:20:05Z ---
Total proxies tested: 4270
Total healthy proxies: 1340

Healthy proxies by type:
- Ss: 1277
- Vmess: 63
--- Cycle End ---

--- Cycle Start: 2026-07-15T10:08:23Z ---
Total proxies tested: 4162
Total healthy proxies: 1263

Healthy proxies by type:
- Ss: 1200
- Vmess: 63
--- Cycle End ---

--- Cycle Start: 2026-07-15T13:53:12Z ---
Total proxies tested: 3630
Total healthy proxies: 1179

Healthy proxies by type:
- Ss: 1109
- Vmess: 70
--- Cycle End ---

--- Cycle Start: 2026-07-15T15:37:32Z ---
Total proxies tested: 3247
Total healthy proxies: 1180

Healthy proxies by type:
- Ss: 1115
- Vmess: 65
--- Cycle End ---

--- Cycle Start: 2026-07-15T17:22:13Z ---
Total proxies tested: 3247
Total healthy proxies: 1183

Healthy proxies by type:
- Ss: 1118
- Vmess: 65
--- Cycle End ---

--- Cycle Start: 2026-07-15T19:19:47Z ---
Total proxies tested: 3313
Total healthy proxies: 1080

Healthy proxies by type:
- Ss: 1007
- Vmess: 73
--- Cycle End ---

--- Cycle Start: 2026-07-15T21:05:09Z ---
Total proxies tested: 3140
Total healthy proxies: 1099

Healthy proxies by type:
- Ss: 1022
- Vmess: 77
--- Cycle End ---

--- Cycle Start: 2026-07-15T23:01:20Z ---
Total proxies tested: 3140
Total healthy proxies: 1117

Healthy proxies by type:
- Ss: 1040
- Vmess: 77
--- Cycle End ---

--- Cycle Start: 2026-07-16T02:57:42Z ---
Total proxies tested: 3242
Total healthy proxies: 1118

Healthy proxies by type:
- Ss: 1048
- Vmess: 70
--- Cycle End ---

--- Cycle Start: 2026-07-16T06:23:33Z ---
Total proxies tested: 3242
Total healthy proxies: 1101

Healthy proxies by type:
- Ss: 1031
- Vmess: 70
--- Cycle End ---

--- Cycle Start: 2026-07-16T10:15:36Z ---
Total proxies tested: 3878
Total healthy proxies: 1130

Healthy proxies by type:
- Ss: 1053
- Vmess: 77
--- Cycle End ---

--- Cycle Start: 2026-07-16T14:04:57Z ---
Total proxies tested: 3879
Total healthy proxies: 1137

Healthy proxies by type:
- Ss: 1064
- Vmess: 73
--- Cycle End ---

--- Cycle Start: 2026-07-16T17:24:12Z ---
Total proxies tested: 3791
Total healthy proxies: 1109

Healthy proxies by type:
- Ss: 1042
- Vmess: 67
--- Cycle End ---

--- Cycle Start: 2026-07-16T19:20:46Z ---
Total proxies tested: 3932
Total healthy proxies: 1134

Healthy proxies by type:
- Ss: 1058
- Vmess: 76
--- Cycle End ---

--- Cycle Start: 2026-07-16T21:07:36Z ---
Total proxies tested: 3606
Total healthy proxies: 1137

Healthy proxies by type:
- Ss: 1069
- Vmess: 68
--- Cycle End ---

--- Cycle Start: 2026-07-16T23:02:22Z ---
Total proxies tested: 3606
Total healthy proxies: 1132

Healthy proxies by type:
- Ss: 1065
- Vmess: 67
--- Cycle End ---

--- Cycle Start: 2026-07-17T03:15:15Z ---
Total proxies tested: 4912
Total healthy proxies: 1262

Healthy proxies by type:
- Ss: 1189
- Vmess: 73
--- Cycle End ---

--- Cycle Start: 2026-07-17T06:22:16Z ---
Total proxies tested: 4912
Total healthy proxies: 1176

Healthy proxies by type:
- Vmess: 72
- Ss: 1104
--- Cycle End ---

--- Cycle Start: 2026-07-17T10:03:50Z ---
Total proxies tested: 4358
Total healthy proxies: 1195

Healthy proxies by type:
- Ss: 1134
- Vmess: 61
--- Cycle End ---

--- Cycle Start: 2026-07-17T13:49:38Z ---
Total proxies tested: 4239
Total healthy proxies: 1351

Healthy proxies by type:
- Ss: 1289
- Vmess: 62
--- Cycle End ---

--- Cycle Start: 2026-07-17T15:18:41Z ---
Total proxies tested: 4239
Total healthy proxies: 1268

Healthy proxies by type:
- Vmess: 61
- Ss: 1207
--- Cycle End ---

--- Cycle Start: 2026-07-17T17:17:32Z ---
Total proxies tested: 4239
Total healthy proxies: 1326

Healthy proxies by type:
- Ss: 1264
- Vmess: 62
--- Cycle End ---

--- Cycle Start: 2026-07-17T19:18:36Z ---
Total proxies tested: 4306
Total healthy proxies: 1397

Healthy proxies by type:
- Ss: 1332
- Vmess: 65
--- Cycle End ---

--- Cycle Start: 2026-07-17T21:01:51Z ---
Total proxies tested: 4095
Total healthy proxies: 1445

Healthy proxies by type:
- Ss: 1381
- Vmess: 64
--- Cycle End ---

--- Cycle Start: 2026-07-17T22:54:21Z ---
Total proxies tested: 4095
Total healthy proxies: 1436

Healthy proxies by type:
- Ss: 1376
- Vmess: 60
--- Cycle End ---

--- Cycle Start: 2026-07-18T02:52:46Z ---
Total proxies tested: 4519
Total healthy proxies: 1514

Healthy proxies by type:
- Ss: 1448
- Vmess: 66
--- Cycle End ---

--- Cycle Start: 2026-07-18T06:09:41Z ---
Total proxies tested: 5190
Total healthy proxies: 1547

Healthy proxies by type:
- Ss: 1475
- Vmess: 72
--- Cycle End ---

--- Cycle Start: 2026-07-18T09:39:01Z ---
Total proxies tested: 5239
Total healthy proxies: 1547

Healthy proxies by type:
- Ss: 1477
- Vmess: 70
--- Cycle End ---

--- Cycle Start: 2026-07-18T11:08:51Z ---
Total proxies tested: 5239
Total healthy proxies: 1541

Healthy proxies by type:
- Vmess: 68
- Ss: 1473
--- Cycle End ---

--- Cycle Start: 2026-07-18T13:27:14Z ---
Total proxies tested: 5110
Total healthy proxies: 1419

Healthy proxies by type:
- Ss: 1352
- Vmess: 67
--- Cycle End ---

--- Cycle Start: 2026-07-18T14:59:33Z ---
Total proxies tested: 5136
Total healthy proxies: 1626

Healthy proxies by type:
- Vmess: 63
- Ss: 1563
--- Cycle End ---

--- Cycle Start: 2026-07-18T17:03:00Z ---
Total proxies tested: 5136
Total healthy proxies: 1616

Healthy proxies by type:
- Vmess: 63
- Ss: 1553
--- Cycle End ---

--- Cycle Start: 2026-07-18T19:12:37Z ---
Total proxies tested: 5236
Total healthy proxies: 1514

Healthy proxies by type:
- Ss: 1450
- Vmess: 64
--- Cycle End ---

--- Cycle Start: 2026-07-18T20:57:06Z ---
Total proxies tested: 4749
Total healthy proxies: 1323

Healthy proxies by type:
- Ss: 1267
- Vmess: 56
--- Cycle End ---

--- Cycle Start: 2026-07-18T22:56:01Z ---
Total proxies tested: 4749
Total healthy proxies: 1337

Healthy proxies by type:
- Ss: 1282
- Vmess: 55
--- Cycle End ---

--- Cycle Start: 2026-07-19T03:23:35Z ---
Total proxies tested: 4845
Total healthy proxies: 1323

Healthy proxies by type:
- Ss: 1266
- Vmess: 57
--- Cycle End ---

--- Cycle Start: 2026-07-19T06:35:26Z ---
Total proxies tested: 5352
Total healthy proxies: 1280

Healthy proxies by type:
- Ss: 1215
- Vmess: 65
--- Cycle End ---

--- Cycle Start: 2026-07-19T09:56:45Z ---
Total proxies tested: 4383
Total healthy proxies: 1251

Healthy proxies by type:
- Ss: 1182
- Vmess: 69
--- Cycle End ---

--- Cycle Start: 2026-07-19T11:13:40Z ---
Total proxies tested: 3930
Total healthy proxies: 1278

Healthy proxies by type:
- Vmess: 76
- Ss: 1202
--- Cycle End ---

--- Cycle Start: 2026-07-19T13:35:51Z ---
Total proxies tested: 3796
Total healthy proxies: 1343

Healthy proxies by type:
- Ss: 1273
- Vmess: 70
--- Cycle End ---

--- Cycle Start: 2026-07-19T15:01:49Z ---
Total proxies tested: 3796
Total healthy proxies: 1345

Healthy proxies by type:
- Vmess: 70
- Ss: 1275
--- Cycle End ---

--- Cycle Start: 2026-07-19T17:03:54Z ---
Total proxies tested: 3621
Total healthy proxies: 1346

Healthy proxies by type:
- Vmess: 74
- Ss: 1272
--- Cycle End ---

--- Cycle Start: 2026-07-19T19:13:21Z ---
Total proxies tested: 3624
Total healthy proxies: 1339

Healthy proxies by type:
- Ss: 1263
- Vmess: 76
--- Cycle End ---

--- Cycle Start: 2026-07-19T20:57:15Z ---
Total proxies tested: 3624
Total healthy proxies: 1372

Healthy proxies by type:
- Ss: 1298
- Vmess: 74
--- Cycle End ---

--- Cycle Start: 2026-07-19T22:57:17Z ---
Total proxies tested: 3377
Total healthy proxies: 1381

Healthy proxies by type:
- Ss: 1301
- Vmess: 80
--- Cycle End ---

--- Cycle Start: 2026-07-20T03:37:28Z ---
Total proxies tested: 3575
Total healthy proxies: 1357

Healthy proxies by type:
- Ss: 1278
- Vmess: 79
--- Cycle End ---

--- Cycle Start: 2026-07-20T06:53:06Z ---
Total proxies tested: 4109
Total healthy proxies: 1277

Healthy proxies by type:
- Ss: 1202
- Vmess: 75
--- Cycle End ---

--- Cycle Start: 2026-07-20T10:58:04Z ---
Total proxies tested: 3933
Total healthy proxies: 1266

Healthy proxies by type:
- Ss: 1187
- Vmess: 79
--- Cycle End ---

--- Cycle Start: 2026-07-20T14:18:25Z ---
Total proxies tested: 3427
Total healthy proxies: 1251

Healthy proxies by type:
- Vmess: 69
- Ss: 1182
--- Cycle End ---

--- Cycle Start: 2026-07-20T18:09:46Z ---
Total proxies tested: 3378
Total healthy proxies: 1271

Healthy proxies by type:
- Ss: 1204
- Vmess: 67
--- Cycle End ---

--- Cycle Start: 2026-07-20T21:16:04Z ---
Total proxies tested: 3378
Total healthy proxies: 1270

Healthy proxies by type:
- Ss: 1203
- Vmess: 67
--- Cycle End ---

--- Cycle Start: 2026-07-20T23:04:28Z ---
Total proxies tested: 3123
Total healthy proxies: 1278

Healthy proxies by type:
- Ss: 1208
- Vmess: 70
--- Cycle End ---

--- Cycle Start: 2026-07-21T03:17:57Z ---
Total proxies tested: 3405
Total healthy proxies: 1284

Healthy proxies by type:
- Ss: 1217
- Vmess: 67
--- Cycle End ---

--- Cycle Start: 2026-07-21T06:34:24Z ---
Total proxies tested: 4050
Total healthy proxies: 1267

Healthy proxies by type:
- Ss: 1197
- Vmess: 70
--- Cycle End ---

--- Cycle Start: 2026-07-21T10:29:09Z ---
Total proxies tested: 3990
Total healthy proxies: 1320

Healthy proxies by type:
- Vmess: 71
- Ss: 1249
--- Cycle End ---

--- Cycle Start: 2026-07-21T14:05:08Z ---
Total proxies tested: 3679
Total healthy proxies: 1293

Healthy proxies by type:
- Vmess: 71
- Ss: 1222
--- Cycle End ---

--- Cycle Start: 2026-07-21T17:26:36Z ---
Total proxies tested: 3679
Total healthy proxies: 1240

Healthy proxies by type:
- Ss: 1170
- Vmess: 70
--- Cycle End ---

--- Cycle Start: 2026-07-21T19:38:48Z ---
Total proxies tested: 3788
Total healthy proxies: 1252

Healthy proxies by type:
- Ss: 1183
- Vmess: 69
--- Cycle End ---

--- Cycle Start: 2026-07-21T21:15:51Z ---
Total proxies tested: 3788
Total healthy proxies: 1251

Healthy proxies by type:
- Ss: 1182
- Vmess: 69
--- Cycle End ---

--- Cycle Start: 2026-07-21T23:01:38Z ---
Total proxies tested: 3670
Total healthy proxies: 1231

Healthy proxies by type:
- Ss: 1163
- Vmess: 68
--- Cycle End ---

--- Cycle Start: 2026-07-22T03:15:53Z ---
Total proxies tested: 4069
Total healthy proxies: 1297

Healthy proxies by type:
- Ss: 1225
- Vmess: 72
--- Cycle End ---

--- Cycle Start: 2026-07-22T06:34:16Z ---
Total proxies tested: 4727
Total healthy proxies: 1295

Healthy proxies by type:
- Vmess: 75
- Ss: 1220
--- Cycle End ---

--- Cycle Start: 2026-07-22T10:30:31Z ---
Total proxies tested: 4262
Total healthy proxies: 1224

Healthy proxies by type:
- Ss: 1138
- Vmess: 86
--- Cycle End ---

--- Cycle Start: 2026-07-22T14:07:42Z ---
Total proxies tested: 4173
Total healthy proxies: 1259

Healthy proxies by type:
- Ss: 1178
- Vmess: 81
--- Cycle End ---

--- Cycle Start: 2026-07-22T17:25:42Z ---
Total proxies tested: 4079
Total healthy proxies: 1306

Healthy proxies by type:
- Ss: 1230
- Vmess: 76
--- Cycle End ---

--- Cycle Start: 2026-07-22T19:27:55Z ---
Total proxies tested: 4069
Total healthy proxies: 1295

Healthy proxies by type:
- Ss: 1220
- Vmess: 75
--- Cycle End ---

--- Cycle Start: 2026-07-22T21:14:46Z ---
Total proxies tested: 4069
Total healthy proxies: 1304

Healthy proxies by type:
- Ss: 1229
- Vmess: 75
--- Cycle End ---

--- Cycle Start: 2026-07-22T23:09:36Z ---
Total proxies tested: 3729
Total healthy proxies: 1245

Healthy proxies by type:
- Ss: 1171
- Vmess: 74
--- Cycle End ---

--- Cycle Start: 2026-07-23T03:22:46Z ---
Total proxies tested: 4123
Total healthy proxies: 1231

Healthy proxies by type:
- Ss: 1155
- Vmess: 76
--- Cycle End ---

--- Cycle Start: 2026-07-23T06:34:45Z ---
Total proxies tested: 4751
Total healthy proxies: 1273

Healthy proxies by type:
- Ss: 1190
- Vmess: 83
--- Cycle End ---

--- Cycle Start: 2026-07-23T10:28:24Z ---
Total proxies tested: 4218
Total healthy proxies: 1205

Healthy proxies by type:
- Ss: 1133
- Vmess: 72
--- Cycle End ---

--- Cycle Start: 2026-07-23T14:12:56Z ---
Total proxies tested: 4235
Total healthy proxies: 1193

Healthy proxies by type:
- Ss: 1124
- Vmess: 69
--- Cycle End ---

--- Cycle Start: 2026-07-23T17:29:09Z ---
Total proxies tested: 4235
Total healthy proxies: 1165

Healthy proxies by type:
- Vmess: 70
- Ss: 1095
--- Cycle End ---

--- Cycle Start: 2026-07-23T19:26:12Z ---
Total proxies tested: 4359
Total healthy proxies: 1098

Healthy proxies by type:
- Ss: 1037
- Vmess: 61
--- Cycle End ---

--- Cycle Start: 2026-07-23T21:10:36Z ---
Total proxies tested: 4359
Total healthy proxies: 1209

Healthy proxies by type:
- Ss: 1147
- Vmess: 62
--- Cycle End ---

--- Cycle Start: 2026-07-23T23:01:18Z ---
Total proxies tested: 4006
Total healthy proxies: 1160

Healthy proxies by type:
- Ss: 1098
- Vmess: 62
--- Cycle End ---

--- Cycle Start: 2026-07-24T03:17:03Z ---
Total proxies tested: 4393
Total healthy proxies: 1185

Healthy proxies by type:
- Vmess: 61
- Ss: 1124
--- Cycle End ---

--- Cycle Start: 2026-07-24T06:31:07Z ---
Total proxies tested: 5066
Total healthy proxies: 1205

Healthy proxies by type:
- Ss: 1139
- Vmess: 66
--- Cycle End ---

--- Cycle Start: 2026-07-24T10:24:17Z ---
Total proxies tested: 4176
Total healthy proxies: 1162

Healthy proxies by type:
- Ss: 1103
- Vmess: 59
--- Cycle End ---

--- Cycle Start: 2026-07-24T13:56:41Z ---
Total proxies tested: 3966
Total healthy proxies: 1185

Healthy proxies by type:
- Vmess: 70
- Ss: 1115
--- Cycle End ---

--- Cycle Start: 2026-07-24T15:34:42Z ---
Total proxies tested: 3966
Total healthy proxies: 1195

Healthy proxies by type:
- Ss: 1126
- Vmess: 69
--- Cycle End ---

--- Cycle Start: 2026-07-24T17:42:17Z ---
Total proxies tested: 3966
Total healthy proxies: 1177

Healthy proxies by type:
- Ss: 1110
- Vmess: 67
--- Cycle End ---

--- Cycle Start: 2026-07-24T19:37:07Z ---
Total proxies tested: 3966
Total healthy proxies: 1204

Healthy proxies by type:
- Ss: 1134
- Vmess: 70
--- Cycle End ---

--- Cycle Start: 2026-07-24T21:09:38Z ---
Total proxies tested: 3966
Total healthy proxies: 1200

Healthy proxies by type:
- Ss: 1130
- Vmess: 70
--- Cycle End ---

--- Cycle Start: 2026-07-24T23:05:39Z ---
Total proxies tested: 3631
Total healthy proxies: 1230

Healthy proxies by type:
- Vmess: 72
- Ss: 1158
--- Cycle End ---

--- Cycle Start: 2026-07-25T03:15:10Z ---
Total proxies tested: 3957
Total healthy proxies: 1194

Healthy proxies by type:
- Ss: 1139
- Vmess: 55
--- Cycle End ---

--- Cycle Start: 2026-07-25T06:22:34Z ---
Total proxies tested: 4571
Total healthy proxies: 1167

Healthy proxies by type:
- Ss: 1108
- Vmess: 59
--- Cycle End ---

--- Cycle Start: 2026-07-25T09:54:35Z ---
Total proxies tested: 4545
Total healthy proxies: 1209

Healthy proxies by type:
- Ss: 1152
- Vmess: 57
--- Cycle End ---

--- Cycle Start: 2026-07-25T11:16:17Z ---
Total proxies tested: 4545
Total healthy proxies: 1171

Healthy proxies by type:
- Ss: 1115
- Vmess: 56
--- Cycle End ---

--- Cycle Start: 2026-07-25T13:45:56Z ---
Total proxies tested: 4545
Total healthy proxies: 1209

Healthy proxies by type:
- Ss: 1151
- Vmess: 58
--- Cycle End ---

--- Cycle Start: 2026-07-25T15:08:37Z ---
Total proxies tested: 4545
Total healthy proxies: 1197

Healthy proxies by type:
- Ss: 1138
- Vmess: 59
--- Cycle End ---

--- Cycle Start: 2026-07-25T17:05:19Z ---
Total proxies tested: 4092
Total healthy proxies: 1230

Healthy proxies by type:
- Ss: 1173
- Vmess: 57
--- Cycle End ---

--- Cycle Start: 2026-07-25T19:16:10Z ---
Total proxies tested: 4171
Total healthy proxies: 1214

Healthy proxies by type:
- Ss: 1153
- Vmess: 61
--- Cycle End ---

--- Cycle Start: 2026-07-25T20:58:41Z ---
Total proxies tested: 4171
Total healthy proxies: 1252

Healthy proxies by type:
- Ss: 1191
- Vmess: 61
--- Cycle End ---

--- Cycle Start: 2026-07-25T22:59:13Z ---
Total proxies tested: 3720
Total healthy proxies: 1195

Healthy proxies by type:
- Ss: 1147
- Vmess: 48
--- Cycle End ---

--- Cycle Start: 2026-07-26T03:29:00Z ---
Total proxies tested: 4080
Total healthy proxies: 1218

Healthy proxies by type:
- Ss: 1154
- Vmess: 64
--- Cycle End ---

--- Cycle Start: 2026-07-26T06:41:41Z ---
Total proxies tested: 4856
Total healthy proxies: 1285

Healthy proxies by type:
- Ss: 1215
- Vmess: 70
--- Cycle End ---

--- Cycle Start: 2026-07-26T10:05:20Z ---
Total proxies tested: 4715
Total healthy proxies: 1248

Healthy proxies by type:
- Ss: 1185
- Vmess: 63
--- Cycle End ---

--- Cycle Start: 2026-07-26T13:40:13Z ---
Total proxies tested: 4303
Total healthy proxies: 1350

Healthy proxies by type:
- Ss: 1280
- Vmess: 70
--- Cycle End ---

--- Cycle Start: 2026-07-26T15:09:55Z ---
Total proxies tested: 4060
Total healthy proxies: 1294

Healthy proxies by type:
- Ss: 1230
- Vmess: 64
--- Cycle End ---

--- Cycle Start: 2026-07-26T17:08:02Z ---
Total proxies tested: 4060
Total healthy proxies: 1303

Healthy proxies by type:
- Vmess: 58
- Ss: 1245
--- Cycle End ---

--- Cycle Start: 2026-07-26T21:04:01Z ---
Total proxies tested: 4290
Total healthy proxies: 1308

Healthy proxies by type:
- Ss: 1238
- Vmess: 70
--- Cycle End ---

--- Cycle Start: 2026-07-26T23:02:48Z ---
Total proxies tested: 3853
Total healthy proxies: 1213

Healthy proxies by type:
- Ss: 1143
- Vmess: 70
--- Cycle End ---

--- Cycle Start: 2026-07-27T03:37:36Z ---
Total proxies tested: 4325
Total healthy proxies: 1297

Healthy proxies by type:
- Ss: 1220
- Vmess: 77
--- Cycle End ---

--- Cycle Start: 2026-07-27T07:38:40Z ---
Total proxies tested: 4872
Total healthy proxies: 1284

Healthy proxies by type:
- Ss: 1212
- Vmess: 72
--- Cycle End ---

--- Cycle Start: 2026-07-27T11:30:49Z ---
Total proxies tested: 4748
Total healthy proxies: 1262

Healthy proxies by type:
- Vmess: 70
- Ss: 1192
--- Cycle End ---

--- Cycle Start: 2026-07-27T14:47:39Z ---
Total proxies tested: 4292
Total healthy proxies: 1279

Healthy proxies by type:
- Ss: 1200
- Vmess: 79
--- Cycle End ---

--- Cycle Start: 2026-07-27T17:47:21Z ---
Total proxies tested: 4292
Total healthy proxies: 1263

Healthy proxies by type:
- Ss: 1183
- Vmess: 80
--- Cycle End ---

--- Cycle Start: 2026-07-27T19:42:39Z ---
Total proxies tested: 3911
Total healthy proxies: 1184

Healthy proxies by type:
- Ss: 1101
- Vmess: 83
--- Cycle End ---

--- Cycle Start: 2026-07-27T21:16:41Z ---
Total proxies tested: 3674
Total healthy proxies: 1153

Healthy proxies by type:
- Vmess: 86
- Ss: 1067
--- Cycle End ---

--- Cycle Start: 2026-07-27T23:08:34Z ---
Total proxies tested: 3674
Total healthy proxies: 1155

Healthy proxies by type:
- Ss: 1068
- Vmess: 87
--- Cycle End ---

--- Cycle Start: 2026-07-28T02:53:47Z ---
Total proxies tested: 4252
Total healthy proxies: 1187

Healthy proxies by type:
- Ss: 1110
- Vmess: 77
--- Cycle End ---

--- Cycle Start: 2026-07-28T06:31:44Z ---
Total proxies tested: 4731
Total healthy proxies: 1199

Healthy proxies by type:
- Ss: 1131
- Vmess: 68
--- Cycle End ---

--- Cycle Start: 2026-07-28T10:41:11Z ---
Total proxies tested: 4169
Total healthy proxies: 1160

Healthy proxies by type:
- Vmess: 65
- Ss: 1095
--- Cycle End ---

--- Cycle Start: 2026-07-28T14:21:41Z ---
Total proxies tested: 3193
Total healthy proxies: 1046

Healthy proxies by type:
- Ss: 982
- Vmess: 64
--- Cycle End ---

--- Cycle Start: 2026-07-28T17:39:26Z ---
Total proxies tested: 2749
Total healthy proxies: 1049

Healthy proxies by type:
- Ss: 999
- Vmess: 50
--- Cycle End ---

--- Cycle Start: 2026-07-28T19:39:51Z ---
Total proxies tested: 2436
Total healthy proxies: 1173

Healthy proxies by type:
- Ss: 1116
- Vmess: 57
--- Cycle End ---

--- Cycle Start: 2026-07-28T21:12:59Z ---
Total proxies tested: 2436
Total healthy proxies: 1144

Healthy proxies by type:
- Ss: 1088
- Vmess: 56
--- Cycle End ---

--- Cycle Start: 2026-07-28T23:04:51Z ---
Total proxies tested: 2514
Total healthy proxies: 1139

Healthy proxies by type:
- Vmess: 56
- Ss: 1083
--- Cycle End ---

--- Cycle Start: 2026-07-29T03:13:11Z ---
Total proxies tested: 3713
Total healthy proxies: 1376

Healthy proxies by type:
- Ss: 1310
- Vmess: 66
--- Cycle End ---

--- Cycle Start: 2026-07-29T06:36:44Z ---
Total proxies tested: 3713
Total healthy proxies: 1255

Healthy proxies by type:
- Ss: 1193
- Vmess: 62
--- Cycle End ---

--- Cycle Start: 2026-07-29T10:44:29Z ---
Total proxies tested: 3131
Total healthy proxies: 1169

Healthy proxies by type:
- Ss: 1102
- Vmess: 67
--- Cycle End ---

--- Cycle Start: 2026-07-29T14:21:44Z ---
Total proxies tested: 2878
Total healthy proxies: 1238

Healthy proxies by type:
- Ss: 1168
- Vmess: 70
--- Cycle End ---

--- Cycle Start: 2026-07-29T17:20:20Z ---
Total proxies tested: 2852
Total healthy proxies: 1195

Healthy proxies by type:
- Ss: 1139
- Vmess: 56
--- Cycle End ---

--- Cycle Start: 2026-07-29T19:24:39Z ---
Total proxies tested: 2978
Total healthy proxies: 1223

Healthy proxies by type:
- Ss: 1163
- Vmess: 60
--- Cycle End ---

--- Cycle Start: 2026-07-29T21:01:55Z ---
Total proxies tested: 2833
Total healthy proxies: 1297

Healthy proxies by type:
- Ss: 1236
- Vmess: 61
--- Cycle End ---

--- Cycle Start: 2026-07-29T23:02:10Z ---
Total proxies tested: 2833
Total healthy proxies: 1307

Healthy proxies by type:
- Ss: 1246
- Vmess: 61
--- Cycle End ---

--- Cycle Start: 2026-07-30T02:45:47Z ---
Total proxies tested: 4413
Total healthy proxies: 1498

Healthy proxies by type:
- Vmess: 74
- Ss: 1424
--- Cycle End ---

--- Cycle Start: 2026-07-30T06:33:15Z ---
Total proxies tested: 4413
Total healthy proxies: 1459

Healthy proxies by type:
- Ss: 1385
- Vmess: 74
--- Cycle End ---

--- Cycle Start: 2026-07-30T10:30:48Z ---
Total proxies tested: 3406
Total healthy proxies: 950

Healthy proxies by type:
- Ss: 895
- Vmess: 55
--- Cycle End ---

--- Cycle Start: 2026-07-30T14:14:44Z ---
Total proxies tested: 2876
Total healthy proxies: 1003

Healthy proxies by type:
- Ss: 947
- Vmess: 56
--- Cycle End ---

--- Cycle Start: 2026-07-30T17:40:51Z ---
Total proxies tested: 2880
Total healthy proxies: 996

Healthy proxies by type:
- Ss: 942
- Vmess: 54
--- Cycle End ---

--- Cycle Start: 2026-07-30T19:40:52Z ---
Total proxies tested: 2880
Total healthy proxies: 1017

Healthy proxies by type:
- Ss: 963
- Vmess: 54
--- Cycle End ---

--- Cycle Start: 2026-07-30T21:16:22Z ---
Total proxies tested: 2520
Total healthy proxies: 981

Healthy proxies by type:
- Ss: 922
- Vmess: 59
--- Cycle End ---

--- Cycle Start: 2026-07-30T23:12:19Z ---
Total proxies tested: 2976
Total healthy proxies: 1059

Healthy proxies by type:
- Ss: 1001
- Vmess: 58
--- Cycle End ---

--- Cycle Start: 2026-07-31T03:28:05Z ---
Total proxies tested: 3665
Total healthy proxies: 1040

Healthy proxies by type:
- Ss: 978
- Vmess: 62
--- Cycle End ---

--- Cycle Start: 2026-07-31T06:49:38Z ---
Total proxies tested: 3665
Total healthy proxies: 991

Healthy proxies by type:
- Ss: 929
- Vmess: 62
--- Cycle End ---

--- Cycle Start: 2026-07-31T10:44:46Z ---
Total proxies tested: 3049
Total healthy proxies: 917

Healthy proxies by type:
- Vmess: 49
- Ss: 868
--- Cycle End ---

--- Cycle Start: 2026-07-31T14:20:34Z ---
Total proxies tested: 2787
Total healthy proxies: 949

Healthy proxies by type:
- Ss: 900
- Vmess: 49
--- Cycle End ---

--- Cycle Start: 2026-07-31T17:44:24Z ---
Total proxies tested: 2442
Total healthy proxies: 888

Healthy proxies by type:
- Ss: 839
- Vmess: 49
--- Cycle End ---

--- Cycle Start: 2026-07-31T19:41:59Z ---
Total proxies tested: 2531
Total healthy proxies: 874

Healthy proxies by type:
- Ss: 833
- Vmess: 41
--- Cycle End ---

--- Cycle Start: 2026-07-31T21:12:09Z ---
Total proxies tested: 2190
Total healthy proxies: 894

Healthy proxies by type:
- Vmess: 49
- Ss: 845
--- Cycle End ---

--- Cycle Start: 2026-07-31T23:06:56Z ---
Total proxies tested: 2190
Total healthy proxies: 889

Healthy proxies by type:
- Ss: 841
- Vmess: 48
--- Cycle End ---

--- Cycle Start: 2026-08-01T03:27:16Z ---
Total proxies tested: 3394
Total healthy proxies: 1090

Healthy proxies by type:
- Ss: 1030
- Vmess: 60
--- Cycle End ---

--- Cycle Start: 2026-08-01T06:34:33Z ---
Total proxies tested: 3394
Total healthy proxies: 1065

Healthy proxies by type:
- Ss: 1005
- Vmess: 60
--- Cycle End ---

--- Cycle Start: 2026-08-01T10:03:56Z ---
Total proxies tested: 3055
Total healthy proxies: 1023

Healthy proxies by type:
- Ss: 962
- Vmess: 61
--- Cycle End ---

--- Cycle Start: 2026-08-01T13:39:06Z ---
Total proxies tested: 3000
Total healthy proxies: 1055

Healthy proxies by type:
- Ss: 1002
- Vmess: 53
--- Cycle End ---

--- Cycle Start: 2026-08-25T12:55:49Z ---
Total proxies tested: 3886
Total healthy proxies: 1452

Healthy proxies by type:
- Ss: 1414
- Vmess: 38
--- Cycle End ---

--- Cycle Start: 2026-08-25T14:51:50Z ---
Total proxies tested: 3638
Total healthy proxies: 1367

Healthy proxies by type:
- Ss: 1336
- Vmess: 31
--- Cycle End ---

--- Cycle Start: 2026-08-25T16:42:43Z ---
Total proxies tested: 3638
Total healthy proxies: 1376

Healthy proxies by type:
- Vmess: 32
- Ss: 1344
--- Cycle End ---

--- Cycle Start: 2026-08-25T18:46:01Z ---
Total proxies tested: 3719
Total healthy proxies: 1317

Healthy proxies by type:
- Ss: 1291
- Vmess: 26
--- Cycle End ---

--- Cycle Start: 2026-08-25T20:34:45Z ---
Total proxies tested: 3740
Total healthy proxies: 1321

Healthy proxies by type:
- Vmess: 24
- Ss: 1297
--- Cycle End ---

--- Cycle Start: 2026-08-25T22:32:37Z ---
Total proxies tested: 3740
Total healthy proxies: 1330

Healthy proxies by type:
- Ss: 1303
- Vmess: 27
--- Cycle End ---

--- Cycle Start: 2026-08-26T01:40:22Z ---
Total proxies tested: 3634
Total healthy proxies: 1201

Healthy proxies by type:
- Ss: 1176
- Vmess: 25
--- Cycle End ---

--- Cycle Start: 2026-08-26T03:10:47Z ---
Total proxies tested: 4382
Total healthy proxies: 1362

Healthy proxies by type:
- Ss: 1326
- Vmess: 36
--- Cycle End ---

--- Cycle Start: 2026-08-26T04:45:37Z ---
Total proxies tested: 4382
Total healthy proxies: 1327

Healthy proxies by type:
- Ss: 1290
- Vmess: 37
--- Cycle End ---

--- Cycle Start: 2026-08-26T06:57:20Z ---
Total proxies tested: 4319
Total healthy proxies: 1322

Healthy proxies by type:
- Ss: 1286
- Vmess: 36
--- Cycle End ---

--- Cycle Start: 2026-08-26T08:51:04Z ---
Total proxies tested: 4049
Total healthy proxies: 1195

Healthy proxies by type:
- Ss: 1167
- Vmess: 28
--- Cycle End ---

--- Cycle Start: 2026-08-26T10:39:39Z ---
Total proxies tested: 4049
Total healthy proxies: 1059

Healthy proxies by type:
- Vmess: 27
- Ss: 1032
--- Cycle End ---

--- Cycle Start: 2026-08-26T13:01:52Z ---
Total proxies tested: 4228
Total healthy proxies: 1128

Healthy proxies by type:
- Ss: 1109
- Vmess: 19
--- Cycle End ---

--- Cycle Start: 2026-08-26T14:50:04Z ---
Total proxies tested: 4228
Total healthy proxies: 1114

Healthy proxies by type:
- Ss: 1091
- Vmess: 23
--- Cycle End ---

--- Cycle Start: 2026-08-26T16:51:31Z ---
Total proxies tested: 3857
Total healthy proxies: 1106

Healthy proxies by type:
- Vmess: 14
- Ss: 1092
--- Cycle End ---

--- Cycle Start: 2026-08-26T19:52:53Z ---
Total proxies tested: 3951
Total healthy proxies: 1097

Healthy proxies by type:
- Ss: 1085
- Vmess: 12
--- Cycle End ---

--- Cycle Start: 2026-08-26T23:10:12Z ---
Total proxies tested: 3811
Total healthy proxies: 998

Healthy proxies by type:
- Vmess: 9
- Ss: 989
--- Cycle End ---

--- Cycle Start: 2026-08-27T08:33:25Z ---
Total proxies tested: 4772
Total healthy proxies: 1087

Healthy proxies by type:
- Ss: 1068
- Vmess: 19
--- Cycle End ---

--- Cycle Start: 2026-08-27T20:14:52Z ---
Total proxies tested: 3922
Total healthy proxies: 1041

Healthy proxies by type:
- Ss: 1025
- Vmess: 16
--- Cycle End ---

--- Cycle Start: 2026-08-28T06:02:45Z ---
Total proxies tested: 4813
Total healthy proxies: 1221

Healthy proxies by type:
- Vmess: 26
- Ss: 1195
--- Cycle End ---

--- Cycle Start: 2026-08-28T20:07:19Z ---
Total proxies tested: 4235
Total healthy proxies: 1120

Healthy proxies by type:
- Ss: 1094
- Vmess: 26
--- Cycle End ---

--- Cycle Start: 2026-08-29T03:36:02Z ---
Total proxies tested: 5104
Total healthy proxies: 1305

Healthy proxies by type:
- Ss: 1275
- Vmess: 30
--- Cycle End ---

--- Cycle Start: 2026-08-29T10:57:33Z ---
Total proxies tested: 5208
Total healthy proxies: 1270

Healthy proxies by type:
- Ss: 1242
- Vmess: 28
--- Cycle End ---

--- Cycle Start: 2026-08-29T16:31:54Z ---
Total proxies tested: 4612
Total healthy proxies: 1186

Healthy proxies by type:
- Ss: 1163
- Vmess: 23
--- Cycle End ---

--- Cycle Start: 2026-08-29T20:45:36Z ---
Total proxies tested: 4491
Total healthy proxies: 1217

Healthy proxies by type:
- Vmess: 22
- Ss: 1195
--- Cycle End ---

--- Cycle Start: 2026-08-29T23:59:35Z ---
Total proxies tested: 4225
Total healthy proxies: 1201

Healthy proxies by type:
- Ss: 1176
- Vmess: 25
--- Cycle End ---

--- Cycle Start: 2026-08-30T05:13:46Z ---
Total proxies tested: 4758
Total healthy proxies: 1224

Healthy proxies by type:
- Ss: 1200
- Vmess: 24
--- Cycle End ---

--- Cycle Start: 2026-08-30T11:38:32Z ---
Total proxies tested: 4257
Total healthy proxies: 1101

Healthy proxies by type:
- Ss: 1078
- Vmess: 23
--- Cycle End ---

--- Cycle Start: 2026-08-30T16:25:21Z ---
Total proxies tested: 4410
Total healthy proxies: 1177

Healthy proxies by type:
- Vmess: 23
- Ss: 1154
--- Cycle End ---

--- Cycle Start: 2026-08-30T20:50:21Z ---
Total proxies tested: 4354
Total healthy proxies: 1154

Healthy proxies by type:
- Vmess: 23
- Ss: 1131
--- Cycle End ---

--- Cycle Start: 2026-08-31T00:19:52Z ---
Total proxies tested: 4900
Total healthy proxies: 1322

Healthy proxies by type:
- Ss: 1296
- Vmess: 26
--- Cycle End ---

--- Cycle Start: 2026-08-31T08:27:35Z ---
Total proxies tested: 5295
Total healthy proxies: 1272

Healthy proxies by type:
- Vmess: 24
- Ss: 1248
--- Cycle End ---

--- Cycle Start: 2026-08-31T17:29:52Z ---
Total proxies tested: 4717
Total healthy proxies: 1194

Healthy proxies by type:
- Ss: 1172
- Vmess: 22
--- Cycle End ---

--- Cycle Start: 2026-08-31T22:41:42Z ---
Total proxies tested: 4820
Total healthy proxies: 1367

Healthy proxies by type:
- Ss: 1346
- Vmess: 21
--- Cycle End ---

--- Cycle Start: 2026-09-01T04:29:33Z ---
Total proxies tested: 5702
Total healthy proxies: 1424

Healthy proxies by type:
- Ss: 1401
- Vmess: 23
--- Cycle End ---

--- Cycle Start: 2026-09-01T11:25:57Z ---
Total proxies tested: 5702
Total healthy proxies: 1363

Healthy proxies by type:
- Ss: 1347
- Vmess: 16
--- Cycle End ---

--- Cycle Start: 2026-09-01T16:22:07Z ---
Total proxies tested: 5210
Total healthy proxies: 1338

Healthy proxies by type:
- Ss: 1314
- Vmess: 24
--- Cycle End ---

--- Cycle Start: 2026-09-01T20:51:31Z ---
Total proxies tested: 4856
Total healthy proxies: 1287

Healthy proxies by type:
- Ss: 1265
- Vmess: 22
--- Cycle End ---

--- Cycle Start: 2026-09-01T23:54:44Z ---
Total proxies tested: 4856
Total healthy proxies: 1357

Healthy proxies by type:
- Ss: 1331
- Vmess: 26
--- Cycle End ---

--- Cycle Start: 2026-09-02T03:52:56Z ---
Total proxies tested: 5475
Total healthy proxies: 1453

Healthy proxies by type:
- Ss: 1424
- Vmess: 29
--- Cycle End ---

--- Cycle Start: 2026-09-02T08:39:47Z ---
Total proxies tested: 5475
Total healthy proxies: 1437

Healthy proxies by type:
- Ss: 1412
- Vmess: 25
--- Cycle End ---

--- Cycle Start: 2026-09-02T14:14:10Z ---
Total proxies tested: 5501
Total healthy proxies: 1456

Healthy proxies by type:
- Vmess: 21
- Ss: 1435
--- Cycle End ---

--- Cycle Start: 2026-09-02T19:19:12Z ---
Total proxies tested: 5425
Total healthy proxies: 1476

Healthy proxies by type:
- Ss: 1452
- Vmess: 24
--- Cycle End ---

--- Cycle Start: 2026-09-02T22:29:33Z ---
Total proxies tested: 4959
Total healthy proxies: 1401

Healthy proxies by type:
- Ss: 1383
- Vmess: 18
--- Cycle End ---

--- Cycle Start: 2026-09-03T03:51:50Z ---
Total proxies tested: 5532
Total healthy proxies: 1464

Healthy proxies by type:
- Ss: 1442
- Vmess: 22
--- Cycle End ---

--- Cycle Start: 2026-09-03T08:48:10Z ---
Total proxies tested: 5532
Total healthy proxies: 1446

Healthy proxies by type:
- Ss: 1424
- Vmess: 22
--- Cycle End ---

--- Cycle Start: 2026-09-03T14:17:30Z ---
Total proxies tested: 5533
Total healthy proxies: 1398

Healthy proxies by type:
- Ss: 1382
- Vmess: 16
--- Cycle End ---

--- Cycle Start: 2026-09-03T19:13:43Z ---
Total proxies tested: 5533
Total healthy proxies: 1431

Healthy proxies by type:
- Ss: 1415
- Vmess: 16
--- Cycle End ---

--- Cycle Start: 2026-09-03T22:27:16Z ---
Total proxies tested: 5982
Total healthy proxies: 1587

Healthy proxies by type:
- Ss: 1568
- Vmess: 19
--- Cycle End ---

--- Cycle Start: 2026-09-04T03:53:41Z ---
Total proxies tested: 6439
Total healthy proxies: 1661

Healthy proxies by type:
- Ss: 1635
- Vmess: 26
--- Cycle End ---

--- Cycle Start: 2026-09-04T08:44:20Z ---
Total proxies tested: 6439
Total healthy proxies: 1529

Healthy proxies by type:
- Ss: 1505
- Vmess: 24
--- Cycle End ---

--- Cycle Start: 2026-09-04T14:07:31Z ---
Total proxies tested: 6393
Total healthy proxies: 1492

Healthy proxies by type:
- Ss: 1469
- Vmess: 23
--- Cycle End ---

--- Cycle Start: 2026-09-04T18:56:09Z ---
Total proxies tested: 6469
Total healthy proxies: 1526

Healthy proxies by type:
- Vmess: 24
- Ss: 1502
--- Cycle End ---

--- Cycle Start: 2026-09-04T22:16:26Z ---
Total proxies tested: 6614
Total healthy proxies: 1561

Healthy proxies by type:
- Ss: 1538
- Vmess: 23
--- Cycle End ---

--- Cycle Start: 2026-09-05T03:51:37Z ---
Total proxies tested: 6745
Total healthy proxies: 1595

Healthy proxies by type:
- Ss: 1568
- Vmess: 27
--- Cycle End ---

--- Cycle Start: 2026-09-05T08:15:11Z ---
Total proxies tested: 6745
Total healthy proxies: 1509

Healthy proxies by type:
- Ss: 1484
- Vmess: 25
--- Cycle End ---

--- Cycle Start: 2026-09-05T13:20:43Z ---
Total proxies tested: 6511
Total healthy proxies: 1485

Healthy proxies by type:
- Ss: 1458
- Vmess: 27
--- Cycle End ---

--- Cycle Start: 2026-09-05T16:42:02Z ---
Total proxies tested: 6760
Total healthy proxies: 1641

Healthy proxies by type:
- Ss: 1619
- Vmess: 22
--- Cycle End ---

--- Cycle Start: 2026-09-05T20:10:24Z ---
Total proxies tested: 6760
Total healthy proxies: 1627

Healthy proxies by type:
- Ss: 1608
- Vmess: 19
--- Cycle End ---

--- Cycle Start: 2026-09-05T23:41:35Z ---
Total proxies tested: 6587
Total healthy proxies: 1642

Healthy proxies by type:
- Ss: 1619
- Vmess: 23
--- Cycle End ---

--- Cycle Start: 2026-09-06T03:55:57Z ---
Total proxies tested: 6804
Total healthy proxies: 1673

Healthy proxies by type:
- Ss: 1650
- Vmess: 23
--- Cycle End ---

--- Cycle Start: 2026-09-06T08:34:15Z ---
Total proxies tested: 6804
Total healthy proxies: 1544

Healthy proxies by type:
- Ss: 1519
- Vmess: 25
--- Cycle End ---

--- Cycle Start: 2026-09-06T13:30:32Z ---
Total proxies tested: 6523
Total healthy proxies: 1497

Healthy proxies by type:
- Ss: 1476
- Vmess: 21
--- Cycle End ---

--- Cycle Start: 2026-09-06T16:48:46Z ---
Total proxies tested: 6767
Total healthy proxies: 1614

Healthy proxies by type:
- Ss: 1594
- Vmess: 20
--- Cycle End ---

--- Cycle Start: 2026-09-06T20:15:05Z ---
Total proxies tested: 6767
Total healthy proxies: 1619

Healthy proxies by type:
- Vmess: 19
- Ss: 1600
--- Cycle End ---

--- Cycle Start: 2026-09-06T23:40:12Z ---
Total proxies tested: 6726
Total healthy proxies: 1608

Healthy proxies by type:
- Ss: 1586
- Vmess: 22
--- Cycle End ---

--- Cycle Start: 2026-09-07T03:55:24Z ---
Total proxies tested: 7019
Total healthy proxies: 1674

Healthy proxies by type:
- Ss: 1645
- Vmess: 29
--- Cycle End ---

--- Cycle Start: 2026-09-07T09:11:54Z ---
Total proxies tested: 7019
Total healthy proxies: 1638

Healthy proxies by type:
- Ss: 1613
- Vmess: 25
--- Cycle End ---

--- Cycle Start: 2026-09-07T15:40:47Z ---
Total proxies tested: 6754
Total healthy proxies: 1477

Healthy proxies by type:
- Ss: 1454
- Vmess: 23
--- Cycle End ---

--- Cycle Start: 2026-09-07T19:45:41Z ---
Total proxies tested: 6556
Total healthy proxies: 1510

Healthy proxies by type:
- Ss: 1491
- Vmess: 19
--- Cycle End ---

--- Cycle Start: 2026-09-07T22:41:33Z ---
Total proxies tested: 6133
Total healthy proxies: 1477

Healthy proxies by type:
- Ss: 1458
- Vmess: 19
--- Cycle End ---

--- Cycle Start: 2026-09-08T03:57:43Z ---
Total proxies tested: 6563
Total healthy proxies: 1569

Healthy proxies by type:
- Ss: 1541
- Vmess: 28
--- Cycle End ---

--- Cycle Start: 2026-09-08T08:49:16Z ---
Total proxies tested: 6809
Total healthy proxies: 1496

Healthy proxies by type:
- Ss: 1468
- Vmess: 28
--- Cycle End ---

--- Cycle Start: 2026-09-08T14:17:50Z ---
Total proxies tested: 5959
Total healthy proxies: 1396

Healthy proxies by type:
- Ss: 1384
- Vmess: 12
--- Cycle End ---

--- Cycle Start: 2026-09-08T19:21:50Z ---
Total proxies tested: 5912
Total healthy proxies: 1499

Healthy proxies by type:
- Ss: 1479
- Vmess: 20
--- Cycle End ---

--- Cycle Start: 2026-09-08T22:30:03Z ---
Total proxies tested: 5914
Total healthy proxies: 1544

Healthy proxies by type:
- Ss: 1522
- Vmess: 22
--- Cycle End ---

--- Cycle Start: 2026-09-09T04:03:12Z ---
Total proxies tested: 5796
Total healthy proxies: 1687

Healthy proxies by type:
- Ss: 1661
- Vmess: 26
--- Cycle End ---

--- Cycle Start: 2026-09-09T11:03:19Z ---
Total proxies tested: 5457
Total healthy proxies: 1664

Healthy proxies by type:
- Ss: 1633
- Vmess: 31
--- Cycle End ---

--- Cycle Start: 2026-09-09T16:18:40Z ---
Total proxies tested: 5004
Total healthy proxies: 1547

Healthy proxies by type:
- Ss: 1520
- Vmess: 27
--- Cycle End ---

--- Cycle Start: 2026-09-09T20:46:20Z ---
Total proxies tested: 5249
Total healthy proxies: 1718

Healthy proxies by type:
- Ss: 1689
- Vmess: 29
--- Cycle End ---

--- Cycle Start: 2026-09-09T23:57:44Z ---
Total proxies tested: 5221
Total healthy proxies: 1753

Healthy proxies by type:
- Ss: 1723
- Vmess: 30
--- Cycle End ---

--- Cycle Start: 2026-09-10T04:25:42Z ---
Total proxies tested: 5592
Total healthy proxies: 1850

Healthy proxies by type:
- Ss: 1813
- Vmess: 37
--- Cycle End ---

--- Cycle Start: 2026-09-10T11:00:10Z ---
Total proxies tested: 5592
Total healthy proxies: 1847

Healthy proxies by type:
- Ss: 1812
- Vmess: 35
--- Cycle End ---

--- Cycle Start: 2026-09-10T16:09:44Z ---
Total proxies tested: 5220
Total healthy proxies: 1851

Healthy proxies by type:
- Ss: 1820
- Vmess: 31
--- Cycle End ---

--- Cycle Start: 2026-09-10T20:41:34Z ---
Total proxies tested: 5398
Total healthy proxies: 1958

Healthy proxies by type:
- Ss: 1934
- Vmess: 24
--- Cycle End ---

--- Cycle Start: 2026-09-10T23:53:30Z ---
Total proxies tested: 5364
Total healthy proxies: 1915

Healthy proxies by type:
- Ss: 1893
- Vmess: 22
--- Cycle End ---

--- Cycle Start: 2026-09-11T03:58:49Z ---
Total proxies tested: 5717
Total healthy proxies: 1924

Healthy proxies by type:
- Ss: 1899
- Vmess: 25
--- Cycle End ---

--- Cycle Start: 2026-09-11T08:51:56Z ---
Total proxies tested: 5717
Total healthy proxies: 1896

Healthy proxies by type:
- Vmess: 25
- Ss: 1871
--- Cycle End ---

--- Cycle Start: 2026-09-11T14:10:45Z ---
Total proxies tested: 5347
Total healthy proxies: 1783

Healthy proxies by type:
- Ss: 1757
- Vmess: 26
--- Cycle End ---

--- Cycle Start: 2026-09-11T19:05:04Z ---
Total proxies tested: 5352
Total healthy proxies: 1845

Healthy proxies by type:
- Ss: 1823
- Vmess: 22
--- Cycle End ---

--- Cycle Start: 2026-09-11T22:22:56Z ---
Total proxies tested: 5117
Total healthy proxies: 1855

Healthy proxies by type:
- Ss: 1833
- Vmess: 22
--- Cycle End ---

--- Cycle Start: 2026-09-12T04:00:48Z ---
Total proxies tested: 5392
Total healthy proxies: 1839

Healthy proxies by type:
- Ss: 1818
- Vmess: 21
--- Cycle End ---

--- Cycle Start: 2026-09-12T08:36:31Z ---
Total proxies tested: 5392
Total healthy proxies: 1824

Healthy proxies by type:
- Ss: 1802
- Vmess: 22
--- Cycle End ---

--- Cycle Start: 2026-09-12T13:29:09Z ---
Total proxies tested: 5016
Total healthy proxies: 1829

Healthy proxies by type:
- Ss: 1809
- Vmess: 20
--- Cycle End ---

--- Cycle Start: 2026-09-12T16:53:09Z ---
Total proxies tested: 5098
Total healthy proxies: 1889

Healthy proxies by type:
- Ss: 1869
- Vmess: 20
--- Cycle End ---

--- Cycle Start: 2026-09-12T20:24:12Z ---
Total proxies tested: 5098
Total healthy proxies: 1876

Healthy proxies by type:
- Ss: 1856
- Vmess: 20
--- Cycle End ---

--- Cycle Start: 2026-09-12T23:53:12Z ---
Total proxies tested: 4959
Total healthy proxies: 1889

Healthy proxies by type:
- Ss: 1866
- Vmess: 23
--- Cycle End ---

--- Cycle Start: 2026-09-13T07:45:58Z ---
Total proxies tested: 5517
Total healthy proxies: 1813

Healthy proxies by type:
- Ss: 1784
- Vmess: 29
--- Cycle End ---

--- Cycle Start: 2026-09-13T11:28:39Z ---
Total proxies tested: 5265
Total healthy proxies: 1779

Healthy proxies by type:
- Ss: 1755
- Vmess: 24
--- Cycle End ---

--- Cycle Start: 2026-09-13T15:57:05Z ---
Total proxies tested: 5265
Total healthy proxies: 1786

Healthy proxies by type:
- Ss: 1762
- Vmess: 24
--- Cycle End ---

--- Cycle Start: 2026-09-13T18:43:05Z ---
Total proxies tested: 5350
Total healthy proxies: 1867

Healthy proxies by type:
- Ss: 1847
- Vmess: 20
--- Cycle End ---

--- Cycle Start: 2026-09-13T22:16:28Z ---
Total proxies tested: 5238
Total healthy proxies: 1861

Healthy proxies by type:
- Ss: 1834
- Vmess: 27
--- Cycle End ---

--- Cycle Start: 2026-09-14T04:18:23Z ---
Total proxies tested: 5593
Total healthy proxies: 1958

Healthy proxies by type:
- Vmess: 27
- Ss: 1931
--- Cycle End ---

--- Cycle Start: 2026-09-14T12:21:09Z ---
Total proxies tested: 5465
Total healthy proxies: 1783

Healthy proxies by type:
- Vmess: 22
- Ss: 1761
--- Cycle End ---

--- Cycle Start: 2026-09-14T19:09:23Z ---
Total proxies tested: 5261
Total healthy proxies: 1868

Healthy proxies by type:
- Ss: 1846
- Vmess: 22
--- Cycle End ---

--- Cycle Start: 2026-09-14T23:02:15Z ---
Total proxies tested: 5261
Total healthy proxies: 1903

Healthy proxies by type:
- Ss: 1881
- Vmess: 22
--- Cycle End ---

--- Cycle Start: 2026-09-15T04:18:29Z ---
Total proxies tested: 5270
Total healthy proxies: 1837

Healthy proxies by type:
- Ss: 1812
- Vmess: 25
--- Cycle End ---

--- Cycle Start: 2026-09-15T11:28:17Z ---
Total proxies tested: 5897
Total healthy proxies: 1867

Healthy proxies by type:
- Ss: 1845
- Vmess: 22
--- Cycle End ---

--- Cycle Start: 2026-09-15T16:40:15Z ---
Total proxies tested: 5475
Total healthy proxies: 1775

Healthy proxies by type:
- Vmess: 21
- Ss: 1754
--- Cycle End ---

--- Cycle Start: 2026-09-15T21:05:21Z ---
Total proxies tested: 4986
Total healthy proxies: 1791

Healthy proxies by type:
- Ss: 1767
- Vmess: 24
--- Cycle End ---

--- Cycle Start: 2026-09-16T00:04:48Z ---
Total proxies tested: 4641
Total healthy proxies: 1798

Healthy proxies by type:
- Ss: 1773
- Vmess: 25
--- Cycle End ---

--- Cycle Start: 2026-09-16T07:29:11Z ---
Total proxies tested: 4918
Total healthy proxies: 1791

Healthy proxies by type:
- Ss: 1764
- Vmess: 27
--- Cycle End ---

--- Cycle Start: 2026-09-16T13:18:34Z ---
Total proxies tested: 4656
Total healthy proxies: 1726

Healthy proxies by type:
- Ss: 1713
- Vmess: 13
--- Cycle End ---

--- Cycle Start: 2026-09-16T18:03:03Z ---
Total proxies tested: 4719
Total healthy proxies: 1737

Healthy proxies by type:
- Vmess: 14
- Ss: 1723
--- Cycle End ---

--- Cycle Start: 2026-09-16T22:48:19Z ---
Total proxies tested: 4498
Total healthy proxies: 1705

Healthy proxies by type:
- Ss: 1690
- Vmess: 15
--- Cycle End ---

--- Cycle Start: 2026-09-17T04:21:09Z ---
Total proxies tested: 4952
Total healthy proxies: 1923

Healthy proxies by type:
- Ss: 1894
- Vmess: 29
--- Cycle End ---

--- Cycle Start: 2026-09-17T11:22:06Z ---
Total proxies tested: 4952
Total healthy proxies: 1879

Healthy proxies by type:
- Ss: 1854
- Vmess: 25
--- Cycle End ---

--- Cycle Start: 2026-09-17T16:39:23Z ---
Total proxies tested: 4969
Total healthy proxies: 1840

Healthy proxies by type:
- Ss: 1822
- Vmess: 18
--- Cycle End ---

--- Cycle Start: 2026-09-17T21:09:46Z ---
Total proxies tested: 5037
Total healthy proxies: 1972

Healthy proxies by type:
- Ss: 1954
- Vmess: 18
--- Cycle End ---

--- Cycle Start: 2026-09-18T00:01:21Z ---
Total proxies tested: 5056
Total healthy proxies: 1840

Healthy proxies by type:
- Vmess: 21
- Ss: 1819
--- Cycle End ---

--- Cycle Start: 2026-09-18T04:34:15Z ---
Total proxies tested: 5361
Total healthy proxies: 2035

Healthy proxies by type:
- Ss: 2014
- Vmess: 21
--- Cycle End ---

--- Cycle Start: 2026-09-18T10:56:06Z ---
Total proxies tested: 5361
Total healthy proxies: 1984

Healthy proxies by type:
- Ss: 1963
- Vmess: 21
--- Cycle End ---

--- Cycle Start: 2026-09-18T16:10:26Z ---
Total proxies tested: 5420
Total healthy proxies: 1950

Healthy proxies by type:
- Vmess: 23
- Ss: 1927
--- Cycle End ---

--- Cycle Start: 2026-09-18T20:42:19Z ---
Total proxies tested: 5426
Total healthy proxies: 2013

Healthy proxies by type:
- Ss: 1987
- Vmess: 26
--- Cycle End ---

--- Cycle Start: 2026-09-19T00:03:06Z ---
Total proxies tested: 5331
Total healthy proxies: 1796

Healthy proxies by type:
- Ss: 1774
- Vmess: 22
--- Cycle End ---

--- Cycle Start: 2026-09-19T07:12:53Z ---
Total proxies tested: 5158
Total healthy proxies: 1893

Healthy proxies by type:
- Ss: 1864
- Vmess: 29
--- Cycle End ---

--- Cycle Start: 2026-09-19T12:23:42Z ---
Total proxies tested: 5032
Total healthy proxies: 1830

Healthy proxies by type:
- Ss: 1805
- Vmess: 25
--- Cycle End ---

--- Cycle Start: 2026-09-19T17:07:06Z ---
Total proxies tested: 5076
Total healthy proxies: 1965

Healthy proxies by type:
- Ss: 1935
- Vmess: 30
--- Cycle End ---

--- Cycle Start: 2026-09-19T20:21:44Z ---
Total proxies tested: 5076
Total healthy proxies: 1981

Healthy proxies by type:
- Vmess: 31
- Ss: 1950
--- Cycle End ---

--- Cycle Start: 2026-09-19T23:59:38Z ---
Total proxies tested: 4837
Total healthy proxies: 1896

Healthy proxies by type:
- Ss: 1863
- Vmess: 33
--- Cycle End ---

--- Cycle Start: 2026-09-20T04:45:48Z ---
Total proxies tested: 4837
Total healthy proxies: 1843

Healthy proxies by type:
- Ss: 1810
- Vmess: 33
--- Cycle End ---

--- Cycle Start: 2026-09-20T11:01:42Z ---
Total proxies tested: 5673
Total healthy proxies: 1895

Healthy proxies by type:
- Ss: 1846
- Vmess: 49
--- Cycle End ---

--- Cycle Start: 2026-09-20T15:47:37Z ---
Total proxies tested: 5168
Total healthy proxies: 1841

Healthy proxies by type:
- Ss: 1797
- Vmess: 44
--- Cycle End ---

--- Cycle Start: 2026-09-20T18:36:23Z ---
Total proxies tested: 5168
Total healthy proxies: 1806

Healthy proxies by type:
- Ss: 1766
- Vmess: 40
--- Cycle End ---

--- Cycle Start: 2026-09-20T22:19:15Z ---
Total proxies tested: 4983
Total healthy proxies: 1888

Healthy proxies by type:
- Vmess: 46
- Ss: 1842
--- Cycle End ---

--- Cycle Start: 2026-09-21T12:28:36Z ---
Total proxies tested: 5226
Total healthy proxies: 1920

Healthy proxies by type:
- Ss: 1879
- Vmess: 41
--- Cycle End ---

--- Cycle Start: 2026-09-21T19:11:28Z ---
Total proxies tested: 4939
Total healthy proxies: 1962

Healthy proxies by type:
- Ss: 1919
- Vmess: 43
--- Cycle End ---

--- Cycle Start: 2026-09-21T23:06:16Z ---
Total proxies tested: 4939
Total healthy proxies: 1982

Healthy proxies by type:
- Ss: 1939
- Vmess: 43
--- Cycle End ---

--- Cycle Start: 2026-09-22T04:14:10Z ---
Total proxies tested: 4824
Total healthy proxies: 1958

Healthy proxies by type:
- Ss: 1911
- Vmess: 47
--- Cycle End ---

--- Cycle Start: 2026-09-22T11:18:12Z ---
Total proxies tested: 5555
Total healthy proxies: 1938

Healthy proxies by type:
- Ss: 1887
- Vmess: 51
--- Cycle End ---

--- Cycle Start: 2026-09-22T16:40:13Z ---
Total proxies tested: 5023
Total healthy proxies: 1911

Healthy proxies by type:
- Ss: 1865
- Vmess: 46
--- Cycle End ---

--- Cycle Start: 2026-09-22T21:06:23Z ---
Total proxies tested: 5079
Total healthy proxies: 2095

Healthy proxies by type:
- Ss: 2042
- Vmess: 53
--- Cycle End ---

--- Cycle Start: 2026-09-23T00:11:56Z ---
Total proxies tested: 4739
Total healthy proxies: 1985

Healthy proxies by type:
- Vmess: 50
- Ss: 1935
--- Cycle End ---

--- Cycle Start: 2026-09-23T07:36:20Z ---
Total proxies tested: 5161
Total healthy proxies: 2053

Healthy proxies by type:
- Ss: 1997
- Vmess: 56
--- Cycle End ---

--- Cycle Start: 2026-09-23T13:31:03Z ---
Total proxies tested: 5012
Total healthy proxies: 1948

Healthy proxies by type:
- Ss: 1896
- Vmess: 52
--- Cycle End ---

--- Cycle Start: 2026-09-23T18:20:52Z ---
Total proxies tested: 5003
Total healthy proxies: 2070

Healthy proxies by type:
- Ss: 2019
- Vmess: 51
--- Cycle End ---

--- Cycle Start: 2026-09-23T22:51:15Z ---
Total proxies tested: 4920
Total healthy proxies: 1987

Healthy proxies by type:
- Ss: 1937
- Vmess: 50
--- Cycle End ---

--- Cycle Start: 2026-09-24T04:06:48Z ---
Total proxies tested: 5198
Total healthy proxies: 2072

Healthy proxies by type:
- Ss: 2015
- Vmess: 57
--- Cycle End ---

--- Cycle Start: 2026-09-24T11:27:13Z ---
Total proxies tested: 5107
Total healthy proxies: 1946

Healthy proxies by type:
- Ss: 1898
- Vmess: 48
--- Cycle End ---

--- Cycle Start: 2026-09-24T16:53:00Z ---
Total proxies tested: 5107
Total healthy proxies: 1917

Healthy proxies by type:
- Ss: 1868
- Vmess: 49
--- Cycle End ---

--- Cycle Start: 2026-09-24T21:22:11Z ---
Total proxies tested: 5271
Total healthy proxies: 2156

Healthy proxies by type:
- Ss: 2114
- Vmess: 42
--- Cycle End ---

--- Cycle Start: 2026-09-25T00:23:01Z ---
Total proxies tested: 4921
Total healthy proxies: 2048

Healthy proxies by type:
- Ss: 2005
- Vmess: 43
--- Cycle End ---

--- Cycle Start: 2026-09-25T07:26:59Z ---
Total proxies tested: 5449
Total healthy proxies: 2078

Healthy proxies by type:
- Ss: 2032
- Vmess: 46
--- Cycle End ---

--- Cycle Start: 2026-09-25T13:29:16Z ---
Total proxies tested: 5229
Total healthy proxies: 2108

Healthy proxies by type:
- Ss: 2060
- Vmess: 48
--- Cycle End ---

--- Cycle Start: 2026-09-25T18:23:57Z ---
Total proxies tested: 5461
Total healthy proxies: 2231

Healthy proxies by type:
- Ss: 2184
- Vmess: 47
--- Cycle End ---

--- Cycle Start: 2026-09-25T23:12:25Z ---
Total proxies tested: 5009
Total healthy proxies: 1970

Healthy proxies by type:
- Ss: 1926
- Vmess: 44
--- Cycle End ---

--- Cycle Start: 2026-09-26T04:24:44Z ---
Total proxies tested: 5714
Total healthy proxies: 2124

Healthy proxies by type:
- Ss: 2073
- Vmess: 51
--- Cycle End ---

--- Cycle Start: 2026-09-26T11:08:02Z ---
Total proxies tested: 5714
Total healthy proxies: 2093

Healthy proxies by type:
- Ss: 2049
- Vmess: 44
--- Cycle End ---

--- Cycle Start: 2026-09-26T16:08:19Z ---
Total proxies tested: 5479
Total healthy proxies: 1993

Healthy proxies by type:
- Vmess: 45
- Ss: 1948
--- Cycle End ---

--- Cycle Start: 2026-09-26T20:54:02Z ---
Total proxies tested: 5566
Total healthy proxies: 2042

Healthy proxies by type:
- Vmess: 41
- Ss: 2001
--- Cycle End ---

--- Cycle Start: 2026-09-27T00:23:22Z ---
Total proxies tested: 5275
Total healthy proxies: 2058

Healthy proxies by type:
- Ss: 2018
- Vmess: 40
--- Cycle End ---

--- Cycle Start: 2026-09-27T07:53:50Z ---
Total proxies tested: 5726
Total healthy proxies: 2148

Healthy proxies by type:
- Vmess: 20
- Ss: 2128
--- Cycle End ---

--- Cycle Start: 2026-09-27T13:44:54Z ---
Total proxies tested: 5394
Total healthy proxies: 2092

Healthy proxies by type:
- Ss: 2078
- Vmess: 14
--- Cycle End ---

--- Cycle Start: 2026-09-27T18:11:57Z ---
Total proxies tested: 5568
Total healthy proxies: 2079

Healthy proxies by type:
- Vmess: 20
- Ss: 2059
--- Cycle End ---

--- Cycle Start: 2026-09-27T22:55:06Z ---
Total proxies tested: 5169
Total healthy proxies: 2080

Healthy proxies by type:
- Ss: 2064
- Vmess: 16
--- Cycle End ---

--- Cycle Start: 2026-09-28T04:44:08Z ---
Total proxies tested: 5638
Total healthy proxies: 2204

Healthy proxies by type:
- Ss: 2178
- Vmess: 26
--- Cycle End ---

--- Cycle Start: 2026-09-28T13:26:23Z ---
Total proxies tested: 5390
Total healthy proxies: 2025

Healthy proxies by type:
- Ss: 2012
- Vmess: 13
--- Cycle End ---

--- Cycle Start: 2026-09-28T20:27:58Z ---
Total proxies tested: 5390
Total healthy proxies: 1967

Healthy proxies by type:
- Vmess: 14
- Ss: 1953
--- Cycle End ---

--- Cycle Start: 2026-09-29T01:40:28Z ---
Total proxies tested: 4989
Total healthy proxies: 2027

Healthy proxies by type:
- Ss: 2009
- Vmess: 18
--- Cycle End ---

--- Cycle Start: 2026-09-29T08:12:15Z ---
Total proxies tested: 5448
Total healthy proxies: 1986

Healthy proxies by type:
- Vmess: 23
- Ss: 1963
--- Cycle End ---

--- Cycle Start: 2026-09-29T16:25:48Z ---
Total proxies tested: 4934
Total healthy proxies: 1836

Healthy proxies by type:
- Ss: 1819
- Vmess: 17
--- Cycle End ---

--- Cycle Start: 2026-09-29T22:05:19Z ---
Total proxies tested: 4665
Total healthy proxies: 1850

Healthy proxies by type:
- Ss: 1834
- Vmess: 16
--- Cycle End ---

--- Cycle Start: 2026-09-30T04:57:44Z ---
Total proxies tested: 4708
Total healthy proxies: 1874

Healthy proxies by type:
- Ss: 1860
- Vmess: 14
--- Cycle End ---

--- Cycle Start: 2026-09-30T12:15:43Z ---
Total proxies tested: 5185
Total healthy proxies: 1841

Healthy proxies by type:
- Ss: 1828
- Vmess: 13
--- Cycle End ---

--- Cycle Start: 2026-09-30T18:59:50Z ---
Total proxies tested: 4538
Total healthy proxies: 1739

Healthy proxies by type:
- Vmess: 9
- Ss: 1730
--- Cycle End ---

--- Cycle Start: 2026-09-30T23:36:32Z ---
Total proxies tested: 4440
Total healthy proxies: 1789

Healthy proxies by type:
- Ss: 1777
- Vmess: 12
--- Cycle End ---

--- Cycle Start: 2026-10-01T12:50:06Z ---
Total proxies tested: 4910
Total healthy proxies: 1782

Healthy proxies by type:
- Vmess: 11
- Ss: 1771
--- Cycle End ---

